ZENOH_CONFIG_OVERRIDE_ROUTER=mode="router";listen/endpoints=["tcp/[::]:7447"];connect/endpoints=[];routing/router/peers_failover_brokering=true;transport/shared_memory/enabled=false
ZENOH_CONFIG_OVERRIDE_PEER=;transport/shared_memory/enabled=false
[2m2026-05-07T14:17:31.498256Z[0m [32m INFO[0m ThreadId(02) [2mzenoh::net::runtime[0m[2m:[0m Using ZID: aaa4a4db9bcc47d3fa7e55d19d03f19
[2m2026-05-07T14:17:31.498286Z[0m [33m WARN[0m ThreadId(02) [2mzenoh::net::routing::interceptor::authorization[0m[2m:[0m Rule 'deny_rule' flows list is not set. Setting it to both Ingress and Egress
[2m2026-05-07T14:17:31.498668Z[0m [32m INFO[0m ThreadId(02) [2mzenoh::net::runtime::orchestrator[0m[2m:[0m Zenoh can be reached at: tcp/[fd7a:115c:a1e0::ef01:8616]:7447
[2m2026-05-07T14:17:31.498672Z[0m [32m INFO[0m ThreadId(02) [2mzenoh::net::runtime::orchestrator[0m[2m:[0m Zenoh can be reached at: tcp/100.72.134.15:7447
[2m2026-05-07T14:17:31.498673Z[0m [32m INFO[0m ThreadId(02) [2mzenoh::net::runtime::orchestrator[0m[2m:[0m Zenoh can be reached at: tcp/[fe80::3384:d0dc:aa58:526d]:7447
[2m2026-05-07T14:17:31.498673Z[0m [32m INFO[0m ThreadId(02) [2mzenoh::net::runtime::orchestrator[0m[2m:[0m Zenoh can be reached at: tcp/[fe80::609c:22ff:fe05:2ada]:7447
[2m2026-05-07T14:17:31.498674Z[0m [32m INFO[0m ThreadId(02) [2mzenoh::net::runtime::orchestrator[0m[2m:[0m Zenoh can be reached at: tcp/[fe80::4412:b0ff:fee8:787d]:7447
[2m2026-05-07T14:17:31.498674Z[0m [32m INFO[0m ThreadId(02) [2mzenoh::net::runtime::orchestrator[0m[2m:[0m Zenoh can be reached at: tcp/172.30.1.38:7447
[2m2026-05-07T14:17:31.498675Z[0m [32m INFO[0m ThreadId(02) [2mzenoh::net::runtime::orchestrator[0m[2m:[0m Zenoh can be reached at: tcp/10.10.10.13:7447
[2m2026-05-07T14:17:31.498675Z[0m [32m INFO[0m ThreadId(02) [2mzenoh::net::runtime::orchestrator[0m[2m:[0m Zenoh can be reached at: tcp/172.17.0.1:7447
[INFO] [launch]: All log files can be found below /root/.ros/log/2026-05-07-14-17-31-531320-weed-System-Product-Name-51
[INFO] [launch]: Default logging verbosity is set to INFO
[2m2026-05-07T14:17:31.738391Z[0m [32m INFO[0m acc-0 ThreadId(04) [2mzenoh::net::routing::interceptor::access_control[0m[2m:[0m edf2b1c2f31c9630ce7253f08e062d52 did not match any configured ACL subject. Default permission `Allow` will be applied on all messages
[INFO] [robot_state_publisher-1]: process started with pid [118]
[INFO] [aic_adapter-2]: process started with pid [119]
[INFO] [component_container-3]: process started with pid [120]
[INFO] [gz-4]: process started with pid [121]
[INFO] [create-5]: process started with pid [122]
[INFO] [relay-6]: process started with pid [123]
[INFO] [static_transform_publisher-7]: process started with pid [124]
[2m2026-05-07T14:17:31.833008Z[0m [32m INFO[0m acc-0 ThreadId(04) [2mzenoh::net::routing::interceptor::access_control[0m[2m:[0m e3b2ea8fbd437431a5ed03a41e183f48 did not match any configured ACL subject. Default permission `Allow` will be applied on all messages
[2m2026-05-07T14:17:31.833049Z[0m [32m INFO[0m acc-0 ThreadId(04) [2mzenoh::net::routing::interceptor::access_control[0m[2m:[0m 33454a625515fedf06f2a66199a742d3 did not match any configured ACL subject. Default permission `Allow` will be applied on all messages
[2m2026-05-07T14:17:31.833079Z[0m [32m INFO[0m acc-0 ThreadId(04) [2mzenoh::net::routing::interceptor::access_control[0m[2m:[0m 399811f92b3d544d8d2f8d307a97ef64 did not match any configured ACL subject. Default permission `Allow` will be applied on all messages
[2m2026-05-07T14:17:31.833403Z[0m [32m INFO[0m acc-0 ThreadId(04) [2mzenoh::net::routing::interceptor::access_control[0m[2m:[0m 420be43cdf047ee904093f22ae0b1298 did not match any configured ACL subject. Default permission `Allow` will be applied on all messages
[2m2026-05-07T14:17:31.833641Z[0m [32m INFO[0m acc-0 ThreadId(04) [2mzenoh::net::routing::interceptor::access_control[0m[2m:[0m 9e113af15aac70009c3220aec4959ce6 did not match any configured ACL subject. Default permission `Allow` will be applied on all messages
[static_transform_publisher-7] [INFO] [1778163451.838117043] [ground_truth_static_tf_publisher]: Spinning until stopped - publishing transform
[static_transform_publisher-7] translation: ('0.000000', '0.000000', '0.000000')
[static_transform_publisher-7] rotation: ('0.000000', '0.000000', '0.000000', '1.000000')
[static_transform_publisher-7] from 'world' to 'aic_world'
[2m2026-05-07T14:17:31.838794Z[0m [32m INFO[0m acc-0 ThreadId(04) [2mzenoh::net::routing::interceptor::access_control[0m[2m:[0m bca3c3a99ae92cac3f30aefff2a85fdf did not match any configured ACL subject. Default permission `Allow` will be applied on all messages
[aic_adapter-2] [INFO] [1778163451.840538020] [aic_adapter_node]: Adapter node initialization complete.
[robot_state_publisher-1] [INFO] [1778163451.841837257] [robot_state_publisher]: Robot initialized
[create-5] [INFO] [1778163451.844221705] [ros_gz_sim]: Requesting list of world names.
[gz-4] qt.qpa.xcb: could not connect to display 
[gz-4] qt.qpa.plugin: Could not load the Qt platform plugin "xcb" in "" even though it was found.
[gz-4] This application failed to start because no Qt platform plugin could be initialized. Reinstalling the application may fix this problem.
[gz-4] 
[gz-4] Available platform plugins are: eglfs, linuxfb, minimal, minimalegl, offscreen, vnc, wayland-egl, wayland, wayland-xcomposite-egl, wayland-xcomposite-glx, xcb.
[gz-4] 
[gz-4] Stack trace (most recent call last):
[gz-4] #29   Object "[0xffffffffffffffff]", at 0xffffffffffffffff, in 
[gz-4] #28   Object "gz sim -g", at 0x58c42a7021d4, in _start
[gz-4] #27   Object "/lib/x86_64-linux-gnu/libc.so.6", at 0x72880d11a28a, in __libc_start_main
[gz-4] #26   Object "/lib/x86_64-linux-gnu/libc.so.6", at 0x72880d11a1c9, in 
[gz-4] #25   Object "gz sim -g", at 0x58c42a702186, in 
[gz-4] #24   Object "/lib/x86_64-linux-gnu/libruby-3.2.so.3.2", at 0x72880d580152, in ruby_run_node
[gz-4] #23   Object "/lib/x86_64-linux-gnu/libruby-3.2.so.3.2", at 0x72880d57be2b, in 
[gz-4] #22   Object "/lib/x86_64-linux-gnu/libruby-3.2.so.3.2", at 0x72880d71eb49, in rb_vm_exec
[gz-4] #21   Object "/lib/x86_64-linux-gnu/libruby-3.2.so.3.2", at 0x72880d71b62b, in 
[gz-4] #20   Object "/lib/x86_64-linux-gnu/libruby-3.2.so.3.2", at 0x72880d71713e, in 
[gz-4] #19   Object "/lib/x86_64-linux-gnu/libruby-3.2.so.3.2", at 0x72880d71492f, in 
[gz-4] #18   Object "/usr/lib/x86_64-linux-gnu/ruby/3.2.0/fiddle.so", at 0x728808957b13, in 
[gz-4] #17   Object "/lib/x86_64-linux-gnu/libruby-3.2.so.3.2", at 0x72880d6dd37b, in rb_nogvl
[gz-4] #16   Object "/usr/lib/x86_64-linux-gnu/ruby/3.2.0/fiddle.so", at 0x72880895743b, in 
[gz-4] #15   Object "/lib/x86_64-linux-gnu/libffi.so.8", at 0x72880884b0bd, in ffi_call
[gz-4] #14   Object "/lib/x86_64-linux-gnu/libffi.so.8", at 0x7288088483ee, in 
[gz-4] #13   Object "/lib/x86_64-linux-gnu/libffi.so.8", at 0x72880884bb15, in 
[gz-4] #12   Object "/ws_aic/install/lib/libgz-sim9-gz.so.9.5.0", at 0x728807d43a65, in runGui
[gz-4] #11   Object "/ws_aic/install/lib/libgz-sim9-gui.so.9", at 0x728807b76c8c, in gz::sim::v9::gui::runGui(int&, char**, char const*, char const*, int, char const*, char const*)
[gz-4] #10   Object "/ws_aic/install/lib/libgz-sim9-gui.so.9", at 0x728807b73970, in gz::sim::v9::gui::createGui(int&, char**, char const*, char const*, bool, char const*, int, char const*, char const*)
[gz-4] #9    Object "/ws_aic/install/lib/libgz-gui9.so.9", at 0x72880674866b, in gz::gui::Application::Application(int&, char**, gz::gui::WindowType, char const*)
[gz-4] #8    Object "/lib/x86_64-linux-gnu/libQt5Widgets.so.5", at 0x7288057cb5b4, in QApplicationPrivate::init()
[gz-4] #7    Object "/lib/x86_64-linux-gnu/libQt5Gui.so.5", at 0x7288050a1b9e, in QGuiApplicationPrivate::init()
[gz-4] #6    Object "/lib/x86_64-linux-gnu/libQt5Core.so.5", at 0x728806aa8ff4, in QCoreApplicationPrivate::init()
[gz-4] #5    Object "/lib/x86_64-linux-gnu/libQt5Gui.so.5", at 0x72880509ec1f, in QGuiApplicationPrivate::createEventDispatcher()
[gz-4] #4    Object "/lib/x86_64-linux-gnu/libQt5Gui.so.5", at 0x72880509e6dc, in QGuiApplicationPrivate::createPlatformIntegration()
[gz-4] #3    Object "/lib/x86_64-linux-gnu/libQt5Core.so.5", at 0x72880685b103, in QMessageLogger::fatal(char const*, ...) const
[gz-4] #2    Object "/lib/x86_64-linux-gnu/libc.so.6", at 0x72880d1188fe, in abort
[gz-4] #1    Object "/lib/x86_64-linux-gnu/libc.so.6", at 0x72880d13527d, in gsignal
[gz-4] #0    Object "/lib/x86_64-linux-gnu/libc.so.6", at 0x72880d18eb2c, in pthread_kill
[gz-4] Aborted (Signal sent by tkill() 121 0)
[component_container-3] [INFO] [1778163451.998240907] [ros_gz_container]: Load Library: /ws_aic/install/lib/libgzserver_component.so
Started Zenoh router with id aaa4a4db9bcc47d3fa7e55d19d03f19
[component_container-3] [INFO] [1778163452.014649939] [ros_gz_container]: Found class: rclcpp_components::NodeFactoryTemplate<ros_gz_sim::GzServer>
[component_container-3] [INFO] [1778163452.014681910] [ros_gz_container]: Instantiate class: rclcpp_components::NodeFactoryTemplate<ros_gz_sim::GzServer>
[INFO] [launch_ros.actions.load_composable_nodes]: Loaded node '/gz_server' in container '/ros_gz_container'
[component_container-3] [INFO] [1778163452.015858574] [ros_gz_container]: Load Library: /ws_aic/install/lib/libros_gz_bridge.so
[ERROR] [gz-4]: process has died [pid 121, exit code -6, cmd 'gz sim -g'].
[component_container-3] [INFO] [1778163452.031484176] [ros_gz_container]: Found class: rclcpp_components::NodeFactoryTemplate<ros_gz_bridge::RosGzBridge>
[component_container-3] [INFO] [1778163452.031496058] [ros_gz_container]: Instantiate class: rclcpp_components::NodeFactoryTemplate<ros_gz_bridge::RosGzBridge>
[INFO] [launch_ros.actions.load_composable_nodes]: Loaded node '/ros_gz_bridge' in container 'ros_gz_container'
[component_container-3] (2026-05-07 14:17:32.040) [info] [ServerPrivate.cc:664] Loading SDF world file[/ws_aic/install/share/aic_description/world/aic.sdf].
[component_container-3] [INFO] [1778163453.032873895] [ros_gz_bridge]: Creating GZ->ROS Bridge: [/clock (gz.msgs.Clock) -> /clock (rosgraph_msgs/msg/Clock)] (Lazy 0)
[component_container-3] [INFO] [1778163453.033567797] [ros_gz_bridge]: Creating GZ->ROS Bridge: [/left_camera/image (gz.msgs.Image) -> /left_camera/image (sensor_msgs/msg/Image)] (Lazy 1)
[component_container-3] [INFO] [1778163453.034090014] [ros_gz_bridge]: Creating GZ->ROS Bridge: [/center_camera/image (gz.msgs.Image) -> /center_camera/image (sensor_msgs/msg/Image)] (Lazy 1)
[component_container-3] [INFO] [1778163453.034170306] [ros_gz_bridge]: Creating GZ->ROS Bridge: [/right_camera/image (gz.msgs.Image) -> /right_camera/image (sensor_msgs/msg/Image)] (Lazy 1)
[component_container-3] [INFO] [1778163453.034237693] [ros_gz_bridge]: Creating GZ->ROS Bridge: [/left_camera/camera_info (gz.msgs.CameraInfo) -> /left_camera/camera_info (sensor_msgs/msg/CameraInfo)] (Lazy 1)
[component_container-3] [INFO] [1778163453.034363190] [ros_gz_bridge]: Creating GZ->ROS Bridge: [/center_camera/camera_info (gz.msgs.CameraInfo) -> /center_camera/camera_info (sensor_msgs/msg/CameraInfo)] (Lazy 1)
[component_container-3] [INFO] [1778163453.034439705] [ros_gz_bridge]: Creating GZ->ROS Bridge: [/right_camera/camera_info (gz.msgs.CameraInfo) -> /right_camera/camera_info (sensor_msgs/msg/CameraInfo)] (Lazy 1)
[component_container-3] [INFO] [1778163453.034530336] [ros_gz_bridge]: Creating GZ->ROS Bridge: [/aic/gazebo/contacts/off_limit (gz.msgs.Contacts) -> /aic/gazebo/contacts/off_limit (ros_gz_interfaces/msg/Contacts)] (Lazy 1)
[component_container-3] [INFO] [1778163453.034885307] [ros_gz_bridge]: Creating GZ->ROS Bridge: [/cable_0/pose (gz.msgs.Pose_V) -> /scoring/tf (tf2_msgs/msg/TFMessage)] (Lazy 1)
[component_container-3] [INFO] [1778163453.035209911] [ros_gz_bridge]: Creating GZ->ROS Bridge: [/cable_1/pose (gz.msgs.Pose_V) -> /scoring/tf (tf2_msgs/msg/TFMessage)] (Lazy 1)
[component_container-3] [INFO] [1778163453.035314659] [ros_gz_bridge]: Creating GZ->ROS Bridge: [/cable_2/pose (gz.msgs.Pose_V) -> /scoring/tf (tf2_msgs/msg/TFMessage)] (Lazy 1)
[component_container-3] [INFO] [1778163453.035360786] [ros_gz_bridge]: Creating GZ->ROS Bridge: [/cable_3/pose (gz.msgs.Pose_V) -> /scoring/tf (tf2_msgs/msg/TFMessage)] (Lazy 1)
[component_container-3] [INFO] [1778163453.035417403] [ros_gz_bridge]: Creating GZ->ROS Bridge: [/cable_4/pose (gz.msgs.Pose_V) -> /scoring/tf (tf2_msgs/msg/TFMessage)] (Lazy 1)
[component_container-3] [INFO] [1778163453.035470233] [ros_gz_bridge]: Creating GZ->ROS Bridge: [/task_board/pose_static (gz.msgs.Pose_V) -> /scoring/tf (tf2_msgs/msg/TFMessage)] (Lazy 1)
[component_container-3] [INFO] [1778163453.035513525] [ros_gz_bridge]: Creating GZ->ROS Bridge: [/cable_0/insertion_event (gz.msgs.StringMsg) -> /scoring/insertion_event (std_msgs/msg/String)] (Lazy 1)
[component_container-3] [INFO] [1778163453.035713623] [ros_gz_bridge]: Creating GZ->ROS Bridge: [/cable_1/insertion_event (gz.msgs.StringMsg) -> /scoring/insertion_event (std_msgs/msg/String)] (Lazy 1)
[component_container-3] (2026-05-07 14:17:34.032) [info] [SystemManager.cc:54] Serving entity system service on [/entity/system/add]
[component_container-3] (2026-05-07 14:17:34.035) [info] [UserCommands.cc:752] Create service on [/world/aic_world/create_multiple] (async)
[component_container-3] (2026-05-07 14:17:34.035) [info] [UserCommands.cc:754] Create service on [/world/aic_world/create_multiple/blocking] (blocking)
[component_container-3] (2026-05-07 14:17:34.035) [info] [UserCommands.cc:752] Remove service on [/world/aic_world/remove] (async)
[component_container-3] (2026-05-07 14:17:34.035) [info] [UserCommands.cc:754] Remove service on [/world/aic_world/remove/blocking] (blocking)
[component_container-3] (2026-05-07 14:17:34.035) [info] [UserCommands.cc:752] Pose service on [/world/aic_world/set_pose] (async)
[component_container-3] (2026-05-07 14:17:34.035) [info] [UserCommands.cc:754] Pose service on [/world/aic_world/set_pose/blocking] (blocking)
[component_container-3] (2026-05-07 14:17:34.035) [info] [UserCommands.cc:752] Pose service on [/world/aic_world/set_pose_vector] (async)
[component_container-3] (2026-05-07 14:17:34.035) [info] [UserCommands.cc:754] Pose service on [/world/aic_world/set_pose_vector/blocking] (blocking)
[component_container-3] (2026-05-07 14:17:34.035) [info] [UserCommands.cc:752] Light configuration service on [/world/aic_world/light_config] (async)
[component_container-3] (2026-05-07 14:17:34.035) [info] [UserCommands.cc:754] Light configuration service on [/world/aic_world/light_config/blocking] (blocking)
[component_container-3] (2026-05-07 14:17:34.035) [info] [UserCommands.cc:752] Physics service on [/world/aic_world/set_physics] (async)
[component_container-3] (2026-05-07 14:17:34.035) [info] [UserCommands.cc:754] Physics service on [/world/aic_world/set_physics/blocking] (blocking)
[component_container-3] (2026-05-07 14:17:34.035) [info] [UserCommands.cc:752] SphericalCoordinates service on [/world/aic_world/set_spherical_coordinates] (async)
[component_container-3] (2026-05-07 14:17:34.035) [info] [UserCommands.cc:754] SphericalCoordinates service on [/world/aic_world/set_spherical_coordinates/blocking] (blocking)
[component_container-3] (2026-05-07 14:17:34.035) [info] [UserCommands.cc:752] Enable collision service on [/world/aic_world/enable_collision] (async)
[component_container-3] (2026-05-07 14:17:34.035) [info] [UserCommands.cc:754] Enable collision service on [/world/aic_world/enable_collision/blocking] (blocking)
[component_container-3] (2026-05-07 14:17:34.035) [info] [UserCommands.cc:752] Disable collision service on [/world/aic_world/disable_collision] (async)
[component_container-3] (2026-05-07 14:17:34.035) [info] [UserCommands.cc:754] Disable collision service on [/world/aic_world/disable_collision/blocking] (blocking)
[component_container-3] (2026-05-07 14:17:34.035) [info] [UserCommands.cc:752] Material service on [/world/aic_world/visual_config] (async)
[component_container-3] (2026-05-07 14:17:34.035) [info] [UserCommands.cc:754] Material service on [/world/aic_world/visual_config/blocking] (blocking)
[component_container-3] (2026-05-07 14:17:34.035) [info] [UserCommands.cc:752] Material service on [/world/aic_world/wheel_slip] (async)
[component_container-3] (2026-05-07 14:17:34.035) [info] [UserCommands.cc:754] Material service on [/world/aic_world/wheel_slip/blocking] (blocking)
[component_container-3] (2026-05-07 14:17:34.035) [debug] [SystemManager.cc:80] Loaded system [gz::sim::systems::UserCommands] for entity [1]
[component_container-3] (2026-05-07 14:17:34.048) [debug] [Physics.cc:967] Loaded [gz::physics::bullet_featherstone::Plugin] from library [/ws_aic/install/lib/gz-physics-8/engine-plugins/libgz-physics-bullet-featherstone-plugin.so]
[component_container-3] (2026-05-07 14:17:34.048) [debug] [SystemManager.cc:80] Loaded system [gz::sim::systems::Physics] for entity [1]
[component_container-3] (2026-05-07 14:17:34.050) [debug] [Sensors.cc:697] Configuring Sensors system
[component_container-3] (2026-05-07 14:17:34.050) [debug] [Sensors.cc:557] SensorsPrivate::Run
[component_container-3] (2026-05-07 14:17:34.050) [debug] [SystemManager.cc:80] Loaded system [gz::sim::systems::Sensors] for entity [1]
[component_container-3] (2026-05-07 14:17:34.050) [debug] [Sensors.cc:532] SensorsPrivate::RenderThread started
[component_container-3] (2026-05-07 14:17:34.050) [debug] [Sensors.cc:337] Waiting for init
[component_container-3] (2026-05-07 14:17:34.051) [debug] [ScoringPlugin.cc:45] aic_gazebo::ScoringPlugin::Configure on entity: 1
[component_container-3] (2026-05-07 14:17:34.051) [debug] [SystemManager.cc:80] Loaded system [aic_gazebo::ScoringPlugin] for entity [1]
[component_container-3] (2026-05-07 14:17:34.051) [debug] [WorldSdfGeneratorPlugin.cc:47] aic_gazebo::WorldSdfGeneratorPlugin::Configure
[component_container-3] (2026-05-07 14:17:34.051) [debug] [SystemManager.cc:80] Loaded system [aic_gazebo::WorldSdfGeneratorPlugin] for entity [1]
[component_container-3] (2026-05-07 14:17:34.052) [debug] [SystemManager.cc:80] Loaded system [gz::sim::systems::Contact] for entity [1]
[component_container-3] (2026-05-07 14:17:34.052) [info] [LevelManager.cc:646] Loaded level [default]
[component_container-3] (2026-05-07 14:17:34.052) [debug] [ServerConfig.cc:1025] Loading (3) plugins from file [/root/.gz/sim/9/server.config]
[component_container-3] (2026-05-07 14:17:34.052) [debug] [SimulationRunner.cc:1696] Additional plugins to load:
[component_container-3] (2026-05-07 14:17:34.052) [debug] [SimulationRunner.cc:1699] gz::sim::systems::SceneBroadcaster gz-sim-scene-broadcaster-system
[component_container-3] (2026-05-07 14:17:34.052) [debug] [SystemManager.cc:80] Loaded system [gz::sim::systems::SceneBroadcaster] for entity [1]
[component_container-3] (2026-05-07 14:17:34.052) [info] [SimulationRunner.cc:275] Serving world controls on [/world/aic_world/control], [/world/aic_world/control/state] and [/world/aic_world/playback/control]
[component_container-3] (2026-05-07 14:17:34.052) [info] [SimulationRunner.cc:301] Serving GUI information on [/world/aic_world/gui/info]
[component_container-3] (2026-05-07 14:17:34.052) [info] [SimulationRunner.cc:304] World [aic_world] initialized with [2ms] physics profile.
[component_container-3] (2026-05-07 14:17:34.052) [info] [SimulationRunner.cc:311] Serving world SDF generation service on [/world/aic_world/generate_world_sdf]
[component_container-3] (2026-05-07 14:17:34.053) [info] [ServerPrivate.cc:344] Serving world names on [/gazebo/worlds]
[component_container-3] (2026-05-07 14:17:34.053) [info] [ServerPrivate.cc:357] Resource path add service on [/gazebo/resource_paths/add].
[component_container-3] (2026-05-07 14:17:34.053) [info] [ServerPrivate.cc:370] Resource path get service on [/gazebo/resource_paths/get].
[component_container-3] (2026-05-07 14:17:34.053) [info] [ServerPrivate.cc:385] Resource path resolve service on [/gazebo/resource_paths/resolve].
[component_container-3] (2026-05-07 14:17:34.053) [info] [ServerPrivate.cc:399] Resource paths published on [/gazebo/resource_paths].
[component_container-3] (2026-05-07 14:17:34.053) [info] [ServerPrivate.cc:412] Server control service on [/server_control].
[component_container-3] (2026-05-07 14:17:34.153) [info] [SimulationRunner.cc:769] Found no publishers on /stats, adding root stats topic
[component_container-3] (2026-05-07 14:17:34.153) [info] [SimulationRunner.cc:803] Found no publishers on /clock, adding root clock topic
[component_container-3] (2026-05-07 14:17:34.153) [debug] [SimulationRunner.cc:573] Creating PostUpdate worker threads: 5
[component_container-3] (2026-05-07 14:17:34.153) [debug] [SimulationRunner.cc:584] Creating postupdate worker thread (0)
[component_container-3] (2026-05-07 14:17:34.153) [debug] [SimulationRunner.cc:584] Creating postupdate worker thread (1)
[component_container-3] (2026-05-07 14:17:34.153) [debug] [SimulationRunner.cc:584] Creating postupdate worker thread (2)
[component_container-3] (2026-05-07 14:17:34.153) [debug] [SimulationRunner.cc:584] Creating postupdate worker thread (3)
[create-5] [INFO] [1778163454.153614110] [ros_gz_sim]: Entity creation successful.
[component_container-3] (2026-05-07 14:17:34.154) [debug] [Physics.cc:1171] Attempting to set physics options, but the physics engine doesn't support feature [CollisionPairMaxContacts]. Options will be ignored.
[component_container-3] (2026-05-07 14:17:34.155) [info] [SceneBroadcaster.cc:634] Serving scene information on [/world/aic_world/scene/info]
[component_container-3] (2026-05-07 14:17:34.155) [info] [SceneBroadcaster.cc:643] Serving graph information on [/world/aic_world/scene/graph]
[component_container-3] (2026-05-07 14:17:34.155) [info] [SceneBroadcaster.cc:654] Serving full state on [/world/aic_world/state]
[component_container-3] (2026-05-07 14:17:34.155) [info] [SceneBroadcaster.cc:663] Serving full state (async) on [/world/aic_world/state_async]
[component_container-3] (2026-05-07 14:17:34.155) [info] [SceneBroadcaster.cc:671] Publishing scene information on [/world/aic_world/scene/info]
[component_container-3] (2026-05-07 14:17:34.155) [info] [SceneBroadcaster.cc:680] Publishing entity deletions on [/world/aic_world/scene/deletion]
[component_container-3] (2026-05-07 14:17:34.155) [info] [SceneBroadcaster.cc:689] Publishing state changes on [/world/aic_world/state]
[component_container-3] (2026-05-07 14:17:34.155) [info] [SceneBroadcaster.cc:700] Publishing pose messages on [/world/aic_world/pose/info]
[component_container-3] (2026-05-07 14:17:34.155) [info] [SceneBroadcaster.cc:711] Publishing dynamic pose messages on [/world/aic_world/dynamic_pose/info]
[INFO] [create-5]: process has finished cleanly [pid 122]
[INFO] [spawner-8]: process started with pid [261]
[INFO] [spawner-9]: process started with pid [262]
[component_container-3] [1;33mWarning [Utils.cc:119][0m [/sdf/model[@name="ur"]/link[@name="center_camera/sensor_link"]/sensor[@name="center_camera"]/camera[@name="center_camera"]/optical_frame_id]: SDF Element[optical_frame_id] is deprecated
[component_container-3] [1;33mWarning [Utils.cc:119][0m [/sdf/model[@name="ur"]/link[@name="left_camera/sensor_link"]/sensor[@name="left_camera"]/camera[@name="left_camera"]/optical_frame_id]: SDF Element[optical_frame_id] is deprecated
[component_container-3] [1;33mWarning [Utils.cc:119][0m [/sdf/model[@name="ur"]/link[@name="right_camera/sensor_link"]/sensor[@name="right_camera"]/camera[@name="right_camera"]/optical_frame_id]: SDF Element[optical_frame_id] is deprecated
[component_container-3] [WARN] [1778163454.207664123] [rcl.logging_rosout]: Publisher already registered for node name: 'ros_gz_container'. If this is due to multiple nodes with the same name then all logs for the logger named 'ros_gz_container' will go out over the existing publisher. As soon as any node with that name is destructed it will unregister the publisher, preventing any further logs for that name from being published on the rosout topic.
[component_container-3] [INFO] [1778163454.208368645] [ros_gz_container]: [gz_ros2_control] Fixed joint [tabletop_joint] (Entity=101)] is skipped
[component_container-3] [INFO] [1778163454.208389435] [ros_gz_container]: [gz_ros2_control] Fixed joint [center_camera/attach_sensor_link] (Entity=108)] is skipped
[component_container-3] [INFO] [1778163454.208409813] [ros_gz_container]: [gz_ros2_control] Fixed joint [center_camera/attach_optical] (Entity=109)] is skipped
[component_container-3] [INFO] [1778163454.208426635] [ros_gz_container]: [gz_ros2_control] Fixed joint [ati/attach_joint] (Entity=110)] is skipped
[component_container-3] [INFO] [1778163454.208429611] [ros_gz_container]: [gz_ros2_control] Fixed joint [left_camera/attach_sensor_link] (Entity=114)] is skipped
[component_container-3] [INFO] [1778163454.208431394] [ros_gz_container]: [gz_ros2_control] Fixed joint [left_camera/attach_optical] (Entity=115)] is skipped
[component_container-3] [INFO] [1778163454.208433308] [ros_gz_container]: [gz_ros2_control] Fixed joint [right_camera/attach_sensor_link] (Entity=116)] is skipped
[component_container-3] [INFO] [1778163454.208434931] [ros_gz_container]: [gz_ros2_control] Fixed joint [right_camera/attach_optical] (Entity=117)] is skipped
[component_container-3] [INFO] [1778163454.208925819] [ros_gz_container]: Loading controller_manager
[component_container-3] [INFO] [1778163454.211685937] [controller_manager]: Using ROS clock for triggering controller manager cycles.
[component_container-3] [INFO] [1778163454.212444862] [controller_manager]: Subscribing to '/robot_description' topic for robot description.
[component_container-3] [INFO] [1778163454.213328602] [controller_manager]: Enforcing command limits is enabled...
[component_container-3] [WARN] [1778163454.213349211] [ros_gz_container]: Waiting RM to load and initialize hardware...
[component_container-3] [INFO] [1778163454.213417250] [controller_manager]: Received robot description from topic.
[component_container-3] [INFO] [1778163454.214861130] [ros_gz_container]: Using JointLimiter for joint 'gripper/left_finger_joint' in hardware 'gripper' : '  has position limits: true [0, 0.025]
[component_container-3]   has velocity limits: true [0.05]
[component_container-3]   has acceleration limits: false [nan]
[component_container-3]   has deceleration limits: false [nan]
[component_container-3]   has jerk limits: false [nan]
[component_container-3]   has effort limits: true [20]
[component_container-3]   angle wraparound: false'
[component_container-3] [INFO] [1778163454.214879033] [ros_gz_container]: Creating JointSaturationLimiter for joint 'gripper/left_finger_joint' in hardware 'gripper'
[component_container-3] [INFO] [1778163454.214892799] [ros_gz_container]: Using JointLimiter for joint 'wrist_3_joint' in hardware 'ControlSystem' : '  has position limits: true [-6.28319, 6.28319]
[component_container-3]   has velocity limits: true [3.14159]
[component_container-3]   has acceleration limits: false [nan]
[component_container-3]   has deceleration limits: false [nan]
[component_container-3]   has jerk limits: false [nan]
[component_container-3]   has effort limits: true [28]
[component_container-3]   angle wraparound: false'
[component_container-3] [INFO] [1778163454.214895354] [ros_gz_container]: Creating JointSaturationLimiter for joint 'wrist_3_joint' in hardware 'ControlSystem'
[component_container-3] [INFO] [1778163454.214899181] [ros_gz_container]: Using JointLimiter for joint 'wrist_2_joint' in hardware 'ControlSystem' : '  has position limits: true [-6.28319, 6.28319]
[component_container-3]   has velocity limits: true [3.14159]
[component_container-3]   has acceleration limits: false [nan]
[component_container-3]   has deceleration limits: false [nan]
[component_container-3]   has jerk limits: false [nan]
[component_container-3]   has effort limits: true [28]
[component_container-3]   angle wraparound: false'
[component_container-3] [INFO] [1778163454.214901666] [ros_gz_container]: Creating JointSaturationLimiter for joint 'wrist_2_joint' in hardware 'ControlSystem'
[component_container-3] [INFO] [1778163454.214904812] [ros_gz_container]: Using JointLimiter for joint 'wrist_1_joint' in hardware 'ControlSystem' : '  has position limits: true [-6.28319, 6.28319]
[component_container-3]   has velocity limits: true [3.14159]
[component_container-3]   has acceleration limits: false [nan]
[component_container-3]   has deceleration limits: false [nan]
[component_container-3]   has jerk limits: false [nan]
[component_container-3]   has effort limits: true [28]
[component_container-3]   angle wraparound: false'
[component_container-3] [INFO] [1778163454.214906956] [ros_gz_container]: Creating JointSaturationLimiter for joint 'wrist_1_joint' in hardware 'ControlSystem'
[component_container-3] [INFO] [1778163454.214910423] [ros_gz_container]: Using JointLimiter for joint 'elbow_joint' in hardware 'ControlSystem' : '  has position limits: true [-3.14159, 3.14159]
[component_container-3]   has velocity limits: true [3.14159]
[component_container-3]   has acceleration limits: false [nan]
[component_container-3]   has deceleration limits: false [nan]
[component_container-3]   has jerk limits: false [nan]
[component_container-3]   has effort limits: true [150]
[component_container-3]   angle wraparound: false'
[component_container-3] [INFO] [1778163454.214912497] [ros_gz_container]: Creating JointSaturationLimiter for joint 'elbow_joint' in hardware 'ControlSystem'
[component_container-3] [INFO] [1778163454.214916103] [ros_gz_container]: Using JointLimiter for joint 'shoulder_lift_joint' in hardware 'ControlSystem' : '  has position limits: true [-6.28319, 6.28319]
[component_container-3]   has velocity limits: true [3.14159]
[component_container-3]   has acceleration limits: false [nan]
[component_container-3]   has deceleration limits: false [nan]
[component_container-3]   has jerk limits: false [nan]
[component_container-3]   has effort limits: true [150]
[component_container-3]   angle wraparound: false'
[component_container-3] [INFO] [1778163454.214927054] [ros_gz_container]: Creating JointSaturationLimiter for joint 'shoulder_lift_joint' in hardware 'ControlSystem'
[component_container-3] [INFO] [1778163454.214931042] [ros_gz_container]: Using JointLimiter for joint 'shoulder_pan_joint' in hardware 'ControlSystem' : '  has position limits: true [-6.28319, 6.28319]
[component_container-3]   has velocity limits: true [3.14159]
[component_container-3]   has acceleration limits: false [nan]
[component_container-3]   has deceleration limits: false [nan]
[component_container-3]   has jerk limits: false [nan]
[component_container-3]   has effort limits: true [150]
[component_container-3]   angle wraparound: false'
[component_container-3] [INFO] [1778163454.214933015] [ros_gz_container]: Creating JointSaturationLimiter for joint 'shoulder_pan_joint' in hardware 'ControlSystem'
[component_container-3] [INFO] [1778163454.216783283] [ros_gz_container]: The position_proportional_gain has been set to: 0.1
[component_container-3] [INFO] [1778163454.216816777] [ros_gz_container]: Loading joint: gripper/left_finger_joint
[component_container-3] [INFO] [1778163454.216820123] [ros_gz_container]: 	State:
[component_container-3] [INFO] [1778163454.216824972] [ros_gz_container]: 		 position
[component_container-3] [INFO] [1778163454.216832867] [ros_gz_container]: 			 found initial value: 0.007300
[component_container-3] [INFO] [1778163454.216835522] [ros_gz_container]: 		 velocity
[component_container-3] [INFO] [1778163454.216841133] [ros_gz_container]: 			 found initial value: 0.000000
[component_container-3] [INFO] [1778163454.216843417] [ros_gz_container]: 		 effort
[component_container-3] [INFO] [1778163454.216846853] [ros_gz_container]: 			 found initial value: 0.000000
[component_container-3] [INFO] [1778163454.216848917] [ros_gz_container]: 	Command:
[component_container-3] [INFO] [1778163454.216850921] [ros_gz_container]: 		 position
[component_container-3] [INFO] [1778163454.216860519] [ros_gz_container]: 		 effort
[component_container-3] [INFO] [1778163454.216911957] [ros_gz_container]: Loading sensor: AtiForceTorqueSensor
[component_container-3] [INFO] [1778163454.216915153] [ros_gz_container]: 	State:
[component_container-3] [INFO] [1778163454.216956761] [ros_gz_container]: Initialize hardware 'gripper' 
[component_container-3] [WARN] [1778163454.217013008] [rcl.logging_rosout]: Publisher already registered for node name: 'ros_gz_container'. If this is due to multiple nodes with the same name then all logs for the logger named 'ros_gz_container' will go out over the existing publisher. As soon as any node with that name is destructed it will unregister the publisher, preventing any further logs for that name from being published on the rosout topic.
[component_container-3] [INFO] [1778163454.217446587] [ros_gz_container.hardware_component.system.gripper]: `status_publish_rate` is set to 0.0, hardware status publisher will not be created.
[component_container-3] [INFO] [1778163454.217508494] [ros_gz_container]: Successful initialization of hardware 'gripper'
[component_container-3] [INFO] [1778163454.217630635] [ros_gz_container]: The position_proportional_gain has been set to: 0.1
[component_container-3] [INFO] [1778163454.217651445] [ros_gz_container]: Loading joint: shoulder_pan_joint
[component_container-3] [INFO] [1778163454.217654841] [ros_gz_container]: 	State:
[component_container-3] [INFO] [1778163454.217657777] [ros_gz_container]: 		 position
[component_container-3] [INFO] [1778163454.217664489] [ros_gz_container]: 			 found initial value: -0.159700
[component_container-3] [INFO] [1778163454.217668196] [ros_gz_container]: 		 velocity
[component_container-3] [INFO] [1778163454.217671863] [ros_gz_container]: 			 found initial value: 0.000000
[component_container-3] [INFO] [1778163454.217675149] [ros_gz_container]: 		 effort
[component_container-3] [INFO] [1778163454.217678756] [ros_gz_container]: 			 found initial value: 0.000000
[component_container-3] [INFO] [1778163454.217681712] [ros_gz_container]: 	Command:
[component_container-3] [INFO] [1778163454.217684217] [ros_gz_container]: 		 position
[component_container-3] [INFO] [1778163454.217693885] [ros_gz_container]: 		 velocity
[component_container-3] [INFO] [1778163454.217697983] [ros_gz_container]: 		 effort
[component_container-3] [INFO] [1778163454.217708653] [ros_gz_container]: Loading joint: shoulder_lift_joint
[component_container-3] [INFO] [1778163454.217711148] [ros_gz_container]: 	State:
[component_container-3] [INFO] [1778163454.217713592] [ros_gz_container]: 		 position
[component_container-3] [INFO] [1778163454.217716868] [ros_gz_container]: 			 found initial value: -1.354200
[component_container-3] [INFO] [1778163454.217719614] [ros_gz_container]: 		 velocity
[component_container-3] [INFO] [1778163454.217725996] [ros_gz_container]: 			 found initial value: 0.000000
[component_container-3] [INFO] [1778163454.217728701] [ros_gz_container]: 		 effort
[component_container-3] [INFO] [1778163454.217740313] [ros_gz_container]: 			 found initial value: 0.000000
[component_container-3] [INFO] [1778163454.217743108] [ros_gz_container]: 	Command:
[component_container-3] [INFO] [1778163454.217745482] [ros_gz_container]: 		 position
[component_container-3] [INFO] [1778163454.217753017] [ros_gz_container]: 		 velocity
[component_container-3] [INFO] [1778163454.217756513] [ros_gz_container]: 		 effort
[component_container-3] [INFO] [1778163454.217765220] [ros_gz_container]: Loading joint: elbow_joint
[component_container-3] [INFO] [1778163454.217767735] [ros_gz_container]: 	State:
[component_container-3] [INFO] [1778163454.217770249] [ros_gz_container]: 		 position
[component_container-3] [INFO] [1778163454.217773285] [ros_gz_container]: 			 found initial value: -1.664800
[component_container-3] [INFO] [1778163454.217776080] [ros_gz_container]: 		 velocity
[component_container-3] [INFO] [1778163454.217778986] [ros_gz_container]: 			 found initial value: 0.000000
[component_container-3] [INFO] [1778163454.217781641] [ros_gz_container]: 		 effort
[component_container-3] [INFO] [1778163454.217785107] [ros_gz_container]: 			 found initial value: 0.000000
[component_container-3] [INFO] [1778163454.217788885] [ros_gz_container]: 	Command:
[component_container-3] [INFO] [1778163454.217791329] [ros_gz_container]: 		 position
[component_container-3] [INFO] [1778163454.217797391] [ros_gz_container]: 		 velocity
[component_container-3] [INFO] [1778163454.217800577] [ros_gz_container]: 		 effort
[component_container-3] [INFO] [1778163454.217809233] [ros_gz_container]: Loading joint: wrist_1_joint
[component_container-3] [INFO] [1778163454.217811758] [ros_gz_container]: 	State:
[component_container-3] [INFO] [1778163454.217814293] [ros_gz_container]: 		 position
[component_container-3] [INFO] [1778163454.217817058] [ros_gz_container]: 			 found initial value: -1.693300
[component_container-3] [INFO] [1778163454.217819873] [ros_gz_container]: 		 velocity
[component_container-3] [INFO] [1778163454.217822428] [ros_gz_container]: 			 found initial value: 0.000000
[component_container-3] [INFO] [1778163454.217825424] [ros_gz_container]: 		 effort
[component_container-3] [INFO] [1778163454.217828109] [ros_gz_container]: 			 found initial value: 0.000000
[component_container-3] [INFO] [1778163454.217830794] [ros_gz_container]: 	Command:
[component_container-3] [INFO] [1778163454.217833028] [ros_gz_container]: 		 position
[component_container-3] [INFO] [1778163454.217839019] [ros_gz_container]: 		 velocity
[component_container-3] [INFO] [1778163454.217841965] [ros_gz_container]: 		 effort
[component_container-3] [INFO] [1778163454.217849770] [ros_gz_container]: Loading joint: wrist_2_joint
[component_container-3] [INFO] [1778163454.217852184] [ros_gz_container]: 	State:
[component_container-3] [INFO] [1778163454.217855541] [ros_gz_container]: 		 position
[component_container-3] [INFO] [1778163454.217858496] [ros_gz_container]: 			 found initial value: 1.571000
[component_container-3] [INFO] [1778163454.217861452] [ros_gz_container]: 		 velocity
[component_container-3] [INFO] [1778163454.217864077] [ros_gz_container]: 			 found initial value: 0.000000
[component_container-3] [INFO] [1778163454.217866812] [ros_gz_container]: 		 effort
[component_container-3] [INFO] [1778163454.217869367] [ros_gz_container]: 			 found initial value: 0.000000
[component_container-3] [INFO] [1778163454.217872062] [ros_gz_container]: 	Command:
[component_container-3] [INFO] [1778163454.217874376] [ros_gz_container]: 		 position
[component_container-3] [INFO] [1778163454.217880377] [ros_gz_container]: 		 velocity
[component_container-3] [INFO] [1778163454.217883373] [ros_gz_container]: 		 effort
[component_container-3] [INFO] [1778163454.217891218] [ros_gz_container]: Loading joint: wrist_3_joint
[component_container-3] [INFO] [1778163454.217893793] [ros_gz_container]: 	State:
[component_container-3] [INFO] [1778163454.217896288] [ros_gz_container]: 		 position
[component_container-3] [INFO] [1778163454.217899263] [ros_gz_container]: 			 found initial value: 1.411000
[component_container-3] [INFO] [1778163454.217902018] [ros_gz_container]: 		 velocity
[component_container-3] [INFO] [1778163454.217905786] [ros_gz_container]: 			 found initial value: 0.000000
[component_container-3] [INFO] [1778163454.217908551] [ros_gz_container]: 		 effort
[component_container-3] [INFO] [1778163454.217911156] [ros_gz_container]: 			 found initial value: 0.000000
[component_container-3] [INFO] [1778163454.217913931] [ros_gz_container]: 	Command:
[component_container-3] [INFO] [1778163454.217916315] [ros_gz_container]: 		 position
[component_container-3] [INFO] [1778163454.217922197] [ros_gz_container]: 		 velocity
[component_container-3] [INFO] [1778163454.217926805] [ros_gz_container]: 		 effort
[component_container-3] [INFO] [1778163454.217939870] [ros_gz_container]: Loading sensor: AtiForceTorqueSensor
[component_container-3] [INFO] [1778163454.217942936] [ros_gz_container]: 	State:
[component_container-3] [INFO] [1778163454.217948316] [ros_gz_container]: 		 force.x
[component_container-3] [INFO] [1778163454.217951111] [ros_gz_container]: 		 force.y
[component_container-3] [INFO] [1778163454.217953606] [ros_gz_container]: 		 force.z
[component_container-3] [INFO] [1778163454.217956071] [ros_gz_container]: 		 torque.x
[component_container-3] [INFO] [1778163454.217958645] [ros_gz_container]: 		 torque.y
[component_container-3] [INFO] [1778163454.217964627] [ros_gz_container]: 		 torque.z
[component_container-3] [INFO] [1778163454.218001637] [ros_gz_container]: Initialize hardware 'ControlSystem' 
[component_container-3] [WARN] [1778163454.218071849] [rcl.logging_rosout]: Publisher already registered for node name: 'ros_gz_container'. If this is due to multiple nodes with the same name then all logs for the logger named 'ros_gz_container' will go out over the existing publisher. As soon as any node with that name is destructed it will unregister the publisher, preventing any further logs for that name from being published on the rosout topic.
[component_container-3] [INFO] [1778163454.218534604] [ros_gz_container.hardware_component.system.ControlSystem]: `status_publish_rate` is set to 0.0, hardware status publisher will not be created.
[component_container-3] [INFO] [1778163454.218597093] [ros_gz_container]: Successful initialization of hardware 'ControlSystem'
[component_container-3] [INFO] [1778163454.218734552] [resource_manager]: 'configure' hardware 'ControlSystem' 
[component_container-3] [INFO] [1778163454.218737789] [ros_gz_container]: System Successfully configured!
[component_container-3] [INFO] [1778163454.218742007] [resource_manager]: Successful 'configure' of hardware 'ControlSystem'
[component_container-3] [INFO] [1778163454.218748869] [resource_manager]: 'activate' hardware 'ControlSystem' 
[component_container-3] [INFO] [1778163454.218755933] [resource_manager]: Successful 'activate' of hardware 'ControlSystem'
[component_container-3] [INFO] [1778163454.218781962] [resource_manager]: 'configure' hardware 'gripper' 
[component_container-3] [INFO] [1778163454.218782904] [ros_gz_container]: System Successfully configured!
[component_container-3] [INFO] [1778163454.218785980] [resource_manager]: Successful 'configure' of hardware 'gripper'
[component_container-3] [INFO] [1778163454.218787252] [resource_manager]: 'activate' hardware 'gripper' 
[component_container-3] [INFO] [1778163454.218788314] [resource_manager]: Successful 'activate' of hardware 'gripper'
[component_container-3] [WARN] [1778163454.218795177] [controller_manager]: Component 'ControlSystem' does not have read or write statistics initialized, skipping registration.
[component_container-3] [WARN] [1778163454.218799816] [controller_manager]: Component 'gripper' does not have read or write statistics initialized, skipping registration.
[component_container-3] [INFO] [1778163454.218805146] [controller_manager]: Resource Manager has been successfully initialized. Starting Controller Manager services...
[2m2026-05-07T14:17:34.243215Z[0m [32m INFO[0m acc-0 ThreadId(04) [2mzenoh::net::routing::interceptor::access_control[0m[2m:[0m dd25ff0440f4104461c96dbac710888f did not match any configured ACL subject. Default permission `Allow` will be applied on all messages
[2m2026-05-07T14:17:34.243291Z[0m [32m INFO[0m acc-0 ThreadId(04) [2mzenoh::net::routing::interceptor::access_control[0m[2m:[0m 18b618879438e833ea33a13f0f14707f did not match any configured ACL subject. Default permission `Allow` will be applied on all messages
[component_container-3] [INFO] [1778163454.262700081] [controller_manager]: Loading controller : 'fts_broadcaster' of type 'force_torque_sensor_broadcaster/ForceTorqueSensorBroadcaster'
[component_container-3] [INFO] [1778163454.262718365] [controller_manager]: Loading controller 'fts_broadcaster'
[component_container-3] [INFO] [1778163454.263263696] [controller_manager]: Controller 'fts_broadcaster' node arguments: --ros-args --params-file /ws_aic/install/share/aic_bringup/config/aic_ros2_controllers.yaml -p use_sim_time:=true --param use_sim_time:=true 
[spawner-9] [INFO] [1778163454.271019118] [spawner_fts_broadcaster]: Loaded fts_broadcaster
[component_container-3] [INFO] [1778163454.271263150] [controller_manager]: Configuring controller: 'fts_broadcaster'
[component_container-3] [INFO] [1778163454.272172438] [fts_broadcaster]: configure successful
[component_container-3] [INFO] [1778163454.272653498] [controller_manager]: Activating controllers: [ fts_broadcaster ]
[component_container-3] [INFO] [1778163454.272686580] [controller_manager]: Requested controller switch from non-realtime loop
[component_container-3] [INFO] [1778163454.272718891] [controller_manager]: Successfully switched controllers!
[component_container-3] (2026-05-07 14:17:36.213) [debug] [SystemManager.cc:80] Loaded system [gz_ros2_control::GazeboSimROS2ControlPlugin] for entity [31]
[component_container-3] (2026-05-07 14:17:36.214) [debug] [SystemManager.cc:80] Loaded system [gz::sim::systems::ForceTorque] for entity [31]
[component_container-3] (2026-05-07 14:17:36.214) [debug] [OffLimitContactsPlugin.cc:41] aic_gazebo::OffLimitContactsPlugin::Configure on entity: 31
[component_container-3] (2026-05-07 14:17:36.215) [debug] [OffLimitContactsPlugin.cc:165] Enabled collision [34]
[component_container-3] (2026-05-07 14:17:36.215) [debug] [OffLimitContactsPlugin.cc:165] Enabled collision [37]
[component_container-3] (2026-05-07 14:17:36.215) [debug] [OffLimitContactsPlugin.cc:165] Enabled collision [40]
[component_container-3] (2026-05-07 14:17:36.215) [debug] [OffLimitContactsPlugin.cc:165] Enabled collision [43]
[component_container-3] (2026-05-07 14:17:36.215) [debug] [OffLimitContactsPlugin.cc:165] Enabled collision [46]
[component_container-3] (2026-05-07 14:17:36.215) [debug] [OffLimitContactsPlugin.cc:165] Enabled collision [49]
[component_container-3] (2026-05-07 14:17:36.215) [debug] [OffLimitContactsPlugin.cc:165] Enabled collision [57]
[component_container-3] (2026-05-07 14:17:36.215) [debug] [OffLimitContactsPlugin.cc:165] Enabled collision [58]
[component_container-3] (2026-05-07 14:17:36.215) [debug] [OffLimitContactsPlugin.cc:165] Enabled collision [59]
[component_container-3] (2026-05-07 14:17:36.215) [debug] [OffLimitContactsPlugin.cc:165] Enabled collision [60]
[component_container-3] (2026-05-07 14:17:36.215) [debug] [OffLimitContactsPlugin.cc:165] Enabled collision [61]
[component_container-3] (2026-05-07 14:17:36.215) [debug] [OffLimitContactsPlugin.cc:165] Enabled collision [62]
[component_container-3] (2026-05-07 14:17:36.215) [debug] [OffLimitContactsPlugin.cc:165] Enabled collision [63]
[component_container-3] (2026-05-07 14:17:36.215) [debug] [OffLimitContactsPlugin.cc:165] Enabled collision [64]
[component_container-3] (2026-05-07 14:17:36.215) [debug] [OffLimitContactsPlugin.cc:165] Enabled collision [65]
[component_container-3] (2026-05-07 14:17:36.215) [debug] [OffLimitContactsPlugin.cc:165] Enabled collision [66]
[component_container-3] (2026-05-07 14:17:36.215) [debug] [OffLimitContactsPlugin.cc:165] Enabled collision [67]
[component_container-3] (2026-05-07 14:17:36.215) [debug] [OffLimitContactsPlugin.cc:165] Enabled collision [68]
[component_container-3] (2026-05-07 14:17:36.215) [debug] [OffLimitContactsPlugin.cc:165] Enabled collision [69]
[component_container-3] (2026-05-07 14:17:36.215) [debug] [OffLimitContactsPlugin.cc:165] Enabled collision [70]
[component_container-3] (2026-05-07 14:17:36.215) [debug] [OffLimitContactsPlugin.cc:165] Enabled collision [71]
[component_container-3] (2026-05-07 14:17:36.215) [debug] [OffLimitContactsPlugin.cc:165] Enabled collision [72]
[component_container-3] (2026-05-07 14:17:36.215) [debug] [OffLimitContactsPlugin.cc:165] Enabled collision [73]
[component_container-3] (2026-05-07 14:17:36.215) [debug] [OffLimitContactsPlugin.cc:165] Enabled collision [74]
[component_container-3] (2026-05-07 14:17:36.215) [debug] [OffLimitContactsPlugin.cc:165] Enabled collision [75]
[component_container-3] (2026-05-07 14:17:36.215) [debug] [OffLimitContactsPlugin.cc:165] Enabled collision [81]
[component_container-3] (2026-05-07 14:17:36.215) [debug] [OffLimitContactsPlugin.cc:165] Enabled collision [82]
[component_container-3] (2026-05-07 14:17:36.215) [debug] [OffLimitContactsPlugin.cc:165] Enabled collision [85]
[component_container-3] (2026-05-07 14:17:36.215) [debug] [OffLimitContactsPlugin.cc:165] Enabled collision [86]
[component_container-3] (2026-05-07 14:17:36.215) [debug] [OffLimitContactsPlugin.cc:165] Enabled collision [87]
[component_container-3] (2026-05-07 14:17:36.215) [debug] [OffLimitContactsPlugin.cc:165] Enabled collision [88]
[component_container-3] (2026-05-07 14:17:36.215) [debug] [OffLimitContactsPlugin.cc:165] Enabled collision [91]
[component_container-3] (2026-05-07 14:17:36.215) [debug] [OffLimitContactsPlugin.cc:165] Enabled collision [92]
[component_container-3] (2026-05-07 14:17:36.215) [debug] [OffLimitContactsPlugin.cc:165] Enabled collision [93]
[component_container-3] (2026-05-07 14:17:36.215) [debug] [OffLimitContactsPlugin.cc:165] Enabled collision [94]
[component_container-3] (2026-05-07 14:17:36.215) [debug] [SystemManager.cc:80] Loaded system [aic_gazebo::OffLimitContactsPlugin] for entity [31]
[component_container-3] (2026-05-07 14:17:36.215) [debug] [ResetJointsPlugin.cc:40] aic_gazebo::ResetJointsPlugin::Configure on entity: 31
[component_container-3] [WARN] [1778163456.215989478] [rcl.logging_rosout]: Publisher already registered for node name: 'ros_gz_container'. If this is due to multiple nodes with the same name then all logs for the logger named 'ros_gz_container' will go out over the existing publisher. As soon as any node with that name is destructed it will unregister the publisher, preventing any further logs for that name from being published on the rosout topic.
[component_container-3] (2026-05-07 14:17:36.216) [info] [ResetJointsPlugin.cc:117] Initialized ResetJointsPlugin!
[component_container-3] (2026-05-07 14:17:36.216) [debug] [SystemManager.cc:80] Loaded system [aic_gazebo::ResetJointsPlugin] for entity [31]
[component_container-3] (2026-05-07 14:17:36.216) [debug] [UserCommands.cc:1108] Created entity [31] named [ur5e]
[component_container-3] (2026-05-07 14:17:36.225) [debug] [Sensors.cc:953] Initialization needed
[component_container-3] (2026-05-07 14:17:36.225) [debug] [Sensors.cc:349] Initializing render context
[component_container-3] (2026-05-07 14:17:36.225) [info] [RenderEngineManager.cc:514] Loading plugin [gz-rendering-ogre2]
[component_container-3] (2026-05-07 14:17:36.225) [debug] [EntityComponentManager.cc:1676] Updated state thread iterators: 16 threads processing around 8 entities each.
[component_container-3] (2026-05-07 14:17:36.230) [warning] [Ogre2RenderEngine.cc:556] Unable to open display: . Trying to run in headless mode.
[component_container-3] (2026-05-07 14:17:36.231) [debug] [SimulationRunner.cc:600] Exiting postupdate worker thread (0)
[component_container-3] (2026-05-07 14:17:36.231) [debug] [SimulationRunner.cc:600] Exiting postupdate worker thread (1)
[component_container-3] (2026-05-07 14:17:36.231) [debug] [SimulationRunner.cc:600] Exiting postupdate worker thread (2)
[component_container-3] (2026-05-07 14:17:36.231) [debug] [SimulationRunner.cc:600] Exiting postupdate worker thread (3)
[component_container-3] (2026-05-07 14:17:36.231) [debug] [SimulationRunner.cc:573] Creating PostUpdate worker threads: 6
[component_container-3] (2026-05-07 14:17:36.231) [debug] [SimulationRunner.cc:584] Creating postupdate worker thread (0)
[component_container-3] (2026-05-07 14:17:36.231) [debug] [SimulationRunner.cc:584] Creating postupdate worker thread (1)
[component_container-3] (2026-05-07 14:17:36.231) [debug] [SimulationRunner.cc:584] Creating postupdate worker thread (2)
[component_container-3] (2026-05-07 14:17:36.231) [debug] [SimulationRunner.cc:584] Creating postupdate worker thread (3)
[component_container-3] (2026-05-07 14:17:36.231) [debug] [SimulationRunner.cc:584] Creating postupdate worker thread (4)
[spawner-9] [INFO] [1778163456.235834444] [spawner_fts_broadcaster]: Configured and activated fts_broadcaster
[component_container-3] [1;33mWarning [Utils.cc:119][0m [/sdf/model[@name="ur"]/link[@name="center_camera/sensor_link"]/sensor[@name="center_camera"]/camera[@name="center_camera"]/optical_frame_id]: SDF Element[optical_frame_id] is deprecated
[component_container-3] [1;33mWarning [Utils.cc:119][0m [/sdf/model[@name="ur"]/link[@name="left_camera/sensor_link"]/sensor[@name="left_camera"]/camera[@name="left_camera"]/optical_frame_id]: SDF Element[optical_frame_id] is deprecated
[INFO] [spawner-9]: process has finished cleanly [pid 262]
[component_container-3] [1;33mWarning [Utils.cc:119][0m [/sdf/model[@name="ur"]/link[@name="right_camera/sensor_link"]/sensor[@name="right_camera"]/camera[@name="right_camera"]/optical_frame_id]: SDF Element[optical_frame_id] is deprecated
[component_container-3] [INFO] [1778163456.268557737] [controller_manager]: Loading controller : 'joint_state_broadcaster' of type 'joint_state_broadcaster/JointStateBroadcaster'
[component_container-3] [INFO] [1778163456.268584487] [controller_manager]: Loading controller 'joint_state_broadcaster'
[component_container-3] [INFO] [1778163456.269370102] [controller_manager]: Controller 'joint_state_broadcaster' node arguments: --ros-args --params-file /ws_aic/install/share/aic_bringup/config/aic_ros2_controllers.yaml -p use_sim_time:=true --param use_sim_time:=true 
[component_container-3] [INFO] [1778163456.277509109] [gz_server]: InitializeCanonicalLinks
[component_container-3] [INFO] [1778163456.277667418] [gz_server]: Creating services on gz_server
[component_container-3] [INFO] [1778163456.278238388] [gz_server]: Created service /gz_server/delete_entity
[component_container-3] [INFO] [1778163456.278406115] [gz_server]: Created service /gz_server/get_entities
[component_container-3] [INFO] [1778163456.278509861] [gz_server]: Created service /gz_server/get_entity_info
[component_container-3] [INFO] [1778163456.278649635] [gz_server]: Created service /gz_server/get_entity_state
[component_container-3] [INFO] [1778163456.278748993] [gz_server]: Created service /gz_server/get_entities_states
[component_container-3] [INFO] [1778163456.278859813] [gz_server]: Created service /gz_server/get_simulation_state
[component_container-3] [INFO] [1778163456.278954902] [gz_server]: Created service /gz_server/get_simulator_features
[component_container-3] [INFO] [1778163456.279070912] [gz_server]: Created service /gz_server/reset_simulation
[component_container-3] [INFO] [1778163456.279174347] [gz_server]: Created service /gz_server/set_entity_state
[component_container-3] [INFO] [1778163456.279278534] [gz_server]: Created service /gz_server/set_simulation_state
[component_container-3] [INFO] [1778163456.279388061] [gz_server]: Created service /gz_server/spawn_entity
[component_container-3] [INFO] [1778163456.279481307] [gz_server]: Created service /gz_server/step_simulation
[component_container-3] [INFO] [1778163456.280051555] [gz_server]: Created action /gz_server/simulate_steps
[component_container-3] libEGL warning: pci id for fd 70: 10de:2c02, driver (null)
[component_container-3] 
[component_container-3] pci id for fd 72: 10de:2c02, driver (null)
[component_container-3] pci id for fd 73: 10de:2c02, driver (null)
[component_container-3] libEGL warning: egl: failed to create dri2 screen
[component_container-3] libEGL warning: pci id for fd 70: 10de:2c02, driver (null)
[component_container-3] 
[component_container-3] pci id for fd 72: 10de:2c02, driver (null)
[component_container-3] pci id for fd 73: 10de:2c02, driver (null)
[component_container-3] libEGL warning: egl: failed to create dri2 screen
[component_container-3] libEGL warning: pci id for fd 70: 10de:2c02, driver (null)
[component_container-3] 
[component_container-3] (2026-05-07 14:17:36.396) [debug] [RenderUtil.cc:2646] Create scene [scene]
[component_container-3] (2026-05-07 14:17:36.593) [debug] [Sensors.cc:391] Rendering Thread initialized
[component_container-3] (2026-05-07 14:17:36.593) [debug] [Sensors.cc:953] Initialization needed
[component_container-3] (2026-05-07 14:17:36.594) [debug] [ForceTorque.cc:162] Adding JointTransmittedWrench to: 110
[component_container-3] [INFO] [1778163456.595102732] [ros_gz_container]: ForceTorque AtiForceTorqueSensor has a topic name: /axia80_m20/wrench
[component_container-3] [INFO] [1778163456.595218932] [ros_gz_container]: ForceTorque AtiForceTorqueSensor has a topic name: /axia80_m20/wrench
[spawner-8] [INFO] [1778163456.602169191] [spawner_joint_state_broadcaster]: Loaded joint_state_broadcaster
[component_container-3] [INFO] [1778163456.602643277] [controller_manager]: Configuring controller: 'joint_state_broadcaster'
[component_container-3] [INFO] [1778163456.602694484] [joint_state_broadcaster]: 'joints' or 'interfaces' parameter is empty. All available state interfaces will be published
[2m2026-05-07T14:17:36.677666Z[0m [32m INFO[0m acc-0 ThreadId(04) [2mzenoh::net::routing::interceptor::access_control[0m[2m:[0m 3c5507fd48b3a84a29b20094493d72e4 did not match any configured ACL subject. Default permission `Allow` will be applied on all messages
[2m2026-05-07T14:17:36.767056Z[0m [32m INFO[0m acc-0 ThreadId(04) [2mzenoh::net::routing::interceptor::access_control[0m[2m:[0m 1ee3dd0fb938e508945323307da2e1cf did not match any configured ACL subject. Default permission `Allow` will be applied on all messages
[component_container-3] (2026-05-07 14:17:36.913) [debug] [CameraSensor.cc:342] Camera images for [ur5e::center_camera/sensor_link::center_camera] advertised on [/center_camera/image]
[component_container-3] (2026-05-07 14:17:36.913) [debug] [CameraSensor.cc:632] Camera info for [ur5e::center_camera/sensor_link::center_camera] advertised on [/center_camera/camera_info]
[component_container-3] (2026-05-07 14:17:36.913) [warning] [Ogre2Camera.cc:423] Ogre2Camera::SetVisibilityMask: Mask bits c0000000 are set but will be ignored as they conflict with the reserved bits used internally by the ogre2 backend.
[component_container-3] (2026-05-07 14:17:36.913) [debug] [CameraSensor.cc:342] Camera images for [ur5e::left_camera/sensor_link::left_camera] advertised on [/left_camera/image]
[component_container-3] (2026-05-07 14:17:36.913) [debug] [CameraSensor.cc:632] Camera info for [ur5e::left_camera/sensor_link::left_camera] advertised on [/left_camera/camera_info]
[component_container-3] (2026-05-07 14:17:36.913) [warning] [Ogre2Camera.cc:423] Ogre2Camera::SetVisibilityMask: Mask bits c0000000 are set but will be ignored as they conflict with the reserved bits used internally by the ogre2 backend.
[component_container-3] (2026-05-07 14:17:36.913) [debug] [CameraSensor.cc:342] Camera images for [ur5e::right_camera/sensor_link::right_camera] advertised on [/right_camera/image]
[component_container-3] (2026-05-07 14:17:36.913) [debug] [CameraSensor.cc:632] Camera info for [ur5e::right_camera/sensor_link::right_camera] advertised on [/right_camera/camera_info]
[component_container-3] (2026-05-07 14:17:36.913) [warning] [Ogre2Camera.cc:423] Ogre2Camera::SetVisibilityMask: Mask bits c0000000 are set but will be ignored as they conflict with the reserved bits used internally by the ogre2 backend.
[component_container-3] (2026-05-07 14:17:37.251) [debug] [CameraSensor.cc:441] Enabling camera sensor: 'ur5e::center_camera/sensor_link::center_camera' data generation.
[component_container-3] (2026-05-07 14:17:37.270) [debug] [CameraSensor.cc:441] Enabling camera sensor: 'ur5e::left_camera/sensor_link::left_camera' data generation.
[component_container-3] (2026-05-07 14:17:37.275) [debug] [CameraSensor.cc:441] Enabling camera sensor: 'ur5e::right_camera/sensor_link::right_camera' data generation.
[component_container-3] [INFO] [1778163457.282136834] [controller_manager]: Activating controllers: [ joint_state_broadcaster ]
[component_container-3] [INFO] [1778163457.282213509] [controller_manager]: Requested controller switch from non-realtime loop
[component_container-3] [INFO] [1778163457.282309962] [controller_manager]: Successfully switched controllers!
[spawner-8] [INFO] [1778163457.283565265] [spawner_joint_state_broadcaster]: Configured and activated joint_state_broadcaster
[INFO] [spawner-8]: process has finished cleanly [pid 261]
[INFO] [spawner-10]: process started with pid [485]
[2m2026-05-07T14:17:37.401821Z[0m [32m INFO[0m acc-0 ThreadId(04) [2mzenoh::net::routing::interceptor::access_control[0m[2m:[0m 6ad1b8897adae88fdba8cc45dffd1f5d did not match any configured ACL subject. Default permission `Allow` will be applied on all messages
[component_container-3] [INFO] [1778163457.421637272] [controller_manager]: Loading controller : 'aic_controller' of type 'aic/Controller'
[component_container-3] [INFO] [1778163457.421670896] [controller_manager]: Loading controller 'aic_controller'
[component_container-3] [INFO] [1778163457.423346564] [controller_manager]: Controller 'aic_controller' node arguments: --ros-args --params-file /ws_aic/install/share/aic_bringup/config/aic_ros2_controllers.yaml -p use_sim_time:=true --param use_sim_time:=true 
[component_container-3] (2026-05-07 14:17:37.497) [debug] [WorldSdfGeneratorPlugin.cc:79] Saving world: aic_world to: /tmp/aic.sdf
[component_container-3] (2026-05-07 14:17:37.497) [info] [WorldSdfGeneratorPlugin.cc:86] File: /tmp/aic.sdf could not be opened for saving. Please check that the directory containg the file exists and the correct permissions are set.
[spawner-10] [INFO] [1778163457.505437151] [spawner_aic_controller]: Loaded aic_controller
[component_container-3] [INFO] [1778163457.505875410] [controller_manager]: Configuring controller: 'aic_controller'
[component_container-3] [INFO] [1778163457.505927999] [aic_controller]: Control mode set to impedance
[component_container-3] [INFO] [1778163457.505933009] [aic_controller]: Target mode set to Cartesian. Accepting MotionUpdate targets.
[component_container-3] [INFO] [1778163457.510710230] [controller_manager]: Activating controllers: [ aic_controller ]
[component_container-3] [INFO] [1778163457.510778900] [controller_manager]: Requested controller switch from non-realtime loop
[component_container-3] [INFO] [1778163457.510843873] [controller_manager]: Successfully switched controllers!
[component_container-3] (2026-05-07 14:17:37.512) [warning] [Component.hh:144] Trying to serialize component with data type [St6vectorIdSaIdEE], which doesn't have `operator<<`. Component will not be serialized.
[component_container-3] (2026-05-07 14:17:37.512) [warning] [Component.hh:189] Trying to deserialize component with data type [St6vectorIdSaIdEE], which doesn't have `operator>>`. Component will not be deserialized.
[spawner-10] [INFO] [1778163457.512793929] [spawner_aic_controller]: Configured and activated all the parsed controllers list : ['aic_controller']!
[INFO] [spawner-10]: process has finished cleanly [pid 485]
[INFO] [rviz2-11]: process started with pid [507]
[rviz2-11] qt.qpa.xcb: could not connect to display 
[rviz2-11] qt.qpa.plugin: Could not load the Qt platform plugin "xcb" in "" even though it was found.
[rviz2-11] This application failed to start because no Qt platform plugin could be initialized. Reinstalling the application may fix this problem.
[rviz2-11] 
[rviz2-11] Available platform plugins are: eglfs, linuxfb, minimal, minimalegl, offscreen, vnc, wayland-egl, wayland, wayland-xcomposite-egl, wayland-xcomposite-glx, xcb.
[rviz2-11] 
[ERROR] [rviz2-11]: process has died [pid 507, exit code -6, cmd '/opt/ros/kilted/lib/rviz2/rviz2 -d /ws_aic/install/share/aic_bringup/rviz/aic.rviz --ros-args -r __node:=rviz2 --params-file /tmp/launch_params_y5wjtqtr'].
