[INFO] [1778166969.029549438] [aic_engine]: Creating AIC Engine...
[INFO] [1778166969.029627334] [aic_engine]: Scoring output directory set to: /home/weed/aic_results
[INFO] [1778166969.029657390] [aic_engine]: [1;36m╔════════════════════════════════════════╗[0m
[INFO] [1778166969.029660666] [aic_engine]: [1;36m║   Initializing AIC Engine...           ║[0m
[INFO] [1778166969.029662449] [aic_engine]: [1;36m╚════════════════════════════════════════╝[0m
[INFO] [1778166969.030504054] [aic_engine]: Successfully parsed trial 'trial_1'
[INFO] [1778166969.030532787] [aic_engine]: Successfully parsed trial 'trial_2'
[INFO] [1778166969.030551813] [aic_engine]: Successfully parsed trial 'trial_3'
[INFO] [1778166969.030553606] [aic_engine]: Successfully parsed 3 trial(s)
[INFO] [1778166969.030559177] [aic_engine]: Waiting for clock
[INFO] [1778166969.030569456] [aic_engine]: Clock found successfully.
[INFO] [1778166969.035208104] [aic_engine]: Retrieved home joint position from config: [shoulder_pan_joint]: -0.159700
[INFO] [1778166969.035230776] [aic_engine]: Retrieved home joint position from config: [shoulder_lift_joint]: -1.354200
[INFO] [1778166969.035234734] [aic_engine]: Retrieved home joint position from config: [elbow_joint]: -1.664800
[INFO] [1778166969.035238050] [aic_engine]: Retrieved home joint position from config: [wrist_1_joint]: -1.693300
[INFO] [1778166969.035241346] [aic_engine]: Retrieved home joint position from config: [wrist_2_joint]: 1.571000
[INFO] [1778166969.035244301] [aic_engine]: Retrieved home joint position from config: [wrist_3_joint]: 1.411000
[INFO] [1778166969.035248850] [aic_engine]: Pre-built home messages for robot homing.
[INFO] [1778166969.035631235] [aic_engine]: Bag output directory: /home/weed/aic_results
[INFO] [1778166969.035636565] [aic_engine]: [1;32m✓ AIC Engine initialized successfully![0m
[INFO] [1778166969.035640102] [aic_engine]:  
[INFO] [1778166969.035642176] [aic_engine]: [1;35m╔════════════════════════════════════════╗[0m
[INFO] [1778166969.035644470] [aic_engine]: [1;35m║      Starting AIC Engine Run           ║[0m
[INFO] [1778166969.035646083] [aic_engine]: [1;35m║   Total Trials: 3                      ║[0m
[INFO] [1778166969.035648458] [aic_engine]: [1;35m╚════════════════════════════════════════╝[0m
[INFO] [1778166969.035650541] [aic_engine]:  
[INFO] [1778166969.035652736] [aic_engine]:  
[INFO] [1778166969.035655090] [aic_engine]: [1;33m━━━━━━━━━━━━━━━━━━━━━━━━━━━━━━━━━━━━━━━━[0m
[INFO] [1778166969.035656923] [aic_engine]: [1;33m  Trial 1/3: trial_1[0m
[INFO] [1778166969.035659288] [aic_engine]: [1;33m━━━━━━━━━━━━━━━━━━━━━━━━━━━━━━━━━━━━━━━━[0m
[INFO] [1778166969.035661141] [aic_engine]: [1;36m→ Starting trial 'trial_1'...[0m
[INFO] [1778166969.035663896] [aic_engine]: Checking participant model readiness...
[INFO] [1778166969.035680467] [aic_engine]: Found 1 node(s) with name 'aic_model'. Checking if it is a lifecycle node...
[INFO] [1778166969.035688823] [aic_engine]: Service '/aic_model/get_state' is available. Participant model discovered.
[INFO] [1778166969.035691939] [aic_engine]: Lifecycle node 'aic_model' is available. Checking if it is in 'unconfigured' state...
[INFO] [1778166969.037051522] [aic_engine]: Lifecycle node 'aic_model' is in 'unconfigured' state
[INFO] [1778166969.037057464] [aic_engine]: Configuring lifecycle node 'aic_model'...
[INFO] [1778166969.037061100] [aic_engine]: Transitioning model node 'aic_model' to transition 'configure'...
[INFO] [1778166969.039659110] [aic_engine]: Successfully transition model node 'aic_model' to state 'configure'
[INFO] [1778166969.040981384] [aic_engine]: Insert cable action goal was rejected by the server as expected.
[INFO] [1778166970.037790947] [aic_engine]: Lifecycle node 'aic_model' is in 'configured' state and meets all expectations.
[INFO] [1778166970.037835080] [aic_engine]: Transitioning model node 'aic_model' to transition 'activate'...
[INFO] [1778166970.038791669] [aic_engine]: Successfully transition model node 'aic_model' to state 'activate'
[INFO] [1778166970.038799424] [aic_engine]: [1;32m  ✓ Model Ready for trial 'trial_1'[0m
[INFO] [1778166970.038803201] [aic_engine]: Checking required endpoints...
[INFO] [1778166970.047798309] [aic_engine]: All required endpoints are available.
[INFO] [1778166970.047813757] [aic_engine]: [1;32m  ✓ Endpoints Ready for trial 'trial_1'[0m
[INFO] [1778166970.047817084] [aic_engine]: Readying simulator for trial 'trial_1'...
[INFO] [1778166970.047819488] [aic_engine]: Spawning task board.
[INFO] [1778166970.145836072] [aic_engine]: Successfully spawned task_board as 'task_board'
[INFO] [1778166970.145870707] [aic_engine]: Task board spawned successfully.
[INFO] [1778166970.146137586] [aic_engine]: Spawning cable.
[INFO] [1778166970.146197679] [aic_engine]: Spawning cable 'cable_0'...
[INFO] [1778166972.307189434] [aic_engine]: Successfully spawned cable_0 as 'cable_0'
[INFO] [1778166972.307230541] [aic_engine]: Cable cable_0 spawned successfully.
[INFO] [1778166975.364136323] [aic_engine]: Waiting for robot arm to stabilize.
[INFO] [1778166976.812714330] [aic_engine]: [1;32m  ✓ Simulator Ready for trial 'trial_1'[0m
[INFO] [1778166976.812752742] [aic_engine]: Checking scoring system readiness...
[INFO] [1778166976.914138019] [aic_engine]: Started recording to '/home/weed/aic_results/bag_trial_1_20260507_151616_812'.
[INFO] [1778166976.914175329] [aic_engine]: [1;32m  ✓ Scoring Ready for trial 'trial_1'[0m
[INFO] [1778166976.914178916] [aic_engine]: Starting tasks for active trial...
[INFO] [1778166976.914184216] [aic_engine]: Sending InsertCable goal for task [task_1]
[INFO] [1778166976.916015171] [aic_engine]: TrialState: TasksExecuting
[INFO] [1778166976.916053052] [aic_engine]: Waiting for result...
[INFO] [1778167003.927993619] [aic_engine]: Task [task_1] succeeded.
[INFO] [1778167003.928041880] [aic_engine]: All tasks have been processed.
[INFO] [1778167003.928046989] [aic_engine]: [1;36m  ⟳ Tasks Executing for trial 'trial_1'...[0m
[INFO] [1778167003.928050876] [aic_engine]: Checking if all tasks were completed successfully...
[INFO] [1778167003.928054082] [aic_engine]: [1;32m  ✓ All Tasks Completed for trial 'trial_1'![0m
[INFO] [1778167004.323452092] [aic_engine]: Finished scoring trial, total score is: 43.515337
[INFO] [1778167004.323500813] [aic_engine]: Resetting after trial completion...
[INFO] [1778167004.323510211] [aic_engine]: Transitioning model node 'aic_model' to transition 'deactivate'...
[INFO] [1778167004.325377614] [aic_engine]: Successfully transition model node 'aic_model' to state 'deactivate'
[INFO] [1778167004.326907406] [aic_engine]: Successfully deleted entity 'task_board'
[INFO] [1778167004.349325767] [aic_engine]: Successfully deleted entity 'cable_0'
[INFO] [1778167004.349372164] [aic_engine]: Homing robot to initial positions...
[INFO] [1778167004.351859066] [aic_engine]: aic_controller deactivated successfully.
[INFO] [1778167005.261460298] [aic_engine]: aic_controller activated successfully.
[INFO] [1778167005.261483361] [aic_engine]: Successfully reset joints to home position, robot homed successfully.
[INFO] [1778167005.261487038] [aic_engine]: Reset after trial completed.
[INFO] [1778167005.261494742] [aic_engine]: [1;32m✓ Trial 'trial_1' completed successfully! Score: 43.515337[0m
[INFO] [1778167005.261504180] [aic_engine]:  
[INFO] [1778167005.261506284] [aic_engine]: [1;33m━━━━━━━━━━━━━━━━━━━━━━━━━━━━━━━━━━━━━━━━[0m
[INFO] [1778167005.261509099] [aic_engine]: [1;33m  Trial 2/3: trial_2[0m
[INFO] [1778167005.261512225] [aic_engine]: [1;33m━━━━━━━━━━━━━━━━━━━━━━━━━━━━━━━━━━━━━━━━[0m
[INFO] [1778167005.261514649] [aic_engine]: [1;36m→ Starting trial 'trial_2'...[0m
[INFO] [1778167005.261518737] [aic_engine]: Checking participant model readiness...
[INFO] [1778167005.261575784] [aic_engine]: Found 1 node(s) with name 'aic_model'. Checking if it is a lifecycle node...
[INFO] [1778167005.261584710] [aic_engine]: Service '/aic_model/get_state' is available. Participant model discovered.
[INFO] [1778167005.261590541] [aic_engine]: Transitioning model node 'aic_model' to transition 'activate'...
[INFO] [1778167005.262322581] [aic_engine]: Successfully transition model node 'aic_model' to state 'activate'
[INFO] [1778167005.262329123] [aic_engine]: [1;32m  ✓ Model Ready for trial 'trial_2'[0m
[INFO] [1778167005.262333441] [aic_engine]: Checking required endpoints...
[INFO] [1778167005.271089703] [aic_engine]: All required endpoints are available.
[INFO] [1778167005.271108558] [aic_engine]: [1;32m  ✓ Endpoints Ready for trial 'trial_2'[0m
[INFO] [1778167005.271112055] [aic_engine]: Readying simulator for trial 'trial_2'...
[INFO] [1778167005.271114860] [aic_engine]: Spawning task board.
[INFO] [1778167005.344564430] [aic_engine]: Successfully spawned task_board as 'task_board'
[INFO] [1778167005.344603634] [aic_engine]: Task board spawned successfully.
[INFO] [1778167005.344854433] [aic_engine]: Spawning cable.
[INFO] [1778167005.344888216] [aic_engine]: Spawning cable 'cable_1'...
[INFO] [1778167005.500088538] [aic_engine]: Successfully spawned cable_1 as 'cable_1'
[INFO] [1778167005.500131429] [aic_engine]: Cable cable_1 spawned successfully.
[INFO] [1778167005.810812818] [aic_engine]: Waiting for robot arm to stabilize.
[INFO] [1778167007.465509236] [aic_engine]: [1;32m  ✓ Simulator Ready for trial 'trial_2'[0m
[INFO] [1778167007.465569729] [aic_engine]: Checking scoring system readiness...
[INFO] [1778167007.596796471] [aic_engine]: Started recording to '/home/weed/aic_results/bag_trial_2_20260507_151647_465'.
[INFO] [1778167007.596835875] [aic_engine]: [1;32m  ✓ Scoring Ready for trial 'trial_2'[0m
[INFO] [1778167007.596839652] [aic_engine]: Starting tasks for active trial...
[INFO] [1778167007.596845012] [aic_engine]: Sending InsertCable goal for task [task_1]
[INFO] [1778167007.598856205] [aic_engine]: TrialState: TasksExecuting
[INFO] [1778167007.598899566] [aic_engine]: Waiting for result...
[INFO] [1778167035.606566359] [aic_engine]: Task [task_1] succeeded.
[INFO] [1778167035.606606194] [aic_engine]: All tasks have been processed.
[INFO] [1778167035.606610041] [aic_engine]: [1;36m  ⟳ Tasks Executing for trial 'trial_2'...[0m
[INFO] [1778167035.606613637] [aic_engine]: Checking if all tasks were completed successfully...
[INFO] [1778167035.606616633] [aic_engine]: [1;32m  ✓ All Tasks Completed for trial 'trial_2'![0m
[INFO] [1778167036.292411067] [aic_engine]: Finished scoring trial, total score is: 57.111939
[INFO] [1778167036.292443878] [aic_engine]: Resetting after trial completion...
[INFO] [1778167036.292451252] [aic_engine]: Transitioning model node 'aic_model' to transition 'deactivate'...
[INFO] [1778167036.293498962] [aic_engine]: Successfully transition model node 'aic_model' to state 'deactivate'
[INFO] [1778167036.295182862] [aic_engine]: Successfully deleted entity 'task_board'
[INFO] [1778167036.304677045] [aic_engine]: Successfully deleted entity 'cable_1'
[INFO] [1778167036.304684218] [aic_engine]: Homing robot to initial positions...
[INFO] [1778167036.307019447] [aic_engine]: aic_controller deactivated successfully.
[INFO] [1778167036.641497959] [aic_engine]: aic_controller activated successfully.
[INFO] [1778167036.641526222] [aic_engine]: Successfully reset joints to home position, robot homed successfully.
[INFO] [1778167036.641531311] [aic_engine]: Reset after trial completed.
[INFO] [1778167036.641645285] [aic_engine]: [1;32m✓ Trial 'trial_2' completed successfully! Score: 57.111939[0m
[INFO] [1778167036.641657558] [aic_engine]:  
[INFO] [1778167036.641660172] [aic_engine]: [1;33m━━━━━━━━━━━━━━━━━━━━━━━━━━━━━━━━━━━━━━━━[0m
[INFO] [1778167036.641664701] [aic_engine]: [1;33m  Trial 3/3: trial_3[0m
[INFO] [1778167036.641667516] [aic_engine]: [1;33m━━━━━━━━━━━━━━━━━━━━━━━━━━━━━━━━━━━━━━━━[0m
[INFO] [1778167036.641669790] [aic_engine]: [1;36m→ Starting trial 'trial_3'...[0m
[INFO] [1778167036.641672405] [aic_engine]: Checking participant model readiness...
[INFO] [1778167036.641694837] [aic_engine]: Found 1 node(s) with name 'aic_model'. Checking if it is a lifecycle node...
[INFO] [1778167036.641701780] [aic_engine]: Service '/aic_model/get_state' is available. Participant model discovered.
[INFO] [1778167036.641706559] [aic_engine]: Transitioning model node 'aic_model' to transition 'activate'...
[INFO] [1778167036.642494624] [aic_engine]: Successfully transition model node 'aic_model' to state 'activate'
[INFO] [1778167036.642508139] [aic_engine]: [1;32m  ✓ Model Ready for trial 'trial_3'[0m
[INFO] [1778167036.642512908] [aic_engine]: Checking required endpoints...
[INFO] [1778167036.651117216] [aic_engine]: All required endpoints are available.
[INFO] [1778167036.651136672] [aic_engine]: [1;32m  ✓ Endpoints Ready for trial 'trial_3'[0m
[INFO] [1778167036.651140299] [aic_engine]: Readying simulator for trial 'trial_3'...
[INFO] [1778167036.651142793] [aic_engine]: Spawning task board.
[INFO] [1778167036.737255210] [aic_engine]: Successfully spawned task_board as 'task_board'
[INFO] [1778167036.737297259] [aic_engine]: Task board spawned successfully.
[INFO] [1778167036.737551104] [aic_engine]: Spawning cable.
[INFO] [1778167036.737597671] [aic_engine]: Spawning cable 'cable_0'...
[INFO] [1778167037.009189569] [aic_engine]: Successfully spawned cable_0 as 'cable_0'
[INFO] [1778167037.009230796] [aic_engine]: Cable cable_0 spawned successfully.
[INFO] [1778167037.297891118] [aic_engine]: Waiting for robot arm to stabilize.
[INFO] [1778167040.680351148] [aic_engine]: [1;32m  ✓ Simulator Ready for trial 'trial_3'[0m
[INFO] [1778167040.680391283] [aic_engine]: Checking scoring system readiness...
[INFO] [1778167040.809896023] [aic_engine]: Started recording to '/home/weed/aic_results/bag_trial_3_20260507_151720_680'.
[INFO] [1778167040.809947619] [aic_engine]: [1;32m  ✓ Scoring Ready for trial 'trial_3'[0m
[INFO] [1778167040.809955204] [aic_engine]: Starting tasks for active trial...
[INFO] [1778167040.809965693] [aic_engine]: Sending InsertCable goal for task [task_1]
[INFO] [1778167040.815638426] [aic_engine]: TrialState: TasksExecuting
[INFO] [1778167040.815689402] [aic_engine]: Waiting for result...
[INFO] [1778167067.825260371] [aic_engine]: Task [task_1] succeeded.
[INFO] [1778167067.825297610] [aic_engine]: All tasks have been processed.
[INFO] [1778167067.825301608] [aic_engine]: [1;36m  ⟳ Tasks Executing for trial 'trial_3'...[0m
[INFO] [1778167067.825304654] [aic_engine]: Checking if all tasks were completed successfully...
[INFO] [1778167067.825307539] [aic_engine]: [1;32m  ✓ All Tasks Completed for trial 'trial_3'![0m
[INFO] [1778167068.767085559] [aic_engine]: Finished scoring trial, total score is: 43.004537
[INFO] [1778167068.767117279] [aic_engine]: Resetting after trial completion...
[INFO] [1778167068.767124162] [aic_engine]: Transitioning model node 'aic_model' to transition 'deactivate'...
[INFO] [1778167068.768719957] [aic_engine]: Successfully transition model node 'aic_model' to state 'deactivate'
[INFO] [1778167068.770640250] [aic_engine]: Successfully deleted entity 'task_board'
[INFO] [1778167068.790047540] [aic_engine]: Successfully deleted entity 'cable_0'
[INFO] [1778167068.790072166] [aic_engine]: Homing robot to initial positions...
[INFO] [1778167068.792428765] [aic_engine]: aic_controller deactivated successfully.
[INFO] [1778167069.142953480] [aic_engine]: aic_controller activated successfully.
[INFO] [1778167069.142985841] [aic_engine]: Successfully reset joints to home position, robot homed successfully.
[INFO] [1778167069.142991762] [aic_engine]: Reset after trial completed.
[INFO] [1778167069.143001801] [aic_engine]: [1;32m✓ Trial 'trial_3' completed successfully! Score: 43.004537[0m
[INFO] [1778167069.143012511] [aic_engine]: Transitioning model node 'aic_model' to transition 'cleanup'...
[INFO] [1778167069.144061543] [aic_engine]: Successfully transition model node 'aic_model' to state 'cleanup'
[INFO] [1778167069.144079948] [aic_engine]: Transitioning model node 'aic_model' to transition 'shutdown'...
[INFO] [1778167069.145340045] [aic_engine]: Successfully transition model node 'aic_model' to state 'shutdown'
[INFO] [1778167069.146033833] [aic_engine]:  
[INFO] [1778167069.146044052] [aic_engine]: [1;32m╔════════════════════════════════════════╗[0m
[INFO] [1778167069.146048491] [aic_engine]: [1;32m║   ✓ All Trials Processed!              ║[0m
[INFO] [1778167069.146051957] [aic_engine]: [1;32m║   Successful: 3  Failed: 0             ║[0m
[INFO] [1778167069.146056736] [aic_engine]: [1;32m║   Total Score: 143.632                     ║[0m
[INFO] [1778167069.146060914] [aic_engine]: [1;32m╚════════════════════════════════════════╝[0m
[INFO] [1778167069.146064841] [aic_engine]:  
[INFO] [1778167069.146359863] [aic_engine]: [1;36m╔════════════════════════════════════════╗[0m
[INFO] [1778167069.146378358] [aic_engine]: [1;36m║        Complete Scoring Results        ║[0m
[INFO] [1778167069.146387976] [aic_engine]: [1;36m╚════════════════════════════════════════╝[0m
[INFO] [1778167069.146395259] [aic_engine]: [1;36mtotal: 143.63181338361875[0m
[INFO] [1778167069.146399257] [aic_engine]: [1;36mtrial_1:[0m
[INFO] [1778167069.146403355] [aic_engine]: [1;36m  tier_1:[0m
[INFO] [1778167069.146407202] [aic_engine]: [1;36m    score: 1[0m
[INFO] [1778167069.146412311] [aic_engine]: [1;36m    message: Model validation succeeded.[0m
[INFO] [1778167069.146415658] [aic_engine]: [1;36m  tier_2:[0m
[INFO] [1778167069.146420036] [aic_engine]: [1;36m    score: 18.010106665389724[0m
[INFO] [1778167069.146424775] [aic_engine]: [1;36m    message: Scoring succeeded.[0m
[INFO] [1778167069.146427880] [aic_engine]: [1;36m    categories:[0m
[INFO] [1778167069.146432599] [aic_engine]: [1;36m      contacts:[0m
[INFO] [1778167069.146436667] [aic_engine]: [1;36m        score: 0[0m
[INFO] [1778167069.146439332] [aic_engine]: [1;36m        message: No contact detected.[0m
[INFO] [1778167069.146441857] [aic_engine]: [1;36m      duration:[0m
[INFO] [1778167069.146444161] [aic_engine]: [1;36m        score: 7.1973818181818183[0m
[INFO] [1778167069.146446495] [aic_engine]: [1;36m        message: "Task duration: 27.01 seconds."[0m
[INFO] [1778167069.146450142] [aic_engine]: [1;36m      insertion force:[0m
[INFO] [1778167069.146452857] [aic_engine]: [1;36m        score: 0[0m
[INFO] [1778167069.146455642] [aic_engine]: [1;36m        message: No excessive force detected[0m
[INFO] [1778167069.146458448] [aic_engine]: [1;36m      trajectory efficiency:[0m
[INFO] [1778167069.146461093] [aic_engine]: [1;36m        score: 5.7043722879816832[0m
[INFO] [1778167069.146464018] [aic_engine]: [1;36m        message: "Total end-effector path length: 0.29 m, initial plug-port distance: 0.24 m"[0m
[INFO] [1778167069.146467284] [aic_engine]: [1;36m      trajectory smoothness:[0m
[INFO] [1778167069.146470470] [aic_engine]: [1;36m        score: 5.1083525592262227[0m
[INFO] [1778167069.146473406] [aic_engine]: [1;36m        message: "Average linear jerk magnitude of the end effector: 7.43 m/s^3"[0m
[INFO] [1778167069.146495367] [aic_engine]: [1;36m  tier_3:[0m
[INFO] [1778167069.146498543] [aic_engine]: [1;36m    score: 24.505230675722643[0m
[INFO] [1778167069.146501067] [aic_engine]: [1;36m    message: "No insertion detected. Final plug port distance: 0.05m."[0m
[INFO] [1778167069.146503883] [aic_engine]: [1;36mtrial_2:[0m
[INFO] [1778167069.146506718] [aic_engine]: [1;36m  tier_1:[0m
[INFO] [1778167069.146509173] [aic_engine]: [1;36m    score: 1[0m
[INFO] [1778167069.146511868] [aic_engine]: [1;36m    message: Model validation succeeded.[0m
[INFO] [1778167069.146514623] [aic_engine]: [1;36m  tier_2:[0m
[INFO] [1778167069.146519863] [aic_engine]: [1;36m    score: 16.515079538485193[0m
[INFO] [1778167069.146522778] [aic_engine]: [1;36m    message: Scoring succeeded.[0m
[INFO] [1778167069.146525353] [aic_engine]: [1;36m    categories:[0m
[INFO] [1778167069.146527868] [aic_engine]: [1;36m      contacts:[0m
[INFO] [1778167069.146530743] [aic_engine]: [1;36m        score: 0[0m
[INFO] [1778167069.146533899] [aic_engine]: [1;36m        message: No contact detected.[0m
[INFO] [1778167069.146536464] [aic_engine]: [1;36m      duration:[0m
[INFO] [1778167069.146538347] [aic_engine]: [1;36m        score: 6.9805090909090914[0m
[INFO] [1778167069.146539970] [aic_engine]: [1;36m        message: "Task duration: 28.01 seconds."[0m
[INFO] [1778167069.146541613] [aic_engine]: [1;36m      insertion force:[0m
[INFO] [1778167069.146543166] [aic_engine]: [1;36m        score: 0[0m
[INFO] [1778167069.146545491] [aic_engine]: [1;36m        message: "Insertion force above 20.00 N, detected for a time of 0.06 seconds. Max detected force: 21.44N. This is below the threshold of 1.00 seconds. Penalty not applied."[0m
[INFO] [1778167069.146547735] [aic_engine]: [1;36m      trajectory efficiency:[0m
[INFO] [1778167069.146550730] [aic_engine]: [1;36m        score: 4.2065058927794894[0m
[INFO] [1778167069.146553225] [aic_engine]: [1;36m        message: "Total end-effector path length: 0.76 m, initial plug-port distance: 0.46 m"[0m
[INFO] [1778167069.146555910] [aic_engine]: [1;36m      trajectory smoothness:[0m
[INFO] [1778167069.146558845] [aic_engine]: [1;36m        score: 5.3280645547966117[0m
[INFO] [1778167069.146561480] [aic_engine]: [1;36m        message: "Average linear jerk magnitude of the end effector: 5.60 m/s^3"[0m
[INFO] [1778167069.146564216] [aic_engine]: [1;36m  tier_3:[0m
[INFO] [1778167069.146566850] [aic_engine]: [1;36m    score: 39.596859110666031[0m
[INFO] [1778167069.146569465] [aic_engine]: [1;36m    message: Partial insertion detected with distance of 0.01m.[0m
[INFO] [1778167069.146572040] [aic_engine]: [1;36mtrial_3:[0m
[INFO] [1778167069.146574425] [aic_engine]: [1;36m  tier_1:[0m
[INFO] [1778167069.146577981] [aic_engine]: [1;36m    score: 1[0m
[INFO] [1778167069.146581578] [aic_engine]: [1;36m    message: Model validation succeeded.[0m
[INFO] [1778167069.146585265] [aic_engine]: [1;36m  tier_2:[0m
[INFO] [1778167069.146588220] [aic_engine]: [1;36m    score: 17.733941825246799[0m
[INFO] [1778167069.146591216] [aic_engine]: [1;36m    message: Scoring succeeded.[0m
[INFO] [1778167069.146594041] [aic_engine]: [1;36m    categories:[0m
[INFO] [1778167069.146597468] [aic_engine]: [1;36m      contacts:[0m
[INFO] [1778167069.146600714] [aic_engine]: [1;36m        score: 0[0m
[INFO] [1778167069.146604240] [aic_engine]: [1;36m        message: No contact detected.[0m
[INFO] [1778167069.146607727] [aic_engine]: [1;36m      duration:[0m
[INFO] [1778167069.146610532] [aic_engine]: [1;36m        score: 7.1978181818181799[0m
[INFO] [1778167069.146621383] [aic_engine]: [1;36m        message: "Task duration: 27.01 seconds."[0m
[INFO] [1778167069.146624358] [aic_engine]: [1;36m      insertion force:[0m
[INFO] [1778167069.146627704] [aic_engine]: [1;36m        score: 0[0m
[INFO] [1778167069.146630890] [aic_engine]: [1;36m        message: No excessive force detected[0m
[INFO] [1778167069.146634347] [aic_engine]: [1;36m      trajectory efficiency:[0m
[INFO] [1778167069.146642131] [aic_engine]: [1;36m        score: 5.8957922117683781[0m
[INFO] [1778167069.146645678] [aic_engine]: [1;36m        message: "Total end-effector path length: 0.17 m, initial plug-port distance: 0.15 m"[0m
[INFO] [1778167069.146649665] [aic_engine]: [1;36m      trajectory smoothness:[0m
[INFO] [1778167069.146652631] [aic_engine]: [1;36m        score: 4.6403314316602389[0m
[INFO] [1778167069.146654504] [aic_engine]: [1;36m        message: "Average linear jerk magnitude of the end effector: 11.33 m/s^3"[0m
[INFO] [1778167069.146656679] [aic_engine]: [1;36m  tier_3:[0m
[INFO] [1778167069.146658913] [aic_engine]: [1;36m    score: 24.270595568108348[0m
[INFO] [1778167069.146661838] [aic_engine]: [1;36m    message: "No insertion detected. Final plug port distance: 0.05m."[0m
[INFO] [1778167069.146665094] [aic_engine]:  
