[INFO] [1775390719.839779624] [aic_engine]: Creating AIC Engine...
[INFO] [1775390719.839864963] [aic_engine]: Scoring output directory set to: /home/weed/aic_results
[INFO] [1775390719.839896422] [aic_engine]: [1;36m╔════════════════════════════════════════╗[0m
[INFO] [1775390719.839900049] [aic_engine]: [1;36m║   Initializing AIC Engine...           ║[0m
[INFO] [1775390719.839901792] [aic_engine]: [1;36m╚════════════════════════════════════════╝[0m
[INFO] [1775390719.840694332] [aic_engine]: Successfully parsed trial 'trial_1'
[INFO] [1775390719.840721082] [aic_engine]: Successfully parsed trial 'trial_2'
[INFO] [1775390719.840740498] [aic_engine]: Successfully parsed trial 'trial_3'
[INFO] [1775390719.840760325] [aic_engine]: Successfully parsed 3 trial(s)
[INFO] [1775390719.840773199] [aic_engine]: Waiting for clock
[INFO] [1775390719.840790171] [aic_engine]: Clock found successfully.
[INFO] [1775390719.844925843] [aic_engine]: Retrieved home joint position from config: [shoulder_pan_joint]: -0.159700
[INFO] [1775390719.844966418] [aic_engine]: Retrieved home joint position from config: [shoulder_lift_joint]: -1.354200
[INFO] [1775390719.844978250] [aic_engine]: Retrieved home joint position from config: [elbow_joint]: -1.664800
[INFO] [1775390719.844988139] [aic_engine]: Retrieved home joint position from config: [wrist_1_joint]: -1.693300
[INFO] [1775390719.844998148] [aic_engine]: Retrieved home joint position from config: [wrist_2_joint]: 1.571000
[INFO] [1775390719.845008537] [aic_engine]: Retrieved home joint position from config: [wrist_3_joint]: 1.411000
[INFO] [1775390719.845016943] [aic_engine]: Pre-built home messages for robot homing.
[INFO] [1775390719.845397153] [aic_engine]: Bag output directory: /home/weed/aic_results
[INFO] [1775390719.845412261] [aic_engine]: [1;32m✓ AIC Engine initialized successfully![0m
[INFO] [1775390719.845420466] [aic_engine]:  
[INFO] [1775390719.845428371] [aic_engine]: [1;35m╔════════════════════════════════════════╗[0m
[INFO] [1775390719.845441365] [aic_engine]: [1;35m║      Starting AIC Engine Run           ║[0m
[INFO] [1775390719.845448829] [aic_engine]: [1;35m║   Total Trials: 3                      ║[0m
[INFO] [1775390719.845457305] [aic_engine]: [1;35m╚════════════════════════════════════════╝[0m
[INFO] [1775390719.845469187] [aic_engine]:  
[INFO] [1775390719.845477372] [aic_engine]:  
[INFO] [1775390719.845485898] [aic_engine]: [1;33m━━━━━━━━━━━━━━━━━━━━━━━━━━━━━━━━━━━━━━━━[0m
[INFO] [1775390719.845497891] [aic_engine]: [1;33m  Trial 1/3: trial_1[0m
[INFO] [1775390719.845506336] [aic_engine]: [1;33m━━━━━━━━━━━━━━━━━━━━━━━━━━━━━━━━━━━━━━━━[0m
[INFO] [1775390719.845525863] [aic_engine]: [1;36m→ Starting trial 'trial_1'...[0m
[INFO] [1775390719.845534900] [aic_engine]: Checking participant model readiness...
[INFO] [1775390719.845559866] [aic_engine]: Found 1 node(s) with name 'aic_model'. Checking if it is a lifecycle node...
[INFO] [1775390719.845575115] [aic_engine]: Service '/aic_model/get_state' is available. Participant model discovered.
[INFO] [1775390719.845583651] [aic_engine]: Lifecycle node 'aic_model' is available. Checking if it is in 'unconfigured' state...
[INFO] [1775390719.846274451] [aic_engine]: Lifecycle node 'aic_model' is in 'unconfigured' state
[INFO] [1775390719.846282656] [aic_engine]: Configuring lifecycle node 'aic_model'...
[INFO] [1775390719.846289739] [aic_engine]: Transitioning model node 'aic_model' to transition 'configure'...
[INFO] [1775390719.849226442] [aic_engine]: Successfully transition model node 'aic_model' to state 'configure'
[INFO] [1775390719.850301149] [aic_engine]: Insert cable action goal was rejected by the server as expected.
[INFO] [1775390720.848628791] [aic_engine]: Lifecycle node 'aic_model' is in 'configured' state and meets all expectations.
[INFO] [1775390720.848674447] [aic_engine]: Transitioning model node 'aic_model' to transition 'activate'...
[INFO] [1775390720.849712204] [aic_engine]: Successfully transition model node 'aic_model' to state 'activate'
[INFO] [1775390720.849723666] [aic_engine]: [1;32m  ✓ Model Ready for trial 'trial_1'[0m
[INFO] [1775390720.849727914] [aic_engine]: Checking required endpoints...
[INFO] [1775390720.858614877] [aic_engine]: All required endpoints are available.
[INFO] [1775390720.858628913] [aic_engine]: [1;32m  ✓ Endpoints Ready for trial 'trial_1'[0m
[INFO] [1775390720.858632109] [aic_engine]: Readying simulator for trial 'trial_1'...
[INFO] [1775390720.858635746] [aic_engine]: Spawning task board.
[INFO] [1775390720.955362636] [aic_engine]: Successfully spawned task_board as 'task_board'
[INFO] [1775390720.955403672] [aic_engine]: Task board spawned successfully.
[INFO] [1775390720.957047091] [aic_engine]: Spawning cable.
[INFO] [1775390720.957111772] [aic_engine]: Spawning cable 'cable_0'...
[INFO] [1775390723.173819431] [aic_engine]: Successfully spawned cable_0 as 'cable_0'
[INFO] [1775390723.173862752] [aic_engine]: Cable cable_0 spawned successfully.
[INFO] [1775390726.316953181] [aic_engine]: Waiting for robot arm to stabilize.
[INFO] [1775390728.817645391] [aic_engine]: [1;32m  ✓ Simulator Ready for trial 'trial_1'[0m
[INFO] [1775390728.817693922] [aic_engine]: Checking scoring system readiness...
[INFO] [1775390728.920947002] [aic_engine]: Started recording to '/home/weed/aic_results/bag_trial_1_20260405_210528_817'.
[INFO] [1775390728.920985884] [aic_engine]: [1;32m  ✓ Scoring Ready for trial 'trial_1'[0m
[INFO] [1775390728.920990232] [aic_engine]: Starting tasks for active trial...
[INFO] [1775390728.920997115] [aic_engine]: Sending InsertCable goal for task [task_1]
[INFO] [1775390728.922858190] [aic_engine]: TrialState: TasksExecuting
[INFO] [1775390728.922936456] [aic_engine]: Waiting for result...
[INFO] [1775390748.977299218] [aic_engine]: Task [task_1] succeeded.
[INFO] [1775390748.977347539] [aic_engine]: All tasks have been processed.
[INFO] [1775390748.977351366] [aic_engine]: [1;36m  ⟳ Tasks Executing for trial 'trial_1'...[0m
[INFO] [1775390748.977354852] [aic_engine]: Checking if all tasks were completed successfully...
[INFO] [1775390748.977358078] [aic_engine]: [1;32m  ✓ All Tasks Completed for trial 'trial_1'![0m
[INFO] [1775390749.304809420] [aic_engine]: Finished scoring trial, total score is: 95.758385
[INFO] [1775390749.304849735] [aic_engine]: Resetting after trial completion...
[INFO] [1775390749.304858221] [aic_engine]: Transitioning model node 'aic_model' to transition 'deactivate'...
[INFO] [1775390749.306162817] [aic_engine]: Successfully transition model node 'aic_model' to state 'deactivate'
[INFO] [1775390749.307570054] [aic_engine]: Successfully deleted entity 'task_board'
[INFO] [1775390749.327449164] [aic_engine]: Successfully deleted entity 'cable_0'
[INFO] [1775390749.327488337] [aic_engine]: Homing robot to initial positions...
[INFO] [1775390749.330757812] [aic_engine]: aic_controller deactivated successfully.
[INFO] [1775390749.952748028] [aic_engine]: aic_controller activated successfully.
[INFO] [1775390749.952775590] [aic_engine]: Successfully reset joints to home position, robot homed successfully.
[INFO] [1775390749.952781090] [aic_engine]: Reset after trial completed.
[INFO] [1775390749.952791750] [aic_engine]: [1;32m✓ Trial 'trial_1' completed successfully! Score: 95.758385[0m
[INFO] [1775390749.952804494] [aic_engine]:  
[INFO] [1775390749.952807720] [aic_engine]: [1;33m━━━━━━━━━━━━━━━━━━━━━━━━━━━━━━━━━━━━━━━━[0m
[INFO] [1775390749.952811938] [aic_engine]: [1;33m  Trial 2/3: trial_2[0m
[INFO] [1775390749.952817027] [aic_engine]: [1;33m━━━━━━━━━━━━━━━━━━━━━━━━━━━━━━━━━━━━━━━━[0m
[INFO] [1775390749.952820183] [aic_engine]: [1;36m→ Starting trial 'trial_2'...[0m
[INFO] [1775390749.952824261] [aic_engine]: Checking participant model readiness...
[INFO] [1775390749.952870697] [aic_engine]: Found 1 node(s) with name 'aic_model'. Checking if it is a lifecycle node...
[INFO] [1775390749.952880145] [aic_engine]: Service '/aic_model/get_state' is available. Participant model discovered.
[INFO] [1775390749.952885685] [aic_engine]: Transitioning model node 'aic_model' to transition 'activate'...
[INFO] [1775390749.953828235] [aic_engine]: Successfully transition model node 'aic_model' to state 'activate'
[INFO] [1775390749.953840528] [aic_engine]: [1;32m  ✓ Model Ready for trial 'trial_2'[0m
[INFO] [1775390749.953845688] [aic_engine]: Checking required endpoints...
[INFO] [1775390749.962524363] [aic_engine]: All required endpoints are available.
[INFO] [1775390749.962548909] [aic_engine]: [1;32m  ✓ Endpoints Ready for trial 'trial_2'[0m
[INFO] [1775390749.962552145] [aic_engine]: Readying simulator for trial 'trial_2'...
[INFO] [1775390749.962555442] [aic_engine]: Spawning task board.
[INFO] [1775390750.044570035] [aic_engine]: Successfully spawned task_board as 'task_board'
[INFO] [1775390750.044610912] [aic_engine]: Task board spawned successfully.
[INFO] [1775390750.044846872] [aic_engine]: Spawning cable.
[INFO] [1775390750.044884653] [aic_engine]: Spawning cable 'cable_0'...
[INFO] [1775390750.335713071] [aic_engine]: Successfully spawned cable_0 as 'cable_0'
[INFO] [1775390750.335755119] [aic_engine]: Cable cable_0 spawned successfully.
[INFO] [1775390750.614237564] [aic_engine]: Waiting for robot arm to stabilize.
[INFO] [1775390755.592781123] [aic_engine]: [1;32m  ✓ Simulator Ready for trial 'trial_2'[0m
[INFO] [1775390755.592827289] [aic_engine]: Checking scoring system readiness...
[INFO] [1775390755.706265302] [aic_engine]: Started recording to '/home/weed/aic_results/bag_trial_2_20260405_210555_592'.
[INFO] [1775390755.706304997] [aic_engine]: [1;32m  ✓ Scoring Ready for trial 'trial_2'[0m
[INFO] [1775390755.706309745] [aic_engine]: Starting tasks for active trial...
[INFO] [1775390755.706315686] [aic_engine]: Sending InsertCable goal for task [task_1]
[INFO] [1775390755.708135214] [aic_engine]: TrialState: TasksExecuting
[INFO] [1775390755.708172463] [aic_engine]: Waiting for result...
[INFO] [1775390775.721883031] [aic_engine]: Task [task_1] succeeded.
[INFO] [1775390775.721934056] [aic_engine]: All tasks have been processed.
[INFO] [1775390775.721938204] [aic_engine]: [1;36m  ⟳ Tasks Executing for trial 'trial_2'...[0m
[INFO] [1775390775.721942312] [aic_engine]: Checking if all tasks were completed successfully...
[INFO] [1775390775.721947331] [aic_engine]: [1;32m  ✓ All Tasks Completed for trial 'trial_2'![0m
[INFO] [1775390776.255832634] [aic_engine]: Finished scoring trial, total score is: 95.748908
[INFO] [1775390776.255865696] [aic_engine]: Resetting after trial completion...
[INFO] [1775390776.255873040] [aic_engine]: Transitioning model node 'aic_model' to transition 'deactivate'...
[INFO] [1775390776.256591612] [aic_engine]: Successfully transition model node 'aic_model' to state 'deactivate'
[INFO] [1775390776.257353675] [aic_engine]: Successfully deleted entity 'task_board'
[INFO] [1775390776.275674918] [aic_engine]: Successfully deleted entity 'cable_0'
[INFO] [1775390776.275704503] [aic_engine]: Homing robot to initial positions...
[INFO] [1775390776.278612413] [aic_engine]: aic_controller deactivated successfully.
[INFO] [1775390776.459146475] [aic_engine]: aic_controller activated successfully.
[INFO] [1775390776.459173295] [aic_engine]: Successfully reset joints to home position, robot homed successfully.
[INFO] [1775390776.459178585] [aic_engine]: Reset after trial completed.
[INFO] [1775390776.459188273] [aic_engine]: [1;32m✓ Trial 'trial_2' completed successfully! Score: 95.748908[0m
[INFO] [1775390776.459203201] [aic_engine]:  
[INFO] [1775390776.459205956] [aic_engine]: [1;33m━━━━━━━━━━━━━━━━━━━━━━━━━━━━━━━━━━━━━━━━[0m
[INFO] [1775390776.459211517] [aic_engine]: [1;33m  Trial 3/3: trial_3[0m
[INFO] [1775390776.459215274] [aic_engine]: [1;33m━━━━━━━━━━━━━━━━━━━━━━━━━━━━━━━━━━━━━━━━[0m
[INFO] [1775390776.459218970] [aic_engine]: [1;36m→ Starting trial 'trial_3'...[0m
[INFO] [1775390776.459222948] [aic_engine]: Checking participant model readiness...
[INFO] [1775390776.459250309] [aic_engine]: Found 1 node(s) with name 'aic_model'. Checking if it is a lifecycle node...
[INFO] [1775390776.459258314] [aic_engine]: Service '/aic_model/get_state' is available. Participant model discovered.
[INFO] [1775390776.459264335] [aic_engine]: Transitioning model node 'aic_model' to transition 'activate'...
[INFO] [1775390776.459906484] [aic_engine]: Successfully transition model node 'aic_model' to state 'activate'
[INFO] [1775390776.459916543] [aic_engine]: [1;32m  ✓ Model Ready for trial 'trial_3'[0m
[INFO] [1775390776.459920681] [aic_engine]: Checking required endpoints...
[INFO] [1775390776.468703512] [aic_engine]: All required endpoints are available.
[INFO] [1775390776.468723800] [aic_engine]: [1;32m  ✓ Endpoints Ready for trial 'trial_3'[0m
[INFO] [1775390776.468727287] [aic_engine]: Readying simulator for trial 'trial_3'...
[INFO] [1775390776.468729961] [aic_engine]: Spawning task board.
[INFO] [1775390776.542070108] [aic_engine]: Successfully spawned task_board as 'task_board'
[INFO] [1775390776.542107868] [aic_engine]: Task board spawned successfully.
[INFO] [1775390776.544162956] [aic_engine]: Spawning cable.
[INFO] [1775390776.544205415] [aic_engine]: Spawning cable 'cable_1'...
[INFO] [1775390776.695896495] [aic_engine]: Successfully spawned cable_1 as 'cable_1'
[INFO] [1775390776.695942862] [aic_engine]: Cable cable_1 spawned successfully.
[INFO] [1775390776.986525089] [aic_engine]: Waiting for robot arm to stabilize.
[INFO] [1775390777.287121979] [aic_engine]: [1;32m  ✓ Simulator Ready for trial 'trial_3'[0m
[INFO] [1775390777.287163877] [aic_engine]: Checking scoring system readiness...
[INFO] [1775390777.410534312] [aic_engine]: Started recording to '/home/weed/aic_results/bag_trial_3_20260405_210617_287'.
[INFO] [1775390777.410573996] [aic_engine]: [1;32m  ✓ Scoring Ready for trial 'trial_3'[0m
[INFO] [1775390777.410608971] [aic_engine]: Starting tasks for active trial...
[INFO] [1775390777.410614902] [aic_engine]: Sending InsertCable goal for task [task_1]
[INFO] [1775390777.412518186] [aic_engine]: TrialState: TasksExecuting
[INFO] [1775390777.412567458] [aic_engine]: Waiting for result...
[INFO] [1775390796.708593402] [aic_engine]: Task [task_1] succeeded.
[INFO] [1775390796.708629249] [aic_engine]: All tasks have been processed.
[INFO] [1775390796.708632585] [aic_engine]: [1;36m  ⟳ Tasks Executing for trial 'trial_3'...[0m
[INFO] [1775390796.708635280] [aic_engine]: Checking if all tasks were completed successfully...
[INFO] [1775390796.708638776] [aic_engine]: [1;32m  ✓ All Tasks Completed for trial 'trial_3'![0m
[INFO] [1775390797.434844531] [aic_engine]: Finished scoring trial, total score is: 95.822180
[INFO] [1775390797.434879106] [aic_engine]: Resetting after trial completion...
[INFO] [1775390797.434886911] [aic_engine]: Transitioning model node 'aic_model' to transition 'deactivate'...
[INFO] [1775390797.435681184] [aic_engine]: Successfully transition model node 'aic_model' to state 'deactivate'
[INFO] [1775390797.436352948] [aic_engine]: Successfully deleted entity 'task_board'
[INFO] [1775390797.446178067] [aic_engine]: Successfully deleted entity 'cable_1'
[INFO] [1775390797.446191081] [aic_engine]: Homing robot to initial positions...
[INFO] [1775390797.449545395] [aic_engine]: aic_controller deactivated successfully.
[INFO] [1775390798.194015106] [aic_engine]: aic_controller activated successfully.
[INFO] [1775390798.194048779] [aic_engine]: Successfully reset joints to home position, robot homed successfully.
[INFO] [1775390798.194053779] [aic_engine]: Reset after trial completed.
[INFO] [1775390798.194064418] [aic_engine]: [1;32m✓ Trial 'trial_3' completed successfully! Score: 95.822180[0m
[INFO] [1775390798.194077423] [aic_engine]: Transitioning model node 'aic_model' to transition 'cleanup'...
[INFO] [1775390798.195307199] [aic_engine]: Successfully transition model node 'aic_model' to state 'cleanup'
[INFO] [1775390798.195326265] [aic_engine]: Transitioning model node 'aic_model' to transition 'shutdown'...
[INFO] [1775390798.196836766] [aic_engine]: Successfully transition model node 'aic_model' to state 'shutdown'
[INFO] [1775390798.197524390] [aic_engine]:  
[INFO] [1775390798.197533818] [aic_engine]: [1;32m╔════════════════════════════════════════╗[0m
[INFO] [1775390798.197537935] [aic_engine]: [1;32m║   ✓ All Trials Processed!              ║[0m
[INFO] [1775390798.197540570] [aic_engine]: [1;32m║   Successful: 3  Failed: 0             ║[0m
[INFO] [1775390798.197544888] [aic_engine]: [1;32m║   Total Score: 287.329                     ║[0m
[INFO] [1775390798.197548415] [aic_engine]: [1;32m╚════════════════════════════════════════╝[0m
[INFO] [1775390798.197551541] [aic_engine]:  
[INFO] [1775390798.197894110] [aic_engine]: [1;36m╔════════════════════════════════════════╗[0m
[INFO] [1775390798.197901344] [aic_engine]: [1;36m║        Complete Scoring Results        ║[0m
[INFO] [1775390798.197904420] [aic_engine]: [1;36m╚════════════════════════════════════════╝[0m
[INFO] [1775390798.197907596] [aic_engine]: [1;36mtotal: 287.32947216162756[0m
[INFO] [1775390798.197910401] [aic_engine]: [1;36mtrial_1:[0m
[INFO] [1775390798.197913487] [aic_engine]: [1;36m  tier_1:[0m
[INFO] [1775390798.197916182] [aic_engine]: [1;36m    score: 1[0m
[INFO] [1775390798.197918997] [aic_engine]: [1;36m    message: Model validation succeeded.[0m
[INFO] [1775390798.197921862] [aic_engine]: [1;36m  tier_2:[0m
[INFO] [1775390798.197924267] [aic_engine]: [1;36m    score: 19.758384811969417[0m
[INFO] [1775390798.197927553] [aic_engine]: [1;36m    message: Scoring succeeded.[0m
[INFO] [1775390798.197929336] [aic_engine]: [1;36m    categories:[0m
[INFO] [1775390798.197931891] [aic_engine]: [1;36m      contacts:[0m
[INFO] [1775390798.197934205] [aic_engine]: [1;36m        score: 0[0m
[INFO] [1775390798.197936760] [aic_engine]: [1;36m        message: No contact detected.[0m
[INFO] [1775390798.197951858] [aic_engine]: [1;36m      duration:[0m
[INFO] [1775390798.197954794] [aic_engine]: [1;36m        score: 8.7224727272727272[0m
[INFO] [1775390798.197957619] [aic_engine]: [1;36m        message: "Task duration: 20.02 seconds."[0m
[INFO] [1775390798.197959843] [aic_engine]: [1;36m      insertion force:[0m
[INFO] [1775390798.197961516] [aic_engine]: [1;36m        score: 0[0m
[INFO] [1775390798.197963610] [aic_engine]: [1;36m        message: No excessive force detected[0m
[INFO] [1775390798.197966235] [aic_engine]: [1;36m      trajectory efficiency:[0m
[INFO] [1775390798.197968780] [aic_engine]: [1;36m        score: 5.9201673291447658[0m
[INFO] [1775390798.197971415] [aic_engine]: [1;36m        message: "Total end-effector path length: 0.15 m, initial plug-port distance: 0.13 m"[0m
[INFO] [1775390798.197975182] [aic_engine]: [1;36m      trajectory smoothness:[0m
[INFO] [1775390798.197977095] [aic_engine]: [1;36m        score: 5.1157447555519253[0m
[INFO] [1775390798.197979821] [aic_engine]: [1;36m        message: "Average linear jerk magnitude of the end effector: 7.37 m/s^3"[0m
[INFO] [1775390798.197982836] [aic_engine]: [1;36m  tier_3:[0m
[INFO] [1775390798.197985832] [aic_engine]: [1;36m    score: 75[0m
[INFO] [1775390798.197988407] [aic_engine]: [1;36m    message: Cable insertion successful.[0m
[INFO] [1775390798.197991102] [aic_engine]: [1;36mtrial_2:[0m
[INFO] [1775390798.197993747] [aic_engine]: [1;36m  tier_1:[0m
[INFO] [1775390798.197996381] [aic_engine]: [1;36m    score: 1[0m
[INFO] [1775390798.197998926] [aic_engine]: [1;36m    message: Model validation succeeded.[0m
[INFO] [1775390798.198001551] [aic_engine]: [1;36m  tier_2:[0m
[INFO] [1775390798.198003976] [aic_engine]: [1;36m    score: 19.748907693613297[0m
[INFO] [1775390798.198006681] [aic_engine]: [1;36m    message: Scoring succeeded.[0m
[INFO] [1775390798.198009336] [aic_engine]: [1;36m    categories:[0m
[INFO] [1775390798.198012171] [aic_engine]: [1;36m      contacts:[0m
[INFO] [1775390798.198014616] [aic_engine]: [1;36m        score: 0[0m
[INFO] [1775390798.198017301] [aic_engine]: [1;36m        message: No contact detected.[0m
[INFO] [1775390798.198020126] [aic_engine]: [1;36m      duration:[0m
[INFO] [1775390798.198022921] [aic_engine]: [1;36m        score: 8.7246545454545448[0m
[INFO] [1775390798.198025436] [aic_engine]: [1;36m        message: "Task duration: 20.01 seconds."[0m
[INFO] [1775390798.198029032] [aic_engine]: [1;36m      insertion force:[0m
[INFO] [1775390798.198031928] [aic_engine]: [1;36m        score: 0[0m
[INFO] [1775390798.198034903] [aic_engine]: [1;36m        message: No excessive force detected[0m
[INFO] [1775390798.198037949] [aic_engine]: [1;36m      trajectory efficiency:[0m
[INFO] [1775390798.198041145] [aic_engine]: [1;36m        score: 5.8042520036448959[0m
[INFO] [1775390798.198043840] [aic_engine]: [1;36m        message: "Total end-effector path length: 0.18 m, initial plug-port distance: 0.15 m"[0m
[INFO] [1775390798.198046926] [aic_engine]: [1;36m      trajectory smoothness:[0m
[INFO] [1775390798.198049691] [aic_engine]: [1;36m        score: 5.2200011445138577[0m
[INFO] [1775390798.198052436] [aic_engine]: [1;36m        message: "Average linear jerk magnitude of the end effector: 6.50 m/s^3"[0m
[INFO] [1775390798.198055352] [aic_engine]: [1;36m  tier_3:[0m
[INFO] [1775390798.198058227] [aic_engine]: [1;36m    score: 75[0m
[INFO] [1775390798.198061423] [aic_engine]: [1;36m    message: Cable insertion successful.[0m
[INFO] [1775390798.198064529] [aic_engine]: [1;36mtrial_3:[0m
[INFO] [1775390798.198067394] [aic_engine]: [1;36m  tier_1:[0m
[INFO] [1775390798.198069929] [aic_engine]: [1;36m    score: 1[0m
[INFO] [1775390798.198072634] [aic_engine]: [1;36m    message: Model validation succeeded.[0m
[INFO] [1775390798.198075319] [aic_engine]: [1;36m  tier_2:[0m
[INFO] [1775390798.198078084] [aic_engine]: [1;36m    score: 19.822179656044874[0m
[INFO] [1775390798.198080769] [aic_engine]: [1;36m    message: Scoring succeeded.[0m
[INFO] [1775390798.198085969] [aic_engine]: [1;36m    categories:[0m
[INFO] [1775390798.198088744] [aic_engine]: [1;36m      contacts:[0m
[INFO] [1775390798.198090888] [aic_engine]: [1;36m        score: 0[0m
[INFO] [1775390798.198093052] [aic_engine]: [1;36m        message: No contact detected.[0m
[INFO] [1775390798.198095416] [aic_engine]: [1;36m      duration:[0m
[INFO] [1775390798.198097941] [aic_engine]: [1;36m        score: 8.9432727272727259[0m
[INFO] [1775390798.198104033] [aic_engine]: [1;36m        message: "Task duration: 19.01 seconds."[0m
[INFO] [1775390798.198106718] [aic_engine]: [1;36m      insertion force:[0m
[INFO] [1775390798.198109032] [aic_engine]: [1;36m        score: 0[0m
[INFO] [1775390798.198111937] [aic_engine]: [1;36m        message: "Insertion force above 20.00 N, detected for a time of 0.02 seconds. Max detected force: 22.28N. This is below the threshold of 1.00 seconds. Penalty not applied."[0m
[INFO] [1775390798.198115123] [aic_engine]: [1;36m      trajectory efficiency:[0m
[INFO] [1775390798.198118299] [aic_engine]: [1;36m        score: 5.6440110735206801[0m
[INFO] [1775390798.198120964] [aic_engine]: [1;36m        message: "Total end-effector path length: 0.39 m, initial plug-port distance: 0.33 m"[0m
[INFO] [1775390798.198124250] [aic_engine]: [1;36m      trajectory smoothness:[0m
[INFO] [1775390798.198127166] [aic_engine]: [1;36m        score: 5.2348958552514695[0m
[INFO] [1775390798.198131063] [aic_engine]: [1;36m        message: "Average linear jerk magnitude of the end effector: 6.38 m/s^3"[0m
[INFO] [1775390798.198134309] [aic_engine]: [1;36m  tier_3:[0m
[INFO] [1775390798.198137124] [aic_engine]: [1;36m    score: 75[0m
[INFO] [1775390798.198140010] [aic_engine]: [1;36m    message: Cable insertion successful.[0m
[INFO] [1775390798.198143005] [aic_engine]:  
