[INFO] [1778159606.829195997] [aic_engine]: Creating AIC Engine...
[INFO] [1778159606.829261500] [aic_engine]: Scoring output directory set to: /root/aic_results
[INFO] [1778159606.829292628] [aic_engine]: [1;36m╔════════════════════════════════════════╗[0m
[INFO] [1778159606.829295584] [aic_engine]: [1;36m║   Initializing AIC Engine...           ║[0m
[INFO] [1778159606.829297287] [aic_engine]: [1;36m╚════════════════════════════════════════╝[0m
[INFO] [1778159606.830196596] [aic_engine]: Successfully parsed trial 'trial_1'
[INFO] [1778159606.830229338] [aic_engine]: Successfully parsed trial 'trial_2'
[INFO] [1778159606.830249796] [aic_engine]: Successfully parsed trial 'trial_3'
[INFO] [1778159606.830252862] [aic_engine]: Successfully parsed 3 trial(s)
[INFO] [1778159606.830258483] [aic_engine]: Waiting for clock
[INFO] [1778159606.840330051] [aic_engine]: Clock found successfully.
[INFO] [1778159606.845143523] [aic_engine]: Retrieved home joint position from config: [shoulder_pan_joint]: -0.159700
[INFO] [1778159606.845163791] [aic_engine]: Retrieved home joint position from config: [shoulder_lift_joint]: -1.354200
[INFO] [1778159606.845169772] [aic_engine]: Retrieved home joint position from config: [elbow_joint]: -1.664800
[INFO] [1778159606.845174310] [aic_engine]: Retrieved home joint position from config: [wrist_1_joint]: -1.693300
[INFO] [1778159606.845178699] [aic_engine]: Retrieved home joint position from config: [wrist_2_joint]: 1.571000
[INFO] [1778159606.845182325] [aic_engine]: Retrieved home joint position from config: [wrist_3_joint]: 1.411000
[INFO] [1778159606.845188377] [aic_engine]: Pre-built home messages for robot homing.
[INFO] [1778159606.845571236] [aic_engine]: Bag output directory: /root/aic_results
[INFO] [1778159606.845576666] [aic_engine]: [1;32m✓ AIC Engine initialized successfully![0m
[INFO] [1778159606.845580043] [aic_engine]:  
[INFO] [1778159606.845583209] [aic_engine]: [1;35m╔════════════════════════════════════════╗[0m
[INFO] [1778159606.845585974] [aic_engine]: [1;35m║      Starting AIC Engine Run           ║[0m
[INFO] [1778159606.845587727] [aic_engine]: [1;35m║   Total Trials: 3                      ║[0m
[INFO] [1778159606.845590282] [aic_engine]: [1;35m╚════════════════════════════════════════╝[0m
[INFO] [1778159606.845591985] [aic_engine]:  
[INFO] [1778159606.845594209] [aic_engine]:  
[INFO] [1778159606.845595682] [aic_engine]: [1;33m━━━━━━━━━━━━━━━━━━━━━━━━━━━━━━━━━━━━━━━━[0m
[INFO] [1778159606.845597425] [aic_engine]: [1;33m  Trial 1/3: trial_1[0m
[INFO] [1778159606.845599699] [aic_engine]: [1;33m━━━━━━━━━━━━━━━━━━━━━━━━━━━━━━━━━━━━━━━━[0m
[INFO] [1778159606.845602565] [aic_engine]: [1;36m→ Starting trial 'trial_1'...[0m
[INFO] [1778159606.845605280] [aic_engine]: Checking participant model readiness...
[INFO] [1778159606.845623334] [aic_engine]: Found 1 node(s) with name 'aic_model'. Checking if it is a lifecycle node...
[INFO] [1778159606.845633924] [aic_engine]: Service '/aic_model/get_state' is available. Participant model discovered.
[INFO] [1778159606.845637030] [aic_engine]: Lifecycle node 'aic_model' is available. Checking if it is in 'unconfigured' state...
[INFO] [1778159606.846309623] [aic_engine]: Lifecycle node 'aic_model' is in 'unconfigured' state
[INFO] [1778159606.846317648] [aic_engine]: Configuring lifecycle node 'aic_model'...
[INFO] [1778159606.846321936] [aic_engine]: Transitioning model node 'aic_model' to transition 'configure'...
[INFO] [1778159606.848935255] [aic_engine]: Successfully transition model node 'aic_model' to state 'configure'
[INFO] [1778159606.850596185] [aic_engine]: Insert cable action goal was rejected by the server as expected.
[INFO] [1778159607.847186770] [aic_engine]: Lifecycle node 'aic_model' is in 'configured' state and meets all expectations.
[INFO] [1778159607.847232596] [aic_engine]: Transitioning model node 'aic_model' to transition 'activate'...
[INFO] [1778159607.848347460] [aic_engine]: Successfully transition model node 'aic_model' to state 'activate'
[INFO] [1778159607.848362028] [aic_engine]: [1;32m  ✓ Model Ready for trial 'trial_1'[0m
[INFO] [1778159607.848367408] [aic_engine]: Checking required endpoints...
[INFO] [1778159607.857176705] [aic_engine]: All required endpoints are available.
[INFO] [1778159607.857198005] [aic_engine]: [1;32m  ✓ Endpoints Ready for trial 'trial_1'[0m
[INFO] [1778159607.857201191] [aic_engine]: Readying simulator for trial 'trial_1'...
[INFO] [1778159607.857203576] [aic_engine]: Spawning task board.
[INFO] [1778159607.951949937] [aic_engine]: Successfully spawned task_board as 'task_board'
[INFO] [1778159607.951986315] [aic_engine]: Task board spawned successfully.
[INFO] [1778159607.952260290] [aic_engine]: Spawning cable.
[INFO] [1778159607.952333528] [aic_engine]: Spawning cable 'cable_0'...
[INFO] [1778159610.123125696] [aic_engine]: Successfully spawned cable_0 as 'cable_0'
[INFO] [1778159610.123168837] [aic_engine]: Cable cable_0 spawned successfully.
[INFO] [1778159613.178565484] [aic_engine]: Waiting for robot arm to stabilize.
[INFO] [1778159614.631262154] [aic_engine]: [1;32m  ✓ Simulator Ready for trial 'trial_1'[0m
[INFO] [1778159614.631304794] [aic_engine]: Checking scoring system readiness...
[ERROR] [1778159614.633260157] [rmw_zenoh_cpp]: SubscriberCallback triggered over 0/joint_states/sensor_msgs::msg::dds_::JointState_/RIHS01_a13ee3a330e346c9d87b5aa18d24e11690752bd33a0350f11c5882bc9179260e.
[INFO] [1778159614.734557653] [aic_engine]: Started recording to '/root/aic_results/bag_trial_1_20260507_131334_631'.
[INFO] [1778159614.734599692] [aic_engine]: [1;32m  ✓ Scoring Ready for trial 'trial_1'[0m
[INFO] [1778159614.734604461] [aic_engine]: Starting tasks for active trial...
[INFO] [1778159614.734611484] [aic_engine]: Sending InsertCable goal for task [task_1]
[INFO] [1778159614.738319779] [aic_engine]: TrialState: TasksExecuting
[INFO] [1778159614.738382988] [aic_engine]: Waiting for result...
[INFO] [1778159634.742926528] [aic_engine]: Task [task_1] succeeded.
[INFO] [1778159634.742978926] [aic_engine]: All tasks have been processed.
[INFO] [1778159634.742982864] [aic_engine]: [1;36m  ⟳ Tasks Executing for trial 'trial_1'...[0m
[INFO] [1778159634.742986270] [aic_engine]: Checking if all tasks were completed successfully...
[INFO] [1778159634.742989256] [aic_engine]: [1;32m  ✓ All Tasks Completed for trial 'trial_1'![0m
[INFO] [1778159635.066524423] [aic_engine]: Finished scoring trial, total score is: 95.687355
[INFO] [1778159635.066563857] [aic_engine]: Resetting after trial completion...
[INFO] [1778159635.066571271] [aic_engine]: Transitioning model node 'aic_model' to transition 'deactivate'...
[INFO] [1778159635.067701814] [aic_engine]: Successfully transition model node 'aic_model' to state 'deactivate'
[INFO] [1778159635.069167697] [aic_engine]: Successfully deleted entity 'task_board'
[INFO] [1778159635.085962438] [aic_engine]: Successfully deleted entity 'cable_0'
[INFO] [1778159635.085983497] [aic_engine]: Homing robot to initial positions...
[INFO] [1778159635.088442565] [aic_engine]: aic_controller deactivated successfully.
[INFO] [1778159635.115292108] [aic_engine]: aic_controller activated successfully.
[INFO] [1778159635.115318688] [aic_engine]: Successfully reset joints to home position, robot homed successfully.
[INFO] [1778159635.115323597] [aic_engine]: Reset after trial completed.
[INFO] [1778159635.115333957] [aic_engine]: [1;32m✓ Trial 'trial_1' completed successfully! Score: 95.687355[0m
[INFO] [1778159635.115341792] [aic_engine]:  
[INFO] [1778159635.115345048] [aic_engine]: [1;33m━━━━━━━━━━━━━━━━━━━━━━━━━━━━━━━━━━━━━━━━[0m
[INFO] [1778159635.115349165] [aic_engine]: [1;33m  Trial 2/3: trial_2[0m
[INFO] [1778159635.115353654] [aic_engine]: [1;33m━━━━━━━━━━━━━━━━━━━━━━━━━━━━━━━━━━━━━━━━[0m
[INFO] [1778159635.115357311] [aic_engine]: [1;36m→ Starting trial 'trial_2'...[0m
[INFO] [1778159635.115361398] [aic_engine]: Checking participant model readiness...
[INFO] [1778159635.115408076] [aic_engine]: Found 1 node(s) with name 'aic_model'. Checking if it is a lifecycle node...
[INFO] [1778159635.115416742] [aic_engine]: Service '/aic_model/get_state' is available. Participant model discovered.
[INFO] [1778159635.115422804] [aic_engine]: Transitioning model node 'aic_model' to transition 'activate'...
[INFO] [1778159635.117262328] [aic_engine]: Successfully transition model node 'aic_model' to state 'activate'
[INFO] [1778159635.117274892] [aic_engine]: [1;32m  ✓ Model Ready for trial 'trial_2'[0m
[INFO] [1778159635.117279541] [aic_engine]: Checking required endpoints...
[INFO] [1778159635.129239000] [aic_engine]: All required endpoints are available.
[INFO] [1778159635.129257395] [aic_engine]: [1;32m  ✓ Endpoints Ready for trial 'trial_2'[0m
[INFO] [1778159635.129261603] [aic_engine]: Readying simulator for trial 'trial_2'...
[INFO] [1778159635.129264989] [aic_engine]: Spawning task board.
[INFO] [1778159635.200587712] [aic_engine]: Successfully spawned task_board as 'task_board'
[INFO] [1778159635.200626304] [aic_engine]: Task board spawned successfully.
[INFO] [1778159635.202669812] [aic_engine]: Spawning cable.
[INFO] [1778159635.202716770] [aic_engine]: Spawning cable 'cable_1'...
[INFO] [1778159635.356887100] [aic_engine]: Successfully spawned cable_1 as 'cable_1'
[INFO] [1778159635.356929068] [aic_engine]: Cable cable_1 spawned successfully.
[INFO] [1778159635.667605564] [aic_engine]: Waiting for robot arm to stabilize.
[INFO] [1778159637.324146016] [aic_engine]: [1;32m  ✓ Simulator Ready for trial 'trial_2'[0m
[INFO] [1778159637.324190910] [aic_engine]: Checking scoring system readiness...
[INFO] [1778159637.443613871] [aic_engine]: Started recording to '/root/aic_results/bag_trial_2_20260507_131357_324'.
[INFO] [1778159637.443652043] [aic_engine]: [1;32m  ✓ Scoring Ready for trial 'trial_2'[0m
[INFO] [1778159637.443655189] [aic_engine]: Starting tasks for active trial...
[INFO] [1778159637.443660549] [aic_engine]: Sending InsertCable goal for task [task_1]
[INFO] [1778159637.445448046] [aic_engine]: TrialState: TasksExecuting
[INFO] [1778159637.445486568] [aic_engine]: Waiting for result...
[INFO] [1778159657.449240917] [aic_engine]: Task [task_1] succeeded.
[INFO] [1778159657.449280942] [aic_engine]: All tasks have been processed.
[INFO] [1778159657.449285480] [aic_engine]: [1;36m  ⟳ Tasks Executing for trial 'trial_2'...[0m
[INFO] [1778159657.449290330] [aic_engine]: Checking if all tasks were completed successfully...
[INFO] [1778159657.449294487] [aic_engine]: [1;32m  ✓ All Tasks Completed for trial 'trial_2'![0m
[INFO] [1778159657.974534407] [aic_engine]: Finished scoring trial, total score is: 95.576005
[INFO] [1778159657.974569894] [aic_engine]: Resetting after trial completion...
[INFO] [1778159657.974576666] [aic_engine]: Transitioning model node 'aic_model' to transition 'deactivate'...
[INFO] [1778159657.975565573] [aic_engine]: Successfully transition model node 'aic_model' to state 'deactivate'
[INFO] [1778159657.978056129] [aic_engine]: Successfully deleted entity 'task_board'
[INFO] [1778159657.987187495] [aic_engine]: Successfully deleted entity 'cable_1'
[INFO] [1778159657.987202924] [aic_engine]: Homing robot to initial positions...
[INFO] [1778159657.989526557] [aic_engine]: aic_controller deactivated successfully.
[INFO] [1778159658.500530069] [aic_engine]: aic_controller activated successfully.
[INFO] [1778159658.500556578] [aic_engine]: Successfully reset joints to home position, robot homed successfully.
[INFO] [1778159658.500561778] [aic_engine]: Reset after trial completed.
[INFO] [1778159658.500570364] [aic_engine]: [1;32m✓ Trial 'trial_2' completed successfully! Score: 95.576005[0m
[INFO] [1778159658.500585813] [aic_engine]:  
[INFO] [1778159658.500589250] [aic_engine]: [1;33m━━━━━━━━━━━━━━━━━━━━━━━━━━━━━━━━━━━━━━━━[0m
[INFO] [1778159658.500592145] [aic_engine]: [1;33m  Trial 3/3: trial_3[0m
[INFO] [1778159658.500595261] [aic_engine]: [1;33m━━━━━━━━━━━━━━━━━━━━━━━━━━━━━━━━━━━━━━━━[0m
[INFO] [1778159658.500597605] [aic_engine]: [1;36m→ Starting trial 'trial_3'...[0m
[INFO] [1778159658.500600260] [aic_engine]: Checking participant model readiness...
[INFO] [1778159658.500625187] [aic_engine]: Found 1 node(s) with name 'aic_model'. Checking if it is a lifecycle node...
[INFO] [1778159658.500632501] [aic_engine]: Service '/aic_model/get_state' is available. Participant model discovered.
[INFO] [1778159658.500636929] [aic_engine]: Transitioning model node 'aic_model' to transition 'activate'...
[INFO] [1778159658.501443934] [aic_engine]: Successfully transition model node 'aic_model' to state 'activate'
[INFO] [1778159658.501447180] [aic_engine]: [1;32m  ✓ Model Ready for trial 'trial_3'[0m
[INFO] [1778159658.501449996] [aic_engine]: Checking required endpoints...
[INFO] [1778159658.510237326] [aic_engine]: All required endpoints are available.
[INFO] [1778159658.510262252] [aic_engine]: [1;32m  ✓ Endpoints Ready for trial 'trial_3'[0m
[INFO] [1778159658.510265909] [aic_engine]: Readying simulator for trial 'trial_3'...
[INFO] [1778159658.510268494] [aic_engine]: Spawning task board.
[INFO] [1778159658.583580659] [aic_engine]: Successfully spawned task_board as 'task_board'
[INFO] [1778159658.583622137] [aic_engine]: Task board spawned successfully.
[INFO] [1778159658.583900129] [aic_engine]: Spawning cable.
[INFO] [1778159658.583944783] [aic_engine]: Spawning cable 'cable_1'...
[INFO] [1778159658.737718468] [aic_engine]: Successfully spawned cable_1 as 'cable_1'
[INFO] [1778159658.737762611] [aic_engine]: Cable cable_1 spawned successfully.
[INFO] [1778159659.057747042] [aic_engine]: Waiting for robot arm to stabilize.
[INFO] [1778159660.714659098] [aic_engine]: [1;32m  ✓ Simulator Ready for trial 'trial_3'[0m
[INFO] [1778159660.714823116] [aic_engine]: Checking scoring system readiness...
[INFO] [1778159660.833747833] [aic_engine]: Started recording to '/root/aic_results/bag_trial_3_20260507_131420_715'.
[INFO] [1778159660.833787167] [aic_engine]: [1;32m  ✓ Scoring Ready for trial 'trial_3'[0m
[INFO] [1778159660.833818195] [aic_engine]: Starting tasks for active trial...
[INFO] [1778159660.833824637] [aic_engine]: Sending InsertCable goal for task [task_1]
[INFO] [1778159660.834773729] [aic_engine]: TrialState: TasksExecuting
[INFO] [1778159660.834801271] [aic_engine]: Waiting for result...
[INFO] [1778159680.839036713] [aic_engine]: Task [task_1] succeeded.
[INFO] [1778159680.839073072] [aic_engine]: All tasks have been processed.
[INFO] [1778159680.839076929] [aic_engine]: [1;36m  ⟳ Tasks Executing for trial 'trial_3'...[0m
[INFO] [1778159680.839080225] [aic_engine]: Checking if all tasks were completed successfully...
[INFO] [1778159680.839083351] [aic_engine]: [1;32m  ✓ All Tasks Completed for trial 'trial_3'![0m
[INFO] [1778159681.559402415] [aic_engine]: Finished scoring trial, total score is: 95.691637
[INFO] [1778159681.559446648] [aic_engine]: Resetting after trial completion...
[INFO] [1778159681.559457679] [aic_engine]: Transitioning model node 'aic_model' to transition 'deactivate'...
[INFO] [1778159681.560482814] [aic_engine]: Successfully transition model node 'aic_model' to state 'deactivate'
[INFO] [1778159681.562161275] [aic_engine]: Successfully deleted entity 'task_board'
[INFO] [1778159681.572160296] [aic_engine]: Successfully deleted entity 'cable_1'
[INFO] [1778159681.572187868] [aic_engine]: Homing robot to initial positions...
[INFO] [1778159681.575115825] [aic_engine]: aic_controller deactivated successfully.
[INFO] [1778159681.894034688] [aic_engine]: aic_controller activated successfully.
[INFO] [1778159681.894058943] [aic_engine]: Successfully reset joints to home position, robot homed successfully.
[INFO] [1778159681.894063612] [aic_engine]: Reset after trial completed.
[INFO] [1778159681.894072379] [aic_engine]: [1;32m✓ Trial 'trial_3' completed successfully! Score: 95.691637[0m
[INFO] [1778159681.894083339] [aic_engine]: Transitioning model node 'aic_model' to transition 'cleanup'...
[INFO] [1778159681.895050304] [aic_engine]: Successfully transition model node 'aic_model' to state 'cleanup'
[INFO] [1778159681.895059051] [aic_engine]: Transitioning model node 'aic_model' to transition 'shutdown'...
[INFO] [1778159681.895885442] [aic_engine]: Successfully transition model node 'aic_model' to state 'shutdown'
[INFO] [1778159681.896735027] [aic_engine]:  
[INFO] [1778159681.896748102] [aic_engine]: [1;32m╔════════════════════════════════════════╗[0m
[INFO] [1778159681.896752320] [aic_engine]: [1;32m║   ✓ All Trials Processed!              ║[0m
[INFO] [1778159681.896755566] [aic_engine]: [1;32m║   Successful: 3  Failed: 0             ║[0m
[INFO] [1778159681.896759293] [aic_engine]: [1;32m║   Total Score: 286.955                     ║[0m
[INFO] [1778159681.896763491] [aic_engine]: [1;32m╚════════════════════════════════════════╝[0m
[INFO] [1778159681.896767007] [aic_engine]:  
[INFO] [1778159681.897058214] [aic_engine]: [1;36m╔════════════════════════════════════════╗[0m
[INFO] [1778159681.897065257] [aic_engine]: [1;36m║        Complete Scoring Results        ║[0m
[INFO] [1778159681.897069305] [aic_engine]: [1;36m╚════════════════════════════════════════╝[0m
[INFO] [1778159681.897074885] [aic_engine]: [1;36mtotal: 286.95499788669804[0m
[INFO] [1778159681.897078452] [aic_engine]: [1;36mtrial_1:[0m
[INFO] [1778159681.897082680] [aic_engine]: [1;36m  tier_1:[0m
[INFO] [1778159681.897085666] [aic_engine]: [1;36m    score: 1[0m
[INFO] [1778159681.897088711] [aic_engine]: [1;36m    message: Model validation succeeded.[0m
[INFO] [1778159681.897093330] [aic_engine]: [1;36m  tier_2:[0m
[INFO] [1778159681.897096316] [aic_engine]: [1;36m    score: 19.68735535929315[0m
[INFO] [1778159681.897099181] [aic_engine]: [1;36m    message: Scoring succeeded.[0m
[INFO] [1778159681.897102968] [aic_engine]: [1;36m    categories:[0m
[INFO] [1778159681.897105653] [aic_engine]: [1;36m      contacts:[0m
[INFO] [1778159681.897109751] [aic_engine]: [1;36m        score: 0[0m
[INFO] [1778159681.897112366] [aic_engine]: [1;36m        message: No contact detected.[0m
[INFO] [1778159681.897115972] [aic_engine]: [1;36m      duration:[0m
[INFO] [1778159681.897119098] [aic_engine]: [1;36m        score: 8.7259636363636357[0m
[INFO] [1778159681.897122775] [aic_engine]: [1;36m        message: "Task duration: 20.01 seconds."[0m
[INFO] [1778159681.897125721] [aic_engine]: [1;36m      insertion force:[0m
[INFO] [1778159681.897129097] [aic_engine]: [1;36m        score: 0[0m
[INFO] [1778159681.897132093] [aic_engine]: [1;36m        message: No excessive force detected[0m
[INFO] [1778159681.897135028] [aic_engine]: [1;36m      trajectory efficiency:[0m
[INFO] [1778159681.897137813] [aic_engine]: [1;36m        score: 5.9317219280260254[0m
[INFO] [1778159681.897141100] [aic_engine]: [1;36m        message: "Total end-effector path length: 0.14 m, initial plug-port distance: 0.13 m"[0m
[INFO] [1778159681.897145778] [aic_engine]: [1;36m      trajectory smoothness:[0m
[INFO] [1778159681.897148473] [aic_engine]: [1;36m        score: 5.0296697949034872[0m
[INFO] [1778159681.897151639] [aic_engine]: [1;36m        message: "Average linear jerk magnitude of the end effector: 8.09 m/s^3"[0m
[INFO] [1778159681.897171988] [aic_engine]: [1;36m  tier_3:[0m
[INFO] [1778159681.897175685] [aic_engine]: [1;36m    score: 75[0m
[INFO] [1778159681.897178820] [aic_engine]: [1;36m    message: Cable insertion successful.[0m
[INFO] [1778159681.897181566] [aic_engine]: [1;36mtrial_2:[0m
[INFO] [1778159681.897184501] [aic_engine]: [1;36m  tier_1:[0m
[INFO] [1778159681.897187407] [aic_engine]: [1;36m    score: 1[0m
[INFO] [1778159681.897190512] [aic_engine]: [1;36m    message: Model validation succeeded.[0m
[INFO] [1778159681.897193238] [aic_engine]: [1;36m  tier_2:[0m
[INFO] [1778159681.897195983] [aic_engine]: [1;36m    score: 19.576005258969808[0m
[INFO] [1778159681.897198638] [aic_engine]: [1;36m    message: Scoring succeeded.[0m
[INFO] [1778159681.897201303] [aic_engine]: [1;36m    categories:[0m
[INFO] [1778159681.897203717] [aic_engine]: [1;36m      contacts:[0m
[INFO] [1778159681.897206412] [aic_engine]: [1;36m        score: 0[0m
[INFO] [1778159681.897209819] [aic_engine]: [1;36m        message: No contact detected.[0m
[INFO] [1778159681.897212644] [aic_engine]: [1;36m      duration:[0m
[INFO] [1778159681.897215559] [aic_engine]: [1;36m        score: 8.7263999999999999[0m
[INFO] [1778159681.897218365] [aic_engine]: [1;36m        message: "Task duration: 20.00 seconds."[0m
[INFO] [1778159681.897220669] [aic_engine]: [1;36m      insertion force:[0m
[INFO] [1778159681.897223665] [aic_engine]: [1;36m        score: 0[0m
[INFO] [1778159681.897227141] [aic_engine]: [1;36m        message: No excessive force detected[0m
[INFO] [1778159681.897229676] [aic_engine]: [1;36m      trajectory efficiency:[0m
[INFO] [1778159681.897232411] [aic_engine]: [1;36m        score: 5.6449767518820604[0m
[INFO] [1778159681.897235487] [aic_engine]: [1;36m        message: "Total end-effector path length: 0.38 m, initial plug-port distance: 0.32 m"[0m
[INFO] [1778159681.897238372] [aic_engine]: [1;36m      trajectory smoothness:[0m
[INFO] [1778159681.897242250] [aic_engine]: [1;36m        score: 5.2046285070877483[0m
[INFO] [1778159681.897244784] [aic_engine]: [1;36m        message: "Average linear jerk magnitude of the end effector: 6.63 m/s^3"[0m
[INFO] [1778159681.897247970] [aic_engine]: [1;36m  tier_3:[0m
[INFO] [1778159681.897250194] [aic_engine]: [1;36m    score: 75[0m
[INFO] [1778159681.897252729] [aic_engine]: [1;36m    message: Cable insertion successful.[0m
[INFO] [1778159681.897255364] [aic_engine]: [1;36mtrial_3:[0m
[INFO] [1778159681.897257979] [aic_engine]: [1;36m  tier_1:[0m
[INFO] [1778159681.897260293] [aic_engine]: [1;36m    score: 1[0m
[INFO] [1778159681.897262868] [aic_engine]: [1;36m    message: Model validation succeeded.[0m
[INFO] [1778159681.897265523] [aic_engine]: [1;36m  tier_2:[0m
[INFO] [1778159681.897268218] [aic_engine]: [1;36m    score: 19.691637268435041[0m
[INFO] [1778159681.897271044] [aic_engine]: [1;36m    message: Scoring succeeded.[0m
[INFO] [1778159681.897274089] [aic_engine]: [1;36m    categories:[0m
[INFO] [1778159681.897276834] [aic_engine]: [1;36m      contacts:[0m
[INFO] [1778159681.897279429] [aic_engine]: [1;36m        score: 0[0m
[INFO] [1778159681.897282315] [aic_engine]: [1;36m        message: No contact detected.[0m
[INFO] [1778159681.897284890] [aic_engine]: [1;36m      duration:[0m
[INFO] [1778159681.897288867] [aic_engine]: [1;36m        score: 8.7263999999999999[0m
[INFO] [1778159681.897298335] [aic_engine]: [1;36m        message: "Task duration: 20.00 seconds."[0m
[INFO] [1778159681.897301210] [aic_engine]: [1;36m      insertion force:[0m
[INFO] [1778159681.897304587] [aic_engine]: [1;36m        score: 0[0m
[INFO] [1778159681.897307001] [aic_engine]: [1;36m        message: No excessive force detected[0m
[INFO] [1778159681.897309225] [aic_engine]: [1;36m      trajectory efficiency:[0m
[INFO] [1778159681.897311650] [aic_engine]: [1;36m        score: 5.6707730244501935[0m
[INFO] [1778159681.897315287] [aic_engine]: [1;36m        message: "Total end-effector path length: 0.38 m, initial plug-port distance: 0.33 m"[0m
[INFO] [1778159681.897321669] [aic_engine]: [1;36m      trajectory smoothness:[0m
[INFO] [1778159681.897325626] [aic_engine]: [1;36m        score: 5.2944642439848488[0m
[INFO] [1778159681.897328371] [aic_engine]: [1;36m        message: "Average linear jerk magnitude of the end effector: 5.88 m/s^3"[0m
[INFO] [1778159681.897331657] [aic_engine]: [1;36m  tier_3:[0m
[INFO] [1778159681.897334613] [aic_engine]: [1;36m    score: 75[0m
[INFO] [1778159681.897337448] [aic_engine]: [1;36m    message: Cable insertion successful.[0m
[INFO] [1778159681.897340534] [aic_engine]:  
