[INFO] [1778160130.751876167] [aic_engine]: Creating AIC Engine...
[INFO] [1778160130.751951168] [aic_engine]: Scoring output directory set to: /home/weed/aic_results
[INFO] [1778160130.751983519] [aic_engine]: [1;36m╔════════════════════════════════════════╗[0m
[INFO] [1778160130.751986664] [aic_engine]: [1;36m║   Initializing AIC Engine...           ║[0m
[INFO] [1778160130.751988668] [aic_engine]: [1;36m╚════════════════════════════════════════╝[0m
[INFO] [1778160130.752735928] [aic_engine]: Successfully parsed trial 'trial_1'
[INFO] [1778160130.752759663] [aic_engine]: Successfully parsed trial 'trial_2'
[INFO] [1778160130.752777556] [aic_engine]: Successfully parsed trial 'trial_3'
[INFO] [1778160130.752779550] [aic_engine]: Successfully parsed 3 trial(s)
[INFO] [1778160130.752784048] [aic_engine]: Waiting for clock
[INFO] [1778160130.752793466] [aic_engine]: Clock found successfully.
[INFO] [1778160130.756650251] [aic_engine]: Retrieved home joint position from config: [shoulder_pan_joint]: -0.159700
[INFO] [1778160130.756670770] [aic_engine]: Retrieved home joint position from config: [shoulder_lift_joint]: -1.354200
[INFO] [1778160130.756675749] [aic_engine]: Retrieved home joint position from config: [elbow_joint]: -1.664800
[INFO] [1778160130.756678785] [aic_engine]: Retrieved home joint position from config: [wrist_1_joint]: -1.693300
[INFO] [1778160130.756681530] [aic_engine]: Retrieved home joint position from config: [wrist_2_joint]: 1.571000
[INFO] [1778160130.756684365] [aic_engine]: Retrieved home joint position from config: [wrist_3_joint]: 1.411000
[INFO] [1778160130.756691278] [aic_engine]: Pre-built home messages for robot homing.
[INFO] [1778160130.757038419] [aic_engine]: Bag output directory: /home/weed/aic_results
[INFO] [1778160130.757044059] [aic_engine]: [1;32m✓ AIC Engine initialized successfully![0m
[INFO] [1778160130.757047155] [aic_engine]:  
[INFO] [1778160130.757050040] [aic_engine]: [1;35m╔════════════════════════════════════════╗[0m
[INFO] [1778160130.757053226] [aic_engine]: [1;35m║      Starting AIC Engine Run           ║[0m
[INFO] [1778160130.757056001] [aic_engine]: [1;35m║   Total Trials: 3                      ║[0m
[INFO] [1778160130.757059388] [aic_engine]: [1;35m╚════════════════════════════════════════╝[0m
[INFO] [1778160130.757061301] [aic_engine]:  
[INFO] [1778160130.757063576] [aic_engine]:  
[INFO] [1778160130.757065239] [aic_engine]: [1;33m━━━━━━━━━━━━━━━━━━━━━━━━━━━━━━━━━━━━━━━━[0m
[INFO] [1778160130.757067172] [aic_engine]: [1;33m  Trial 1/3: trial_1[0m
[INFO] [1778160130.757069577] [aic_engine]: [1;33m━━━━━━━━━━━━━━━━━━━━━━━━━━━━━━━━━━━━━━━━[0m
[INFO] [1778160130.757071300] [aic_engine]: [1;36m→ Starting trial 'trial_1'...[0m
[INFO] [1778160130.757074386] [aic_engine]: Checking participant model readiness...
[INFO] [1778160130.757086659] [aic_engine]: Found 1 node(s) with name 'aic_model'. Checking if it is a lifecycle node...
[INFO] [1778160130.757094123] [aic_engine]: Service '/aic_model/get_state' is available. Participant model discovered.
[INFO] [1778160130.757096818] [aic_engine]: Lifecycle node 'aic_model' is available. Checking if it is in 'unconfigured' state...
[INFO] [1778160130.757417439] [aic_engine]: Lifecycle node 'aic_model' is in 'unconfigured' state
[INFO] [1778160130.757420975] [aic_engine]: Configuring lifecycle node 'aic_model'...
[INFO] [1778160130.757424301] [aic_engine]: Transitioning model node 'aic_model' to transition 'configure'...
[INFO] [1778160130.759820130] [aic_engine]: Successfully transition model node 'aic_model' to state 'configure'
[INFO] [1778160130.760999640] [aic_engine]: Insert cable action goal was rejected by the server as expected.
[INFO] [1778160131.758527702] [aic_engine]: Lifecycle node 'aic_model' is in 'configured' state and meets all expectations.
[INFO] [1778160131.758580621] [aic_engine]: Transitioning model node 'aic_model' to transition 'activate'...
[INFO] [1778160131.759490125] [aic_engine]: Successfully transition model node 'aic_model' to state 'activate'
[INFO] [1778160131.759498490] [aic_engine]: [1;32m  ✓ Model Ready for trial 'trial_1'[0m
[INFO] [1778160131.759502327] [aic_engine]: Checking required endpoints...
[INFO] [1778160131.768536452] [aic_engine]: All required endpoints are available.
[INFO] [1778160131.768550579] [aic_engine]: [1;32m  ✓ Endpoints Ready for trial 'trial_1'[0m
[INFO] [1778160131.768553945] [aic_engine]: Readying simulator for trial 'trial_1'...
[INFO] [1778160131.768556600] [aic_engine]: Spawning task board.
[INFO] [1778160131.859921525] [aic_engine]: Successfully spawned task_board as 'task_board'
[INFO] [1778160131.859956080] [aic_engine]: Task board spawned successfully.
[INFO] [1778160131.860220645] [aic_engine]: Spawning cable.
[INFO] [1778160131.860282471] [aic_engine]: Spawning cable 'cable_0'...
[INFO] [1778160133.989874809] [aic_engine]: Successfully spawned cable_0 as 'cable_0'
[INFO] [1778160133.989917960] [aic_engine]: Cable cable_0 spawned successfully.
[INFO] [1778160137.009004417] [aic_engine]: Waiting for robot arm to stabilize.
[INFO] [1778160138.459493906] [aic_engine]: [1;32m  ✓ Simulator Ready for trial 'trial_1'[0m
[INFO] [1778160138.459535954] [aic_engine]: Checking scoring system readiness...
[INFO] [1778160138.563011133] [aic_engine]: Started recording to '/home/weed/aic_results/bag_trial_1_20260507_132218_459'.
[INFO] [1778160138.563052981] [aic_engine]: [1;32m  ✓ Scoring Ready for trial 'trial_1'[0m
[INFO] [1778160138.563057219] [aic_engine]: Starting tasks for active trial...
[INFO] [1778160138.563062489] [aic_engine]: Sending InsertCable goal for task [task_1]
[INFO] [1778160138.565045304] [aic_engine]: TrialState: TasksExecuting
[INFO] [1778160138.565082503] [aic_engine]: Waiting for result...
[INFO] [1778160159.568518162] [aic_engine]: Task [task_1] succeeded.
[INFO] [1778160159.568570890] [aic_engine]: All tasks have been processed.
[INFO] [1778160159.568576281] [aic_engine]: [1;36m  ⟳ Tasks Executing for trial 'trial_1'...[0m
[INFO] [1778160159.568581580] [aic_engine]: Checking if all tasks were completed successfully...
[INFO] [1778160159.568585608] [aic_engine]: [1;32m  ✓ All Tasks Completed for trial 'trial_1'![0m
[INFO] [1778160159.906023141] [aic_engine]: Finished scoring trial, total score is: 95.621206
[INFO] [1778160159.906058627] [aic_engine]: Resetting after trial completion...
[INFO] [1778160159.906065871] [aic_engine]: Transitioning model node 'aic_model' to transition 'deactivate'...
[INFO] [1778160159.907815819] [aic_engine]: Successfully transition model node 'aic_model' to state 'deactivate'
[INFO] [1778160159.909620890] [aic_engine]: Successfully deleted entity 'task_board'
[INFO] [1778160159.928908381] [aic_engine]: Successfully deleted entity 'cable_0'
[INFO] [1778160159.928946012] [aic_engine]: Homing robot to initial positions...
[INFO] [1778160159.931493313] [aic_engine]: aic_controller deactivated successfully.
[INFO] [1778160160.904980827] [aic_engine]: aic_controller activated successfully.
[INFO] [1778160160.905006575] [aic_engine]: Successfully reset joints to home position, robot homed successfully.
[INFO] [1778160160.905011815] [aic_engine]: Reset after trial completed.
[INFO] [1778160160.905022354] [aic_engine]: [1;32m✓ Trial 'trial_1' completed successfully! Score: 95.621206[0m
[INFO] [1778160160.905029748] [aic_engine]:  
[INFO] [1778160160.905031752] [aic_engine]: [1;33m━━━━━━━━━━━━━━━━━━━━━━━━━━━━━━━━━━━━━━━━[0m
[INFO] [1778160160.905034818] [aic_engine]: [1;33m  Trial 2/3: trial_2[0m
[INFO] [1778160160.905037573] [aic_engine]: [1;33m━━━━━━━━━━━━━━━━━━━━━━━━━━━━━━━━━━━━━━━━[0m
[INFO] [1778160160.905040007] [aic_engine]: [1;36m→ Starting trial 'trial_2'...[0m
[INFO] [1778160160.905043354] [aic_engine]: Checking participant model readiness...
[INFO] [1778160160.905081625] [aic_engine]: Found 1 node(s) with name 'aic_model'. Checking if it is a lifecycle node...
[INFO] [1778160160.905089159] [aic_engine]: Service '/aic_model/get_state' is available. Participant model discovered.
[INFO] [1778160160.905094640] [aic_engine]: Transitioning model node 'aic_model' to transition 'activate'...
[INFO] [1778160160.905843102] [aic_engine]: Successfully transition model node 'aic_model' to state 'activate'
[INFO] [1778160160.905856096] [aic_engine]: [1;32m  ✓ Model Ready for trial 'trial_2'[0m
[INFO] [1778160160.905859723] [aic_engine]: Checking required endpoints...
[INFO] [1778160160.914610325] [aic_engine]: All required endpoints are available.
[INFO] [1778160160.914628640] [aic_engine]: [1;32m  ✓ Endpoints Ready for trial 'trial_2'[0m
[INFO] [1778160160.914631685] [aic_engine]: Readying simulator for trial 'trial_2'...
[INFO] [1778160160.914635583] [aic_engine]: Spawning task board.
[INFO] [1778160160.987431008] [aic_engine]: Successfully spawned task_board as 'task_board'
[INFO] [1778160160.987473017] [aic_engine]: Task board spawned successfully.
[INFO] [1778160160.987734056] [aic_engine]: Spawning cable.
[INFO] [1778160160.987776245] [aic_engine]: Spawning cable 'cable_1'...
[INFO] [1778160161.135320474] [aic_engine]: Successfully spawned cable_1 as 'cable_1'
[INFO] [1778160161.135362382] [aic_engine]: Cable cable_1 spawned successfully.
[INFO] [1778160161.440509794] [aic_engine]: Waiting for robot arm to stabilize.
[INFO] [1778160163.097049893] [aic_engine]: [1;32m  ✓ Simulator Ready for trial 'trial_2'[0m
[INFO] [1778160163.097091300] [aic_engine]: Checking scoring system readiness...
[INFO] [1778160163.214533158] [aic_engine]: Started recording to '/home/weed/aic_results/bag_trial_2_20260507_132243_097'.
[INFO] [1778160163.214574155] [aic_engine]: [1;32m  ✓ Scoring Ready for trial 'trial_2'[0m
[INFO] [1778160163.214578383] [aic_engine]: Starting tasks for active trial...
[INFO] [1778160163.214588262] [aic_engine]: Sending InsertCable goal for task [task_1]
[INFO] [1778160163.216202175] [aic_engine]: TrialState: TasksExecuting
[INFO] [1778160163.216227302] [aic_engine]: Waiting for result...
[INFO] [1778160183.221873389] [aic_engine]: Task [task_1] succeeded.
[INFO] [1778160183.221910348] [aic_engine]: All tasks have been processed.
[INFO] [1778160183.221913774] [aic_engine]: [1;36m  ⟳ Tasks Executing for trial 'trial_2'...[0m
[INFO] [1778160183.221917592] [aic_engine]: Checking if all tasks were completed successfully...
[INFO] [1778160183.221920717] [aic_engine]: [1;32m  ✓ All Tasks Completed for trial 'trial_2'![0m
[INFO] [1778160183.744356690] [aic_engine]: Finished scoring trial, total score is: 95.626071
[INFO] [1778160183.744411653] [aic_engine]: Resetting after trial completion...
[INFO] [1778160183.744422824] [aic_engine]: Transitioning model node 'aic_model' to transition 'deactivate'...
[INFO] [1778160183.745632349] [aic_engine]: Successfully transition model node 'aic_model' to state 'deactivate'
[INFO] [1778160183.746944717] [aic_engine]: Successfully deleted entity 'task_board'
[INFO] [1778160183.756357128] [aic_engine]: Successfully deleted entity 'cable_1'
[INFO] [1778160183.756383618] [aic_engine]: Homing robot to initial positions...
[INFO] [1778160183.759016420] [aic_engine]: aic_controller deactivated successfully.
[INFO] [1778160184.273096669] [aic_engine]: aic_controller activated successfully.
[INFO] [1778160184.273121726] [aic_engine]: Successfully reset joints to home position, robot homed successfully.
[INFO] [1778160184.273126074] [aic_engine]: Reset after trial completed.
[INFO] [1778160184.273134700] [aic_engine]: [1;32m✓ Trial 'trial_2' completed successfully! Score: 95.626071[0m
[INFO] [1778160184.273150089] [aic_engine]:  
[INFO] [1778160184.273153024] [aic_engine]: [1;33m━━━━━━━━━━━━━━━━━━━━━━━━━━━━━━━━━━━━━━━━[0m
[INFO] [1778160184.273158064] [aic_engine]: [1;33m  Trial 3/3: trial_3[0m
[INFO] [1778160184.273161841] [aic_engine]: [1;33m━━━━━━━━━━━━━━━━━━━━━━━━━━━━━━━━━━━━━━━━[0m
[INFO] [1778160184.273165207] [aic_engine]: [1;36m→ Starting trial 'trial_3'...[0m
[INFO] [1778160184.273169565] [aic_engine]: Checking participant model readiness...
[INFO] [1778160184.273201625] [aic_engine]: Found 1 node(s) with name 'aic_model'. Checking if it is a lifecycle node...
[INFO] [1778160184.273223496] [aic_engine]: Service '/aic_model/get_state' is available. Participant model discovered.
[INFO] [1778160184.273230670] [aic_engine]: Transitioning model node 'aic_model' to transition 'activate'...
[INFO] [1778160184.274108695] [aic_engine]: Successfully transition model node 'aic_model' to state 'activate'
[INFO] [1778160184.274112301] [aic_engine]: [1;32m  ✓ Model Ready for trial 'trial_3'[0m
[INFO] [1778160184.274115046] [aic_engine]: Checking required endpoints...
[INFO] [1778160184.282899321] [aic_engine]: All required endpoints are available.
[INFO] [1778160184.282915551] [aic_engine]: [1;32m  ✓ Endpoints Ready for trial 'trial_3'[0m
[INFO] [1778160184.282918887] [aic_engine]: Readying simulator for trial 'trial_3'...
[INFO] [1778160184.282921843] [aic_engine]: Spawning task board.
[INFO] [1778160184.353968183] [aic_engine]: Successfully spawned task_board as 'task_board'
[INFO] [1778160184.354002878] [aic_engine]: Task board spawned successfully.
[INFO] [1778160184.354219804] [aic_engine]: Spawning cable.
[INFO] [1778160184.354256122] [aic_engine]: Spawning cable 'cable_1'...
[INFO] [1778160184.504556317] [aic_engine]: Successfully spawned cable_1 as 'cable_1'
[INFO] [1778160184.504603666] [aic_engine]: Cable cable_1 spawned successfully.
[INFO] [1778160184.804816018] [aic_engine]: Waiting for robot arm to stabilize.
[INFO] [1778160186.461357324] [aic_engine]: [1;32m  ✓ Simulator Ready for trial 'trial_3'[0m
[INFO] [1778160186.461394133] [aic_engine]: Checking scoring system readiness...
[INFO] [1778160186.584819456] [aic_engine]: Started recording to '/home/weed/aic_results/bag_trial_3_20260507_132306_461'.
[INFO] [1778160186.584856535] [aic_engine]: [1;32m  ✓ Scoring Ready for trial 'trial_3'[0m
[INFO] [1778160186.584860182] [aic_engine]: Starting tasks for active trial...
[INFO] [1778160186.584865111] [aic_engine]: Sending InsertCable goal for task [task_1]
[INFO] [1778160186.586591645] [aic_engine]: TrialState: TasksExecuting
[INFO] [1778160186.586618666] [aic_engine]: Waiting for result...
[INFO] [1778160206.588170189] [aic_engine]: Task [task_1] succeeded.
[INFO] [1778160206.588207729] [aic_engine]: All tasks have been processed.
[INFO] [1778160206.588211446] [aic_engine]: [1;36m  ⟳ Tasks Executing for trial 'trial_3'...[0m
[INFO] [1778160206.588215383] [aic_engine]: Checking if all tasks were completed successfully...
[INFO] [1778160206.588218880] [aic_engine]: [1;32m  ✓ All Tasks Completed for trial 'trial_3'![0m
[INFO] [1778160207.319339838] [aic_engine]: Finished scoring trial, total score is: 95.661478
[INFO] [1778160207.319375034] [aic_engine]: Resetting after trial completion...
[INFO] [1778160207.319382368] [aic_engine]: Transitioning model node 'aic_model' to transition 'deactivate'...
[INFO] [1778160207.322107011] [aic_engine]: Successfully transition model node 'aic_model' to state 'deactivate'
[INFO] [1778160207.323318100] [aic_engine]: Successfully deleted entity 'task_board'
[INFO] [1778160207.332450816] [aic_engine]: Successfully deleted entity 'cable_1'
[INFO] [1778160207.332467106] [aic_engine]: Homing robot to initial positions...
[INFO] [1778160207.334795367] [aic_engine]: aic_controller deactivated successfully.
[INFO] [1778160207.634727872] [aic_engine]: aic_controller activated successfully.
[INFO] [1778160207.634750664] [aic_engine]: Successfully reset joints to home position, robot homed successfully.
[INFO] [1778160207.634754662] [aic_engine]: Reset after trial completed.
[INFO] [1778160207.634762847] [aic_engine]: [1;32m✓ Trial 'trial_3' completed successfully! Score: 95.661478[0m
[INFO] [1778160207.634772165] [aic_engine]: Transitioning model node 'aic_model' to transition 'cleanup'...
[INFO] [1778160207.635562565] [aic_engine]: Successfully transition model node 'aic_model' to state 'cleanup'
[INFO] [1778160207.635567715] [aic_engine]: Transitioning model node 'aic_model' to transition 'shutdown'...
[INFO] [1778160207.636539846] [aic_engine]: Successfully transition model node 'aic_model' to state 'shutdown'
[INFO] [1778160207.637328473] [aic_engine]:  
[INFO] [1778160207.637343922] [aic_engine]: [1;32m╔════════════════════════════════════════╗[0m
[INFO] [1778160207.637348420] [aic_engine]: [1;32m║   ✓ All Trials Processed!              ║[0m
[INFO] [1778160207.637352267] [aic_engine]: [1;32m║   Successful: 3  Failed: 0             ║[0m
[INFO] [1778160207.637355433] [aic_engine]: [1;32m║   Total Score: 286.909                     ║[0m
[INFO] [1778160207.637359270] [aic_engine]: [1;32m╚════════════════════════════════════════╝[0m
[INFO] [1778160207.637362106] [aic_engine]:  
[INFO] [1778160207.637625980] [aic_engine]: [1;36m╔════════════════════════════════════════╗[0m
[INFO] [1778160207.637629987] [aic_engine]: [1;36m║        Complete Scoring Results        ║[0m
[INFO] [1778160207.637633384] [aic_engine]: [1;36m╚════════════════════════════════════════╝[0m
[INFO] [1778160207.637637111] [aic_engine]: [1;36mtotal: 286.90875556967404[0m
[INFO] [1778160207.637640297] [aic_engine]: [1;36mtrial_1:[0m
[INFO] [1778160207.637642511] [aic_engine]: [1;36m  tier_1:[0m
[INFO] [1778160207.637644545] [aic_engine]: [1;36m    score: 1[0m
[INFO] [1778160207.637646789] [aic_engine]: [1;36m    message: Model validation succeeded.[0m
[INFO] [1778160207.637649263] [aic_engine]: [1;36m  tier_2:[0m
[INFO] [1778160207.637651888] [aic_engine]: [1;36m    score: 19.621206278492281[0m
[INFO] [1778160207.637653511] [aic_engine]: [1;36m    message: Scoring succeeded.[0m
[INFO] [1778160207.637655856] [aic_engine]: [1;36m    categories:[0m
[INFO] [1778160207.637657709] [aic_engine]: [1;36m      contacts:[0m
[INFO] [1778160207.637659663] [aic_engine]: [1;36m        score: 0[0m
[INFO] [1778160207.637661927] [aic_engine]: [1;36m        message: No contact detected.[0m
[INFO] [1778160207.637677496] [aic_engine]: [1;36m      duration:[0m
[INFO] [1778160207.637679650] [aic_engine]: [1;36m        score: 8.5086545454545455[0m
[INFO] [1778160207.637681494] [aic_engine]: [1;36m        message: "Task duration: 21.00 seconds."[0m
[INFO] [1778160207.637683948] [aic_engine]: [1;36m      insertion force:[0m
[INFO] [1778160207.637685812] [aic_engine]: [1;36m        score: 0[0m
[INFO] [1778160207.637688116] [aic_engine]: [1;36m        message: No excessive force detected[0m
[INFO] [1778160207.637689920] [aic_engine]: [1;36m      trajectory efficiency:[0m
[INFO] [1778160207.637691713] [aic_engine]: [1;36m        score: 5.938263820519782[0m
[INFO] [1778160207.637693617] [aic_engine]: [1;36m        message: "Total end-effector path length: 0.14 m, initial plug-port distance: 0.13 m"[0m
[INFO] [1778160207.637696101] [aic_engine]: [1;36m      trajectory smoothness:[0m
[INFO] [1778160207.637697784] [aic_engine]: [1;36m        score: 5.1742879125179542[0m
[INFO] [1778160207.637699608] [aic_engine]: [1;36m        message: "Average linear jerk magnitude of the end effector: 6.88 m/s^3"[0m
[INFO] [1778160207.637702173] [aic_engine]: [1;36m  tier_3:[0m
[INFO] [1778160207.637704437] [aic_engine]: [1;36m    score: 75[0m
[INFO] [1778160207.637707142] [aic_engine]: [1;36m    message: Cable insertion successful.[0m
[INFO] [1778160207.637709897] [aic_engine]: [1;36mtrial_2:[0m
[INFO] [1778160207.637712512] [aic_engine]: [1;36m  tier_1:[0m
[INFO] [1778160207.637714516] [aic_engine]: [1;36m    score: 1[0m
[INFO] [1778160207.637716690] [aic_engine]: [1;36m    message: Model validation succeeded.[0m
[INFO] [1778160207.637718423] [aic_engine]: [1;36m  tier_2:[0m
[INFO] [1778160207.637720086] [aic_engine]: [1;36m    score: 19.626071427379522[0m
[INFO] [1778160207.637721669] [aic_engine]: [1;36m    message: Scoring succeeded.[0m
[INFO] [1778160207.637724034] [aic_engine]: [1;36m    categories:[0m
[INFO] [1778160207.637725526] [aic_engine]: [1;36m      contacts:[0m
[INFO] [1778160207.637727670] [aic_engine]: [1;36m        score: 0[0m
[INFO] [1778160207.637729183] [aic_engine]: [1;36m        message: No contact detected.[0m
[INFO] [1778160207.637730916] [aic_engine]: [1;36m      duration:[0m
[INFO] [1778160207.637732900] [aic_engine]: [1;36m        score: 8.7259636363636357[0m
[INFO] [1778160207.637734563] [aic_engine]: [1;36m        message: "Task duration: 20.01 seconds."[0m
[INFO] [1778160207.637736437] [aic_engine]: [1;36m      insertion force:[0m
[INFO] [1778160207.637738200] [aic_engine]: [1;36m        score: 0[0m
[INFO] [1778160207.637739693] [aic_engine]: [1;36m        message: No excessive force detected[0m
[INFO] [1778160207.637741376] [aic_engine]: [1;36m      trajectory efficiency:[0m
[INFO] [1778160207.637743730] [aic_engine]: [1;36m        score: 5.642167819065131[0m
[INFO] [1778160207.637745524] [aic_engine]: [1;36m        message: "Total end-effector path length: 0.38 m, initial plug-port distance: 0.32 m"[0m
[INFO] [1778160207.637748008] [aic_engine]: [1;36m      trajectory smoothness:[0m
[INFO] [1778160207.637749912] [aic_engine]: [1;36m        score: 5.2579399719507531[0m
[INFO] [1778160207.637751936] [aic_engine]: [1;36m        message: "Average linear jerk magnitude of the end effector: 6.18 m/s^3"[0m
[INFO] [1778160207.637753879] [aic_engine]: [1;36m  tier_3:[0m
[INFO] [1778160207.637755663] [aic_engine]: [1;36m    score: 75[0m
[INFO] [1778160207.637757276] [aic_engine]: [1;36m    message: Cable insertion successful.[0m
[INFO] [1778160207.637759079] [aic_engine]: [1;36mtrial_3:[0m
[INFO] [1778160207.637760692] [aic_engine]: [1;36m  tier_1:[0m
[INFO] [1778160207.637762155] [aic_engine]: [1;36m    score: 1[0m
[INFO] [1778160207.637763958] [aic_engine]: [1;36m    message: Model validation succeeded.[0m
[INFO] [1778160207.637765551] [aic_engine]: [1;36m  tier_2:[0m
[INFO] [1778160207.637767214] [aic_engine]: [1;36m    score: 19.661477863802247[0m
[INFO] [1778160207.637769459] [aic_engine]: [1;36m    message: Scoring succeeded.[0m
[INFO] [1778160207.637772725] [aic_engine]: [1;36m    categories:[0m
[INFO] [1778160207.637774979] [aic_engine]: [1;36m      contacts:[0m
[INFO] [1778160207.637776702] [aic_engine]: [1;36m        score: 0[0m
[INFO] [1778160207.637778616] [aic_engine]: [1;36m        message: No contact detected.[0m
[INFO] [1778160207.637780459] [aic_engine]: [1;36m      duration:[0m
[INFO] [1778160207.637783174] [aic_engine]: [1;36m        score: 8.7268363636363642[0m
[INFO] [1778160207.637790418] [aic_engine]: [1;36m        message: "Task duration: 20.00 seconds."[0m
[INFO] [1778160207.637792642] [aic_engine]: [1;36m      insertion force:[0m
[INFO] [1778160207.637794265] [aic_engine]: [1;36m        score: 0[0m
[INFO] [1778160207.637796339] [aic_engine]: [1;36m        message: No excessive force detected[0m
[INFO] [1778160207.637797972] [aic_engine]: [1;36m      trajectory efficiency:[0m
[INFO] [1778160207.637800246] [aic_engine]: [1;36m        score: 5.6583142756421019[0m
[INFO] [1778160207.637802050] [aic_engine]: [1;36m        message: "Total end-effector path length: 0.38 m, initial plug-port distance: 0.33 m"[0m
[INFO] [1778160207.637804364] [aic_engine]: [1;36m      trajectory smoothness:[0m
[INFO] [1778160207.637806468] [aic_engine]: [1;36m        score: 5.2763272245237793[0m
[INFO] [1778160207.637808321] [aic_engine]: [1;36m        message: "Average linear jerk magnitude of the end effector: 6.03 m/s^3"[0m
[INFO] [1778160207.637810576] [aic_engine]: [1;36m  tier_3:[0m
[INFO] [1778160207.637812650] [aic_engine]: [1;36m    score: 75[0m
[INFO] [1778160207.637814643] [aic_engine]: [1;36m    message: Cable insertion successful.[0m
[INFO] [1778160207.637816757] [aic_engine]:  
[ERROR] [1778160207.656525209] [rmw_zenoh_cpp]: SubscriberCallback triggered over 0/joint_states/sensor_msgs::msg::dds_::JointState_/RIHS01_a13ee3a330e346c9d87b5aa18d24e11690752bd33a0350f11c5882bc9179260e.
