[INFO] [1778113840.376664127] [aic_engine]: Creating AIC Engine...
[INFO] [1778113840.376740109] [aic_engine]: Scoring output directory set to: /root/aic_results
[INFO] [1778113840.376769594] [aic_engine]: [1;36m╔════════════════════════════════════════╗[0m
[INFO] [1778113840.376772600] [aic_engine]: [1;36m║   Initializing AIC Engine...           ║[0m
[INFO] [1778113840.376774393] [aic_engine]: [1;36m╚════════════════════════════════════════╝[0m
[INFO] [1778113840.377505901] [aic_engine]: Successfully parsed trial 'trial_1'
[INFO] [1778113840.377530336] [aic_engine]: Successfully parsed trial 'trial_2'
[INFO] [1778113840.377547939] [aic_engine]: Successfully parsed trial 'trial_3'
[INFO] [1778113840.377550003] [aic_engine]: Successfully parsed 3 trial(s)
[INFO] [1778113840.377554842] [aic_engine]: Waiting for clock
[INFO] [1778113840.387625557] [aic_engine]: Clock found successfully.
[INFO] [1778113840.391572395] [aic_engine]: Retrieved home joint position from config: [shoulder_pan_joint]: -0.159700
[INFO] [1778113840.391590559] [aic_engine]: Retrieved home joint position from config: [shoulder_lift_joint]: -1.354200
[INFO] [1778113840.391594376] [aic_engine]: Retrieved home joint position from config: [elbow_joint]: -1.664800
[INFO] [1778113840.391597391] [aic_engine]: Retrieved home joint position from config: [wrist_1_joint]: -1.693300
[INFO] [1778113840.391600297] [aic_engine]: Retrieved home joint position from config: [wrist_2_joint]: 1.571000
[INFO] [1778113840.391603192] [aic_engine]: Retrieved home joint position from config: [wrist_3_joint]: 1.411000
[INFO] [1778113840.391607510] [aic_engine]: Pre-built home messages for robot homing.
[INFO] [1778113840.392013439] [aic_engine]: Bag output directory: /root/aic_results
[INFO] [1778113840.392020272] [aic_engine]: [1;32m✓ AIC Engine initialized successfully![0m
[INFO] [1778113840.392023548] [aic_engine]:  
[INFO] [1778113840.392025962] [aic_engine]: [1;35m╔════════════════════════════════════════╗[0m
[INFO] [1778113840.392028467] [aic_engine]: [1;35m║      Starting AIC Engine Run           ║[0m
[INFO] [1778113840.392030431] [aic_engine]: [1;35m║   Total Trials: 3                      ║[0m
[INFO] [1778113840.392032685] [aic_engine]: [1;35m╚════════════════════════════════════════╝[0m
[INFO] [1778113840.392034809] [aic_engine]:  
[INFO] [1778113840.392037173] [aic_engine]:  
[INFO] [1778113840.392039047] [aic_engine]: [1;33m━━━━━━━━━━━━━━━━━━━━━━━━━━━━━━━━━━━━━━━━[0m
[INFO] [1778113840.392041041] [aic_engine]: [1;33m  Trial 1/3: trial_1[0m
[INFO] [1778113840.392043365] [aic_engine]: [1;33m━━━━━━━━━━━━━━━━━━━━━━━━━━━━━━━━━━━━━━━━[0m
[INFO] [1778113840.392045198] [aic_engine]: [1;36m→ Starting trial 'trial_1'...[0m
[INFO] [1778113840.392047994] [aic_engine]: Checking participant model readiness...
[INFO] [1778113840.392061208] [aic_engine]: Found 1 node(s) with name 'aic_model'. Checking if it is a lifecycle node...
[INFO] [1778113840.392069644] [aic_engine]: Service '/aic_model/get_state' is available. Participant model discovered.
[INFO] [1778113840.392072379] [aic_engine]: Lifecycle node 'aic_model' is available. Checking if it is in 'unconfigured' state...
[INFO] [1778113840.392473228] [aic_engine]: Lifecycle node 'aic_model' is in 'unconfigured' state
[INFO] [1778113840.392477296] [aic_engine]: Configuring lifecycle node 'aic_model'...
[INFO] [1778113840.392481093] [aic_engine]: Transitioning model node 'aic_model' to transition 'configure'...
[INFO] [1778113840.396995502] [aic_engine]: Successfully transition model node 'aic_model' to state 'configure'
[INFO] [1778113840.397842545] [aic_engine]: Insert cable action goal was rejected by the server as expected.
[INFO] [1778113841.395697262] [aic_engine]: Lifecycle node 'aic_model' is in 'configured' state and meets all expectations.
[INFO] [1778113841.395740973] [aic_engine]: Transitioning model node 'aic_model' to transition 'activate'...
[INFO] [1778113841.396656966] [aic_engine]: Successfully transition model node 'aic_model' to state 'activate'
[INFO] [1778113841.396664620] [aic_engine]: [1;32m  ✓ Model Ready for trial 'trial_1'[0m
[INFO] [1778113841.396668277] [aic_engine]: Checking required endpoints...
[INFO] [1778113841.405716761] [aic_engine]: All required endpoints are available.
[INFO] [1778113841.405733552] [aic_engine]: [1;32m  ✓ Endpoints Ready for trial 'trial_1'[0m
[INFO] [1778113841.405737379] [aic_engine]: Readying simulator for trial 'trial_1'...
[INFO] [1778113841.405739834] [aic_engine]: Spawning task board.
[INFO] [1778113841.508401274] [aic_engine]: Successfully spawned task_board as 'task_board'
[INFO] [1778113841.508448322] [aic_engine]: Task board spawned successfully.
[INFO] [1778113841.508758833] [aic_engine]: Spawning cable.
[INFO] [1778113841.508835716] [aic_engine]: Spawning cable 'cable_0'...
[INFO] [1778113843.628091578] [aic_engine]: Successfully spawned cable_0 as 'cable_0'
[INFO] [1778113843.628137574] [aic_engine]: Cable cable_0 spawned successfully.
[INFO] [1778113846.836487557] [aic_engine]: Waiting for robot arm to stabilize.
