not found: "/opt/ros/kilted/local_setup.bash"
[INFO] [1778131391.565084089] [aic_model]: Loading policy module: aic_example_policies.ros.AutoCode
[INFO] [1778131391.569433740] [aic_model]: Loaded policy module aic_example_policies.ros.AutoCode
[INFO] [1778131391.569616081] [aic_model]: Using policy: AutoCode
[INFO] [1778131401.389827586] [aic_model]: on_configure(LifecycleState(label='unconfigured', state_id=1))
[INFO] [1778131401.389992756] [aic_model]: Instantiating policy...
[INFO] [1778131401.391666849] [aic_model]: Policy.__init__()
[ERROR] [1778131401.392864831] [aic_model]: aic_model lifecycle is not in the active state
[INFO] [1778131402.390828853] [aic_model]: on_activate()
[INFO] [1778131409.335711929] [aic_model]: Goal accepted
[INFO] [1778131409.336484134] [aic_model]: Entering insert_cable_execute_callback()
[INFO] [1778131409.337185046] [aic_model]: insert_cable execute loop
[INFO] [1778131409.339180280] [aic_model]: AutoCode.insert_cable() task: aic_task_interfaces.msg.Task(id='task_1', cable_type='sfp_sc', cable_name='cable_0', plug_type='sfp', plug_name='sfp_tip', port_type='sfp', port_name='sfp_port_0', target_module_name='nic_card_mount_0', time_limit=180)
[INFO] [1778131409.341609025] [aic_model]: pfrac: 0.0 xy_error: -0.0125 -0.002   integrators: 0.0 , 0.0
[INFO] [1778131409.342597646] [aic_model]: Setting cartesian mode...
[INFO] [1778131409.344391192] [aic_model]: Successfully set target mode
[INFO] [1778131409.394464436] [aic_model]: pfrac: 0.025 xy_error: -0.0125 -0.00198   integrators: 0.0 , 0.0
[INFO] [1778131409.444458301] [aic_model]: pfrac: 0.05 xy_error: -0.0125 -0.00171   integrators: 0.0 , 0.0
[INFO] [1778131409.494316612] [aic_model]: pfrac: 0.075 xy_error: -0.0124 -0.00129   integrators: 0.0 , 0.0
[INFO] [1778131409.543647766] [aic_model]: pfrac: 0.1 xy_error: -0.0124 -0.00078   integrators: 0.0 , 0.0
[INFO] [1778131409.594195448] [aic_model]: pfrac: 0.125 xy_error: -0.0123 -0.000176   integrators: 0.0 , 0.0
[INFO] [1778131409.644253883] [aic_model]: pfrac: 0.15 xy_error: -0.0122 0.000474   integrators: 0.0 , 0.0
[INFO] [1778131409.698047259] [aic_model]: pfrac: 0.175 xy_error: -0.0122 0.00113   integrators: 0.0 , 0.0
[INFO] [1778131409.747912633] [aic_model]: pfrac: 0.2 xy_error: -0.0121 0.00185   integrators: 0.0 , 0.0
[INFO] [1778131409.798393640] [aic_model]: pfrac: 0.225 xy_error: -0.0119 0.00257   integrators: 0.0 , 0.0
[INFO] [1778131409.848377356] [aic_model]: pfrac: 0.25 xy_error: -0.0118 0.00327   integrators: 0.0 , 0.0
[INFO] [1778131409.898714152] [aic_model]: pfrac: 0.275 xy_error: -0.0117 0.00398   integrators: 0.0 , 0.0
[INFO] [1778131409.952712732] [aic_model]: pfrac: 0.3 xy_error: -0.0116 0.00462   integrators: 0.0 , 0.0
[INFO] [1778131410.002357373] [aic_model]: pfrac: 0.325 xy_error: -0.0114 0.00517   integrators: 0.0 , 0.0
[INFO] [1778131410.052425237] [aic_model]: pfrac: 0.35 xy_error: -0.0113 0.00565   integrators: 0.0 , 0.0
[INFO] [1778131410.102240507] [aic_model]: pfrac: 0.375 xy_error: -0.0111 0.00607   integrators: 0.0 , 0.0
[INFO] [1778131410.152010223] [aic_model]: pfrac: 0.4 xy_error: -0.0109 0.0065   integrators: 0.0 , 0.0
[INFO] [1778131410.202521226] [aic_model]: pfrac: 0.425 xy_error: -0.0106 0.00685   integrators: 0.0 , 0.0
[INFO] [1778131410.251834176] [aic_model]: pfrac: 0.45 xy_error: -0.0104 0.00712   integrators: 0.0 , 0.0
[INFO] [1778131410.302277813] [aic_model]: pfrac: 0.475 xy_error: -0.0102 0.0073   integrators: 0.0 , 0.0
[INFO] [1778131410.336580802] [aic_model]: insert_cable execute loop
[INFO] [1778131410.352392033] [aic_model]: pfrac: 0.5 xy_error: -0.00987 0.00741   integrators: 0.0 , 0.0
[INFO] [1778131410.402397670] [aic_model]: pfrac: 0.525 xy_error: -0.00959 0.00749   integrators: 0.0 , 0.0
[INFO] [1778131410.452342984] [aic_model]: pfrac: 0.55 xy_error: -0.00927 0.00749   integrators: 0.0 , 0.0
[INFO] [1778131410.502344203] [aic_model]: pfrac: 0.575 xy_error: -0.00896 0.00742   integrators: 0.0 , 0.0
[INFO] [1778131410.552449636] [aic_model]: pfrac: 0.6 xy_error: -0.00863 0.00729   integrators: 0.0 , 0.0
[INFO] [1778131410.602368601] [aic_model]: pfrac: 0.625 xy_error: -0.00822 0.0071   integrators: 0.0 , 0.0
[INFO] [1778131410.651896183] [aic_model]: pfrac: 0.65 xy_error: -0.00782 0.00691   integrators: 0.0 , 0.0
[INFO] [1778131410.702154293] [aic_model]: pfrac: 0.675 xy_error: -0.00739 0.00667   integrators: 0.0 , 0.0
[INFO] [1778131410.752534671] [aic_model]: pfrac: 0.7 xy_error: -0.00693 0.00641   integrators: 0.0 , 0.0
[INFO] [1778131410.802421265] [aic_model]: pfrac: 0.725 xy_error: -0.00646 0.0061   integrators: 0.0 , 0.0
[INFO] [1778131410.852300806] [aic_model]: pfrac: 0.75 xy_error: -0.00597 0.00578   integrators: 0.0 , 0.0
[INFO] [1778131410.902708075] [aic_model]: pfrac: 0.775 xy_error: -0.00545 0.00544   integrators: 0.0 , 0.0
[INFO] [1778131410.952435601] [aic_model]: pfrac: 0.8 xy_error: -0.00497 0.00509   integrators: 0.0 , 0.0
[INFO] [1778131411.002435488] [aic_model]: pfrac: 0.825 xy_error: -0.00446 0.00472   integrators: 0.0 , 0.0
[INFO] [1778131411.052460821] [aic_model]: pfrac: 0.85 xy_error: -0.00395 0.00438   integrators: 0.0 , 0.0
[INFO] [1778131411.102408981] [aic_model]: pfrac: 0.875 xy_error: -0.00347 0.00402   integrators: 0.0 , 0.0
[INFO] [1778131411.152418505] [aic_model]: pfrac: 0.9 xy_error: -0.00301 0.00366   integrators: 0.0 , 0.0
[INFO] [1778131411.202364050] [aic_model]: pfrac: 0.925 xy_error: -0.00256 0.00328   integrators: 0.0 , 0.0
[INFO] [1778131411.252384384] [aic_model]: pfrac: 0.95 xy_error: -0.00213 0.0029   integrators: 0.0 , 0.0
[INFO] [1778131411.302274275] [aic_model]: pfrac: 0.975 xy_error: -0.00173 0.00253   integrators: 0.0 , 0.0
[INFO] [1778131411.336024058] [aic_model]: insert_cable execute loop
[INFO] [1778131411.351825722] [aic_model]: pfrac: 1.0 xy_error: -0.00134 0.00222   integrators: -0.00134 , 0.00222
[INFO] [1778131411.402474022] [aic_model]: pfrac: 1.0 xy_error: -0.000972 0.00193   integrators: -0.00232 , 0.00415
[INFO] [1778131411.452363641] [aic_model]: pfrac: 1.0 xy_error: -0.000594 0.00162   integrators: -0.00291 , 0.00578
[INFO] [1778131411.502492619] [aic_model]: pfrac: 1.0 xy_error: -0.000216 0.00131   integrators: -0.00312 , 0.00708
[INFO] [1778131411.551965980] [aic_model]: pfrac: 1.0 xy_error: 0.000105 0.00102   integrators: -0.00302 , 0.00811
[INFO] [1778131411.602148248] [aic_model]: pfrac: 1.0 xy_error: 0.00042 0.000749   integrators: -0.0026 , 0.00886
[INFO] [1778131411.651560404] [aic_model]: pfrac: 1.0 xy_error: 0.000705 0.000475   integrators: -0.0019 , 0.00933
[INFO] [1778131411.702394381] [aic_model]: pfrac: 1.0 xy_error: 0.000954 0.000265   integrators: -0.000942 , 0.0096
[INFO] [1778131411.752431056] [aic_model]: pfrac: 1.0 xy_error: 0.00115 0.000101   integrators: 0.000206 , 0.0097
[INFO] [1778131411.801812846] [aic_model]: pfrac: 1.0 xy_error: 0.00131 -7.5e-05   integrators: 0.00151 , 0.00962
[INFO] [1778131411.852431210] [aic_model]: pfrac: 1.0 xy_error: 0.00142 -0.000193   integrators: 0.00293 , 0.00943
[INFO] [1778131411.902463136] [aic_model]: pfrac: 1.0 xy_error: 0.0015 -0.000267   integrators: 0.00443 , 0.00916
[INFO] [1778131411.953772152] [aic_model]: pfrac: 1.0 xy_error: 0.00154 -0.000348   integrators: 0.00597 , 0.00882
[INFO] [1778131412.003587283] [aic_model]: pfrac: 1.0 xy_error: 0.00155 -0.000391   integrators: 0.00752 , 0.00842
[INFO] [1778131412.054499096] [aic_model]: pfrac: 1.0 xy_error: 0.00155 -0.000389   integrators: 0.00907 , 0.00803
[INFO] [1778131412.103765099] [aic_model]: pfrac: 1.0 xy_error: 0.00149 -0.000372   integrators: 0.0106 , 0.00766
[INFO] [1778131412.153629772] [aic_model]: pfrac: 1.0 xy_error: 0.00143 -0.000321   integrators: 0.012 , 0.00734
[INFO] [1778131412.203543777] [aic_model]: pfrac: 1.0 xy_error: 0.00134 -0.000282   integrators: 0.0133 , 0.00706
[INFO] [1778131412.254341998] [aic_model]: pfrac: 1.0 xy_error: 0.00123 -0.000222   integrators: 0.0146 , 0.00684
[INFO] [1778131412.304439187] [aic_model]: pfrac: 1.0 xy_error: 0.00112 -0.000146   integrators: 0.0157 , 0.00669
[INFO] [1778131412.335768681] [aic_model]: insert_cable execute loop
[INFO] [1778131412.353553035] [aic_model]: z_offset: 0.1992
[INFO] [1778131412.354394159] [aic_model]: pfrac: 1.0 xy_error: 0.000988 -5.07e-05   integrators: 0.0167 , 0.00664
[INFO] [1778131412.403441903] [aic_model]: z_offset: 0.1984
[INFO] [1778131412.404704276] [aic_model]: pfrac: 1.0 xy_error: 0.000847 1.44e-05   integrators: 0.0175 , 0.00666
[INFO] [1778131412.453437361] [aic_model]: z_offset: 0.1976
[INFO] [1778131412.454695756] [aic_model]: pfrac: 1.0 xy_error: 0.000665 8.79e-05   integrators: 0.0182 , 0.00674
[INFO] [1778131412.503372196] [aic_model]: z_offset: 0.1968
[INFO] [1778131412.504520124] [aic_model]: pfrac: 1.0 xy_error: 0.00047 0.000162   integrators: 0.0187 , 0.00691
[INFO] [1778131412.553400826] [aic_model]: z_offset: 0.196
[INFO] [1778131412.554720917] [aic_model]: pfrac: 1.0 xy_error: 0.000273 0.000248   integrators: 0.0189 , 0.00715
[INFO] [1778131412.603399059] [aic_model]: z_offset: 0.1952
[INFO] [1778131412.604632097] [aic_model]: pfrac: 1.0 xy_error: 8.13e-05 0.000333   integrators: 0.019 , 0.00749
[INFO] [1778131412.653426587] [aic_model]: z_offset: 0.1944
[INFO] [1778131412.654691745] [aic_model]: pfrac: 1.0 xy_error: -8.66e-05 0.000429   integrators: 0.0189 , 0.00792
[INFO] [1778131412.703587635] [aic_model]: z_offset: 0.1936
[INFO] [1778131412.704769948] [aic_model]: pfrac: 1.0 xy_error: -0.00027 0.000533   integrators: 0.0187 , 0.00845
[INFO] [1778131412.753402455] [aic_model]: z_offset: 0.1928
[INFO] [1778131412.754579438] [aic_model]: pfrac: 1.0 xy_error: -0.000448 0.000642   integrators: 0.0182 , 0.00909
[INFO] [1778131412.803381433] [aic_model]: z_offset: 0.192
[INFO] [1778131412.804656389] [aic_model]: pfrac: 1.0 xy_error: -0.000614 0.000728   integrators: 0.0176 , 0.00982
[INFO] [1778131412.853389895] [aic_model]: z_offset: 0.1912
[INFO] [1778131412.854621069] [aic_model]: pfrac: 1.0 xy_error: -0.000762 0.000807   integrators: 0.0168 , 0.0106
[INFO] [1778131412.903600716] [aic_model]: z_offset: 0.1904
[INFO] [1778131412.904887194] [aic_model]: pfrac: 1.0 xy_error: -0.000917 0.000851   integrators: 0.0159 , 0.0115
[INFO] [1778131412.956682961] [aic_model]: z_offset: 0.1896
[INFO] [1778131412.957502856] [aic_model]: pfrac: 1.0 xy_error: -0.00105 0.000877   integrators: 0.0149 , 0.0124
[INFO] [1778131413.007484558] [aic_model]: z_offset: 0.1888
[INFO] [1778131413.008742081] [aic_model]: pfrac: 1.0 xy_error: -0.00115 0.000882   integrators: 0.0137 , 0.0132
[INFO] [1778131413.057397452] [aic_model]: z_offset: 0.188
[INFO] [1778131413.058677317] [aic_model]: pfrac: 1.0 xy_error: -0.00122 0.000889   integrators: 0.0125 , 0.0141
[INFO] [1778131413.107434818] [aic_model]: z_offset: 0.1872
[INFO] [1778131413.108792890] [aic_model]: pfrac: 1.0 xy_error: -0.00127 0.000898   integrators: 0.0112 , 0.015
[INFO] [1778131413.157399739] [aic_model]: z_offset: 0.1864
[INFO] [1778131413.158670578] [aic_model]: pfrac: 1.0 xy_error: -0.00132 0.000888   integrators: 0.0099 , 0.0159
[INFO] [1778131413.207379358] [aic_model]: z_offset: 0.1856
[INFO] [1778131413.208567481] [aic_model]: pfrac: 1.0 xy_error: -0.00135 0.000862   integrators: 0.00855 , 0.0168
[INFO] [1778131413.257408299] [aic_model]: z_offset: 0.1848
[INFO] [1778131413.258678165] [aic_model]: pfrac: 1.0 xy_error: -0.00133 0.000814   integrators: 0.00721 , 0.0176
[INFO] [1778131413.307394700] [aic_model]: z_offset: 0.184
[INFO] [1778131413.308681558] [aic_model]: pfrac: 1.0 xy_error: -0.00132 0.000742   integrators: 0.00589 , 0.0183
[INFO] [1778131413.336314454] [aic_model]: insert_cable execute loop
[INFO] [1778131413.357414493] [aic_model]: z_offset: 0.1832
[INFO] [1778131413.358624869] [aic_model]: pfrac: 1.0 xy_error: -0.00128 0.000654   integrators: 0.00461 , 0.019
[INFO] [1778131413.407378563] [aic_model]: z_offset: 0.1824
[INFO] [1778131413.408556557] [aic_model]: pfrac: 1.0 xy_error: -0.00121 0.00056   integrators: 0.00341 , 0.0195
[INFO] [1778131413.457390061] [aic_model]: z_offset: 0.1816
[INFO] [1778131413.458285276] [aic_model]: pfrac: 1.0 xy_error: -0.00112 0.000455   integrators: 0.00229 , 0.02
[INFO] [1778131413.507431054] [aic_model]: z_offset: 0.1808
[INFO] [1778131413.508681465] [aic_model]: pfrac: 1.0 xy_error: -0.001 0.000379   integrators: 0.00129 , 0.0204
[INFO] [1778131413.557382771] [aic_model]: z_offset: 0.18
[INFO] [1778131413.558059177] [aic_model]: pfrac: 1.0 xy_error: -0.000872 0.000311   integrators: 0.000415 , 0.0207
[INFO] [1778131413.607376135] [aic_model]: z_offset: 0.1792
[INFO] [1778131413.608532168] [aic_model]: pfrac: 1.0 xy_error: -0.000726 0.000219   integrators: -0.00031 , 0.0209
[INFO] [1778131413.657353990] [aic_model]: z_offset: 0.1784
[INFO] [1778131413.658649004] [aic_model]: pfrac: 1.0 xy_error: -0.000585 0.000138   integrators: -0.000895 , 0.021
[INFO] [1778131413.707434217] [aic_model]: z_offset: 0.1776
[INFO] [1778131413.708128647] [aic_model]: pfrac: 1.0 xy_error: -0.000447 4.58e-05   integrators: -0.00134 , 0.0211
[INFO] [1778131413.757401482] [aic_model]: z_offset: 0.1768
[INFO] [1778131413.758598583] [aic_model]: pfrac: 1.0 xy_error: -0.000293 -6.35e-05   integrators: -0.00164 , 0.021
[INFO] [1778131413.807380390] [aic_model]: z_offset: 0.176
[INFO] [1778131413.808557813] [aic_model]: pfrac: 1.0 xy_error: -0.000147 -0.00015   integrators: -0.00178 , 0.0209
[INFO] [1778131413.857410853] [aic_model]: z_offset: 0.1752
[INFO] [1778131413.858543172] [aic_model]: pfrac: 1.0 xy_error: 1.53e-05 -0.000234   integrators: -0.00177 , 0.0206
[INFO] [1778131413.907441157] [aic_model]: z_offset: 0.1744
[INFO] [1778131413.909370227] [aic_model]: pfrac: 1.0 xy_error: 0.000194 -0.000278   integrators: -0.00157 , 0.0204
[INFO] [1778131413.959446206] [aic_model]: z_offset: 0.1736
[INFO] [1778131413.960752270] [aic_model]: pfrac: 1.0 xy_error: 0.000346 -0.000326   integrators: -0.00123 , 0.02
[INFO] [1778131414.009357867] [aic_model]: z_offset: 0.1728
[INFO] [1778131414.010550489] [aic_model]: pfrac: 1.0 xy_error: 0.000492 -0.000387   integrators: -0.000736 , 0.0197
[INFO] [1778131414.059385475] [aic_model]: z_offset: 0.172
[INFO] [1778131414.060581795] [aic_model]: pfrac: 1.0 xy_error: 0.000617 -0.00046   integrators: -0.000118 , 0.0192
[INFO] [1778131414.109407023] [aic_model]: z_offset: 0.1712
[INFO] [1778131414.110769382] [aic_model]: pfrac: 1.0 xy_error: 0.000739 -0.000521   integrators: 0.00062 , 0.0187
[INFO] [1778131414.159397331] [aic_model]: z_offset: 0.1704
[INFO] [1778131414.160610872] [aic_model]: pfrac: 1.0 xy_error: 0.000857 -0.000566   integrators: 0.00148 , 0.0181
[INFO] [1778131414.209525217] [aic_model]: z_offset: 0.1696
[INFO] [1778131414.210696790] [aic_model]: pfrac: 1.0 xy_error: 0.000973 -0.0006   integrators: 0.00245 , 0.0175
[INFO] [1778131414.259397505] [aic_model]: z_offset: 0.1688
[INFO] [1778131414.259774901] [aic_model]: pfrac: 1.0 xy_error: 0.00105 -0.000612   integrators: 0.0035 , 0.0169
[INFO] [1778131414.309411478] [aic_model]: z_offset: 0.168
[INFO] [1778131414.310744262] [aic_model]: pfrac: 1.0 xy_error: 0.00112 -0.000625   integrators: 0.00463 , 0.0163
[INFO] [1778131414.335642691] [aic_model]: insert_cable execute loop
[INFO] [1778131414.359469453] [aic_model]: z_offset: 0.1672
[INFO] [1778131414.360687152] [aic_model]: pfrac: 1.0 xy_error: 0.00118 -0.000635   integrators: 0.00581 , 0.0156
[INFO] [1778131414.409527929] [aic_model]: z_offset: 0.1664
[INFO] [1778131414.410782638] [aic_model]: pfrac: 1.0 xy_error: 0.00122 -0.000637   integrators: 0.00703 , 0.015
[INFO] [1778131414.459455140] [aic_model]: z_offset: 0.1656
[INFO] [1778131414.460679531] [aic_model]: pfrac: 1.0 xy_error: 0.00124 -0.000643   integrators: 0.00827 , 0.0144
[INFO] [1778131414.510777411] [aic_model]: z_offset: 0.1648
[INFO] [1778131414.511461151] [aic_model]: pfrac: 1.0 xy_error: 0.00124 -0.00063   integrators: 0.00951 , 0.0137
[INFO] [1778131414.561379455] [aic_model]: z_offset: 0.164
[INFO] [1778131414.562123998] [aic_model]: pfrac: 1.0 xy_error: 0.00122 -0.000641   integrators: 0.0107 , 0.0131
[INFO] [1778131414.611390041] [aic_model]: z_offset: 0.1632
[INFO] [1778131414.612663725] [aic_model]: pfrac: 1.0 xy_error: 0.00119 -0.000619   integrators: 0.0119 , 0.0125
[INFO] [1778131414.661507408] [aic_model]: z_offset: 0.1624
[INFO] [1778131414.662695281] [aic_model]: pfrac: 1.0 xy_error: 0.00116 -0.000622   integrators: 0.0131 , 0.0118
[INFO] [1778131414.711387921] [aic_model]: z_offset: 0.1616
[INFO] [1778131414.712721547] [aic_model]: pfrac: 1.0 xy_error: 0.00109 -0.000629   integrators: 0.0142 , 0.0112
[INFO] [1778131414.761374973] [aic_model]: z_offset: 0.1608
[INFO] [1778131414.762619663] [aic_model]: pfrac: 1.0 xy_error: 0.00106 -0.000624   integrators: 0.0152 , 0.0106
[INFO] [1778131414.811389467] [aic_model]: z_offset: 0.16
[INFO] [1778131414.811770731] [aic_model]: pfrac: 1.0 xy_error: 0.00101 -0.000593   integrators: 0.0162 , 0.01
[INFO] [1778131414.861417857] [aic_model]: z_offset: 0.1592
[INFO] [1778131414.862066130] [aic_model]: pfrac: 1.0 xy_error: 0.000927 -0.000575   integrators: 0.0172 , 0.00942
[INFO] [1778131414.911436459] [aic_model]: z_offset: 0.1584
[INFO] [1778131414.912821391] [aic_model]: pfrac: 1.0 xy_error: 0.000831 -0.00056   integrators: 0.018 , 0.00886
[INFO] [1778131414.961409835] [aic_model]: z_offset: 0.1576
[INFO] [1778131414.962649065] [aic_model]: pfrac: 1.0 xy_error: 0.00073 -0.000511   integrators: 0.0187 , 0.00835
[INFO] [1778131415.011446771] [aic_model]: z_offset: 0.1568
[INFO] [1778131415.012693565] [aic_model]: pfrac: 1.0 xy_error: 0.000615 -0.000471   integrators: 0.0193 , 0.00788
[INFO] [1778131415.061441679] [aic_model]: z_offset: 0.156
[INFO] [1778131415.062570551] [aic_model]: pfrac: 1.0 xy_error: 0.000508 -0.000399   integrators: 0.0199 , 0.00748
[INFO] [1778131415.111377065] [aic_model]: z_offset: 0.1552
[INFO] [1778131415.112578403] [aic_model]: pfrac: 1.0 xy_error: 0.00041 -0.000319   integrators: 0.0203 , 0.00716
[INFO] [1778131415.161416225] [aic_model]: z_offset: 0.1544
[INFO] [1778131415.162597335] [aic_model]: pfrac: 1.0 xy_error: 0.000296 -0.000257   integrators: 0.0206 , 0.0069
[INFO] [1778131415.211425138] [aic_model]: z_offset: 0.1536
[INFO] [1778131415.212916079] [aic_model]: pfrac: 1.0 xy_error: 0.000199 -0.000178   integrators: 0.0208 , 0.00673
[INFO] [1778131415.261463387] [aic_model]: z_offset: 0.1528
[INFO] [1778131415.262619581] [aic_model]: pfrac: 1.0 xy_error: 9.86e-05 -0.000101   integrators: 0.0209 , 0.00663
[INFO] [1778131415.311432065] [aic_model]: z_offset: 0.152
[INFO] [1778131415.312662427] [aic_model]: pfrac: 1.0 xy_error: 4.5e-05 -5.84e-05   integrators: 0.0209 , 0.00657
[INFO] [1778131415.335686308] [aic_model]: insert_cable execute loop
[INFO] [1778131415.361446078] [aic_model]: z_offset: 0.1512
[INFO] [1778131415.362944623] [aic_model]: pfrac: 1.0 xy_error: -4.45e-06 -6.2e-05   integrators: 0.0209 , 0.00651
