[INFO] [1778166826.574338052] [aic_engine]: Creating AIC Engine...
[INFO] [1778166826.574407682] [aic_engine]: Scoring output directory set to: /home/weed/aic_results
[INFO] [1778166826.574441144] [aic_engine]: [1;36m╔════════════════════════════════════════╗[0m
[INFO] [1778166826.574445493] [aic_engine]: [1;36m║   Initializing AIC Engine...           ║[0m
[INFO] [1778166826.574447797] [aic_engine]: [1;36m╚════════════════════════════════════════╝[0m
[INFO] [1778166826.575278380] [aic_engine]: Successfully parsed trial 'trial_1'
[INFO] [1778166826.575309489] [aic_engine]: Successfully parsed trial 'trial_2'
[INFO] [1778166826.575329496] [aic_engine]: Successfully parsed trial 'trial_3'
[INFO] [1778166826.575331480] [aic_engine]: Successfully parsed 3 trial(s)
[INFO] [1778166826.575336449] [aic_engine]: Waiting for clock
[INFO] [1778166826.585405522] [aic_engine]: Clock found successfully.
[INFO] [1778166826.590110482] [aic_engine]: Retrieved home joint position from config: [shoulder_pan_joint]: -0.159700
[INFO] [1778166826.590129357] [aic_engine]: Retrieved home joint position from config: [shoulder_lift_joint]: -1.354200
[INFO] [1778166826.590133334] [aic_engine]: Retrieved home joint position from config: [elbow_joint]: -1.664800
[INFO] [1778166826.590137843] [aic_engine]: Retrieved home joint position from config: [wrist_1_joint]: -1.693300
[INFO] [1778166826.590143503] [aic_engine]: Retrieved home joint position from config: [wrist_2_joint]: 1.571000
[INFO] [1778166826.590147711] [aic_engine]: Retrieved home joint position from config: [wrist_3_joint]: 1.411000
[INFO] [1778166826.590153833] [aic_engine]: Pre-built home messages for robot homing.
[INFO] [1778166826.590541207] [aic_engine]: Bag output directory: /home/weed/aic_results
[INFO] [1778166826.590545746] [aic_engine]: [1;32m✓ AIC Engine initialized successfully![0m
[INFO] [1778166826.590549643] [aic_engine]:  
[INFO] [1778166826.590551777] [aic_engine]: [1;35m╔════════════════════════════════════════╗[0m
[INFO] [1778166826.590554552] [aic_engine]: [1;35m║      Starting AIC Engine Run           ║[0m
[INFO] [1778166826.590557628] [aic_engine]: [1;35m║   Total Trials: 3                      ║[0m
[INFO] [1778166826.590560443] [aic_engine]: [1;35m╚════════════════════════════════════════╝[0m
[INFO] [1778166826.590563539] [aic_engine]:  
[INFO] [1778166826.590566725] [aic_engine]:  
[INFO] [1778166826.590568398] [aic_engine]: [1;33m━━━━━━━━━━━━━━━━━━━━━━━━━━━━━━━━━━━━━━━━[0m
[INFO] [1778166826.590570853] [aic_engine]: [1;33m  Trial 1/3: trial_1[0m
[INFO] [1778166826.590573147] [aic_engine]: [1;33m━━━━━━━━━━━━━━━━━━━━━━━━━━━━━━━━━━━━━━━━[0m
[INFO] [1778166826.590575141] [aic_engine]: [1;36m→ Starting trial 'trial_1'...[0m
[INFO] [1778166826.590578617] [aic_engine]: Checking participant model readiness...
[INFO] [1778166826.590593916] [aic_engine]: Found 1 node(s) with name 'aic_model'. Checking if it is a lifecycle node...
[INFO] [1778166826.590602271] [aic_engine]: Service '/aic_model/get_state' is available. Participant model discovered.
[INFO] [1778166826.590605187] [aic_engine]: Lifecycle node 'aic_model' is available. Checking if it is in 'unconfigured' state...
[INFO] [1778166826.591126372] [aic_engine]: Lifecycle node 'aic_model' is in 'unconfigured' state
[INFO] [1778166826.591143374] [aic_engine]: Configuring lifecycle node 'aic_model'...
[INFO] [1778166826.591150216] [aic_engine]: Transitioning model node 'aic_model' to transition 'configure'...
[INFO] [1778166826.594217203] [aic_engine]: Successfully transition model node 'aic_model' to state 'configure'
[INFO] [1778166826.595459196] [aic_engine]: Insert cable action goal was rejected by the server as expected.
[INFO] [1778166827.593459505] [aic_engine]: Lifecycle node 'aic_model' is in 'configured' state and meets all expectations.
[INFO] [1778166827.593505942] [aic_engine]: Transitioning model node 'aic_model' to transition 'activate'...
[INFO] [1778166827.594736593] [aic_engine]: Successfully transition model node 'aic_model' to state 'activate'
[INFO] [1778166827.594763554] [aic_engine]: [1;32m  ✓ Model Ready for trial 'trial_1'[0m
[INFO] [1778166827.594773122] [aic_engine]: Checking required endpoints...
[INFO] [1778166827.603439371] [aic_engine]: All required endpoints are available.
[INFO] [1778166827.603470659] [aic_engine]: [1;32m  ✓ Endpoints Ready for trial 'trial_1'[0m
[INFO] [1778166827.603475579] [aic_engine]: Readying simulator for trial 'trial_1'...
[INFO] [1778166827.603479586] [aic_engine]: Spawning task board.
[INFO] [1778166827.704594187] [aic_engine]: Successfully spawned task_board as 'task_board'
[INFO] [1778166827.704629994] [aic_engine]: Task board spawned successfully.
[INFO] [1778166827.704852961] [aic_engine]: Spawning cable.
[INFO] [1778166827.704925006] [aic_engine]: Spawning cable 'cable_0'...
[INFO] [1778166829.871518235] [aic_engine]: Successfully spawned cable_0 as 'cable_0'
[INFO] [1778166829.871579149] [aic_engine]: Cable cable_0 spawned successfully.
[INFO] [1778166832.913211665] [aic_engine]: Waiting for robot arm to stabilize.
[INFO] [1778166834.361819090] [aic_engine]: [1;32m  ✓ Simulator Ready for trial 'trial_1'[0m
[INFO] [1778166834.361858364] [aic_engine]: Checking scoring system readiness...
[INFO] [1778166834.463217794] [aic_engine]: Started recording to '/home/weed/aic_results/bag_trial_1_20260507_151354_361'.
[INFO] [1778166834.463255805] [aic_engine]: [1;32m  ✓ Scoring Ready for trial 'trial_1'[0m
[INFO] [1778166834.463260003] [aic_engine]: Starting tasks for active trial...
[INFO] [1778166834.463265574] [aic_engine]: Sending InsertCable goal for task [task_1]
[INFO] [1778166834.466971365] [aic_engine]: TrialState: TasksExecuting
[INFO] [1778166834.467051735] [aic_engine]: Waiting for result...
[INFO] [1778166861.478599081] [aic_engine]: Task [task_1] succeeded.
[INFO] [1778166861.478674662] [aic_engine]: All tasks have been processed.
[INFO] [1778166861.478681064] [aic_engine]: [1;36m  ⟳ Tasks Executing for trial 'trial_1'...[0m
[INFO] [1778166861.478687927] [aic_engine]: Checking if all tasks were completed successfully...
[INFO] [1778166861.478693527] [aic_engine]: [1;32m  ✓ All Tasks Completed for trial 'trial_1'![0m
[INFO] [1778166861.880513125] [aic_engine]: Finished scoring trial, total score is: 44.130309
[INFO] [1778166861.880556597] [aic_engine]: Resetting after trial completion...
[INFO] [1778166861.880564802] [aic_engine]: Transitioning model node 'aic_model' to transition 'deactivate'...
[INFO] [1778166861.881583297] [aic_engine]: Successfully transition model node 'aic_model' to state 'deactivate'
[INFO] [1778166861.884201204] [aic_engine]: Successfully deleted entity 'task_board'
[INFO] [1778166861.903640214] [aic_engine]: Successfully deleted entity 'cable_0'
[INFO] [1778166861.903668988] [aic_engine]: Homing robot to initial positions...
[INFO] [1778166861.905596894] [aic_engine]: aic_controller deactivated successfully.
[INFO] [1778166862.754606185] [aic_engine]: aic_controller activated successfully.
[INFO] [1778166862.754631022] [aic_engine]: Successfully reset joints to home position, robot homed successfully.
[INFO] [1778166862.754635079] [aic_engine]: Reset after trial completed.
[INFO] [1778166862.754643465] [aic_engine]: [1;32m✓ Trial 'trial_1' completed successfully! Score: 44.130309[0m
[INFO] [1778166862.754653764] [aic_engine]:  
[INFO] [1778166862.754656319] [aic_engine]: [1;33m━━━━━━━━━━━━━━━━━━━━━━━━━━━━━━━━━━━━━━━━[0m
[INFO] [1778166862.754659755] [aic_engine]: [1;33m  Trial 2/3: trial_2[0m
[INFO] [1778166862.754664404] [aic_engine]: [1;33m━━━━━━━━━━━━━━━━━━━━━━━━━━━━━━━━━━━━━━━━[0m
[INFO] [1778166862.754667680] [aic_engine]: [1;36m→ Starting trial 'trial_2'...[0m
[INFO] [1778166862.754671407] [aic_engine]: Checking participant model readiness...
[INFO] [1778166862.754722934] [aic_engine]: Found 1 node(s) with name 'aic_model'. Checking if it is a lifecycle node...
[INFO] [1778166862.754730648] [aic_engine]: Service '/aic_model/get_state' is available. Participant model discovered.
[INFO] [1778166862.754736419] [aic_engine]: Transitioning model node 'aic_model' to transition 'activate'...
[INFO] [1778166862.755427772] [aic_engine]: Successfully transition model node 'aic_model' to state 'activate'
[INFO] [1778166862.755438412] [aic_engine]: [1;32m  ✓ Model Ready for trial 'trial_2'[0m
[INFO] [1778166862.755443071] [aic_engine]: Checking required endpoints...
[INFO] [1778166862.764236889] [aic_engine]: All required endpoints are available.
[INFO] [1778166862.764250294] [aic_engine]: [1;32m  ✓ Endpoints Ready for trial 'trial_2'[0m
[INFO] [1778166862.764253039] [aic_engine]: Readying simulator for trial 'trial_2'...
[INFO] [1778166862.764255444] [aic_engine]: Spawning task board.
[INFO] [1778166862.837199774] [aic_engine]: Successfully spawned task_board as 'task_board'
[INFO] [1778166862.837237304] [aic_engine]: Task board spawned successfully.
[INFO] [1778166862.837487902] [aic_engine]: Spawning cable.
[INFO] [1778166862.837540501] [aic_engine]: Spawning cable 'cable_1'...
[INFO] [1778166862.985253803] [aic_engine]: Successfully spawned cable_1 as 'cable_1'
[INFO] [1778166862.985294700] [aic_engine]: Cable cable_1 spawned successfully.
[INFO] [1778166863.295539252] [aic_engine]: Waiting for robot arm to stabilize.
[INFO] [1778166864.948082814] [aic_engine]: [1;32m  ✓ Simulator Ready for trial 'trial_2'[0m
[INFO] [1778166864.948138909] [aic_engine]: Checking scoring system readiness...
[INFO] [1778166865.073552231] [aic_engine]: Started recording to '/home/weed/aic_results/bag_trial_2_20260507_151424_948'.
[INFO] [1778166865.073589771] [aic_engine]: [1;32m  ✓ Scoring Ready for trial 'trial_2'[0m
[INFO] [1778166865.073593438] [aic_engine]: Starting tasks for active trial...
[INFO] [1778166865.073598457] [aic_engine]: Sending InsertCable goal for task [task_1]
[INFO] [1778166865.075313145] [aic_engine]: TrialState: TasksExecuting
[INFO] [1778166865.075338672] [aic_engine]: Waiting for result...
[INFO] [1778166893.080914666] [aic_engine]: Task [task_1] succeeded.
[INFO] [1778166893.080952907] [aic_engine]: All tasks have been processed.
[INFO] [1778166893.080956414] [aic_engine]: [1;36m  ⟳ Tasks Executing for trial 'trial_2'...[0m
[INFO] [1778166893.080960341] [aic_engine]: Checking if all tasks were completed successfully...
[INFO] [1778166893.080963217] [aic_engine]: [1;32m  ✓ All Tasks Completed for trial 'trial_2'![0m
[INFO] [1778166893.776432708] [aic_engine]: Finished scoring trial, total score is: 93.580744
[INFO] [1778166893.776466350] [aic_engine]: Resetting after trial completion...
[INFO] [1778166893.776473824] [aic_engine]: Transitioning model node 'aic_model' to transition 'deactivate'...
[INFO] [1778166893.777920531] [aic_engine]: Successfully transition model node 'aic_model' to state 'deactivate'
[INFO] [1778166893.779934328] [aic_engine]: Successfully deleted entity 'task_board'
[INFO] [1778166893.789841920] [aic_engine]: Successfully deleted entity 'cable_1'
[INFO] [1778166893.789856658] [aic_engine]: Homing robot to initial positions...
[INFO] [1778166893.792203788] [aic_engine]: aic_controller deactivated successfully.
[INFO] [1778166894.124098294] [aic_engine]: aic_controller activated successfully.
[INFO] [1778166894.124122560] [aic_engine]: Successfully reset joints to home position, robot homed successfully.
[INFO] [1778166894.124128070] [aic_engine]: Reset after trial completed.
[INFO] [1778166894.124138229] [aic_engine]: [1;32m✓ Trial 'trial_2' completed successfully! Score: 93.580744[0m
[INFO] [1778166894.124152756] [aic_engine]:  
[INFO] [1778166894.124155030] [aic_engine]: [1;33m━━━━━━━━━━━━━━━━━━━━━━━━━━━━━━━━━━━━━━━━[0m
[INFO] [1778166894.124159789] [aic_engine]: [1;33m  Trial 3/3: trial_3[0m
[INFO] [1778166894.124163987] [aic_engine]: [1;33m━━━━━━━━━━━━━━━━━━━━━━━━━━━━━━━━━━━━━━━━[0m
[INFO] [1778166894.124167193] [aic_engine]: [1;36m→ Starting trial 'trial_3'...[0m
[INFO] [1778166894.124171401] [aic_engine]: Checking participant model readiness...
[INFO] [1778166894.124196398] [aic_engine]: Found 1 node(s) with name 'aic_model'. Checking if it is a lifecycle node...
[INFO] [1778166894.124203501] [aic_engine]: Service '/aic_model/get_state' is available. Participant model discovered.
[INFO] [1778166894.124209462] [aic_engine]: Transitioning model node 'aic_model' to transition 'activate'...
[INFO] [1778166894.125029536] [aic_engine]: Successfully transition model node 'aic_model' to state 'activate'
[INFO] [1778166894.125041498] [aic_engine]: [1;32m  ✓ Model Ready for trial 'trial_3'[0m
[INFO] [1778166894.125046468] [aic_engine]: Checking required endpoints...
[INFO] [1778166894.133892695] [aic_engine]: All required endpoints are available.
[INFO] [1778166894.133910709] [aic_engine]: [1;32m  ✓ Endpoints Ready for trial 'trial_3'[0m
[INFO] [1778166894.133915167] [aic_engine]: Readying simulator for trial 'trial_3'...
[INFO] [1778166894.133918694] [aic_engine]: Spawning task board.
[INFO] [1778166894.218045958] [aic_engine]: Successfully spawned task_board as 'task_board'
[INFO] [1778166894.218083789] [aic_engine]: Task board spawned successfully.
[INFO] [1778166894.219384001] [aic_engine]: Spawning cable.
[INFO] [1778166894.219420159] [aic_engine]: Spawning cable 'cable_0'...
[INFO] [1778166894.499564814] [aic_engine]: Successfully spawned cable_0 as 'cable_0'
[INFO] [1778166894.499609518] [aic_engine]: Cable cable_0 spawned successfully.
[INFO] [1778166894.797328307] [aic_engine]: Waiting for robot arm to stabilize.
[INFO] [1778166898.177868216] [aic_engine]: [1;32m  ✓ Simulator Ready for trial 'trial_3'[0m
[INFO] [1778166898.177931484] [aic_engine]: Checking scoring system readiness...
[INFO] [1778166898.301328396] [aic_engine]: Started recording to '/home/weed/aic_results/bag_trial_3_20260507_151458_177'.
[INFO] [1778166898.301368291] [aic_engine]: [1;32m  ✓ Scoring Ready for trial 'trial_3'[0m
[INFO] [1778166898.301371427] [aic_engine]: Starting tasks for active trial...
[INFO] [1778166898.301377518] [aic_engine]: Sending InsertCable goal for task [task_1]
[INFO] [1778166898.303105200] [aic_engine]: TrialState: TasksExecuting
[INFO] [1778166898.303140876] [aic_engine]: Waiting for result...
[INFO] [1778166925.314000491] [aic_engine]: Task [task_1] succeeded.
[INFO] [1778166925.314048180] [aic_engine]: All tasks have been processed.
[INFO] [1778166925.314053881] [aic_engine]: [1;36m  ⟳ Tasks Executing for trial 'trial_3'...[0m
[INFO] [1778166925.314058600] [aic_engine]: Checking if all tasks were completed successfully...
[INFO] [1778166925.314063208] [aic_engine]: [1;32m  ✓ All Tasks Completed for trial 'trial_3'![0m
[INFO] [1778166926.263927608] [aic_engine]: Finished scoring trial, total score is: 43.250589
[INFO] [1778166926.263967242] [aic_engine]: Resetting after trial completion...
[INFO] [1778166926.263974686] [aic_engine]: Transitioning model node 'aic_model' to transition 'deactivate'...
[INFO] [1778166926.264887855] [aic_engine]: Successfully transition model node 'aic_model' to state 'deactivate'
[INFO] [1778166926.267116554] [aic_engine]: Successfully deleted entity 'task_board'
[INFO] [1778166926.288438650] [aic_engine]: Successfully deleted entity 'cable_0'
[INFO] [1778166926.288472272] [aic_engine]: Homing robot to initial positions...
[INFO] [1778166926.291208240] [aic_engine]: aic_controller deactivated successfully.
[INFO] [1778166926.644126973] [aic_engine]: aic_controller activated successfully.
[INFO] [1778166926.644154475] [aic_engine]: Successfully reset joints to home position, robot homed successfully.
[INFO] [1778166926.644159033] [aic_engine]: Reset after trial completed.
[INFO] [1778166926.644167159] [aic_engine]: [1;32m✓ Trial 'trial_3' completed successfully! Score: 43.250589[0m
[INFO] [1778166926.644176797] [aic_engine]: Transitioning model node 'aic_model' to transition 'cleanup'...
[INFO] [1778166926.645026766] [aic_engine]: Successfully transition model node 'aic_model' to state 'cleanup'
[INFO] [1778166926.645031786] [aic_engine]: Transitioning model node 'aic_model' to transition 'shutdown'...
[INFO] [1778166926.645831041] [aic_engine]: Successfully transition model node 'aic_model' to state 'shutdown'
[INFO] [1778166926.646601202] [aic_engine]:  
[INFO] [1778166926.646616981] [aic_engine]: [1;32m╔════════════════════════════════════════╗[0m
[INFO] [1778166926.646621379] [aic_engine]: [1;32m║   ✓ All Trials Processed!              ║[0m
[INFO] [1778166926.646624325] [aic_engine]: [1;32m║   Successful: 3  Failed: 0             ║[0m
[INFO] [1778166926.646629344] [aic_engine]: [1;32m║   Total Score: 180.962                     ║[0m
[INFO] [1778166926.646651806] [aic_engine]: [1;32m╚════════════════════════════════════════╝[0m
[INFO] [1778166926.646656645] [aic_engine]:  
[INFO] [1778166926.646991462] [aic_engine]: [1;36m╔════════════════════════════════════════╗[0m
[INFO] [1778166926.647001240] [aic_engine]: [1;36m║        Complete Scoring Results        ║[0m
[INFO] [1778166926.647004145] [aic_engine]: [1;36m╚════════════════════════════════════════╝[0m
[INFO] [1778166926.647008484] [aic_engine]: [1;36mtotal: 180.96164178027456[0m
[INFO] [1778166926.647011269] [aic_engine]: [1;36mtrial_1:[0m
[INFO] [1778166926.647013924] [aic_engine]: [1;36m  tier_1:[0m
[INFO] [1778166926.647023452] [aic_engine]: [1;36m    score: 1[0m
[INFO] [1778166926.647029633] [aic_engine]: [1;36m    message: Model validation succeeded.[0m
[INFO] [1778166926.647032408] [aic_engine]: [1;36m  tier_2:[0m
[INFO] [1778166926.647035244] [aic_engine]: [1;36m    score: 18.483271062044366[0m
[INFO] [1778166926.647038029] [aic_engine]: [1;36m    message: Scoring succeeded.[0m
[INFO] [1778166926.647040924] [aic_engine]: [1;36m    categories:[0m
[INFO] [1778166926.647043189] [aic_engine]: [1;36m      contacts:[0m
[INFO] [1778166926.647046745] [aic_engine]: [1;36m        score: 0[0m
[INFO] [1778166926.647049861] [aic_engine]: [1;36m        message: No contact detected.[0m
[INFO] [1778166926.647053027] [aic_engine]: [1;36m      duration:[0m
[INFO] [1778166926.647055612] [aic_engine]: [1;36m        score: 7.1973818181818183[0m
[INFO] [1778166926.647077142] [aic_engine]: [1;36m        message: "Task duration: 27.01 seconds."[0m
[INFO] [1778166926.647208347] [aic_engine]: [1;36m      insertion force:[0m
[INFO] [1778166926.647213527] [aic_engine]: [1;36m        score: 0[0m
[INFO] [1778166926.647218506] [aic_engine]: [1;36m        message: No excessive force detected[0m
[INFO] [1778166926.647222284] [aic_engine]: [1;36m      trajectory efficiency:[0m
[INFO] [1778166926.647225399] [aic_engine]: [1;36m        score: 6[0m
[INFO] [1778166926.647234156] [aic_engine]: [1;36m        message: "Total end-effector path length: 0.13 m, initial plug-port distance: 0.14 m"[0m
[INFO] [1778166926.647238524] [aic_engine]: [1;36m      trajectory smoothness:[0m
[INFO] [1778166926.647242521] [aic_engine]: [1;36m        score: 5.2858892438625471[0m
[INFO] [1778166926.647244906] [aic_engine]: [1;36m        message: "Average linear jerk magnitude of the end effector: 5.95 m/s^3"[0m
[INFO] [1778166926.647263380] [aic_engine]: [1;36m  tier_3:[0m
[INFO] [1778166926.647265795] [aic_engine]: [1;36m    score: 24.6470384238641[0m
[INFO] [1778166926.647267729] [aic_engine]: [1;36m    message: "No insertion detected. Final plug port distance: 0.05m."[0m
[INFO] [1778166926.647271375] [aic_engine]: [1;36mtrial_2:[0m
[INFO] [1778166926.647274511] [aic_engine]: [1;36m  tier_1:[0m
[INFO] [1778166926.647277557] [aic_engine]: [1;36m    score: 1[0m
[INFO] [1778166926.647281855] [aic_engine]: [1;36m    message: Model validation succeeded.[0m
[INFO] [1778166926.647284219] [aic_engine]: [1;36m  tier_2:[0m
[INFO] [1778166926.647285993] [aic_engine]: [1;36m    score: 17.580743539764232[0m
[INFO] [1778166926.647294188] [aic_engine]: [1;36m    message: Scoring succeeded.[0m
[INFO] [1778166926.647297975] [aic_engine]: [1;36m    categories:[0m
[INFO] [1778166926.647299819] [aic_engine]: [1;36m      contacts:[0m
[INFO] [1778166926.647301422] [aic_engine]: [1;36m        score: 0[0m
[INFO] [1778166926.647303145] [aic_engine]: [1;36m        message: No contact detected.[0m
[INFO] [1778166926.647304848] [aic_engine]: [1;36m      duration:[0m
[INFO] [1778166926.647306401] [aic_engine]: [1;36m        score: 6.9805090909090914[0m
[INFO] [1778166926.647310739] [aic_engine]: [1;36m        message: "Task duration: 28.01 seconds."[0m
[INFO] [1778166926.647313644] [aic_engine]: [1;36m      insertion force:[0m
[INFO] [1778166926.647315999] [aic_engine]: [1;36m        score: 0[0m
[INFO] [1778166926.647317672] [aic_engine]: [1;36m        message: No excessive force detected[0m
[INFO] [1778166926.647319676] [aic_engine]: [1;36m      trajectory efficiency:[0m
[INFO] [1778166926.647322070] [aic_engine]: [1;36m        score: 5.2753059393523003[0m
[INFO] [1778166926.647324515] [aic_engine]: [1;36m        message: "Total end-effector path length: 0.49 m, initial plug-port distance: 0.37 m"[0m
[INFO] [1778166926.647328182] [aic_engine]: [1;36m      trajectory smoothness:[0m
[INFO] [1778166926.647330286] [aic_engine]: [1;36m        score: 5.3249285095028398[0m
[INFO] [1778166926.647332389] [aic_engine]: [1;36m        message: "Average linear jerk magnitude of the end effector: 5.63 m/s^3"[0m
[INFO] [1778166926.647334413] [aic_engine]: [1;36m  tier_3:[0m
[INFO] [1778166926.647335966] [aic_engine]: [1;36m    score: 75[0m
[INFO] [1778166926.647337539] [aic_engine]: [1;36m    message: Cable insertion successful.[0m
[INFO] [1778166926.647339373] [aic_engine]: [1;36mtrial_3:[0m
[INFO] [1778166926.647341537] [aic_engine]: [1;36m  tier_1:[0m
[INFO] [1778166926.647343370] [aic_engine]: [1;36m    score: 1[0m
[INFO] [1778166926.647345193] [aic_engine]: [1;36m    message: Model validation succeeded.[0m
[INFO] [1778166926.647346917] [aic_engine]: [1;36m  tier_2:[0m
[INFO] [1778166926.647348650] [aic_engine]: [1;36m    score: 17.688296629419327[0m
[INFO] [1778166926.647350203] [aic_engine]: [1;36m    message: Scoring succeeded.[0m
[INFO] [1778166926.647352016] [aic_engine]: [1;36m    categories:[0m
[INFO] [1778166926.647354040] [aic_engine]: [1;36m      contacts:[0m
[INFO] [1778166926.647355964] [aic_engine]: [1;36m        score: 0[0m
[INFO] [1778166926.647357647] [aic_engine]: [1;36m        message: No contact detected.[0m
[INFO] [1778166926.647359460] [aic_engine]: [1;36m      duration:[0m
[INFO] [1778166926.647361284] [aic_engine]: [1;36m        score: 7.1973818181818183[0m
[INFO] [1778166926.647367305] [aic_engine]: [1;36m        message: "Task duration: 27.01 seconds."[0m
[INFO] [1778166926.647369489] [aic_engine]: [1;36m      insertion force:[0m
[INFO] [1778166926.647371192] [aic_engine]: [1;36m        score: 0[0m
[INFO] [1778166926.647372975] [aic_engine]: [1;36m        message: No excessive force detected[0m
[INFO] [1778166926.647375009] [aic_engine]: [1;36m      trajectory efficiency:[0m
[INFO] [1778166926.647376692] [aic_engine]: [1;36m        score: 5.4628571862234221[0m
[INFO] [1778166926.647378526] [aic_engine]: [1;36m        message: "Total end-effector path length: 0.31 m, initial plug-port distance: 0.22 m"[0m
[INFO] [1778166926.647387593] [aic_engine]: [1;36m      trajectory smoothness:[0m
[INFO] [1778166926.647389637] [aic_engine]: [1;36m        score: 5.0280576250140872[0m
[INFO] [1778166926.647391450] [aic_engine]: [1;36m        message: "Average linear jerk magnitude of the end effector: 8.10 m/s^3"[0m
[INFO] [1778166926.647393644] [aic_engine]: [1;36m  tier_3:[0m
[INFO] [1778166926.647395347] [aic_engine]: [1;36m    score: 24.562292125182552[0m
[INFO] [1778166926.647397401] [aic_engine]: [1;36m    message: "No insertion detected. Final plug port distance: 0.05m."[0m
[INFO] [1778166926.647399295] [aic_engine]:  
[ERROR] [1778166926.667850812] [rmw_zenoh_cpp]: SubscriberCallback triggered over 0/joint_states/sensor_msgs::msg::dds_::JointState_/RIHS01_a13ee3a330e346c9d87b5aa18d24e11690752bd33a0350f11c5882bc9179260e.
[ERROR] [1778166926.667880437] [rmw_zenoh_cpp]: SubscriberCallback triggered over 0/tf/tf2_msgs::msg::dds_::TFMessage_/RIHS01_e369d0f05a23ae52508854b66f6aa0437f3449d652e8cbf22d5abe85d020f087.
