bash: line 3: /home/yujin/ws_aic/install/setup.bash: No such file or directory
[INFO] [1775643215.784389091] [aic_model]: Loading policy module: aic_example_policies.ros.CheatCodeHybrid
[INFO] [1775643215.793169593] [aic_model]: Loaded policy module aic_example_policies.ros.CheatCodeHybrid
[INFO] [1775643215.793501301] [aic_model]: Using policy: CheatCodeHybrid
[INFO] [1775643225.610626026] [aic_model]: on_configure(LifecycleState(label='unconfigured', state_id=1))
[INFO] [1775643225.611013005] [aic_model]: Instantiating policy...
[INFO] [1775643225.615823314] [aic_model]: Policy.__init__()
[ERROR] [1775643225.617855039] [aic_model]: aic_model lifecycle is not in the active state
[INFO] [1775643226.615817727] [aic_model]: on_activate()
[INFO] [1775643238.614523391] [aic_model]: Goal accepted
[INFO] [1775643238.623593256] [aic_model]: Entering insert_cable_execute_callback()
[INFO] [1775643238.629883313] [aic_model]: insert_cable execute loop
[INFO] [1775643238.634362699] [aic_model]: CheatCodeHybrid.insert_cable() task: aic_task_interfaces.msg.Task(id='task_1', cable_type='sfp_sc', cable_name='cable_0', plug_type='sfp', plug_name='sfp_tip', port_type='sfp', port_name='sfp_port_0', target_module_name='nic_card_mount_0', time_limit=180)
[INFO] [1775643238.640995604] [aic_model]: Phase 1: Joint approach (world Z hover + slerp)...
[INFO] [1775643238.642064965] [aic_model]: Setting joint mode...
[INFO] [1775643238.657756575] [aic_model]: Successfully set target mode
[INFO] [1775643239.675196477] [aic_model]: insert_cable execute loop
[INFO] [1775643240.735488720] [aic_model]: insert_cable execute loop
[INFO] [1775643241.771734539] [aic_model]: insert_cable execute loop
[INFO] [1775643242.577979551] [aic_model]: Phase 1.5: Hover stabilization...
[INFO] [1775643242.799414137] [aic_model]: insert_cable execute loop
[INFO] [1775643243.613193937] [aic_model]: FT tare...
[INFO] [1775643243.826902243] [aic_model]: insert_cable execute loop
[INFO] [1775643244.119801783] [aic_model]: FT tare: [0.7, -3.8, 20.2] N
[INFO] [1775643244.121822479] [aic_model]: Phase 2: Cartesian insertion...
[INFO] [1775643244.124551065] [aic_model]: step=0 z=0.1990  dist=88.6mm  contact=0.2N  penalty_t=0.00s
[INFO] [1775643244.125194986] [aic_model]: Setting cartesian mode...
[INFO] [1775643244.141629274] [aic_model]: Successfully set target mode
[INFO] [1775643244.200014429] [aic_model]: step=1 z=0.1980  dist=88.5mm  contact=0.2N  penalty_t=0.00s
[INFO] [1775643244.265180342] [aic_model]: step=2 z=0.1970  dist=88.1mm  contact=0.2N  penalty_t=0.00s
[INFO] [1775643244.325201969] [aic_model]: step=3 z=0.1960  dist=87.6mm  contact=0.4N  penalty_t=0.00s
[INFO] [1775643244.403915966] [aic_model]: step=4 z=0.1950  dist=87.0mm  contact=0.6N  penalty_t=0.00s
[INFO] [1775643244.463469324] [aic_model]: step=5 z=0.1940  dist=86.2mm  contact=0.3N  penalty_t=0.00s
[INFO] [1775643244.515837992] [aic_model]: step=6 z=0.1930  dist=85.5mm  contact=0.2N  penalty_t=0.00s
[INFO] [1775643244.571530296] [aic_model]: step=7 z=0.1920  dist=84.9mm  contact=0.3N  penalty_t=0.00s
[INFO] [1775643244.627933195] [aic_model]: step=8 z=0.1910  dist=84.2mm  contact=0.2N  penalty_t=0.00s
[INFO] [1775643244.679871233] [aic_model]: step=9 z=0.1900  dist=83.6mm  contact=0.2N  penalty_t=0.00s
[INFO] [1775643244.732227998] [aic_model]: step=10 z=0.1890  dist=83.0mm  contact=0.6N  penalty_t=0.00s
[INFO] [1775643244.805296449] [aic_model]: step=11 z=0.1880  dist=82.3mm  contact=0.3N  penalty_t=0.00s
[INFO] [1775643244.839594337] [aic_model]: insert_cable execute loop
[INFO] [1775643244.868204240] [aic_model]: step=12 z=0.1870  dist=81.3mm  contact=0.4N  penalty_t=0.00s
[INFO] [1775643244.921205388] [aic_model]: step=13 z=0.1860  dist=80.4mm  contact=0.7N  penalty_t=0.00s
[INFO] [1775643244.979908015] [aic_model]: step=14 z=0.1850  dist=79.7mm  contact=0.3N  penalty_t=0.00s
[INFO] [1775643245.039197140] [aic_model]: step=15 z=0.1840  dist=78.9mm  contact=0.2N  penalty_t=0.00s
[INFO] [1775643245.090176522] [aic_model]: step=16 z=0.1830  dist=78.1mm  contact=0.6N  penalty_t=0.00s
[INFO] [1775643245.141482794] [aic_model]: step=17 z=0.1820  dist=77.2mm  contact=0.3N  penalty_t=0.00s
[INFO] [1775643245.195199057] [aic_model]: step=18 z=0.1810  dist=76.4mm  contact=0.3N  penalty_t=0.00s
[INFO] [1775643245.247065627] [aic_model]: step=19 z=0.1800  dist=75.6mm  contact=0.7N  penalty_t=0.00s
[INFO] [1775643245.298615656] [aic_model]: step=20 z=0.1790  dist=74.8mm  contact=0.4N  penalty_t=0.00s
[INFO] [1775643245.367140275] [aic_model]: step=21 z=0.1780  dist=74.0mm  contact=0.2N  penalty_t=0.00s
[INFO] [1775643245.432275476] [aic_model]: step=22 z=0.1770  dist=73.1mm  contact=0.3N  penalty_t=0.00s
[INFO] [1775643245.483281937] [aic_model]: step=23 z=0.1760  dist=71.8mm  contact=0.7N  penalty_t=0.00s
[INFO] [1775643245.541811240] [aic_model]: step=24 z=0.1750  dist=70.9mm  contact=0.6N  penalty_t=0.00s
[INFO] [1775643245.594648871] [aic_model]: step=25 z=0.1740  dist=70.0mm  contact=0.3N  penalty_t=0.00s
[INFO] [1775643245.656142361] [aic_model]: step=26 z=0.1730  dist=69.0mm  contact=0.5N  penalty_t=0.00s
[INFO] [1775643245.719328727] [aic_model]: step=27 z=0.1720  dist=68.1mm  contact=0.5N  penalty_t=0.00s
[INFO] [1775643245.782953798] [aic_model]: step=28 z=0.1710  dist=67.1mm  contact=0.7N  penalty_t=0.00s
[INFO] [1775643245.834553268] [aic_model]: step=29 z=0.1700  dist=66.2mm  contact=0.4N  penalty_t=0.00s
[INFO] [1775643245.888925864] [aic_model]: step=30 z=0.1690  dist=65.3mm  contact=0.8N  penalty_t=0.00s
[INFO] [1775643245.911819002] [aic_model]: insert_cable execute loop
[INFO] [1775643245.960390948] [aic_model]: step=31 z=0.1680  dist=64.5mm  contact=0.8N  penalty_t=0.00s
[INFO] [1775643246.024946437] [aic_model]: step=32 z=0.1670  dist=63.5mm  contact=0.6N  penalty_t=0.00s
[INFO] [1775643246.078132961] [aic_model]: step=33 z=0.1660  dist=62.1mm  contact=0.6N  penalty_t=0.00s
[INFO] [1775643246.139640551] [aic_model]: step=34 z=0.1650  dist=61.2mm  contact=0.7N  penalty_t=0.00s
[INFO] [1775643246.199640875] [aic_model]: step=35 z=0.1640  dist=60.2mm  contact=0.7N  penalty_t=0.00s
[INFO] [1775643246.256173618] [aic_model]: step=36 z=0.1630  dist=59.2mm  contact=0.3N  penalty_t=0.00s
[INFO] [1775643246.309728879] [aic_model]: step=37 z=0.1620  dist=58.3mm  contact=0.7N  penalty_t=0.00s
[INFO] [1775643246.366064600] [aic_model]: step=38 z=0.1610  dist=57.3mm  contact=0.6N  penalty_t=0.00s
[INFO] [1775643246.419767141] [aic_model]: step=39 z=0.1600  dist=56.4mm  contact=0.6N  penalty_t=0.00s
[INFO] [1775643246.482765485] [aic_model]: step=40 z=0.1590  dist=55.5mm  contact=0.5N  penalty_t=0.00s
[INFO] [1775643246.544787198] [aic_model]: step=41 z=0.1580  dist=54.4mm  contact=0.5N  penalty_t=0.00s
[INFO] [1775643246.601264349] [aic_model]: step=42 z=0.1570  dist=53.3mm  contact=0.7N  penalty_t=0.00s
[INFO] [1775643246.664228912] [aic_model]: step=43 z=0.1560  dist=52.3mm  contact=0.9N  penalty_t=0.00s
[INFO] [1775643246.719564779] [aic_model]: step=44 z=0.1550  dist=51.1mm  contact=0.7N  penalty_t=0.00s
[INFO] [1775643246.780320189] [aic_model]: step=45 z=0.1540  dist=50.1mm  contact=0.5N  penalty_t=0.00s
[INFO] [1775643246.839645966] [aic_model]: step=46 z=0.1530  dist=49.3mm  contact=0.6N  penalty_t=0.00s
[INFO] [1775643246.905352128] [aic_model]: step=47 z=0.1520  dist=48.5mm  contact=1.1N  penalty_t=0.00s
[INFO] [1775643246.965533194] [aic_model]: step=48 z=0.1510  dist=47.5mm  contact=1.0N  penalty_t=0.00s
[INFO] [1775643247.010546404] [aic_model]: insert_cable execute loop
[INFO] [1775643247.024659747] [aic_model]: step=49 z=0.1500  dist=46.7mm  contact=0.7N  penalty_t=0.00s
[INFO] [1775643247.078990303] [aic_model]: step=50 z=0.1490  dist=45.8mm  contact=0.8N  penalty_t=0.00s
[INFO] [1775643247.133303006] [aic_model]: step=51 z=0.1480  dist=44.9mm  contact=0.5N  penalty_t=0.00s
[INFO] [1775643247.188377176] [aic_model]: step=52 z=0.1470  dist=44.1mm  contact=0.8N  penalty_t=0.00s
[INFO] [1775643247.239433515] [aic_model]: step=53 z=0.1460  dist=43.2mm  contact=0.8N  penalty_t=0.00s
[INFO] [1775643247.296924971] [aic_model]: step=54 z=0.1450  dist=42.3mm  contact=0.9N  penalty_t=0.00s
[INFO] [1775643247.345830083] [aic_model]: step=55 z=0.1440  dist=41.4mm  contact=1.0N  penalty_t=0.00s
[INFO] [1775643247.413814479] [aic_model]: step=56 z=0.1430  dist=40.5mm  contact=0.8N  penalty_t=0.00s
[INFO] [1775643247.474349528] [aic_model]: step=57 z=0.1425  dist=39.6mm  contact=1.2N  penalty_t=0.00s
[INFO] [1775643247.539792631] [aic_model]: step=58 z=0.1420  dist=38.6mm  contact=1.1N  penalty_t=0.00s
[INFO] [1775643247.591872437] [aic_model]: step=59 z=0.1415  dist=37.3mm  contact=0.8N  penalty_t=0.00s
[INFO] [1775643247.645683811] [aic_model]: step=60 z=0.1410  dist=36.5mm  contact=0.9N  penalty_t=0.00s
[INFO] [1775643247.705192417] [aic_model]: step=61 z=0.1405  dist=35.6mm  contact=0.9N  penalty_t=0.00s
[INFO] [1775643247.761563446] [aic_model]: step=62 z=0.1400  dist=34.8mm  contact=1.2N  penalty_t=0.00s
[INFO] [1775643247.817197303] [aic_model]: step=63 z=0.1395  dist=34.1mm  contact=0.8N  penalty_t=0.00s
[INFO] [1775643247.885385804] [aic_model]: step=64 z=0.1390  dist=33.4mm  contact=1.1N  penalty_t=0.00s
[INFO] [1775643247.955824973] [aic_model]: step=65 z=0.1385  dist=32.6mm  contact=1.3N  penalty_t=0.00s
[INFO] [1775643248.020013686] [aic_model]: step=66 z=0.1380  dist=31.9mm  contact=1.2N  penalty_t=0.00s
[INFO] [1775643248.072100929] [aic_model]: insert_cable execute loop
[INFO] [1775643248.078265058] [aic_model]: step=67 z=0.1375  dist=31.0mm  contact=1.3N  penalty_t=0.00s
[INFO] [1775643248.132846468] [aic_model]: step=68 z=0.1370  dist=30.5mm  contact=0.9N  penalty_t=0.00s
[INFO] [1775643248.188905157] [aic_model]: step=69 z=0.1365  dist=29.9mm  contact=1.2N  penalty_t=0.00s
[INFO] [1775643248.247415765] [aic_model]: step=70 z=0.1360  dist=29.5mm  contact=1.3N  penalty_t=0.00s
[INFO] [1775643248.307269007] [aic_model]: step=71 z=0.1355  dist=29.0mm  contact=1.3N  penalty_t=0.00s
[INFO] [1775643248.355229609] [aic_model]: step=72 z=0.1350  dist=28.6mm  contact=1.3N  penalty_t=0.00s
[INFO] [1775643248.406584659] [aic_model]: step=73 z=0.1345  dist=28.1mm  contact=0.8N  penalty_t=0.00s
[INFO] [1775643248.457368722] [aic_model]: step=74 z=0.1340  dist=27.7mm  contact=1.2N  penalty_t=0.00s
[INFO] [1775643248.510554971] [aic_model]: step=75 z=0.1335  dist=27.3mm  contact=1.1N  penalty_t=0.00s
[INFO] [1775643248.564991305] [aic_model]: step=76 z=0.1330  dist=26.9mm  contact=1.3N  penalty_t=0.00s
[INFO] [1775643248.617334768] [aic_model]: step=77 z=0.1325  dist=26.5mm  contact=1.5N  penalty_t=0.00s
[INFO] [1775643248.686573449] [aic_model]: step=78 z=0.1320  dist=26.1mm  contact=1.2N  penalty_t=0.00s
[INFO] [1775643248.744614485] [aic_model]: step=79 z=0.1315  dist=25.6mm  contact=1.2N  penalty_t=0.00s
[INFO] [1775643248.805698254] [aic_model]: step=80 z=0.1310  dist=25.1mm  contact=1.4N  penalty_t=0.00s
[INFO] [1775643248.861987587] [aic_model]: step=81 z=0.1305  dist=24.7mm  contact=1.8N  penalty_t=0.00s
[INFO] [1775643248.920707389] [aic_model]: step=82 z=0.1300  dist=24.3mm  contact=1.6N  penalty_t=0.00s
[INFO] [1775643248.983025883] [aic_model]: step=83 z=0.1295  dist=23.8mm  contact=1.5N  penalty_t=0.00s
[INFO] [1775643249.041258474] [aic_model]: step=84 z=0.1290  dist=23.5mm  contact=1.6N  penalty_t=0.00s
[INFO] [1775643249.095724585] [aic_model]: step=85 z=0.1285  dist=23.0mm  contact=1.5N  penalty_t=0.00s
[INFO] [1775643249.127582867] [aic_model]: insert_cable execute loop
[INFO] [1775643249.162847017] [aic_model]: step=86 z=0.1280  dist=22.7mm  contact=1.4N  penalty_t=0.00s
[INFO] [1775643249.216827908] [aic_model]: step=87 z=0.1275  dist=22.3mm  contact=1.6N  penalty_t=0.00s
[INFO] [1775643249.274229364] [aic_model]: step=88 z=0.1270  dist=21.9mm  contact=1.2N  penalty_t=0.00s
[INFO] [1775643249.340554874] [aic_model]: step=89 z=0.1265  dist=21.6mm  contact=1.3N  penalty_t=0.00s
[INFO] [1775643249.404922141] [aic_model]: step=90 z=0.1260  dist=21.2mm  contact=1.1N  penalty_t=0.00s
[INFO] [1775643249.456082977] [aic_model]: step=91 z=0.1255  dist=20.9mm  contact=1.2N  penalty_t=0.00s
[INFO] [1775643249.537686839] [aic_model]: step=92 z=0.1250  dist=20.6mm  contact=1.1N  penalty_t=0.00s
[INFO] [1775643249.591736676] [aic_model]: step=93 z=0.1245  dist=20.2mm  contact=1.7N  penalty_t=0.00s
[INFO] [1775643249.647763480] [aic_model]: step=94 z=0.1240  dist=19.9mm  contact=1.4N  penalty_t=0.00s
[INFO] [1775643249.709273946] [aic_model]: step=95 z=0.1235  dist=19.7mm  contact=2.0N  penalty_t=0.00s
[INFO] [1775643249.764199620] [aic_model]: step=96 z=0.1230  dist=19.3mm  contact=1.6N  penalty_t=0.00s
[INFO] [1775643249.825349463] [aic_model]: step=97 z=0.1225  dist=19.1mm  contact=1.3N  penalty_t=0.00s
[INFO] [1775643249.885049567] [aic_model]: step=98 z=0.1220  dist=18.9mm  contact=1.9N  penalty_t=0.00s
[INFO] [1775643249.940687308] [aic_model]: step=99 z=0.1215  dist=18.6mm  contact=2.0N  penalty_t=0.00s
[INFO] [1775643249.996751611] [aic_model]: step=100 z=0.1210  dist=18.4mm  contact=1.6N  penalty_t=0.00s
[INFO] [1775643250.053007789] [aic_model]: step=101 z=0.1205  dist=18.3mm  contact=2.0N  penalty_t=0.00s
[INFO] [1775643250.107560211] [aic_model]: step=102 z=0.1200  dist=18.1mm  contact=1.8N  penalty_t=0.00s
[INFO] [1775643250.163877412] [aic_model]: step=103 z=0.1195  dist=17.9mm  contact=1.6N  penalty_t=0.00s
[INFO] [1775643250.211533190] [aic_model]: insert_cable execute loop
[INFO] [1775643250.216414176] [aic_model]: step=104 z=0.1190  dist=17.7mm  contact=1.9N  penalty_t=0.00s
[INFO] [1775643250.286307104] [aic_model]: step=105 z=0.1185  dist=17.6mm  contact=1.9N  penalty_t=0.00s
[INFO] [1775643250.351812012] [aic_model]: step=106 z=0.1180  dist=17.3mm  contact=1.8N  penalty_t=0.00s
[INFO] [1775643250.406277766] [aic_model]: step=107 z=0.1175  dist=17.2mm  contact=1.8N  penalty_t=0.00s
[INFO] [1775643250.464596308] [aic_model]: step=108 z=0.1170  dist=17.1mm  contact=2.0N  penalty_t=0.00s
[INFO] [1775643250.523454130] [aic_model]: step=109 z=0.1165  dist=16.9mm  contact=2.1N  penalty_t=0.00s
[INFO] [1775643250.583780817] [aic_model]: step=110 z=0.1160  dist=16.8mm  contact=1.9N  penalty_t=0.00s
[INFO] [1775643250.644626696] [aic_model]: step=111 z=0.1155  dist=16.8mm  contact=1.9N  penalty_t=0.00s
[INFO] [1775643250.702257857] [aic_model]: step=112 z=0.1150  dist=16.7mm  contact=2.1N  penalty_t=0.00s
[INFO] [1775643250.761957744] [aic_model]: step=113 z=0.1145  dist=16.6mm  contact=2.1N  penalty_t=0.00s
[INFO] [1775643250.819175767] [aic_model]: step=114 z=0.1140  dist=16.6mm  contact=1.6N  penalty_t=0.00s
[INFO] [1775643250.876813481] [aic_model]: step=115 z=0.1135  dist=16.6mm  contact=2.0N  penalty_t=0.00s
[INFO] [1775643250.934502568] [aic_model]: step=116 z=0.1130  dist=16.6mm  contact=2.2N  penalty_t=0.00s
[INFO] [1775643251.003511335] [aic_model]: step=117 z=0.1125  dist=16.6mm  contact=1.9N  penalty_t=0.00s
[INFO] [1775643251.076540212] [aic_model]: step=118 z=0.1120  dist=16.6mm  contact=2.3N  penalty_t=0.00s
[INFO] [1775643251.149403745] [aic_model]: step=119 z=0.1115  dist=16.6mm  contact=1.9N  penalty_t=0.00s
[INFO] [1775643251.221172350] [aic_model]: step=120 z=0.1110  dist=16.7mm  contact=2.1N  penalty_t=0.00s
[INFO] [1775643251.290436789] [aic_model]: step=121 z=0.1105  dist=16.8mm  contact=1.4N  penalty_t=0.00s
[INFO] [1775643251.364221714] [aic_model]: step=122 z=0.1100  dist=16.8mm  contact=2.0N  penalty_t=0.00s
[INFO] [1775643251.433506861] [aic_model]: step=123 z=0.1095  dist=16.9mm  contact=2.1N  penalty_t=0.00s
[INFO] [1775643251.448505211] [aic_model]: insert_cable execute loop
[INFO] [1775643251.502132930] [aic_model]: step=124 z=0.1090  dist=17.1mm  contact=2.2N  penalty_t=0.00s
[INFO] [1775643251.589598455] [aic_model]: step=125 z=0.1085  dist=17.2mm  contact=2.0N  penalty_t=0.00s
[INFO] [1775643251.654698866] [aic_model]: step=126 z=0.1080  dist=17.4mm  contact=2.1N  penalty_t=0.00s
[INFO] [1775643251.727592174] [aic_model]: step=127 z=0.1075  dist=17.5mm  contact=1.7N  penalty_t=0.00s
[INFO] [1775643251.804122496] [aic_model]: step=128 z=0.1070  dist=17.6mm  contact=2.2N  penalty_t=0.00s
[INFO] [1775643251.875933248] [aic_model]: step=129 z=0.1065  dist=17.8mm  contact=2.6N  penalty_t=0.00s
[INFO] [1775643251.940401127] [aic_model]: step=130 z=0.1060  dist=18.0mm  contact=2.2N  penalty_t=0.00s
[INFO] [1775643252.006105594] [aic_model]: step=131 z=0.1055  dist=18.2mm  contact=2.5N  penalty_t=0.00s
[INFO] [1775643252.069327521] [aic_model]: step=132 z=0.1050  dist=18.4mm  contact=2.4N  penalty_t=0.00s
[INFO] [1775643252.133097382] [aic_model]: step=133 z=0.1045  dist=18.6mm  contact=2.0N  penalty_t=0.00s
[INFO] [1775643252.196608970] [aic_model]: step=134 z=0.1040  dist=18.9mm  contact=1.9N  penalty_t=0.00s
[INFO] [1775643252.261333663] [aic_model]: step=135 z=0.1035  dist=19.0mm  contact=2.1N  penalty_t=0.00s
[INFO] [1775643252.321146544] [aic_model]: step=136 z=0.1030  dist=19.0mm  contact=2.6N  penalty_t=0.00s
[INFO] [1775643252.384811944] [aic_model]: step=137 z=0.1025  dist=19.0mm  contact=1.5N  penalty_t=0.00s
[INFO] [1775643252.441132387] [aic_model]: step=138 z=0.1020  dist=19.0mm  contact=1.7N  penalty_t=0.00s
[INFO] [1775643252.503501298] [aic_model]: step=139 z=0.1015  dist=18.9mm  contact=1.7N  penalty_t=0.00s
[INFO] [1775643252.563487747] [aic_model]: step=140 z=0.1010  dist=19.1mm  contact=1.5N  penalty_t=0.00s
[INFO] [1775643252.622884845] [aic_model]: step=141 z=0.1005  dist=19.4mm  contact=1.8N  penalty_t=0.00s
[INFO] [1775643252.697283560] [aic_model]: insert_cable execute loop
[INFO] [1775643252.700380041] [aic_model]: step=142 z=0.1000  dist=19.7mm  contact=2.5N  penalty_t=0.00s
[INFO] [1775643252.778813730] [aic_model]: step=143 z=0.0995  dist=19.9mm  contact=2.2N  penalty_t=0.00s
[INFO] [1775643252.850169521] [aic_model]: step=144 z=0.0990  dist=19.9mm  contact=3.2N  penalty_t=0.00s
[INFO] [1775643252.920642983] [aic_model]: step=145 z=0.0985  dist=19.9mm  contact=3.0N  penalty_t=0.00s
[INFO] [1775643252.991196522] [aic_model]: step=146 z=0.0980  dist=19.9mm  contact=3.5N  penalty_t=0.00s
[INFO] [1775643253.063708989] [aic_model]: step=147 z=0.0975  dist=20.0mm  contact=3.7N  penalty_t=0.00s
[INFO] [1775643253.134215124] [aic_model]: step=148 z=0.0970  dist=20.0mm  contact=3.4N  penalty_t=0.00s
[INFO] [1775643253.200388711] [aic_model]: step=149 z=0.0965  dist=20.0mm  contact=3.9N  penalty_t=0.00s
[INFO] [1775643253.269740398] [aic_model]: step=150 z=0.0960  dist=19.9mm  contact=3.7N  penalty_t=0.00s
[INFO] [1775643253.333866487] [aic_model]: step=151 z=0.0955  dist=19.9mm  contact=3.7N  penalty_t=0.00s
[INFO] [1775643253.398494827] [aic_model]: step=152 z=0.0950  dist=19.9mm  contact=3.7N  penalty_t=0.00s
[INFO] [1775643253.463191403] [aic_model]: step=153 z=0.0945  dist=19.9mm  contact=4.2N  penalty_t=0.00s
[INFO] [1775643253.529662855] [aic_model]: step=154 z=0.0940  dist=19.9mm  contact=4.4N  penalty_t=0.00s
[INFO] [1775643253.601508279] [aic_model]: step=155 z=0.0935  dist=19.9mm  contact=4.2N  penalty_t=0.00s
[INFO] [1775643253.668517117] [aic_model]: step=156 z=0.0930  dist=19.9mm  contact=4.3N  penalty_t=0.00s
[INFO] [1775643253.754945780] [aic_model]: step=157 z=0.0925  dist=19.8mm  contact=4.7N  penalty_t=0.00s
[INFO] [1775643253.826621713] [aic_model]: step=158 z=0.0920  dist=19.8mm  contact=4.3N  penalty_t=0.00s
[INFO] [1775643253.894621630] [aic_model]: step=159 z=0.0915  dist=19.8mm  contact=4.2N  penalty_t=0.00s
[INFO] [1775643253.959883904] [aic_model]: step=160 z=0.0910  dist=19.8mm  contact=5.2N  penalty_t=0.00s
[INFO] [1775643254.016606949] [aic_model]: insert_cable execute loop
[INFO] [1775643254.026459329] [aic_model]: step=161 z=0.0905  dist=19.8mm  contact=5.2N  penalty_t=0.00s
[INFO] [1775643254.104478305] [aic_model]: step=162 z=0.0900  dist=19.7mm  contact=4.9N  penalty_t=0.00s
[INFO] [1775643254.183827812] [aic_model]: step=163 z=0.0895  dist=19.7mm  contact=4.8N  penalty_t=0.00s
[INFO] [1775643254.262181923] [aic_model]: step=164 z=0.0890  dist=19.7mm  contact=5.4N  penalty_t=0.00s
[INFO] [1775643254.338276959] [aic_model]: step=165 z=0.0885  dist=19.6mm  contact=6.2N  penalty_t=0.00s
[INFO] [1775643254.418825968] [aic_model]: step=166 z=0.0880  dist=19.6mm  contact=5.8N  penalty_t=0.00s
[INFO] [1775643254.501633491] [aic_model]: step=167 z=0.0875  dist=19.6mm  contact=5.8N  penalty_t=0.00s
[INFO] [1775643254.567936909] [aic_model]: step=168 z=0.0870  dist=19.5mm  contact=6.3N  penalty_t=0.00s
[INFO] [1775643254.636085442] [aic_model]: step=169 z=0.0865  dist=19.5mm  contact=6.1N  penalty_t=0.00s
[INFO] [1775643254.704260144] [aic_model]: step=170 z=0.0860  dist=19.4mm  contact=5.6N  penalty_t=0.00s
[INFO] [1775643254.775871081] [aic_model]: step=171 z=0.0855  dist=19.4mm  contact=6.4N  penalty_t=0.00s
[INFO] [1775643254.840979757] [aic_model]: step=172 z=0.0850  dist=19.4mm  contact=6.8N  penalty_t=0.00s
[INFO] [1775643254.908580575] [aic_model]: step=173 z=0.0845  dist=19.4mm  contact=6.6N  penalty_t=0.00s
[INFO] [1775643254.985207567] [aic_model]: step=174 z=0.0840  dist=19.3mm  contact=6.6N  penalty_t=0.00s
[INFO] [1775643255.057205507] [aic_model]: step=175 z=0.0835  dist=19.3mm  contact=6.4N  penalty_t=0.00s
[INFO] [1775643255.149313613] [aic_model]: step=176 z=0.0830  dist=19.3mm  contact=6.6N  penalty_t=0.00s
[INFO] [1775643255.246686419] [aic_model]: step=177 z=0.0825  dist=19.3mm  contact=6.6N  penalty_t=0.00s
[INFO] [1775643255.319689865] [aic_model]: step=178 z=0.0820  dist=19.3mm  contact=7.2N  penalty_t=0.00s
[INFO] [1775643255.389752625] [aic_model]: step=179 z=0.0815  dist=19.2mm  contact=7.1N  penalty_t=0.00s
[INFO] [1775643255.460441905] [aic_model]: step=180 z=0.0810  dist=19.2mm  contact=7.5N  penalty_t=0.00s
[INFO] [1775643255.464783583] [aic_model]: insert_cable execute loop
[INFO] [1775643255.533451914] [aic_model]: step=181 z=0.0805  dist=19.2mm  contact=7.9N  penalty_t=0.00s
[INFO] [1775643255.610363773] [aic_model]: step=182 z=0.0800  dist=19.2mm  contact=7.8N  penalty_t=0.00s
[INFO] [1775643255.691533715] [aic_model]: step=183 z=0.0795  dist=19.2mm  contact=7.9N  penalty_t=0.00s
[INFO] [1775643255.766351081] [aic_model]: step=184 z=0.0790  dist=19.2mm  contact=7.8N  penalty_t=0.00s
[INFO] [1775643255.842625219] [aic_model]: step=185 z=0.0785  dist=19.2mm  contact=7.7N  penalty_t=0.00s
[INFO] [1775643255.923620391] [aic_model]: step=186 z=0.0780  dist=19.2mm  contact=8.0N  penalty_t=0.00s
[INFO] [1775643255.997094311] [aic_model]: step=187 z=0.0775  dist=19.1mm  contact=8.0N  penalty_t=0.00s
[INFO] [1775643256.072376764] [aic_model]: step=188 z=0.0770  dist=19.1mm  contact=8.4N  penalty_t=0.00s
[INFO] [1775643256.147687809] [aic_model]: step=189 z=0.0765  dist=19.1mm  contact=8.2N  penalty_t=0.00s
[INFO] [1775643256.227308313] [aic_model]: step=190 z=0.0760  dist=19.1mm  contact=8.8N  penalty_t=0.00s
[INFO] [1775643256.307834879] [aic_model]: step=191 z=0.0755  dist=19.1mm  contact=8.9N  penalty_t=0.00s
[INFO] [1775643256.380624017] [aic_model]: step=192 z=0.0750  dist=19.1mm  contact=9.2N  penalty_t=0.00s
[INFO] [1775643256.454213142] [aic_model]: step=193 z=0.0745  dist=19.1mm  contact=9.8N  penalty_t=0.00s
[INFO] [1775643256.527310756] [aic_model]: step=194 z=0.0740  dist=19.1mm  contact=9.5N  penalty_t=0.00s
[INFO] [1775643256.601384220] [aic_model]: step=195 z=0.0735  dist=19.1mm  contact=9.4N  penalty_t=0.00s
[INFO] [1775643256.675136495] [aic_model]: step=196 z=0.0730  dist=19.1mm  contact=9.7N  penalty_t=0.00s
[INFO] [1775643256.748217207] [aic_model]: step=197 z=0.0725  dist=19.1mm  contact=9.5N  penalty_t=0.00s
[INFO] [1775643256.831071896] [aic_model]: step=198 z=0.0720  dist=19.1mm  contact=10.1N  penalty_t=0.00s
[INFO] [1775643256.913869110] [aic_model]: step=199 z=0.0715  dist=19.1mm  contact=9.8N  penalty_t=0.00s
[INFO] [1775643256.991627617] [aic_model]: insert_cable execute loop
[INFO] [1775643256.995101071] [aic_model]: step=200 z=0.0710  dist=19.1mm  contact=9.8N  penalty_t=0.00s
[INFO] [1775643257.079983756] [aic_model]: step=201 z=0.0705  dist=19.1mm  contact=10.2N  penalty_t=0.00s
[INFO] [1775643257.164704725] [aic_model]: step=202 z=0.0700  dist=19.1mm  contact=10.4N  penalty_t=0.00s
[INFO] [1775643257.239147671] [aic_model]: step=203 z=0.0695  dist=19.1mm  contact=10.5N  penalty_t=0.00s
[INFO] [1775643257.311768534] [aic_model]: step=204 z=0.0690  dist=19.2mm  contact=10.5N  penalty_t=0.00s
[INFO] [1775643257.386375111] [aic_model]: step=205 z=0.0685  dist=19.2mm  contact=10.5N  penalty_t=0.00s
[INFO] [1775643257.462769829] [aic_model]: step=206 z=0.0680  dist=19.3mm  contact=10.2N  penalty_t=0.00s
[INFO] [1775643257.535502026] [aic_model]: step=207 z=0.0675  dist=19.3mm  contact=10.6N  penalty_t=0.00s
[INFO] [1775643257.611836063] [aic_model]: step=208 z=0.0670  dist=19.3mm  contact=11.2N  penalty_t=0.00s
[INFO] [1775643257.691678879] [aic_model]: step=209 z=0.0665  dist=19.4mm  contact=11.1N  penalty_t=0.00s
[INFO] [1775643257.769558763] [aic_model]: step=210 z=0.0660  dist=19.4mm  contact=11.4N  penalty_t=0.00s
[INFO] [1775643257.844726089] [aic_model]: step=211 z=0.0655  dist=19.4mm  contact=11.4N  penalty_t=0.00s
[INFO] [1775643257.924294782] [aic_model]: step=212 z=0.0650  dist=19.4mm  contact=11.5N  penalty_t=0.00s
[INFO] [1775643258.001630347] [aic_model]: step=213 z=0.0645  dist=19.5mm  contact=11.6N  penalty_t=0.00s
[INFO] [1775643258.073452628] [aic_model]: step=214 z=0.0640  dist=19.6mm  contact=11.6N  penalty_t=0.00s
[INFO] [1775643258.144526876] [aic_model]: step=215 z=0.0635  dist=19.7mm  contact=11.2N  penalty_t=0.00s
[INFO] [1775643258.222291723] [aic_model]: step=216 z=0.0630  dist=19.8mm  contact=11.8N  penalty_t=0.00s
[INFO] [1775643258.305520417] [aic_model]: step=217 z=0.0625  dist=19.9mm  contact=11.9N  penalty_t=0.00s
[INFO] [1775643258.394263031] [aic_model]: step=218 z=0.0620  dist=20.0mm  contact=12.2N  penalty_t=0.00s
[INFO] [1775643258.476957947] [aic_model]: step=219 z=0.0615  dist=20.1mm  contact=12.4N  penalty_t=0.00s
[INFO] [1775643258.548835990] [aic_model]: insert_cable execute loop
[INFO] [1775643258.566660632] [aic_model]: step=220 z=0.0610  dist=20.2mm  contact=12.3N  penalty_t=0.00s
[INFO] [1775643258.655543875] [aic_model]: step=221 z=0.0605  dist=20.2mm  contact=13.0N  penalty_t=0.00s
[INFO] [1775643258.732104081] [aic_model]: step=222 z=0.0600  dist=20.3mm  contact=12.9N  penalty_t=0.00s
[INFO] [1775643258.813066897] [aic_model]: step=223 z=0.0595  dist=20.4mm  contact=13.3N  penalty_t=0.00s
[INFO] [1775643258.901975395] [aic_model]: step=224 z=0.0590  dist=20.4mm  contact=13.2N  penalty_t=0.00s
[INFO] [1775643258.990057537] [aic_model]: step=225 z=0.0585  dist=20.5mm  contact=13.9N  penalty_t=0.00s
[INFO] [1775643259.073735320] [aic_model]: step=226 z=0.0580  dist=20.6mm  contact=13.2N  penalty_t=0.00s
[INFO] [1775643259.157774847] [aic_model]: step=227 z=0.0575  dist=20.8mm  contact=13.0N  penalty_t=0.00s
[INFO] [1775643259.239527758] [aic_model]: step=228 z=0.0570  dist=20.9mm  contact=13.4N  penalty_t=0.00s
[INFO] [1775643259.330829113] [aic_model]: step=229 z=0.0565  dist=20.9mm  contact=13.4N  penalty_t=0.00s
[INFO] [1775643259.423609402] [aic_model]: step=230 z=0.0560  dist=21.0mm  contact=13.5N  penalty_t=0.00s
[INFO] [1775643259.510785115] [aic_model]: step=231 z=0.0555  dist=21.1mm  contact=13.1N  penalty_t=0.00s
[INFO] [1775643259.583426403] [aic_model]: step=232 z=0.0550  dist=21.1mm  contact=13.4N  penalty_t=0.00s
[INFO] [1775643259.657922916] [aic_model]: step=233 z=0.0545  dist=21.2mm  contact=13.0N  penalty_t=0.00s
[INFO] [1775643259.731966528] [aic_model]: step=234 z=0.0540  dist=21.2mm  contact=13.0N  penalty_t=0.00s
[INFO] [1775643259.807589017] [aic_model]: step=235 z=0.0535  dist=21.2mm  contact=13.0N  penalty_t=0.00s
[INFO] [1775643259.885306642] [aic_model]: step=236 z=0.0530  dist=21.2mm  contact=13.2N  penalty_t=0.00s
[INFO] [1775643259.959243217] [aic_model]: step=237 z=0.0525  dist=21.3mm  contact=13.2N  penalty_t=0.00s
[INFO] [1775643260.053298690] [aic_model]: step=238 z=0.0520  dist=21.3mm  contact=12.9N  penalty_t=0.00s
[INFO] [1775643260.137571199] [aic_model]: step=239 z=0.0515  dist=21.3mm  contact=13.3N  penalty_t=0.00s
[INFO] [1775643260.165263554] [aic_model]: insert_cable execute loop
[INFO] [1775643260.225549380] [aic_model]: step=240 z=0.0510  dist=21.3mm  contact=13.4N  penalty_t=0.00s
[INFO] [1775643260.314116712] [aic_model]: step=241 z=0.0505  dist=21.3mm  contact=13.2N  penalty_t=0.00s
[INFO] [1775643260.398659798] [aic_model]: step=242 z=0.0500  dist=21.4mm  contact=13.3N  penalty_t=0.00s
[INFO] [1775643260.479655193] [aic_model]: step=243 z=0.0495  dist=21.4mm  contact=12.9N  penalty_t=0.00s
[INFO] [1775643260.561863584] [aic_model]: step=244 z=0.0490  dist=21.4mm  contact=13.3N  penalty_t=0.00s
[INFO] [1775643260.646876292] [aic_model]: step=245 z=0.0485  dist=21.4mm  contact=13.2N  penalty_t=0.00s
[INFO] [1775643260.729400553] [aic_model]: step=246 z=0.0480  dist=21.5mm  contact=13.1N  penalty_t=0.00s
[INFO] [1775643260.810180513] [aic_model]: step=247 z=0.0475  dist=21.5mm  contact=13.6N  penalty_t=0.00s
[INFO] [1775643260.886297494] [aic_model]: step=248 z=0.0470  dist=21.5mm  contact=13.1N  penalty_t=0.00s
[INFO] [1775643260.965552945] [aic_model]: step=249 z=0.0465  dist=21.5mm  contact=13.8N  penalty_t=0.00s
[INFO] [1775643261.043647919] [aic_model]: step=250 z=0.0460  dist=21.5mm  contact=13.1N  penalty_t=0.00s
[INFO] [1775643261.120558722] [aic_model]: step=251 z=0.0455  dist=21.5mm  contact=12.8N  penalty_t=0.00s
[INFO] [1775643261.197630350] [aic_model]: step=252 z=0.0450  dist=21.6mm  contact=13.2N  penalty_t=0.00s
[INFO] [1775643261.273007347] [aic_model]: step=253 z=0.0445  dist=21.6mm  contact=13.0N  penalty_t=0.00s
[INFO] [1775643261.353469057] [aic_model]: step=254 z=0.0440  dist=21.6mm  contact=13.2N  penalty_t=0.00s
[INFO] [1775643261.440530159] [aic_model]: step=255 z=0.0435  dist=21.6mm  contact=13.4N  penalty_t=0.00s
[INFO] [1775643261.529523939] [aic_model]: step=256 z=0.0430  dist=21.7mm  contact=13.2N  penalty_t=0.00s
[INFO] [1775643261.615937713] [aic_model]: step=257 z=0.0425  dist=21.7mm  contact=13.3N  penalty_t=0.00s
[INFO] [1775643261.702634016] [aic_model]: step=258 z=0.0420  dist=21.7mm  contact=13.4N  penalty_t=0.00s
[INFO] [1775643261.784183733] [aic_model]: step=259 z=0.0415  dist=21.7mm  contact=13.3N  penalty_t=0.00s
[INFO] [1775643261.787876200] [aic_model]: insert_cable execute loop
[INFO] [1775643261.861040025] [aic_model]: step=260 z=0.0410  dist=21.7mm  contact=13.1N  penalty_t=0.00s
[INFO] [1775643261.940599709] [aic_model]: step=261 z=0.0405  dist=21.7mm  contact=13.0N  penalty_t=0.00s
[INFO] [1775643262.017366568] [aic_model]: step=262 z=0.0400  dist=21.7mm  contact=13.2N  penalty_t=0.00s
[INFO] [1775643262.093349923] [aic_model]: step=263 z=0.0395  dist=21.7mm  contact=13.3N  penalty_t=0.00s
[INFO] [1775643262.168033952] [aic_model]: step=264 z=0.0390  dist=21.7mm  contact=13.2N  penalty_t=0.00s
[INFO] [1775643262.247160266] [aic_model]: step=265 z=0.0385  dist=21.7mm  contact=13.5N  penalty_t=0.00s
[INFO] [1775643262.324126174] [aic_model]: step=266 z=0.0380  dist=21.7mm  contact=13.1N  penalty_t=0.00s
[INFO] [1775643262.398273979] [aic_model]: step=267 z=0.0375  dist=21.7mm  contact=12.6N  penalty_t=0.00s
[INFO] [1775643262.477296662] [aic_model]: step=268 z=0.0370  dist=21.7mm  contact=13.3N  penalty_t=0.00s
[INFO] [1775643262.552183484] [aic_model]: step=269 z=0.0365  dist=21.8mm  contact=13.5N  penalty_t=0.00s
[INFO] [1775643262.628934607] [aic_model]: step=270 z=0.0360  dist=21.8mm  contact=13.1N  penalty_t=0.00s
[INFO] [1775643262.705317114] [aic_model]: step=271 z=0.0355  dist=21.8mm  contact=13.1N  penalty_t=0.00s
[INFO] [1775643262.783647406] [aic_model]: step=272 z=0.0350  dist=21.8mm  contact=13.2N  penalty_t=0.00s
[INFO] [1775643262.859891920] [aic_model]: step=273 z=0.0345  dist=21.8mm  contact=13.3N  penalty_t=0.00s
[INFO] [1775643262.936612528] [aic_model]: step=274 z=0.0340  dist=21.8mm  contact=13.1N  penalty_t=0.00s
[INFO] [1775643263.016781135] [aic_model]: step=275 z=0.0335  dist=21.8mm  contact=13.1N  penalty_t=0.00s
[INFO] [1775643263.094039935] [aic_model]: step=276 z=0.0330  dist=21.8mm  contact=13.1N  penalty_t=0.00s
[INFO] [1775643263.171383590] [aic_model]: step=277 z=0.0325  dist=21.8mm  contact=13.2N  penalty_t=0.00s
[INFO] [1775643263.250787237] [aic_model]: step=278 z=0.0320  dist=21.8mm  contact=13.2N  penalty_t=0.00s
[INFO] [1775643263.320054748] [aic_model]: insert_cable execute loop
[INFO] [1775643263.327770210] [aic_model]: step=279 z=0.0315  dist=21.9mm  contact=13.5N  penalty_t=0.00s
[INFO] [1775643263.411675610] [aic_model]: step=280 z=0.0310  dist=21.9mm  contact=13.4N  penalty_t=0.00s
[INFO] [1775643263.489473700] [aic_model]: step=281 z=0.0305  dist=21.9mm  contact=13.1N  penalty_t=0.00s
[INFO] [1775643263.569258145] [aic_model]: step=282 z=0.0300  dist=21.9mm  contact=13.4N  penalty_t=0.00s
[INFO] [1775643263.647651848] [aic_model]: step=283 z=0.0295  dist=21.9mm  contact=13.2N  penalty_t=0.00s
[INFO] [1775643263.729445031] [aic_model]: step=284 z=0.0290  dist=21.9mm  contact=13.1N  penalty_t=0.00s
[INFO] [1775643263.810363197] [aic_model]: step=285 z=0.0285  dist=21.9mm  contact=13.4N  penalty_t=0.00s
[INFO] [1775643263.886763140] [aic_model]: step=286 z=0.0280  dist=21.9mm  contact=13.4N  penalty_t=0.00s
[INFO] [1775643263.965143739] [aic_model]: step=287 z=0.0275  dist=21.9mm  contact=12.9N  penalty_t=0.00s
[INFO] [1775643264.042300434] [aic_model]: step=288 z=0.0270  dist=22.0mm  contact=13.1N  penalty_t=0.00s
[INFO] [1775643264.120139492] [aic_model]: step=289 z=0.0265  dist=22.0mm  contact=12.9N  penalty_t=0.00s
[INFO] [1775643264.197038105] [aic_model]: step=290 z=0.0260  dist=22.0mm  contact=12.9N  penalty_t=0.00s
[INFO] [1775643264.273233287] [aic_model]: step=291 z=0.0255  dist=22.0mm  contact=12.7N  penalty_t=0.00s
[INFO] [1775643264.360187648] [aic_model]: step=292 z=0.0250  dist=22.0mm  contact=13.3N  penalty_t=0.00s
[INFO] [1775643264.443260674] [aic_model]: step=293 z=0.0245  dist=22.0mm  contact=13.0N  penalty_t=0.00s
[INFO] [1775643264.518714014] [aic_model]: step=294 z=0.0240  dist=22.0mm  contact=13.2N  penalty_t=0.00s
[INFO] [1775643264.597011585] [aic_model]: step=295 z=0.0235  dist=22.0mm  contact=13.9N  penalty_t=0.00s
[INFO] [1775643264.677124888] [aic_model]: step=296 z=0.0230  dist=22.0mm  contact=13.0N  penalty_t=0.00s
[INFO] [1775643264.759883428] [aic_model]: step=297 z=0.0225  dist=22.0mm  contact=13.5N  penalty_t=0.00s
[INFO] [1775643264.835737463] [aic_model]: step=298 z=0.0220  dist=22.0mm  contact=13.3N  penalty_t=0.00s
[INFO] [1775643264.907441531] [aic_model]: insert_cable execute loop
[INFO] [1775643264.918818434] [aic_model]: step=299 z=0.0215  dist=22.0mm  contact=13.0N  penalty_t=0.00s
[INFO] [1775643265.006170195] [aic_model]: step=300 z=0.0210  dist=22.0mm  contact=13.1N  penalty_t=0.00s
[INFO] [1775643265.102595105] [aic_model]: step=301 z=0.0205  dist=22.0mm  contact=13.3N  penalty_t=0.00s
[INFO] [1775643265.183278970] [aic_model]: step=302 z=0.0200  dist=22.0mm  contact=12.8N  penalty_t=0.00s
[INFO] [1775643265.279069356] [aic_model]: step=303 z=0.0195  dist=22.0mm  contact=13.3N  penalty_t=0.00s
[INFO] [1775643265.368016149] [aic_model]: step=304 z=0.0190  dist=22.0mm  contact=13.1N  penalty_t=0.00s
[INFO] [1775643265.458409266] [aic_model]: step=305 z=0.0185  dist=22.0mm  contact=13.2N  penalty_t=0.00s
[INFO] [1775643265.545272295] [aic_model]: step=306 z=0.0180  dist=22.0mm  contact=13.2N  penalty_t=0.00s
[INFO] [1775643265.630949145] [aic_model]: step=307 z=0.0175  dist=22.0mm  contact=13.1N  penalty_t=0.00s
[INFO] [1775643265.709468697] [aic_model]: step=308 z=0.0170  dist=22.0mm  contact=13.4N  penalty_t=0.00s
[INFO] [1775643265.787715920] [aic_model]: step=309 z=0.0165  dist=22.0mm  contact=13.3N  penalty_t=0.00s
[INFO] [1775643265.868014648] [aic_model]: step=310 z=0.0160  dist=22.0mm  contact=13.3N  penalty_t=0.00s
[INFO] [1775643265.946322092] [aic_model]: step=311 z=0.0155  dist=22.0mm  contact=13.1N  penalty_t=0.00s
[INFO] [1775643266.023981286] [aic_model]: step=312 z=0.0150  dist=22.0mm  contact=13.3N  penalty_t=0.00s
[INFO] [1775643266.102809108] [aic_model]: step=313 z=0.0145  dist=22.0mm  contact=13.0N  penalty_t=0.00s
[INFO] [1775643266.176351288] [aic_model]: step=314 z=0.0140  dist=22.1mm  contact=13.6N  penalty_t=0.00s
[INFO] [1775643266.251924146] [aic_model]: step=315 z=0.0135  dist=22.1mm  contact=13.3N  penalty_t=0.00s
[INFO] [1775643266.334002555] [aic_model]: step=316 z=0.0130  dist=22.1mm  contact=13.5N  penalty_t=0.00s
[INFO] [1775643266.416473746] [aic_model]: step=317 z=0.0125  dist=22.1mm  contact=13.3N  penalty_t=0.00s
[INFO] [1775643266.500876974] [aic_model]: step=318 z=0.0120  dist=22.1mm  contact=13.4N  penalty_t=0.00s
[INFO] [1775643266.555780068] [aic_model]: insert_cable execute loop
[INFO] [1775643266.586191804] [aic_model]: step=319 z=0.0115  dist=22.1mm  contact=13.5N  penalty_t=0.00s
[INFO] [1775643266.658879906] [aic_model]: step=320 z=0.0110  dist=22.1mm  contact=13.3N  penalty_t=0.00s
[INFO] [1775643266.759284958] [aic_model]: step=321 z=0.0105  dist=22.1mm  contact=13.1N  penalty_t=0.00s
[INFO] [1775643266.849849746] [aic_model]: step=322 z=0.0100  dist=22.1mm  contact=13.6N  penalty_t=0.00s
[INFO] [1775643266.941045512] [aic_model]: step=323 z=0.0095  dist=22.1mm  contact=13.7N  penalty_t=0.00s
[INFO] [1775643267.030456443] [aic_model]: step=324 z=0.0090  dist=22.1mm  contact=13.4N  penalty_t=0.00s
[INFO] [1775643267.117754259] [aic_model]: step=325 z=0.0085  dist=22.1mm  contact=13.0N  penalty_t=0.00s
[INFO] [1775643267.194036493] [aic_model]: step=326 z=0.0080  dist=22.2mm  contact=13.4N  penalty_t=0.00s
[INFO] [1775643267.267688048] [aic_model]: step=327 z=0.0075  dist=22.2mm  contact=13.9N  penalty_t=0.00s
[INFO] [1775643267.346362904] [aic_model]: step=328 z=0.0070  dist=22.2mm  contact=13.1N  penalty_t=0.00s
[INFO] [1775643267.423956275] [aic_model]: step=329 z=0.0065  dist=22.2mm  contact=13.5N  penalty_t=0.00s
[INFO] [1775643267.500616683] [aic_model]: step=330 z=0.0060  dist=22.2mm  contact=13.0N  penalty_t=0.00s
[INFO] [1775643267.575851654] [aic_model]: step=331 z=0.0055  dist=22.2mm  contact=13.7N  penalty_t=0.00s
[INFO] [1775643267.654296087] [aic_model]: step=332 z=0.0050  dist=22.2mm  contact=13.0N  penalty_t=0.00s
[INFO] [1775643267.733737921] [aic_model]: step=333 z=0.0045  dist=22.2mm  contact=12.7N  penalty_t=0.00s
[INFO] [1775643267.816146772] [aic_model]: step=334 z=0.0040  dist=22.3mm  contact=13.1N  penalty_t=0.00s
[INFO] [1775643267.893022255] [aic_model]: step=335 z=0.0035  dist=22.3mm  contact=13.6N  penalty_t=0.00s
[INFO] [1775643267.969332050] [aic_model]: step=336 z=0.0030  dist=22.3mm  contact=13.1N  penalty_t=0.00s
[INFO] [1775643268.046518817] [aic_model]: step=337 z=0.0025  dist=22.3mm  contact=13.2N  penalty_t=0.00s
[INFO] [1775643268.124707515] [aic_model]: step=338 z=0.0020  dist=22.3mm  contact=12.9N  penalty_t=0.00s
[INFO] [1775643268.135820085] [aic_model]: insert_cable execute loop
[INFO] [1775643268.199707910] [aic_model]: step=339 z=0.0015  dist=22.3mm  contact=13.5N  penalty_t=0.00s
[INFO] [1775643268.273899830] [aic_model]: step=340 z=0.0010  dist=22.3mm  contact=13.4N  penalty_t=0.00s
[INFO] [1775643268.350249482] [aic_model]: step=341 z=0.0005  dist=22.3mm  contact=13.4N  penalty_t=0.00s
[INFO] [1775643268.428964286] [aic_model]: step=342 z=-0.0000  dist=22.3mm  contact=13.1N  penalty_t=0.00s
[INFO] [1775643268.506712735] [aic_model]: step=343 z=-0.0005  dist=22.4mm  contact=13.7N  penalty_t=0.00s
[INFO] [1775643268.584743523] [aic_model]: step=344 z=-0.0010  dist=22.4mm  contact=13.0N  penalty_t=0.00s
[INFO] [1775643268.659998336] [aic_model]: step=345 z=-0.0015  dist=22.4mm  contact=13.7N  penalty_t=0.00s
[INFO] [1775643268.734216935] [aic_model]: step=346 z=-0.0020  dist=22.4mm  contact=13.7N  penalty_t=0.00s
[INFO] [1775643268.811852197] [aic_model]: step=347 z=-0.0025  dist=22.4mm  contact=13.3N  penalty_t=0.00s
[INFO] [1775643268.888349620] [aic_model]: step=348 z=-0.0030  dist=22.4mm  contact=13.8N  penalty_t=0.00s
[INFO] [1775643268.967464218] [aic_model]: step=349 z=-0.0035  dist=22.5mm  contact=13.0N  penalty_t=0.00s
[INFO] [1775643269.041095251] [aic_model]: step=350 z=-0.0040  dist=22.5mm  contact=13.6N  penalty_t=0.00s
[INFO] [1775643269.118063132] [aic_model]: step=351 z=-0.0045  dist=22.5mm  contact=13.5N  penalty_t=0.00s
[INFO] [1775643269.196308048] [aic_model]: step=352 z=-0.0050  dist=22.5mm  contact=12.6N  penalty_t=0.00s
[INFO] [1775643269.275851707] [aic_model]: step=353 z=-0.0055  dist=22.5mm  contact=13.6N  penalty_t=0.00s
[INFO] [1775643269.350069379] [aic_model]: step=354 z=-0.0060  dist=22.5mm  contact=13.7N  penalty_t=0.00s
[INFO] [1775643269.428901843] [aic_model]: step=355 z=-0.0065  dist=22.6mm  contact=12.1N  penalty_t=0.00s
[INFO] [1775643269.517621338] [aic_model]: step=356 z=-0.0070  dist=22.6mm  contact=13.8N  penalty_t=0.00s
[INFO] [1775643269.605554459] [aic_model]: step=357 z=-0.0075  dist=22.6mm  contact=13.5N  penalty_t=0.00s
[INFO] [1775643269.686264741] [aic_model]: step=358 z=-0.0080  dist=22.6mm  contact=13.3N  penalty_t=0.00s
[INFO] [1775643269.698954327] [aic_model]: insert_cable execute loop
[INFO] [1775643269.766806873] [aic_model]: step=359 z=-0.0085  dist=22.6mm  contact=13.4N  penalty_t=0.00s
[INFO] [1775643269.850239543] [aic_model]: step=360 z=-0.0090  dist=22.6mm  contact=12.9N  penalty_t=0.00s
[INFO] [1775643269.932837490] [aic_model]: step=361 z=-0.0095  dist=22.6mm  contact=13.4N  penalty_t=0.00s
[INFO] [1775643270.018624953] [aic_model]: step=362 z=-0.0100  dist=22.7mm  contact=13.4N  penalty_t=0.00s
[INFO] [1775643270.107273803] [aic_model]: step=363 z=-0.0105  dist=22.7mm  contact=12.6N  penalty_t=0.00s
[INFO] [1775643270.198948198] [aic_model]: step=364 z=-0.0110  dist=22.7mm  contact=12.7N  penalty_t=0.00s
[INFO] [1775643270.290053829] [aic_model]: step=365 z=-0.0115  dist=22.7mm  contact=13.0N  penalty_t=0.00s
[INFO] [1775643270.384711801] [aic_model]: step=366 z=-0.0120  dist=22.7mm  contact=13.5N  penalty_t=0.00s
[INFO] [1775643270.472795654] [aic_model]: step=367 z=-0.0125  dist=22.7mm  contact=13.2N  penalty_t=0.00s
[INFO] [1775643270.557465549] [aic_model]: step=368 z=-0.0130  dist=22.7mm  contact=13.3N  penalty_t=0.00s
[INFO] [1775643270.640004172] [aic_model]: step=369 z=-0.0135  dist=22.8mm  contact=13.0N  penalty_t=0.00s
[INFO] [1775643270.719175011] [aic_model]: step=370 z=-0.0140  dist=22.8mm  contact=13.4N  penalty_t=0.00s
[INFO] [1775643270.803413174] [aic_model]: step=371 z=-0.0145  dist=22.8mm  contact=13.3N  penalty_t=0.00s
[INFO] [1775643270.891598864] [aic_model]: step=372 z=-0.0150  dist=22.8mm  contact=14.0N  penalty_t=0.00s
[WARN] [1775643270.974133359] [aic_model]: z_offset safety limit reached.
[INFO] [1775643270.974773945] [aic_model]: Waiting for connector to stabilize...
[INFO] [1775643271.424539791] [aic_model]: insert_cable execute loop
[INFO] [1775643273.082555992] [aic_model]: insert_cable execute loop
[INFO] [1775643274.281990050] [aic_model]: CheatCodeHybrid.insert_cable() done.
[INFO] [1775643274.681238435] [aic_model]: insert_cable() returned True
[INFO] [1775643275.267837903] [aic_model]: on_deactivate(LifecycleState(label='active', state_id=3))
[INFO] [1775643275.533433562] [aic_model]: on_activate()
[INFO] [1775643296.735117233] [aic_model]: Goal accepted
[INFO] [1775643296.737513946] [aic_model]: Entering insert_cable_execute_callback()
[INFO] [1775643296.741078665] [aic_model]: insert_cable execute loop
[INFO] [1775643296.744411459] [aic_model]: CheatCodeHybrid.insert_cable() task: aic_task_interfaces.msg.Task(id='task_1', cable_type='sfp_sc', cable_name='cable_1', plug_type='sc', plug_name='sc_tip', port_type='sc', port_name='sc_port_base', target_module_name='sc_port_1', time_limit=180)
[INFO] [1775643296.748799240] [aic_model]: Phase 1: Joint approach (world Z hover + slerp)...
[INFO] [1775643296.749791774] [aic_model]: Setting joint mode...
[INFO] [1775643296.764661974] [aic_model]: Successfully set target mode
[INFO] [1775643297.751374653] [aic_model]: insert_cable execute loop
[INFO] [1775643298.827895263] [aic_model]: insert_cable execute loop
[INFO] [1775643299.992633125] [aic_model]: insert_cable execute loop
[INFO] [1775643300.964773421] [aic_model]: Phase 1.5: Hover stabilization...
[INFO] [1775643301.265092704] [aic_model]: insert_cable execute loop
[INFO] [1775643302.220782523] [aic_model]: FT tare...
[INFO] [1775643302.527907029] [aic_model]: insert_cable execute loop
[INFO] [1775643302.864052744] [aic_model]: FT tare: [54.8, 63.2, 113.4] N
[INFO] [1775643302.865870083] [aic_model]: Phase 2: Cartesian insertion...
[INFO] [1775643302.869579690] [aic_model]: step=0 z=0.1990  dist=205.1mm  contact=0.3N  penalty_t=0.00s
[INFO] [1775643302.870081171] [aic_model]: Setting cartesian mode...
[INFO] [1775643302.876227556] [aic_model]: Successfully set target mode
[INFO] [1775643302.948317918] [aic_model]: step=1 z=0.1980  dist=204.6mm  contact=0.5N  penalty_t=0.00s
[INFO] [1775643303.015798529] [aic_model]: step=2 z=0.1970  dist=204.2mm  contact=135.3N  penalty_t=0.05s
[INFO] [1775643303.077034348] [aic_model]: step=3 z=0.1960  dist=203.8mm  contact=115.7N  penalty_t=0.10s
[INFO] [1775643303.132818188] [aic_model]: step=4 z=0.1950  dist=202.7mm  contact=122.3N  penalty_t=0.15s
[INFO] [1775643303.199163607] [aic_model]: step=5 z=0.1940  dist=201.5mm  contact=129.8N  penalty_t=0.20s
[INFO] [1775643303.263118753] [aic_model]: step=6 z=0.1930  dist=199.7mm  contact=135.0N  penalty_t=0.25s
[INFO] [1775643303.332205989] [aic_model]: step=7 z=0.1920  dist=198.2mm  contact=131.7N  penalty_t=0.30s
[INFO] [1775643303.392668868] [aic_model]: step=8 z=0.1910  dist=196.2mm  contact=135.1N  penalty_t=0.35s
[INFO] [1775643303.449090450] [aic_model]: step=9 z=0.1900  dist=194.7mm  contact=134.8N  penalty_t=0.40s
[INFO] [1775643303.497539882] [aic_model]: step=10 z=0.1890  dist=193.3mm  contact=131.7N  penalty_t=0.45s
[INFO] [1775643303.550492419] [aic_model]: step=11 z=0.1880  dist=192.0mm  contact=132.7N  penalty_t=0.50s
[INFO] [1775643303.613233284] [aic_model]: step=12 z=0.1870  dist=191.3mm  contact=133.9N  penalty_t=0.55s
[INFO] [1775643303.676603275] [aic_model]: insert_cable execute loop
[INFO] [1775643303.680439364] [aic_model]: step=13 z=0.1860  dist=190.7mm  contact=117.6N  penalty_t=0.60s
[INFO] [1775643303.739265785] [aic_model]: step=14 z=0.1850  dist=190.0mm  contact=120.4N  penalty_t=0.65s
[INFO] [1775643303.802172555] [aic_model]: step=15 z=0.1840  dist=189.5mm  contact=121.3N  penalty_t=0.70s
[INFO] [1775643303.858541430] [aic_model]: step=16 z=0.1830  dist=189.0mm  contact=120.9N  penalty_t=0.75s
[WARN] [1775643303.930266143] [aic_model]: Force budget reached (0.80s) — stopping.
[INFO] [1775643303.933398319] [aic_model]: Waiting for connector to stabilize...
[INFO] [1775643304.761708997] [aic_model]: insert_cable execute loop
[INFO] [1775643305.907825851] [aic_model]: insert_cable execute loop
[INFO] [1775643306.172649705] [aic_model]: CheatCodeHybrid.insert_cable() done.
[INFO] [1775643307.064323040] [aic_model]: insert_cable() returned True
[INFO] [1775643307.469599280] [aic_model]: on_deactivate(LifecycleState(label='active', state_id=3))
[INFO] [1775643308.075834754] [aic_model]: on_activate()
[INFO] [1775643313.614360577] [aic_model]: Goal accepted
[INFO] [1775643313.624737291] [aic_model]: Entering insert_cable_execute_callback()
[INFO] [1775643313.627754056] [aic_model]: insert_cable execute loop
[INFO] [1775643313.630367490] [aic_model]: CheatCodeHybrid.insert_cable() task: aic_task_interfaces.msg.Task(id='task_1', cable_type='sfp_sc', cable_name='cable_0', plug_type='sfp', plug_name='sfp_tip', port_type='sfp', port_name='sfp_port_0', target_module_name='nic_card_mount_3', time_limit=180)
[INFO] [1775643313.636987008] [aic_model]: Phase 1: Joint approach (world Z hover + slerp)...
[INFO] [1775643313.645209902] [aic_model]: Setting joint mode...
[INFO] [1775643313.656885304] [aic_model]: Successfully set target mode
[INFO] [1775643314.660766464] [aic_model]: insert_cable execute loop
[INFO] [1775643315.681532664] [aic_model]: insert_cable execute loop
[INFO] [1775643316.721918582] [aic_model]: insert_cable execute loop
[INFO] [1775643317.604294350] [aic_model]: Phase 1.5: Hover stabilization...
[INFO] [1775643317.871359224] [aic_model]: insert_cable execute loop
[INFO] [1775643318.800548843] [aic_model]: FT tare...
[INFO] [1775643319.070258045] [aic_model]: insert_cable execute loop
[INFO] [1775643319.388245363] [aic_model]: FT tare: [-5.6, -2.6, 42.6] N
[INFO] [1775643319.389965977] [aic_model]: Phase 2: Cartesian insertion...
[INFO] [1775643319.392223667] [aic_model]: step=0 z=0.1990  dist=81.8mm  contact=0.3N  penalty_t=0.00s
[INFO] [1775643319.394131094] [aic_model]: Setting cartesian mode...
[INFO] [1775643319.400160549] [aic_model]: Successfully set target mode
[INFO] [1775643319.464230337] [aic_model]: step=1 z=0.1980  dist=81.3mm  contact=0.1N  penalty_t=0.00s
[INFO] [1775643319.521630232] [aic_model]: step=2 z=0.1970  dist=80.9mm  contact=12.1N  penalty_t=0.00s
[INFO] [1775643319.586568026] [aic_model]: step=3 z=0.1960  dist=81.0mm  contact=20.0N  penalty_t=0.00s
[INFO] [1775643319.655463536] [aic_model]: step=4 z=0.1950  dist=81.1mm  contact=22.4N  penalty_t=0.05s
[INFO] [1775643319.717824622] [aic_model]: step=5 z=0.1940  dist=81.4mm  contact=23.1N  penalty_t=0.10s
[INFO] [1775643319.779398892] [aic_model]: step=6 z=0.1930  dist=81.7mm  contact=23.2N  penalty_t=0.15s
[INFO] [1775643319.840720759] [aic_model]: step=7 z=0.1920  dist=82.0mm  contact=24.0N  penalty_t=0.20s
[INFO] [1775643319.899203505] [aic_model]: step=8 z=0.1910  dist=82.2mm  contact=24.3N  penalty_t=0.25s
[INFO] [1775643319.957413570] [aic_model]: step=9 z=0.1900  dist=82.2mm  contact=24.6N  penalty_t=0.30s
[INFO] [1775643320.014741925] [aic_model]: step=10 z=0.1890  dist=82.3mm  contact=24.7N  penalty_t=0.35s
[INFO] [1775643320.078382537] [aic_model]: step=11 z=0.1880  dist=82.3mm  contact=25.1N  penalty_t=0.40s
[INFO] [1775643320.141409140] [aic_model]: step=12 z=0.1870  dist=82.2mm  contact=25.1N  penalty_t=0.45s
[INFO] [1775643320.201981121] [aic_model]: insert_cable execute loop
[INFO] [1775643320.202485388] [aic_model]: step=13 z=0.1860  dist=82.1mm  contact=25.2N  penalty_t=0.50s
[INFO] [1775643320.262118052] [aic_model]: step=14 z=0.1850  dist=82.0mm  contact=25.1N  penalty_t=0.55s
[INFO] [1775643320.318437404] [aic_model]: step=15 z=0.1840  dist=81.8mm  contact=25.4N  penalty_t=0.60s
[INFO] [1775643320.380467996] [aic_model]: step=16 z=0.1830  dist=81.6mm  contact=25.1N  penalty_t=0.65s
[INFO] [1775643320.460142636] [aic_model]: step=17 z=0.1820  dist=81.3mm  contact=25.5N  penalty_t=0.70s
[INFO] [1775643320.527176166] [aic_model]: step=18 z=0.1810  dist=80.8mm  contact=25.6N  penalty_t=0.75s
[WARN] [1775643320.589081818] [aic_model]: Force budget reached (0.80s) — stopping.
[INFO] [1775643320.596639503] [aic_model]: Waiting for connector to stabilize...
[INFO] [1775643321.372014393] [aic_model]: insert_cable execute loop
[INFO] [1775643322.554239036] [aic_model]: insert_cable execute loop
[INFO] [1775643322.929500975] [aic_model]: CheatCodeHybrid.insert_cable() done.
[INFO] [1775643323.779704039] [aic_model]: insert_cable() returned True
[INFO] [1775643324.307654919] [aic_model]: on_deactivate(LifecycleState(label='active', state_id=3))
[INFO] [1775643325.318951172] [aic_model]: on_cleanup(LifecycleState(label='inactive', state_id=2))
[INFO] [1775643325.320487366] [aic_model]: on_shutdown(LifecycleState(label='unconfigured', state_id=1))
