ZENOH_CONFIG_OVERRIDE_ROUTER=mode="router";listen/endpoints=["tcp/[::]:7447"];connect/endpoints=[];routing/router/peers_failover_brokering=true;transport/shared_memory/enabled=false
ZENOH_CONFIG_OVERRIDE_PEER=;transport/shared_memory/enabled=false
[2m2026-04-10T04:06:46.299585Z[0m [32m INFO[0m ThreadId(02) [2mzenoh::net::runtime[0m[2m:[0m Using ZID: e743695e34666fb480999adbadfbdde1
[2m2026-04-10T04:06:46.299657Z[0m [33m WARN[0m ThreadId(02) [2mzenoh::net::routing::interceptor::authorization[0m[2m:[0m Rule 'deny_rule' flows list is not set. Setting it to both Ingress and Egress
[2m2026-04-10T04:06:46.301309Z[0m [32m INFO[0m ThreadId(02) [2mzenoh::net::runtime::orchestrator[0m[2m:[0m Zenoh can be reached at: tcp/[fe80::d3bf:abe1:c839:b4a6]:7447
[2m2026-04-10T04:06:46.301323Z[0m [32m INFO[0m ThreadId(02) [2mzenoh::net::runtime::orchestrator[0m[2m:[0m Zenoh can be reached at: tcp/172.25.140.107:7447
[INFO] [launch]: All log files can be found below /home/yujin/.ros/log/2026-04-10-13-06-46-433584-yujin-ASUS-TUF-Gaming-A14-FA401UV-FA401UV-71782
[INFO] [launch]: Default logging verbosity is set to INFO
Started Zenoh router with id e743695e34666fb480999adbadfbdde1
[2m2026-04-10T04:06:47.000834Z[0m [32m INFO[0m acc-0 ThreadId(04) [2mzenoh::net::routing::interceptor::access_control[0m[2m:[0m 4c53fb965a6ceb956bc21db9be452649 did not match any configured ACL subject. Default permission `Allow` will be applied on all messages
[INFO] [robot_state_publisher-1]: process started with pid [73101]
[INFO] [aic_adapter-2]: process started with pid [73102]
[INFO] [component_container-3]: process started with pid [73103]
[INFO] [gz-4]: process started with pid [73105]
[INFO] [create-5]: process started with pid [73106]
[INFO] [relay-6]: process started with pid [73107]
[INFO] [static_transform_publisher-7]: process started with pid [73109]
[2m2026-04-10T04:06:47.269360Z[0m [32m INFO[0m acc-0 ThreadId(04) [2mzenoh::net::routing::interceptor::access_control[0m[2m:[0m c0faaacfa3f2ba86df931b5a76e9d9c8 did not match any configured ACL subject. Default permission `Allow` will be applied on all messages
[2m2026-04-10T04:06:47.269632Z[0m [32m INFO[0m acc-0 ThreadId(04) [2mzenoh::net::routing::interceptor::access_control[0m[2m:[0m 46dac640be74977ea7d92445e35801c8 did not match any configured ACL subject. Default permission `Allow` will be applied on all messages
[2m2026-04-10T04:06:47.270671Z[0m [32m INFO[0m acc-0 ThreadId(04) [2mzenoh::net::routing::interceptor::access_control[0m[2m:[0m 95a15bcd1e0f72ed10c11508c66139cc did not match any configured ACL subject. Default permission `Allow` will be applied on all messages
[2m2026-04-10T04:06:47.276556Z[0m [32m INFO[0m acc-0 ThreadId(04) [2mzenoh::net::routing::interceptor::access_control[0m[2m:[0m bb5c3d22f0123fafdfa76853b0aff8db did not match any configured ACL subject. Default permission `Allow` will be applied on all messages
[2m2026-04-10T04:06:47.279015Z[0m [32m INFO[0m acc-0 ThreadId(04) [2mzenoh::net::routing::interceptor::access_control[0m[2m:[0m 879361cdbc064a5a16081ac4216480dc did not match any configured ACL subject. Default permission `Allow` will be applied on all messages
[2m2026-04-10T04:06:47.290129Z[0m [32m INFO[0m acc-0 ThreadId(04) [2mzenoh::net::routing::interceptor::access_control[0m[2m:[0m 1db08d6531675388cc72c2bacfa3f46e did not match any configured ACL subject. Default permission `Allow` will be applied on all messages
[robot_state_publisher-1] [INFO] [1775794007.289995740] [robot_state_publisher]: Robot initialized
[aic_adapter-2] [INFO] [1775794007.301620999] [aic_adapter_node]: Adapter node initialization complete.
[static_transform_publisher-7] [INFO] [1775794007.302598210] [ground_truth_static_tf_publisher]: Spinning until stopped - publishing transform
[static_transform_publisher-7] translation: ('0.000000', '0.000000', '0.000000')
[static_transform_publisher-7] rotation: ('0.000000', '0.000000', '0.000000', '1.000000')
[static_transform_publisher-7] from 'world' to 'aic_world'
[create-5] [INFO] [1775794007.303177529] [ros_gz_sim]: Requesting list of world names.
[gz-4] qt.qpa.xcb: could not connect to display 
[gz-4] qt.qpa.plugin: Could not load the Qt platform plugin "xcb" in "" even though it was found.
[gz-4] This application failed to start because no Qt platform plugin could be initialized. Reinstalling the application may fix this problem.
[gz-4] 
[gz-4] Available platform plugins are: eglfs, linuxfb, minimal, minimalegl, offscreen, vnc, wayland-egl, wayland, wayland-xcomposite-egl, wayland-xcomposite-glx, xcb.
[gz-4] 
[gz-4] Stack trace (most recent call last):
[gz-4] #29   Object "[0xffffffffffffffff]", at 0xffffffffffffffff, in 
[gz-4] #28   Object "gz sim -g", at 0x607b8b5ca1d4, in _start
[gz-4] #27   Object "/lib/x86_64-linux-gnu/libc.so.6", at 0x7934af47528a, in __libc_start_main
[gz-4] #26   Object "/lib/x86_64-linux-gnu/libc.so.6", at 0x7934af4751c9, in 
[gz-4] #25   Object "gz sim -g", at 0x607b8b5ca186, in 
[gz-4] #24   Object "/lib/x86_64-linux-gnu/libruby-3.2.so.3.2", at 0x7934af8db152, in ruby_run_node
[gz-4] #23   Object "/lib/x86_64-linux-gnu/libruby-3.2.so.3.2", at 0x7934af8d6e2b, in 
[gz-4] #22   Object "/lib/x86_64-linux-gnu/libruby-3.2.so.3.2", at 0x7934afa79b49, in rb_vm_exec
[gz-4] #21   Object "/lib/x86_64-linux-gnu/libruby-3.2.so.3.2", at 0x7934afa7662b, in 
[gz-4] #20   Object "/lib/x86_64-linux-gnu/libruby-3.2.so.3.2", at 0x7934afa7213e, in 
[gz-4] #19   Object "/lib/x86_64-linux-gnu/libruby-3.2.so.3.2", at 0x7934afa6f92f, in 
[gz-4] #18   Object "/usr/lib/x86_64-linux-gnu/ruby/3.2.0/fiddle.so", at 0x7934aa737b13, in 
[gz-4] #17   Object "/lib/x86_64-linux-gnu/libruby-3.2.so.3.2", at 0x7934afa3837b, in rb_nogvl
[gz-4] #16   Object "/usr/lib/x86_64-linux-gnu/ruby/3.2.0/fiddle.so", at 0x7934aa73743b, in 
[gz-4] #15   Object "/lib/x86_64-linux-gnu/libffi.so.8", at 0x7934aa62b0bd, in ffi_call
[gz-4] #14   Object "/lib/x86_64-linux-gnu/libffi.so.8", at 0x7934aa6283ee, in 
[gz-4] #13   Object "/lib/x86_64-linux-gnu/libffi.so.8", at 0x7934aa62bb15, in 
[gz-4] #12   Object "/ws_aic/install/lib/libgz-sim9-gz.so.9.5.0", at 0x7934a9b23a65, in runGui
[gz-4] #11   Object "/ws_aic/install/lib/libgz-sim9-gui.so.9", at 0x7934a9956c8c, in gz::sim::v9::gui::runGui(int&, char**, char const*, char const*, int, char const*, char const*)
[gz-4] #10   Object "/ws_aic/install/lib/libgz-sim9-gui.so.9", at 0x7934a9953970, in gz::sim::v9::gui::createGui(int&, char**, char const*, char const*, bool, char const*, int, char const*, char const*)
[gz-4] #9    Object "/ws_aic/install/lib/libgz-gui9.so.9", at 0x7934a852866b, in gz::gui::Application::Application(int&, char**, gz::gui::WindowType, char const*)
[gz-4] #8    Object "/lib/x86_64-linux-gnu/libQt5Widgets.so.5", at 0x7934a75ab5b4, in QApplicationPrivate::init()
[gz-4] #7    Object "/lib/x86_64-linux-gnu/libQt5Gui.so.5", at 0x7934a6e81b9e, in QGuiApplicationPrivate::init()
[gz-4] #6    Object "/lib/x86_64-linux-gnu/libQt5Core.so.5", at 0x7934a8888ff4, in QCoreApplicationPrivate::init()
[gz-4] #5    Object "/lib/x86_64-linux-gnu/libQt5Gui.so.5", at 0x7934a6e7ec1f, in QGuiApplicationPrivate::createEventDispatcher()
[gz-4] #4    Object "/lib/x86_64-linux-gnu/libQt5Gui.so.5", at 0x7934a6e7e6dc, in QGuiApplicationPrivate::createPlatformIntegration()
[gz-4] #3    Object "/lib/x86_64-linux-gnu/libQt5Core.so.5", at 0x7934a863b103, in QMessageLogger::fatal(char const*, ...) const
[gz-4] #2    Object "/lib/x86_64-linux-gnu/libc.so.6", at 0x7934af4738fe, in abort
[gz-4] #1    Object "/lib/x86_64-linux-gnu/libc.so.6", at 0x7934af49027d, in gsignal
[gz-4] #0    Object "/lib/x86_64-linux-gnu/libc.so.6", at 0x7934af4e9b2c, in pthread_kill
[gz-4] Aborted (Signal sent by tkill() 73105 0)
[component_container-3] [INFO] [1775794007.528156008] [ros_gz_container]: Load Library: /ws_aic/install/lib/libgzserver_component.so
[ERROR] [gz-4]: process has died [pid 73105, exit code -6, cmd 'gz sim -g'].
[component_container-3] [INFO] [1775794007.568590942] [ros_gz_container]: Found class: rclcpp_components::NodeFactoryTemplate<ros_gz_sim::GzServer>
[component_container-3] [INFO] [1775794007.568647287] [ros_gz_container]: Instantiate class: rclcpp_components::NodeFactoryTemplate<ros_gz_sim::GzServer>
[INFO] [launch_ros.actions.load_composable_nodes]: Loaded node '/gz_server' in container '/ros_gz_container'
[component_container-3] [INFO] [1775794007.572109017] [ros_gz_container]: Load Library: /ws_aic/install/lib/libros_gz_bridge.so
[component_container-3] [INFO] [1775794007.607552031] [ros_gz_container]: Found class: rclcpp_components::NodeFactoryTemplate<ros_gz_bridge::RosGzBridge>
[component_container-3] [INFO] [1775794007.607610741] [ros_gz_container]: Instantiate class: rclcpp_components::NodeFactoryTemplate<ros_gz_bridge::RosGzBridge>
[INFO] [launch_ros.actions.load_composable_nodes]: Loaded node '/ros_gz_bridge' in container 'ros_gz_container'
[component_container-3] (2026-04-10 13:06:47.632) [info] [ServerPrivate.cc:664] Loading SDF world file[/ws_aic/install/share/aic_description/world/aic.sdf].
[component_container-3] [INFO] [1775794008.614160793] [ros_gz_bridge]: Creating GZ->ROS Bridge: [/clock (gz.msgs.Clock) -> /clock (rosgraph_msgs/msg/Clock)] (Lazy 0)
[component_container-3] [INFO] [1775794008.615996022] [ros_gz_bridge]: Creating GZ->ROS Bridge: [/left_camera/image (gz.msgs.Image) -> /left_camera/image (sensor_msgs/msg/Image)] (Lazy 1)
[component_container-3] [INFO] [1775794008.617530391] [ros_gz_bridge]: Creating GZ->ROS Bridge: [/center_camera/image (gz.msgs.Image) -> /center_camera/image (sensor_msgs/msg/Image)] (Lazy 1)
[component_container-3] [INFO] [1775794008.618081508] [ros_gz_bridge]: Creating GZ->ROS Bridge: [/right_camera/image (gz.msgs.Image) -> /right_camera/image (sensor_msgs/msg/Image)] (Lazy 1)
[component_container-3] [INFO] [1775794008.618714146] [ros_gz_bridge]: Creating GZ->ROS Bridge: [/left_camera/camera_info (gz.msgs.CameraInfo) -> /left_camera/camera_info (sensor_msgs/msg/CameraInfo)] (Lazy 1)
[component_container-3] [INFO] [1775794008.619404062] [ros_gz_bridge]: Creating GZ->ROS Bridge: [/center_camera/camera_info (gz.msgs.CameraInfo) -> /center_camera/camera_info (sensor_msgs/msg/CameraInfo)] (Lazy 1)
[component_container-3] [INFO] [1775794008.619910225] [ros_gz_bridge]: Creating GZ->ROS Bridge: [/right_camera/camera_info (gz.msgs.CameraInfo) -> /right_camera/camera_info (sensor_msgs/msg/CameraInfo)] (Lazy 1)
[component_container-3] [INFO] [1775794008.620434231] [ros_gz_bridge]: Creating GZ->ROS Bridge: [/aic/gazebo/contacts/off_limit (gz.msgs.Contacts) -> /aic/gazebo/contacts/off_limit (ros_gz_interfaces/msg/Contacts)] (Lazy 1)
[component_container-3] [INFO] [1775794008.621687025] [ros_gz_bridge]: Creating GZ->ROS Bridge: [/cable_0/pose (gz.msgs.Pose_V) -> /scoring/tf (tf2_msgs/msg/TFMessage)] (Lazy 1)
[component_container-3] [INFO] [1775794008.622652133] [ros_gz_bridge]: Creating GZ->ROS Bridge: [/cable_1/pose (gz.msgs.Pose_V) -> /scoring/tf (tf2_msgs/msg/TFMessage)] (Lazy 1)
[component_container-3] [INFO] [1775794008.622958855] [ros_gz_bridge]: Creating GZ->ROS Bridge: [/cable_2/pose (gz.msgs.Pose_V) -> /scoring/tf (tf2_msgs/msg/TFMessage)] (Lazy 1)
[component_container-3] [INFO] [1775794008.623341738] [ros_gz_bridge]: Creating GZ->ROS Bridge: [/cable_3/pose (gz.msgs.Pose_V) -> /scoring/tf (tf2_msgs/msg/TFMessage)] (Lazy 1)
[component_container-3] [INFO] [1775794008.623756130] [ros_gz_bridge]: Creating GZ->ROS Bridge: [/cable_4/pose (gz.msgs.Pose_V) -> /scoring/tf (tf2_msgs/msg/TFMessage)] (Lazy 1)
[component_container-3] [INFO] [1775794008.624220044] [ros_gz_bridge]: Creating GZ->ROS Bridge: [/task_board/pose_static (gz.msgs.Pose_V) -> /scoring/tf (tf2_msgs/msg/TFMessage)] (Lazy 1)
[component_container-3] [INFO] [1775794008.624581738] [ros_gz_bridge]: Creating GZ->ROS Bridge: [/cable_0/insertion_event (gz.msgs.StringMsg) -> /scoring/insertion_event (std_msgs/msg/String)] (Lazy 1)
[component_container-3] [INFO] [1775794008.625184501] [ros_gz_bridge]: Creating GZ->ROS Bridge: [/cable_1/insertion_event (gz.msgs.StringMsg) -> /scoring/insertion_event (std_msgs/msg/String)] (Lazy 1)
[component_container-3] (2026-04-10 13:06:49.611) [info] [SystemManager.cc:54] Serving entity system service on [/entity/system/add]
[component_container-3] (2026-04-10 13:06:49.617) [info] [UserCommands.cc:752] Create service on [/world/aic_world/create_multiple] (async)
[component_container-3] (2026-04-10 13:06:49.617) [info] [UserCommands.cc:754] Create service on [/world/aic_world/create_multiple/blocking] (blocking)
[component_container-3] (2026-04-10 13:06:49.618) [info] [UserCommands.cc:752] Remove service on [/world/aic_world/remove] (async)
[component_container-3] (2026-04-10 13:06:49.618) [info] [UserCommands.cc:754] Remove service on [/world/aic_world/remove/blocking] (blocking)
[component_container-3] (2026-04-10 13:06:49.618) [info] [UserCommands.cc:752] Pose service on [/world/aic_world/set_pose] (async)
[component_container-3] (2026-04-10 13:06:49.618) [info] [UserCommands.cc:754] Pose service on [/world/aic_world/set_pose/blocking] (blocking)
[component_container-3] (2026-04-10 13:06:49.618) [info] [UserCommands.cc:752] Pose service on [/world/aic_world/set_pose_vector] (async)
[component_container-3] (2026-04-10 13:06:49.618) [info] [UserCommands.cc:754] Pose service on [/world/aic_world/set_pose_vector/blocking] (blocking)
[component_container-3] (2026-04-10 13:06:49.618) [info] [UserCommands.cc:752] Light configuration service on [/world/aic_world/light_config] (async)
[component_container-3] (2026-04-10 13:06:49.618) [info] [UserCommands.cc:754] Light configuration service on [/world/aic_world/light_config/blocking] (blocking)
[component_container-3] (2026-04-10 13:06:49.618) [info] [UserCommands.cc:752] Physics service on [/world/aic_world/set_physics] (async)
[component_container-3] (2026-04-10 13:06:49.618) [info] [UserCommands.cc:754] Physics service on [/world/aic_world/set_physics/blocking] (blocking)
[component_container-3] (2026-04-10 13:06:49.618) [info] [UserCommands.cc:752] SphericalCoordinates service on [/world/aic_world/set_spherical_coordinates] (async)
[component_container-3] (2026-04-10 13:06:49.618) [info] [UserCommands.cc:754] SphericalCoordinates service on [/world/aic_world/set_spherical_coordinates/blocking] (blocking)
[component_container-3] (2026-04-10 13:06:49.618) [info] [UserCommands.cc:752] Enable collision service on [/world/aic_world/enable_collision] (async)
[component_container-3] (2026-04-10 13:06:49.618) [info] [UserCommands.cc:754] Enable collision service on [/world/aic_world/enable_collision/blocking] (blocking)
[component_container-3] (2026-04-10 13:06:49.619) [info] [UserCommands.cc:752] Disable collision service on [/world/aic_world/disable_collision] (async)
[component_container-3] (2026-04-10 13:06:49.619) [info] [UserCommands.cc:754] Disable collision service on [/world/aic_world/disable_collision/blocking] (blocking)
[component_container-3] (2026-04-10 13:06:49.619) [info] [UserCommands.cc:752] Material service on [/world/aic_world/visual_config] (async)
[component_container-3] (2026-04-10 13:06:49.619) [info] [UserCommands.cc:754] Material service on [/world/aic_world/visual_config/blocking] (blocking)
[component_container-3] (2026-04-10 13:06:49.619) [info] [UserCommands.cc:752] Material service on [/world/aic_world/wheel_slip] (async)
[component_container-3] (2026-04-10 13:06:49.619) [info] [UserCommands.cc:754] Material service on [/world/aic_world/wheel_slip/blocking] (blocking)
[component_container-3] (2026-04-10 13:06:49.619) [debug] [SystemManager.cc:80] Loaded system [gz::sim::systems::UserCommands] for entity [1]
[component_container-3] (2026-04-10 13:06:49.653) [debug] [Physics.cc:967] Loaded [gz::physics::bullet_featherstone::Plugin] from library [/ws_aic/install/lib/gz-physics-8/engine-plugins/libgz-physics-bullet-featherstone-plugin.so]
[component_container-3] (2026-04-10 13:06:49.653) [debug] [SystemManager.cc:80] Loaded system [gz::sim::systems::Physics] for entity [1]
[component_container-3] (2026-04-10 13:06:49.661) [debug] [Sensors.cc:697] Configuring Sensors system
[component_container-3] (2026-04-10 13:06:49.661) [debug] [Sensors.cc:557] SensorsPrivate::Run
[component_container-3] (2026-04-10 13:06:49.661) [debug] [SystemManager.cc:80] Loaded system [gz::sim::systems::Sensors] for entity [1]
[component_container-3] (2026-04-10 13:06:49.661) [debug] [Sensors.cc:532] SensorsPrivate::RenderThread started
[component_container-3] (2026-04-10 13:06:49.661) [debug] [Sensors.cc:337] Waiting for init
[component_container-3] (2026-04-10 13:06:49.662) [debug] [ScoringPlugin.cc:45] aic_gazebo::ScoringPlugin::Configure on entity: 1
[component_container-3] (2026-04-10 13:06:49.663) [debug] [SystemManager.cc:80] Loaded system [aic_gazebo::ScoringPlugin] for entity [1]
[component_container-3] (2026-04-10 13:06:49.664) [debug] [WorldSdfGeneratorPlugin.cc:47] aic_gazebo::WorldSdfGeneratorPlugin::Configure
[component_container-3] (2026-04-10 13:06:49.664) [debug] [SystemManager.cc:80] Loaded system [aic_gazebo::WorldSdfGeneratorPlugin] for entity [1]
[component_container-3] (2026-04-10 13:06:49.665) [debug] [SystemManager.cc:80] Loaded system [gz::sim::systems::Contact] for entity [1]
[component_container-3] (2026-04-10 13:06:49.665) [info] [LevelManager.cc:646] Loaded level [default]
[component_container-3] (2026-04-10 13:06:49.665) [debug] [ServerConfig.cc:1025] Loading (3) plugins from file [/home/yujin/.gz/sim/9/server.config]
[component_container-3] (2026-04-10 13:06:49.665) [debug] [SimulationRunner.cc:1696] Additional plugins to load:
[component_container-3] (2026-04-10 13:06:49.665) [debug] [SimulationRunner.cc:1699] gz::sim::systems::SceneBroadcaster gz-sim-scene-broadcaster-system
[component_container-3] (2026-04-10 13:06:49.666) [debug] [SystemManager.cc:80] Loaded system [gz::sim::systems::SceneBroadcaster] for entity [1]
[component_container-3] (2026-04-10 13:06:49.667) [info] [SimulationRunner.cc:275] Serving world controls on [/world/aic_world/control], [/world/aic_world/control/state] and [/world/aic_world/playback/control]
[component_container-3] (2026-04-10 13:06:49.667) [info] [SimulationRunner.cc:301] Serving GUI information on [/world/aic_world/gui/info]
[component_container-3] (2026-04-10 13:06:49.667) [info] [SimulationRunner.cc:304] World [aic_world] initialized with [2ms] physics profile.
[component_container-3] (2026-04-10 13:06:49.667) [info] [SimulationRunner.cc:311] Serving world SDF generation service on [/world/aic_world/generate_world_sdf]
[component_container-3] (2026-04-10 13:06:49.667) [info] [ServerPrivate.cc:344] Serving world names on [/gazebo/worlds]
[component_container-3] (2026-04-10 13:06:49.667) [info] [ServerPrivate.cc:357] Resource path add service on [/gazebo/resource_paths/add].
[component_container-3] (2026-04-10 13:06:49.667) [info] [ServerPrivate.cc:370] Resource path get service on [/gazebo/resource_paths/get].
[component_container-3] (2026-04-10 13:06:49.667) [info] [ServerPrivate.cc:385] Resource path resolve service on [/gazebo/resource_paths/resolve].
[component_container-3] (2026-04-10 13:06:49.667) [info] [ServerPrivate.cc:399] Resource paths published on [/gazebo/resource_paths].
[component_container-3] (2026-04-10 13:06:49.668) [info] [ServerPrivate.cc:412] Server control service on [/server_control].
[component_container-3] (2026-04-10 13:06:49.769) [info] [SimulationRunner.cc:769] Found no publishers on /stats, adding root stats topic
[component_container-3] (2026-04-10 13:06:49.770) [info] [SimulationRunner.cc:803] Found no publishers on /clock, adding root clock topic
[component_container-3] (2026-04-10 13:06:49.770) [debug] [SimulationRunner.cc:573] Creating PostUpdate worker threads: 5
[component_container-3] (2026-04-10 13:06:49.770) [debug] [SimulationRunner.cc:584] Creating postupdate worker thread (0)
[component_container-3] (2026-04-10 13:06:49.771) [debug] [SimulationRunner.cc:584] Creating postupdate worker thread (1)
[component_container-3] (2026-04-10 13:06:49.771) [debug] [SimulationRunner.cc:584] Creating postupdate worker thread (2)
[component_container-3] (2026-04-10 13:06:49.772) [debug] [SimulationRunner.cc:584] Creating postupdate worker thread (3)
[create-5] [INFO] [1775794009.774544579] [ros_gz_sim]: Entity creation successful.
[component_container-3] (2026-04-10 13:06:49.781) [debug] [Physics.cc:1171] Attempting to set physics options, but the physics engine doesn't support feature [CollisionPairMaxContacts]. Options will be ignored.
[component_container-3] (2026-04-10 13:06:49.783) [info] [SceneBroadcaster.cc:634] Serving scene information on [/world/aic_world/scene/info]
[component_container-3] (2026-04-10 13:06:49.783) [info] [SceneBroadcaster.cc:643] Serving graph information on [/world/aic_world/scene/graph]
[component_container-3] (2026-04-10 13:06:49.783) [info] [SceneBroadcaster.cc:654] Serving full state on [/world/aic_world/state]
[component_container-3] (2026-04-10 13:06:49.783) [info] [SceneBroadcaster.cc:663] Serving full state (async) on [/world/aic_world/state_async]
[component_container-3] (2026-04-10 13:06:49.783) [info] [SceneBroadcaster.cc:671] Publishing scene information on [/world/aic_world/scene/info]
[component_container-3] (2026-04-10 13:06:49.784) [info] [SceneBroadcaster.cc:680] Publishing entity deletions on [/world/aic_world/scene/deletion]
[component_container-3] (2026-04-10 13:06:49.784) [info] [SceneBroadcaster.cc:689] Publishing state changes on [/world/aic_world/state]
[component_container-3] (2026-04-10 13:06:49.784) [info] [SceneBroadcaster.cc:700] Publishing pose messages on [/world/aic_world/pose/info]
[component_container-3] (2026-04-10 13:06:49.784) [info] [SceneBroadcaster.cc:711] Publishing dynamic pose messages on [/world/aic_world/dynamic_pose/info]
[INFO] [create-5]: process has finished cleanly [pid 73106]
[INFO] [spawner-8]: process started with pid [75007]
[INFO] [spawner-9]: process started with pid [75008]
[component_container-3] [1;33mWarning [Utils.cc:119][0m [/sdf/model[@name="ur"]/link[@name="center_camera/sensor_link"]/sensor[@name="center_camera"]/camera[@name="center_camera"]/optical_frame_id]: SDF Element[optical_frame_id] is deprecated
[component_container-3] [1;33mWarning [Utils.cc:119][0m [/sdf/model[@name="ur"]/link[@name="left_camera/sensor_link"]/sensor[@name="left_camera"]/camera[@name="left_camera"]/optical_frame_id]: SDF Element[optical_frame_id] is deprecated
[component_container-3] [1;33mWarning [Utils.cc:119][0m [/sdf/model[@name="ur"]/link[@name="right_camera/sensor_link"]/sensor[@name="right_camera"]/camera[@name="right_camera"]/optical_frame_id]: SDF Element[optical_frame_id] is deprecated
[component_container-3] [WARN] [1775794009.941428213] [rcl.logging_rosout]: Publisher already registered for node name: 'ros_gz_container'. If this is due to multiple nodes with the same name then all logs for the logger named 'ros_gz_container' will go out over the existing publisher. As soon as any node with that name is destructed it will unregister the publisher, preventing any further logs for that name from being published on the rosout topic.
[component_container-3] [INFO] [1775794009.944385883] [ros_gz_container]: [gz_ros2_control] Fixed joint [tabletop_joint] (Entity=101)] is skipped
[component_container-3] [INFO] [1775794009.944437449] [ros_gz_container]: [gz_ros2_control] Fixed joint [center_camera/attach_sensor_link] (Entity=108)] is skipped
[component_container-3] [INFO] [1775794009.944495247] [ros_gz_container]: [gz_ros2_control] Fixed joint [center_camera/attach_optical] (Entity=109)] is skipped
[component_container-3] [INFO] [1775794009.944536774] [ros_gz_container]: [gz_ros2_control] Fixed joint [ati/attach_joint] (Entity=110)] is skipped
[component_container-3] [INFO] [1775794009.944550049] [ros_gz_container]: [gz_ros2_control] Fixed joint [left_camera/attach_sensor_link] (Entity=114)] is skipped
[component_container-3] [INFO] [1775794009.944560438] [ros_gz_container]: [gz_ros2_control] Fixed joint [left_camera/attach_optical] (Entity=115)] is skipped
[component_container-3] [INFO] [1775794009.944569816] [ros_gz_container]: [gz_ros2_control] Fixed joint [right_camera/attach_sensor_link] (Entity=116)] is skipped
[component_container-3] [INFO] [1775794009.944577510] [ros_gz_container]: [gz_ros2_control] Fixed joint [right_camera/attach_optical] (Entity=117)] is skipped
[component_container-3] [INFO] [1775794009.946714822] [ros_gz_container]: Loading controller_manager
[component_container-3] [INFO] [1775794009.957573644] [controller_manager]: Using ROS clock for triggering controller manager cycles.
[component_container-3] [INFO] [1775794009.959719682] [controller_manager]: Subscribing to '/robot_description' topic for robot description.
[component_container-3] [INFO] [1775794009.962665039] [controller_manager]: Enforcing command limits is enabled...
[component_container-3] [WARN] [1775794009.962707959] [ros_gz_container]: Waiting RM to load and initialize hardware...
[component_container-3] [INFO] [1775794009.962928861] [controller_manager]: Received robot description from topic.
[component_container-3] [INFO] [1775794009.966816214] [ros_gz_container]: Using JointLimiter for joint 'gripper/left_finger_joint' in hardware 'gripper' : '  has position limits: true [0, 0.025]
[component_container-3]   has velocity limits: true [0.05]
[component_container-3]   has acceleration limits: false [nan]
[component_container-3]   has deceleration limits: false [nan]
[component_container-3]   has jerk limits: false [nan]
[component_container-3]   has effort limits: true [20]
[component_container-3]   angle wraparound: false'
[component_container-3] [INFO] [1775794009.966865485] [ros_gz_container]: Creating JointSaturationLimiter for joint 'gripper/left_finger_joint' in hardware 'gripper'
[component_container-3] [INFO] [1775794009.966914917] [ros_gz_container]: Using JointLimiter for joint 'wrist_3_joint' in hardware 'ControlSystem' : '  has position limits: true [-6.28319, 6.28319]
[component_container-3]   has velocity limits: true [3.14159]
[component_container-3]   has acceleration limits: false [nan]
[component_container-3]   has deceleration limits: false [nan]
[component_container-3]   has jerk limits: false [nan]
[component_container-3]   has effort limits: true [28]
[component_container-3]   angle wraparound: false'
[component_container-3] [INFO] [1775794009.966927411] [ros_gz_container]: Creating JointSaturationLimiter for joint 'wrist_3_joint' in hardware 'ControlSystem'
[component_container-3] [INFO] [1775794009.966942880] [ros_gz_container]: Using JointLimiter for joint 'wrist_2_joint' in hardware 'ControlSystem' : '  has position limits: true [-6.28319, 6.28319]
[component_container-3]   has velocity limits: true [3.14159]
[component_container-3]   has acceleration limits: false [nan]
[component_container-3]   has deceleration limits: false [nan]
[component_container-3]   has jerk limits: false [nan]
[component_container-3]   has effort limits: true [28]
[component_container-3]   angle wraparound: false'
[component_container-3] [INFO] [1775794009.966953219] [ros_gz_container]: Creating JointSaturationLimiter for joint 'wrist_2_joint' in hardware 'ControlSystem'
[component_container-3] [INFO] [1775794009.966967175] [ros_gz_container]: Using JointLimiter for joint 'wrist_1_joint' in hardware 'ControlSystem' : '  has position limits: true [-6.28319, 6.28319]
[component_container-3]   has velocity limits: true [3.14159]
[component_container-3]   has acceleration limits: false [nan]
[component_container-3]   has deceleration limits: false [nan]
[component_container-3]   has jerk limits: false [nan]
[component_container-3]   has effort limits: true [28]
[component_container-3]   angle wraparound: false'
[component_container-3] [INFO] [1775794009.966977173] [ros_gz_container]: Creating JointSaturationLimiter for joint 'wrist_1_joint' in hardware 'ControlSystem'
[component_container-3] [INFO] [1775794009.966991340] [ros_gz_container]: Using JointLimiter for joint 'elbow_joint' in hardware 'ControlSystem' : '  has position limits: true [-3.14159, 3.14159]
[component_container-3]   has velocity limits: true [3.14159]
[component_container-3]   has acceleration limits: false [nan]
[component_container-3]   has deceleration limits: false [nan]
[component_container-3]   has jerk limits: false [nan]
[component_container-3]   has effort limits: true [150]
[component_container-3]   angle wraparound: false'
[component_container-3] [INFO] [1775794009.967001308] [ros_gz_container]: Creating JointSaturationLimiter for joint 'elbow_joint' in hardware 'ControlSystem'
[component_container-3] [INFO] [1775794009.967017318] [ros_gz_container]: Using JointLimiter for joint 'shoulder_lift_joint' in hardware 'ControlSystem' : '  has position limits: true [-6.28319, 6.28319]
[component_container-3]   has velocity limits: true [3.14159]
[component_container-3]   has acceleration limits: false [nan]
[component_container-3]   has deceleration limits: false [nan]
[component_container-3]   has jerk limits: false [nan]
[component_container-3]   has effort limits: true [150]
[component_container-3]   angle wraparound: false'
[component_container-3] [INFO] [1775794009.967057473] [ros_gz_container]: Creating JointSaturationLimiter for joint 'shoulder_lift_joint' in hardware 'ControlSystem'
[component_container-3] [INFO] [1775794009.967075647] [ros_gz_container]: Using JointLimiter for joint 'shoulder_pan_joint' in hardware 'ControlSystem' : '  has position limits: true [-6.28319, 6.28319]
[component_container-3]   has velocity limits: true [3.14159]
[component_container-3]   has acceleration limits: false [nan]
[component_container-3]   has deceleration limits: false [nan]
[component_container-3]   has jerk limits: false [nan]
[component_container-3]   has effort limits: true [150]
[component_container-3]   angle wraparound: false'
[component_container-3] [INFO] [1775794009.967087960] [ros_gz_container]: Creating JointSaturationLimiter for joint 'shoulder_pan_joint' in hardware 'ControlSystem'
[component_container-3] [INFO] [1775794009.972072256] [ros_gz_container]: The position_proportional_gain has been set to: 0.1
[component_container-3] [INFO] [1775794009.972159699] [ros_gz_container]: Loading joint: gripper/left_finger_joint
[component_container-3] [INFO] [1775794009.972168385] [ros_gz_container]: 	State:
[component_container-3] [INFO] [1775794009.972179997] [ros_gz_container]: 		 position
[component_container-3] [INFO] [1775794009.972196537] [ros_gz_container]: 			 found initial value: 0.007300
[component_container-3] [INFO] [1775794009.972204312] [ros_gz_container]: 		 velocity
[component_container-3] [INFO] [1775794009.972219270] [ros_gz_container]: 			 found initial value: 0.000000
[component_container-3] [INFO] [1775794009.972225331] [ros_gz_container]: 		 effort
[component_container-3] [INFO] [1775794009.972233196] [ros_gz_container]: 			 found initial value: 0.000000
[component_container-3] [INFO] [1775794009.972238646] [ros_gz_container]: 	Command:
[component_container-3] [INFO] [1775794009.972243475] [ros_gz_container]: 		 position
[component_container-3] [INFO] [1775794009.972262861] [ros_gz_container]: 		 effort
[component_container-3] [INFO] [1775794009.972371293] [ros_gz_container]: Loading sensor: AtiForceTorqueSensor
[component_container-3] [INFO] [1775794009.972380991] [ros_gz_container]: 	State:
[component_container-3] [INFO] [1775794009.972482129] [ros_gz_container]: Initialize hardware 'gripper' 
[component_container-3] [WARN] [1775794009.972662846] [rcl.logging_rosout]: Publisher already registered for node name: 'ros_gz_container'. If this is due to multiple nodes with the same name then all logs for the logger named 'ros_gz_container' will go out over the existing publisher. As soon as any node with that name is destructed it will unregister the publisher, preventing any further logs for that name from being published on the rosout topic.
[component_container-3] [INFO] [1775794009.974445507] [ros_gz_container.hardware_component.system.gripper]: `status_publish_rate` is set to 0.0, hardware status publisher will not be created.
[component_container-3] [INFO] [1775794009.974674464] [ros_gz_container]: Successful initialization of hardware 'gripper'
[component_container-3] [INFO] [1775794009.975027792] [ros_gz_container]: The position_proportional_gain has been set to: 0.1
[component_container-3] [INFO] [1775794009.975083135] [ros_gz_container]: Loading joint: shoulder_pan_joint
[component_container-3] [INFO] [1775794009.975090038] [ros_gz_container]: 	State:
[component_container-3] [INFO] [1775794009.975095579] [ros_gz_container]: 		 position
[component_container-3] [INFO] [1775794009.975106609] [ros_gz_container]: 			 found initial value: -0.159700
[component_container-3] [INFO] [1775794009.975113131] [ros_gz_container]: 		 velocity
[component_container-3] [INFO] [1775794009.975119884] [ros_gz_container]: 			 found initial value: 0.000000
[component_container-3] [INFO] [1775794009.975125925] [ros_gz_container]: 		 effort
[component_container-3] [INFO] [1775794009.975131966] [ros_gz_container]: 			 found initial value: 0.000000
[component_container-3] [INFO] [1775794009.975137156] [ros_gz_container]: 	Command:
[component_container-3] [INFO] [1775794009.975141695] [ros_gz_container]: 		 position
[component_container-3] [INFO] [1775794009.975157003] [ros_gz_container]: 		 velocity
[component_container-3] [INFO] [1775794009.975164447] [ros_gz_container]: 		 effort
[component_container-3] [INFO] [1775794009.975182691] [ros_gz_container]: Loading joint: shoulder_lift_joint
[component_container-3] [INFO] [1775794009.975187830] [ros_gz_container]: 	State:
[component_container-3] [INFO] [1775794009.975192619] [ros_gz_container]: 		 position
[component_container-3] [INFO] [1775794009.975198460] [ros_gz_container]: 			 found initial value: -1.354200
[component_container-3] [INFO] [1775794009.975203750] [ros_gz_container]: 		 velocity
[component_container-3] [INFO] [1775794009.975217325] [ros_gz_container]: 			 found initial value: 0.000000
[component_container-3] [INFO] [1775794009.975222936] [ros_gz_container]: 		 effort
[component_container-3] [INFO] [1775794009.975254785] [ros_gz_container]: 			 found initial value: 0.000000
[component_container-3] [INFO] [1775794009.975265806] [ros_gz_container]: 	Command:
[component_container-3] [INFO] [1775794009.975274241] [ros_gz_container]: 		 position
[component_container-3] [INFO] [1775794009.975290552] [ros_gz_container]: 		 velocity
[component_container-3] [INFO] [1775794009.975302404] [ros_gz_container]: 		 effort
[component_container-3] [INFO] [1775794009.975319796] [ros_gz_container]: Loading joint: elbow_joint
[component_container-3] [INFO] [1775794009.975325687] [ros_gz_container]: 	State:
[component_container-3] [INFO] [1775794009.975330607] [ros_gz_container]: 		 position
[component_container-3] [INFO] [1775794009.975336678] [ros_gz_container]: 			 found initial value: -1.664800
[component_container-3] [INFO] [1775794009.975342288] [ros_gz_container]: 		 velocity
[component_container-3] [INFO] [1775794009.975347538] [ros_gz_container]: 			 found initial value: 0.000000
[component_container-3] [INFO] [1775794009.975352567] [ros_gz_container]: 		 effort
[component_container-3] [INFO] [1775794009.975358729] [ros_gz_container]: 			 found initial value: 0.000000
[component_container-3] [INFO] [1775794009.975364209] [ros_gz_container]: 	Command:
[component_container-3] [INFO] [1775794009.975368988] [ros_gz_container]: 		 position
[component_container-3] [INFO] [1775794009.975379077] [ros_gz_container]: 		 velocity
[component_container-3] [INFO] [1775794009.975385499] [ros_gz_container]: 		 effort
[component_container-3] [INFO] [1775794009.975405486] [ros_gz_container]: Loading joint: wrist_1_joint
[component_container-3] [INFO] [1775794009.975413962] [ros_gz_container]: 	State:
[component_container-3] [INFO] [1775794009.975423379] [ros_gz_container]: 		 position
[component_container-3] [INFO] [1775794009.975433087] [ros_gz_container]: 			 found initial value: -1.693300
[component_container-3] [INFO] [1775794009.975442255] [ros_gz_container]: 		 velocity
[component_container-3] [INFO] [1775794009.975458144] [ros_gz_container]: 			 found initial value: 0.000000
[component_container-3] [INFO] [1775794009.975468564] [ros_gz_container]: 		 effort
[component_container-3] [INFO] [1775794009.975481377] [ros_gz_container]: 			 found initial value: 0.000000
[component_container-3] [INFO] [1775794009.975492027] [ros_gz_container]: 	Command:
[component_container-3] [INFO] [1775794009.975501996] [ros_gz_container]: 		 position
[component_container-3] [INFO] [1775794009.975522855] [ros_gz_container]: 		 velocity
[component_container-3] [INFO] [1775794009.975534897] [ros_gz_container]: 		 effort
[component_container-3] [INFO] [1775794009.975563551] [ros_gz_container]: Loading joint: wrist_2_joint
[component_container-3] [INFO] [1775794009.975572006] [ros_gz_container]: 	State:
[component_container-3] [INFO] [1775794009.975579841] [ros_gz_container]: 		 position
[component_container-3] [INFO] [1775794009.975592735] [ros_gz_container]: 			 found initial value: 1.571000
[component_container-3] [INFO] [1775794009.975605068] [ros_gz_container]: 		 velocity
[component_container-3] [INFO] [1775794009.975616048] [ros_gz_container]: 			 found initial value: 0.000000
[component_container-3] [INFO] [1775794009.975626317] [ros_gz_container]: 		 effort
[component_container-3] [INFO] [1775794009.975637027] [ros_gz_container]: 			 found initial value: 0.000000
[component_container-3] [INFO] [1775794009.975648248] [ros_gz_container]: 	Command:
[component_container-3] [INFO] [1775794009.975655893] [ros_gz_container]: 		 position
[component_container-3] [INFO] [1775794009.975682652] [ros_gz_container]: 		 velocity
[component_container-3] [INFO] [1775794009.975695286] [ros_gz_container]: 		 effort
[component_container-3] [INFO] [1775794009.975724380] [ros_gz_container]: Loading joint: wrist_3_joint
[component_container-3] [INFO] [1775794009.975732325] [ros_gz_container]: 	State:
[component_container-3] [INFO] [1775794009.975742023] [ros_gz_container]: 		 position
[component_container-3] [INFO] [1775794009.975755238] [ros_gz_container]: 			 found initial value: 1.411000
[component_container-3] [INFO] [1775794009.975768062] [ros_gz_container]: 		 velocity
[component_container-3] [INFO] [1775794009.975811633] [ros_gz_container]: 			 found initial value: 0.000000
[component_container-3] [INFO] [1775794009.975822283] [ros_gz_container]: 		 effort
[component_container-3] [INFO] [1775794009.975848722] [ros_gz_container]: 			 found initial value: 0.000000
[component_container-3] [INFO] [1775794009.975860153] [ros_gz_container]: 	Command:
[component_container-3] [INFO] [1775794009.975869230] [ros_gz_container]: 		 position
[component_container-3] [INFO] [1775794009.975889949] [ros_gz_container]: 		 velocity
[component_container-3] [INFO] [1775794009.975901410] [ros_gz_container]: 		 effort
[component_container-3] [INFO] [1775794009.975937617] [ros_gz_container]: Loading sensor: AtiForceTorqueSensor
[component_container-3] [INFO] [1775794009.975945121] [ros_gz_container]: 	State:
[component_container-3] [INFO] [1775794009.975956182] [ros_gz_container]: 		 force.x
[component_container-3] [INFO] [1775794009.975961702] [ros_gz_container]: 		 force.y
[component_container-3] [INFO] [1775794009.975966892] [ros_gz_container]: 		 force.z
[component_container-3] [INFO] [1775794009.975972032] [ros_gz_container]: 		 torque.x
[component_container-3] [INFO] [1775794009.975977882] [ros_gz_container]: 		 torque.y
[component_container-3] [INFO] [1775794009.975993111] [ros_gz_container]: 		 torque.z
[component_container-3] [INFO] [1775794009.976070074] [ros_gz_container]: Initialize hardware 'ControlSystem' 
[component_container-3] [WARN] [1775794009.976337322] [rcl.logging_rosout]: Publisher already registered for node name: 'ros_gz_container'. If this is due to multiple nodes with the same name then all logs for the logger named 'ros_gz_container' will go out over the existing publisher. As soon as any node with that name is destructed it will unregister the publisher, preventing any further logs for that name from being published on the rosout topic.
[component_container-3] [INFO] [1775794009.979236203] [ros_gz_container.hardware_component.system.ControlSystem]: `status_publish_rate` is set to 0.0, hardware status publisher will not be created.
[component_container-3] [INFO] [1775794009.979448188] [ros_gz_container]: Successful initialization of hardware 'ControlSystem'
[component_container-3] [INFO] [1775794009.979760169] [resource_manager]: 'configure' hardware 'ControlSystem' 
[component_container-3] [INFO] [1775794009.979768956] [ros_gz_container]: System Successfully configured!
[component_container-3] [INFO] [1775794009.979776370] [resource_manager]: Successful 'configure' of hardware 'ControlSystem'
[component_container-3] [INFO] [1775794009.979792149] [resource_manager]: 'activate' hardware 'ControlSystem' 
[component_container-3] [INFO] [1775794009.979807908] [resource_manager]: Successful 'activate' of hardware 'ControlSystem'
[component_container-3] [INFO] [1775794009.979898156] [resource_manager]: 'configure' hardware 'gripper' 
[component_container-3] [INFO] [1775794009.979902084] [ros_gz_container]: System Successfully configured!
[component_container-3] [INFO] [1775794009.979907794] [resource_manager]: Successful 'configure' of hardware 'gripper'
[component_container-3] [INFO] [1775794009.979911581] [resource_manager]: 'activate' hardware 'gripper' 
[component_container-3] [INFO] [1775794009.979915208] [resource_manager]: Successful 'activate' of hardware 'gripper'
[component_container-3] [WARN] [1775794009.979932110] [controller_manager]: Component 'ControlSystem' does not have read or write statistics initialized, skipping registration.
[component_container-3] [WARN] [1775794009.979947719] [controller_manager]: Component 'gripper' does not have read or write statistics initialized, skipping registration.
[component_container-3] [INFO] [1775794009.979958779] [controller_manager]: Resource Manager has been successfully initialized. Starting Controller Manager services...
[2m2026-04-10T04:06:50.028811Z[0m [32m INFO[0m acc-0 ThreadId(04) [2mzenoh::net::routing::interceptor::access_control[0m[2m:[0m 59d3c6ce9efc3f61d30e3d91b518d915 did not match any configured ACL subject. Default permission `Allow` will be applied on all messages
[2m2026-04-10T04:06:50.029878Z[0m [32m INFO[0m acc-0 ThreadId(04) [2mzenoh::net::routing::interceptor::access_control[0m[2m:[0m 1f812cb12fc08da74ffb7e238fdcbe93 did not match any configured ACL subject. Default permission `Allow` will be applied on all messages
[component_container-3] [INFO] [1775794010.080725560] [controller_manager]: Loading controller : 'joint_state_broadcaster' of type 'joint_state_broadcaster/JointStateBroadcaster'
[component_container-3] [INFO] [1775794010.080777957] [controller_manager]: Loading controller 'joint_state_broadcaster'
[component_container-3] [INFO] [1775794010.082462716] [controller_manager]: Controller 'joint_state_broadcaster' node arguments: --ros-args --params-file /ws_aic/install/share/aic_bringup/config/aic_ros2_controllers.yaml -p use_sim_time:=true --param use_sim_time:=true 
[spawner-8] [INFO] [1775794010.109528914] [spawner_joint_state_broadcaster]: Loaded joint_state_broadcaster
[component_container-3] [INFO] [1775794010.110499422] [controller_manager]: Configuring controller: 'joint_state_broadcaster'
[component_container-3] [INFO] [1775794010.110838644] [joint_state_broadcaster]: 'joints' or 'interfaces' parameter is empty. All available state interfaces will be published
[component_container-3] [INFO] [1775794010.116704082] [controller_manager]: Activating controllers: [ joint_state_broadcaster ]
[component_container-3] [INFO] [1775794010.116809789] [controller_manager]: Requested controller switch from non-realtime loop
[component_container-3] [INFO] [1775794010.117030731] [controller_manager]: Successfully switched controllers!
[2m2026-04-10T04:06:51.686923Z[0m [32m INFO[0m acc-0 ThreadId(04) [2mzenoh::net::routing::interceptor::access_control[0m[2m:[0m f2d5e00a4ecd9d34bb39b12e6d501cda did not match any configured ACL subject. Default permission `Allow` will be applied on all messages
[2m2026-04-10T04:06:51.907747Z[0m [32m INFO[0m acc-0 ThreadId(04) [2mzenoh::net::routing::interceptor::access_control[0m[2m:[0m bae55288021f734a05cdcb984010b2c4 did not match any configured ACL subject. Default permission `Allow` will be applied on all messages
[component_container-3] (2026-04-10 13:06:51.962) [debug] [SystemManager.cc:80] Loaded system [gz_ros2_control::GazeboSimROS2ControlPlugin] for entity [31]
[component_container-3] (2026-04-10 13:06:51.964) [debug] [SystemManager.cc:80] Loaded system [gz::sim::systems::ForceTorque] for entity [31]
[component_container-3] (2026-04-10 13:06:51.966) [debug] [OffLimitContactsPlugin.cc:41] aic_gazebo::OffLimitContactsPlugin::Configure on entity: 31
[component_container-3] (2026-04-10 13:06:51.966) [debug] [OffLimitContactsPlugin.cc:165] Enabled collision [34]
[component_container-3] (2026-04-10 13:06:51.966) [debug] [OffLimitContactsPlugin.cc:165] Enabled collision [37]
[component_container-3] (2026-04-10 13:06:51.966) [debug] [OffLimitContactsPlugin.cc:165] Enabled collision [40]
[component_container-3] (2026-04-10 13:06:51.966) [debug] [OffLimitContactsPlugin.cc:165] Enabled collision [43]
[component_container-3] (2026-04-10 13:06:51.966) [debug] [OffLimitContactsPlugin.cc:165] Enabled collision [46]
[component_container-3] (2026-04-10 13:06:51.966) [debug] [OffLimitContactsPlugin.cc:165] Enabled collision [49]
[component_container-3] (2026-04-10 13:06:51.966) [debug] [OffLimitContactsPlugin.cc:165] Enabled collision [57]
[component_container-3] (2026-04-10 13:06:51.966) [debug] [OffLimitContactsPlugin.cc:165] Enabled collision [58]
[component_container-3] (2026-04-10 13:06:51.966) [debug] [OffLimitContactsPlugin.cc:165] Enabled collision [59]
[component_container-3] (2026-04-10 13:06:51.966) [debug] [OffLimitContactsPlugin.cc:165] Enabled collision [60]
[component_container-3] (2026-04-10 13:06:51.966) [debug] [OffLimitContactsPlugin.cc:165] Enabled collision [61]
[component_container-3] (2026-04-10 13:06:51.966) [debug] [OffLimitContactsPlugin.cc:165] Enabled collision [62]
[component_container-3] (2026-04-10 13:06:51.966) [debug] [OffLimitContactsPlugin.cc:165] Enabled collision [63]
[component_container-3] (2026-04-10 13:06:51.966) [debug] [OffLimitContactsPlugin.cc:165] Enabled collision [64]
[component_container-3] (2026-04-10 13:06:51.966) [debug] [OffLimitContactsPlugin.cc:165] Enabled collision [65]
[component_container-3] (2026-04-10 13:06:51.966) [debug] [OffLimitContactsPlugin.cc:165] Enabled collision [66]
[component_container-3] (2026-04-10 13:06:51.966) [debug] [OffLimitContactsPlugin.cc:165] Enabled collision [67]
[component_container-3] (2026-04-10 13:06:51.966) [debug] [OffLimitContactsPlugin.cc:165] Enabled collision [68]
[component_container-3] (2026-04-10 13:06:51.966) [debug] [OffLimitContactsPlugin.cc:165] Enabled collision [69]
[component_container-3] (2026-04-10 13:06:51.966) [debug] [OffLimitContactsPlugin.cc:165] Enabled collision [70]
[component_container-3] (2026-04-10 13:06:51.966) [debug] [OffLimitContactsPlugin.cc:165] Enabled collision [71]
[component_container-3] (2026-04-10 13:06:51.966) [debug] [OffLimitContactsPlugin.cc:165] Enabled collision [72]
[component_container-3] (2026-04-10 13:06:51.966) [debug] [OffLimitContactsPlugin.cc:165] Enabled collision [73]
[component_container-3] (2026-04-10 13:06:51.966) [debug] [OffLimitContactsPlugin.cc:165] Enabled collision [74]
[component_container-3] (2026-04-10 13:06:51.966) [debug] [OffLimitContactsPlugin.cc:165] Enabled collision [75]
[component_container-3] (2026-04-10 13:06:51.966) [debug] [OffLimitContactsPlugin.cc:165] Enabled collision [81]
[component_container-3] (2026-04-10 13:06:51.966) [debug] [OffLimitContactsPlugin.cc:165] Enabled collision [82]
[component_container-3] (2026-04-10 13:06:51.966) [debug] [OffLimitContactsPlugin.cc:165] Enabled collision [85]
[component_container-3] (2026-04-10 13:06:51.966) [debug] [OffLimitContactsPlugin.cc:165] Enabled collision [86]
[component_container-3] (2026-04-10 13:06:51.966) [debug] [OffLimitContactsPlugin.cc:165] Enabled collision [87]
[component_container-3] (2026-04-10 13:06:51.966) [debug] [OffLimitContactsPlugin.cc:165] Enabled collision [88]
[component_container-3] (2026-04-10 13:06:51.966) [debug] [OffLimitContactsPlugin.cc:165] Enabled collision [91]
[component_container-3] (2026-04-10 13:06:51.966) [debug] [OffLimitContactsPlugin.cc:165] Enabled collision [92]
[component_container-3] (2026-04-10 13:06:51.966) [debug] [OffLimitContactsPlugin.cc:165] Enabled collision [93]
[component_container-3] (2026-04-10 13:06:51.966) [debug] [OffLimitContactsPlugin.cc:165] Enabled collision [94]
[component_container-3] (2026-04-10 13:06:51.966) [debug] [SystemManager.cc:80] Loaded system [aic_gazebo::OffLimitContactsPlugin] for entity [31]
[component_container-3] (2026-04-10 13:06:51.969) [debug] [ResetJointsPlugin.cc:40] aic_gazebo::ResetJointsPlugin::Configure on entity: 31
[component_container-3] [WARN] [1775794011.969792820] [rcl.logging_rosout]: Publisher already registered for node name: 'ros_gz_container'. If this is due to multiple nodes with the same name then all logs for the logger named 'ros_gz_container' will go out over the existing publisher. As soon as any node with that name is destructed it will unregister the publisher, preventing any further logs for that name from being published on the rosout topic.
[component_container-3] (2026-04-10 13:06:51.974) [info] [ResetJointsPlugin.cc:117] Initialized ResetJointsPlugin!
[component_container-3] (2026-04-10 13:06:51.974) [debug] [SystemManager.cc:80] Loaded system [aic_gazebo::ResetJointsPlugin] for entity [31]
[component_container-3] (2026-04-10 13:06:51.975) [debug] [UserCommands.cc:1108] Created entity [31] named [ur5e]
[component_container-3] (2026-04-10 13:06:51.990) [debug] [Sensors.cc:953] Initialization needed
[component_container-3] (2026-04-10 13:06:51.990) [debug] [Sensors.cc:349] Initializing render context
[component_container-3] (2026-04-10 13:06:51.990) [info] [RenderEngineManager.cc:514] Loading plugin [gz-rendering-ogre2]
[component_container-3] (2026-04-10 13:06:51.991) [debug] [EntityComponentManager.cc:1676] Updated state thread iterators: 16 threads processing around 8 entities each.
[component_container-3] (2026-04-10 13:06:52.004) [warning] [Ogre2RenderEngine.cc:556] Unable to open display: . Trying to run in headless mode.
[component_container-3] (2026-04-10 13:06:52.006) [debug] [SimulationRunner.cc:600] Exiting postupdate worker thread (1)
[component_container-3] (2026-04-10 13:06:52.006) [debug] [SimulationRunner.cc:600] Exiting postupdate worker thread (0)
[component_container-3] (2026-04-10 13:06:52.006) [debug] [SimulationRunner.cc:600] Exiting postupdate worker thread (2)
[component_container-3] (2026-04-10 13:06:52.006) [debug] [SimulationRunner.cc:600] Exiting postupdate worker thread (3)
[component_container-3] (2026-04-10 13:06:52.006) [debug] [SimulationRunner.cc:573] Creating PostUpdate worker threads: 6
[component_container-3] (2026-04-10 13:06:52.007) [debug] [SimulationRunner.cc:584] Creating postupdate worker thread (0)
[component_container-3] (2026-04-10 13:06:52.008) [debug] [SimulationRunner.cc:584] Creating postupdate worker thread (1)
[component_container-3] (2026-04-10 13:06:52.008) [debug] [SimulationRunner.cc:584] Creating postupdate worker thread (2)
[component_container-3] (2026-04-10 13:06:52.008) [debug] [SimulationRunner.cc:584] Creating postupdate worker thread (3)
[component_container-3] (2026-04-10 13:06:52.008) [debug] [SimulationRunner.cc:584] Creating postupdate worker thread (4)
[spawner-8] [INFO] [1775794012.012900315] [spawner_joint_state_broadcaster]: Configured and activated joint_state_broadcaster
[INFO] [spawner-8]: process has finished cleanly [pid 75007]
[INFO] [spawner-10]: process started with pid [75199]
[component_container-3] [INFO] [1775794012.100866898] [controller_manager]: Loading controller : 'fts_broadcaster' of type 'force_torque_sensor_broadcaster/ForceTorqueSensorBroadcaster'
[component_container-3] [INFO] [1775794012.100932530] [controller_manager]: Loading controller 'fts_broadcaster'
[component_container-3] [INFO] [1775794012.102349460] [controller_manager]: Controller 'fts_broadcaster' node arguments: --ros-args --params-file /ws_aic/install/share/aic_bringup/config/aic_ros2_controllers.yaml -p use_sim_time:=true --param use_sim_time:=true 
[component_container-3] [1;33mWarning [Utils.cc:119][0m [/sdf/model[@name="ur"]/link[@name="center_camera/sensor_link"]/sensor[@name="center_camera"]/camera[@name="center_camera"]/optical_frame_id]: SDF Element[optical_frame_id] is deprecated
[component_container-3] [1;33mWarning [Utils.cc:119][0m [/sdf/model[@name="ur"]/link[@name="left_camera/sensor_link"]/sensor[@name="left_camera"]/camera[@name="left_camera"]/optical_frame_id]: SDF Element[optical_frame_id] is deprecated
[component_container-3] [1;33mWarning [Utils.cc:119][0m [/sdf/model[@name="ur"]/link[@name="right_camera/sensor_link"]/sensor[@name="right_camera"]/camera[@name="right_camera"]/optical_frame_id]: SDF Element[optical_frame_id] is deprecated
[component_container-3] [INFO] [1775794012.162725227] [gz_server]: InitializeCanonicalLinks
[component_container-3] [INFO] [1775794012.162989690] [gz_server]: Creating services on gz_server
[component_container-3] [INFO] [1775794012.164405668] [gz_server]: Created service /gz_server/delete_entity
[component_container-3] [INFO] [1775794012.165276180] [gz_server]: Created service /gz_server/get_entities
[component_container-3] [INFO] [1775794012.165868624] [gz_server]: Created service /gz_server/get_entity_info
[component_container-3] [INFO] [1775794012.166790692] [gz_server]: Created service /gz_server/get_entity_state
[component_container-3] [INFO] [1775794012.167522255] [gz_server]: Created service /gz_server/get_entities_states
[component_container-3] [INFO] [1775794012.168051060] [gz_server]: Created service /gz_server/get_simulation_state
[component_container-3] [INFO] [1775794012.168684280] [gz_server]: Created service /gz_server/get_simulator_features
[component_container-3] [INFO] [1775794012.169389283] [gz_server]: Created service /gz_server/reset_simulation
[component_container-3] [INFO] [1775794012.170026160] [gz_server]: Created service /gz_server/set_entity_state
[component_container-3] [INFO] [1775794012.170559925] [gz_server]: Created service /gz_server/set_simulation_state
[component_container-3] [INFO] [1775794012.171335760] [gz_server]: Created service /gz_server/spawn_entity
[component_container-3] [INFO] [1775794012.171806176] [gz_server]: Created service /gz_server/step_simulation
[component_container-3] [INFO] [1775794012.174178847] [gz_server]: Created action /gz_server/simulate_steps
[2m2026-04-10T04:06:52.313616Z[0m [32m INFO[0m acc-0 ThreadId(04) [2mzenoh::net::routing::interceptor::access_control[0m[2m:[0m b6e05269a2d9b13ee9045d51c86a3002 did not match any configured ACL subject. Default permission `Allow` will be applied on all messages
[component_container-3] libEGL warning: pci id for fd 73: 10de:28e0, driver (null)
[component_container-3] 
[component_container-3] pci id for fd 75: 10de:28e0, driver (null)
[component_container-3] pci id for fd 76: 10de:28e0, driver (null)
[component_container-3] libEGL warning: egl: failed to create dri2 screen
[component_container-3] libEGL warning: pci id for fd 73: 10de:28e0, driver (null)
[component_container-3] 
[component_container-3] pci id for fd 75: 10de:28e0, driver (null)
[component_container-3] pci id for fd 76: 10de:28e0, driver (null)
[component_container-3] libEGL warning: egl: failed to create dri2 screen
[component_container-3] libEGL warning: pci id for fd 73: 10de:28e0, driver (null)
[component_container-3] 
[component_container-3] (2026-04-10 13:06:54.146) [debug] [RenderUtil.cc:2646] Create scene [scene]
[component_container-3] (2026-04-10 13:06:54.685) [debug] [Sensors.cc:391] Rendering Thread initialized
[component_container-3] (2026-04-10 13:06:54.685) [debug] [Sensors.cc:953] Initialization needed
[component_container-3] (2026-04-10 13:06:54.687) [debug] [ForceTorque.cc:162] Adding JointTransmittedWrench to: 110
[component_container-3] [INFO] [1775794014.688181251] [ros_gz_container]: ForceTorque AtiForceTorqueSensor has a topic name: /axia80_m20/wrench
[component_container-3] [INFO] [1775794014.688348352] [ros_gz_container]: ForceTorque AtiForceTorqueSensor has a topic name: /axia80_m20/wrench
[spawner-9] [INFO] [1775794014.708154684] [spawner_fts_broadcaster]: Loaded fts_broadcaster
[component_container-3] [INFO] [1775794014.709554792] [controller_manager]: Configuring controller: 'fts_broadcaster'
[component_container-3] [INFO] [1775794014.711796449] [fts_broadcaster]: configure successful
[component_container-3] (2026-04-10 13:06:55.502) [debug] [CameraSensor.cc:342] Camera images for [ur5e::center_camera/sensor_link::center_camera] advertised on [/center_camera/image]
[component_container-3] (2026-04-10 13:06:55.502) [debug] [CameraSensor.cc:632] Camera info for [ur5e::center_camera/sensor_link::center_camera] advertised on [/center_camera/camera_info]
[component_container-3] (2026-04-10 13:06:55.503) [warning] [Ogre2Camera.cc:423] Ogre2Camera::SetVisibilityMask: Mask bits c0000000 are set but will be ignored as they conflict with the reserved bits used internally by the ogre2 backend.
[component_container-3] (2026-04-10 13:06:55.504) [debug] [CameraSensor.cc:342] Camera images for [ur5e::left_camera/sensor_link::left_camera] advertised on [/left_camera/image]
[component_container-3] (2026-04-10 13:06:55.504) [debug] [CameraSensor.cc:632] Camera info for [ur5e::left_camera/sensor_link::left_camera] advertised on [/left_camera/camera_info]
[component_container-3] (2026-04-10 13:06:55.504) [warning] [Ogre2Camera.cc:423] Ogre2Camera::SetVisibilityMask: Mask bits c0000000 are set but will be ignored as they conflict with the reserved bits used internally by the ogre2 backend.
[component_container-3] (2026-04-10 13:06:55.506) [debug] [CameraSensor.cc:342] Camera images for [ur5e::right_camera/sensor_link::right_camera] advertised on [/right_camera/image]
[component_container-3] (2026-04-10 13:06:55.506) [debug] [CameraSensor.cc:632] Camera info for [ur5e::right_camera/sensor_link::right_camera] advertised on [/right_camera/camera_info]
[component_container-3] (2026-04-10 13:06:55.506) [warning] [Ogre2Camera.cc:423] Ogre2Camera::SetVisibilityMask: Mask bits c0000000 are set but will be ignored as they conflict with the reserved bits used internally by the ogre2 backend.
[component_container-3] (2026-04-10 13:06:56.851) [debug] [CameraSensor.cc:441] Enabling camera sensor: 'ur5e::center_camera/sensor_link::center_camera' data generation.
[component_container-3] (2026-04-10 13:06:56.913) [debug] [CameraSensor.cc:441] Enabling camera sensor: 'ur5e::left_camera/sensor_link::left_camera' data generation.
[component_container-3] (2026-04-10 13:06:56.932) [debug] [CameraSensor.cc:441] Enabling camera sensor: 'ur5e::right_camera/sensor_link::right_camera' data generation.
[component_container-3] [INFO] [1775794016.957907227] [controller_manager]: Activating controllers: [ fts_broadcaster ]
[component_container-3] [INFO] [1775794016.958158585] [controller_manager]: Requested controller switch from non-realtime loop
[component_container-3] [INFO] [1775794016.958362906] [controller_manager]: Successfully switched controllers!
[spawner-9] [INFO] [1775794016.964876742] [spawner_fts_broadcaster]: Configured and activated fts_broadcaster
[INFO] [spawner-9]: process has finished cleanly [pid 75008]
[component_container-3] [INFO] [1775794017.061030180] [controller_manager]: Loading controller : 'aic_controller' of type 'aic/Controller'
[component_container-3] [INFO] [1775794017.061086204] [controller_manager]: Loading controller 'aic_controller'
[component_container-3] [INFO] [1775794017.065054528] [controller_manager]: Controller 'aic_controller' node arguments: --ros-args --params-file /ws_aic/install/share/aic_bringup/config/aic_ros2_controllers.yaml -p use_sim_time:=true --param use_sim_time:=true 
[component_container-3] (2026-04-10 13:06:57.385) [debug] [WorldSdfGeneratorPlugin.cc:79] Saving world: aic_world to: /tmp/aic.sdf
[component_container-3] (2026-04-10 13:06:57.386) [info] [WorldSdfGeneratorPlugin.cc:84] World saved to /tmp/aic.sdf
[spawner-10] [INFO] [1775794017.414581848] [spawner_aic_controller]: Loaded aic_controller
[component_container-3] [INFO] [1775794017.415811810] [controller_manager]: Configuring controller: 'aic_controller'
[component_container-3] [INFO] [1775794017.415957000] [aic_controller]: Control mode set to impedance
[component_container-3] [INFO] [1775794017.415977068] [aic_controller]: Target mode set to Cartesian. Accepting MotionUpdate targets.
[component_container-3] [INFO] [1775794017.428086409] [controller_manager]: Activating controllers: [ aic_controller ]
[component_container-3] [INFO] [1775794017.428281723] [controller_manager]: Requested controller switch from non-realtime loop
[component_container-3] [INFO] [1775794017.428461027] [controller_manager]: Successfully switched controllers!
[component_container-3] (2026-04-10 13:06:57.428) [warning] [Component.hh:144] Trying to serialize component with data type [St6vectorIdSaIdEE], which doesn't have `operator<<`. Component will not be serialized.
[component_container-3] (2026-04-10 13:06:57.429) [warning] [Component.hh:189] Trying to deserialize component with data type [St6vectorIdSaIdEE], which doesn't have `operator>>`. Component will not be deserialized.
[spawner-10] [INFO] [1775794017.430708064] [spawner_aic_controller]: Configured and activated all the parsed controllers list : ['aic_controller']!
[INFO] [spawner-10]: process has finished cleanly [pid 75199]
[INFO] [rviz2-11]: process started with pid [75626]
[rviz2-11] qt.qpa.xcb: could not connect to display 
[rviz2-11] qt.qpa.plugin: Could not load the Qt platform plugin "xcb" in "" even though it was found.
[rviz2-11] This application failed to start because no Qt platform plugin could be initialized. Reinstalling the application may fix this problem.
[rviz2-11] 
[rviz2-11] Available platform plugins are: eglfs, linuxfb, minimal, minimalegl, offscreen, vnc, wayland-egl, wayland, wayland-xcomposite-egl, wayland-xcomposite-glx, xcb.
[rviz2-11] 
[ERROR] [rviz2-11]: process has died [pid 75626, exit code -6, cmd '/opt/ros/kilted/lib/rviz2/rviz2 -d /ws_aic/install/share/aic_bringup/rviz/aic.rviz --ros-args -r __node:=rviz2 --params-file /tmp/launch_params_i0galwjk'].
[2m2026-04-10T04:06:59.052545Z[0m [32m INFO[0m acc-0 ThreadId(04) [2mzenoh::net::routing::interceptor::access_control[0m[2m:[0m fcdb98f8e6991d4093c4fb72a0adfffd did not match any configured ACL subject. Default permission `Allow` will be applied on all messages
[2m2026-04-10T04:07:08.824420Z[0m [32m INFO[0m acc-0 ThreadId(04) [2mzenoh::net::routing::interceptor::access_control[0m[2m:[0m 7316ee3ea4a7abfca4c8b1f9e939fe5f did not match any configured ACL subject. Default permission `Allow` will be applied on all messages
[component_container-3] (2026-04-10 13:07:10.596) [debug] [SdfEntityCreator.cc:547] Link has auto-inertial enabled: sc_port_1::sc_port_link
[component_container-3] (2026-04-10 13:07:10.596) [debug] [SdfEntityCreator.cc:549]   pose: 1.88554e-19 -0.00100271 0.000137321 0 0 0
[component_container-3] (2026-04-10 13:07:10.596) [debug] [SdfEntityCreator.cc:550]   mass: 0.04
[component_container-3] (2026-04-10 13:07:10.596) [debug] [SdfEntityCreator.cc:551]   ixx iyy izz: 1.86262e-06 5.50332e-06 6.55187e-06
[component_container-3] (2026-04-10 13:07:10.596) [debug] [SdfEntityCreator.cc:553]   ixy ixz iyz: -7.41324e-15 4.19415e-23 -5.5077e-09
[component_container-3] (2026-04-10 13:07:10.598) [debug] [SystemManager.cc:80] Loaded system [gz::sim::systems::PosePublisher] for entity [118]
[component_container-3] (2026-04-10 13:07:10.600) [debug] [SystemManager.cc:80] Loaded system [gz::sim::systems::TouchPlugin] for entity [155]
[component_container-3] (2026-04-10 13:07:10.600) [debug] [UserCommands.cc:1108] Created entity [118] named [task_board]
[component_container-3] (2026-04-10 13:07:10.607) [info] [Contact.cc:125] Contact system publishing on world/aic_world/model/task_board/model/sc_port_1/link/sc_port_link/sensor/sc_port_sensor/contact
[component_container-3] [INFO] [1775794030.607662213] [aic_controller]: Received service request to tare force torque sensor!
[component_container-3] [INFO] [1775794030.607704131] [aic_controller]: Successfully tared force torque sensor.
[component_container-3] (2026-04-10 13:07:10.609) [warning] [Component.hh:127] Trying to serialize component with data type [St10shared_ptrIN3sdf3v157ElementEE], which doesn't have `operator<<`. Component will not be serialized.
[component_container-3] [INFO] [1775794030.609790198] [gz_server]: InitializeCanonicalLinks
[component_container-3] (2026-04-10 13:07:10.611) [debug] [SimulationRunner.cc:600] Exiting postupdate worker thread (3)
[component_container-3] (2026-04-10 13:07:10.611) [debug] [SimulationRunner.cc:600] Exiting postupdate worker thread (1)
[component_container-3] (2026-04-10 13:07:10.611) [debug] [SimulationRunner.cc:600] Exiting postupdate worker thread (2)
[component_container-3] (2026-04-10 13:07:10.611) [debug] [SimulationRunner.cc:600] Exiting postupdate worker thread (0)
[component_container-3] (2026-04-10 13:07:10.611) [debug] [SimulationRunner.cc:600] Exiting postupdate worker thread (4)
[component_container-3] (2026-04-10 13:07:10.612) [debug] [SimulationRunner.cc:573] Creating PostUpdate worker threads: 8
[component_container-3] (2026-04-10 13:07:10.612) [debug] [SimulationRunner.cc:584] Creating postupdate worker thread (0)
[component_container-3] (2026-04-10 13:07:10.612) [debug] [SimulationRunner.cc:584] Creating postupdate worker thread (1)
[component_container-3] (2026-04-10 13:07:10.612) [debug] [SimulationRunner.cc:584] Creating postupdate worker thread (2)
[component_container-3] (2026-04-10 13:07:10.612) [debug] [SimulationRunner.cc:584] Creating postupdate worker thread (3)
[component_container-3] (2026-04-10 13:07:10.612) [debug] [SimulationRunner.cc:584] Creating postupdate worker thread (4)
[component_container-3] (2026-04-10 13:07:10.612) [debug] [SimulationRunner.cc:584] Creating postupdate worker thread (5)
[component_container-3] (2026-04-10 13:07:10.612) [debug] [SimulationRunner.cc:584] Creating postupdate worker thread (6)
[component_container-3] (2026-04-10 13:07:10.613) [debug] [TouchPlugin.cc:267] Started touch plugin [sc_port_1/sc_port_base]
[component_container-3] (2026-04-10 13:07:10.662) [warning] [Component.hh:172] Trying to deserialize component with data type [St10shared_ptrIN3sdf3v157ElementEE], which doesn't have `operator>>`. Component will not be deserialized.
[component_container-3] (2026-04-10 13:07:13.738) [debug] [SdfEntityCreator.cc:547] Link has auto-inertial enabled: cable_1::sc_plug_link
[component_container-3] (2026-04-10 13:07:13.738) [debug] [SdfEntityCreator.cc:549]   pose: -0.00907511 4.9566e-05 8.71699e-06 0 0 0
[component_container-3] (2026-04-10 13:07:13.738) [debug] [SdfEntityCreator.cc:550]   mass: 0.04
[component_container-3] (2026-04-10 13:07:13.738) [debug] [SdfEntityCreator.cc:551]   ixx iyy izz: 2.12257e-06 7.17318e-06 8.85404e-06
[component_container-3] (2026-04-10 13:07:13.738) [debug] [SdfEntityCreator.cc:553]   ixy ixz iyz: 1.24369e-08 -3.73363e-09 1.72827e-11
[component_container-3] (2026-04-10 13:07:13.738) [debug] [SdfEntityCreator.cc:547] Link has auto-inertial enabled: cable_1::lc_plug_link
[component_container-3] (2026-04-10 13:07:13.738) [debug] [SdfEntityCreator.cc:549]   pose: 0 -0.00428702 8.58528e-05 0 0 0
[component_container-3] (2026-04-10 13:07:13.738) [debug] [SdfEntityCreator.cc:550]   mass: 0.01
[component_container-3] (2026-04-10 13:07:13.738) [debug] [SdfEntityCreator.cc:551]   ixx iyy izz: 1.73585e-06 1.30886e-07 1.82579e-06
[component_container-3] (2026-04-10 13:07:13.738) [debug] [SdfEntityCreator.cc:553]   ixy ixz iyz: -3.13192e-14 3.63653e-15 -5.82954e-09
[component_container-3] (2026-04-10 13:07:13.739) [debug] [SdfEntityCreator.cc:547] Link has auto-inertial enabled: cable_1::sfp_module_link
[component_container-3] (2026-04-10 13:07:13.739) [debug] [SdfEntityCreator.cc:549]   pose: 0.000140388 0.0140944 0.000755794 0 0 0
[component_container-3] (2026-04-10 13:07:13.739) [debug] [SdfEntityCreator.cc:550]   mass: 0.02
[component_container-3] (2026-04-10 13:07:13.739) [debug] [SdfEntityCreator.cc:551]   ixx iyy izz: 3.52972e-06 5.95336e-07 3.76244e-06
[component_container-3] (2026-04-10 13:07:13.739) [debug] [SdfEntityCreator.cc:553]   ixy ixz iyz: 3.87677e-08 3.1005e-09 9.04204e-09
[component_container-3] (2026-04-10 13:07:13.742) [debug] [CablePlugin.cc:86] aic_gazebo::CablePlugin::Configure on entity: 178
[component_container-3] (2026-04-10 13:07:13.743) [info] [CablePlugin.cc:150] Cable transitioning to HARNESS state.
[component_container-3] (2026-04-10 13:07:13.743) [debug] [SystemManager.cc:80] Loaded system [aic_gazebo::CablePlugin] for entity [178]
[component_container-3] (2026-04-10 13:07:13.744) [debug] [SystemManager.cc:80] Loaded system [gz::sim::systems::PosePublisher] for entity [178]
[component_container-3] (2026-04-10 13:07:13.744) [debug] [UserCommands.cc:1108] Created entity [178] named [cable_1]
[component_container-3] [INFO] [1775794033.759278195] [gz_server]: InitializeCanonicalLinks
[component_container-3] (2026-04-10 13:07:13.764) [debug] [SimulationRunner.cc:600] Exiting postupdate worker thread (3)
[component_container-3] (2026-04-10 13:07:13.764) [debug] [SimulationRunner.cc:600] Exiting postupdate worker thread (5)
[component_container-3] (2026-04-10 13:07:13.764) [debug] [SimulationRunner.cc:600] Exiting postupdate worker thread (0)
[component_container-3] (2026-04-10 13:07:13.764) [debug] [SimulationRunner.cc:600] Exiting postupdate worker thread (1)
[component_container-3] (2026-04-10 13:07:13.764) [debug] [SimulationRunner.cc:600] Exiting postupdate worker thread (4)
[component_container-3] (2026-04-10 13:07:13.764) [debug] [SimulationRunner.cc:600] Exiting postupdate worker thread (2)
[component_container-3] (2026-04-10 13:07:13.764) [debug] [SimulationRunner.cc:600] Exiting postupdate worker thread (6)
[component_container-3] (2026-04-10 13:07:13.764) [debug] [SimulationRunner.cc:573] Creating PostUpdate worker threads: 10
[component_container-3] (2026-04-10 13:07:13.764) [debug] [SimulationRunner.cc:584] Creating postupdate worker thread (0)
[component_container-3] (2026-04-10 13:07:13.764) [debug] [SimulationRunner.cc:584] Creating postupdate worker thread (1)
[component_container-3] (2026-04-10 13:07:13.764) [debug] [SimulationRunner.cc:584] Creating postupdate worker thread (2)
[component_container-3] (2026-04-10 13:07:13.765) [debug] [SimulationRunner.cc:584] Creating postupdate worker thread (3)
[component_container-3] (2026-04-10 13:07:13.765) [debug] [SimulationRunner.cc:584] Creating postupdate worker thread (4)
[component_container-3] (2026-04-10 13:07:13.765) [debug] [SimulationRunner.cc:584] Creating postupdate worker thread (5)
[component_container-3] (2026-04-10 13:07:13.765) [debug] [SimulationRunner.cc:584] Creating postupdate worker thread (6)
[component_container-3] (2026-04-10 13:07:13.765) [debug] [SimulationRunner.cc:584] Creating postupdate worker thread (7)
[component_container-3] (2026-04-10 13:07:13.765) [debug] [SimulationRunner.cc:584] Creating postupdate worker thread (8)
[component_container-3] (2026-04-10 13:07:13.776) [info] [CablePlugin.cc:201] Cable transitioning to WAITING state.
[component_container-3] (2026-04-10 13:07:13.776) [info] [CablePlugin.cc:213] Cable transitioning to CREATE_CONNECTIONS state.
[component_container-3] (2026-04-10 13:07:13.776) [debug] [Physics.cc:2015] Creating detachable joint [376]
[component_container-3] (2026-04-10 13:07:13.776) [debug] [Physics.cc:2015] Creating detachable joint [379]
[component_container-3] (2026-04-10 13:07:13.778) [debug] [Physics.cc:2136] Detaching joint [376]
[component_container-3] (2026-04-10 13:07:13.778) [debug] [Physics.cc:2136] Detaching joint [379]
[component_container-3] (2026-04-10 13:07:13.780) [info] [CablePlugin.cc:247] Cable transitioning to CABLE_ATTACHED_TO_GRIPPER state.
[component_container-3] (2026-04-10 13:07:13.780) [debug] [Physics.cc:2015] Creating detachable joint [380]
[component_container-3] [INFO] [1775794033.887411994] [gz_server]: InitializeCanonicalLinks
[component_container-3] [INFO] [1775794047.114352824] [aic_controller]: Received request to switch target mode to MODE_JOINT.
[component_container-3] [INFO] [1775794052.451711207] [aic_controller]: Received request to switch target mode to MODE_CARTESIAN.
[component_container-3] (2026-04-10 13:07:52.955) [debug] [UserCommands.cc:1158] Requesting removal of entity [118]
[component_container-3] (2026-04-10 13:07:52.969) [debug] [SimulationRunner.cc:600] Exiting postupdate worker thread (8)
[component_container-3] (2026-04-10 13:07:52.969) [debug] [SimulationRunner.cc:600] Exiting postupdate worker thread (1)
[component_container-3] (2026-04-10 13:07:52.969) [debug] [SimulationRunner.cc:600] Exiting postupdate worker thread (6)
[component_container-3] (2026-04-10 13:07:52.969) [debug] [SimulationRunner.cc:600] Exiting postupdate worker thread (3)
[component_container-3] (2026-04-10 13:07:52.969) [debug] [SimulationRunner.cc:600] Exiting postupdate worker thread (2)
[component_container-3] (2026-04-10 13:07:52.969) [debug] [SimulationRunner.cc:600] Exiting postupdate worker thread (5)
[component_container-3] (2026-04-10 13:07:52.969) [debug] [SimulationRunner.cc:600] Exiting postupdate worker thread (7)
[component_container-3] (2026-04-10 13:07:52.969) [debug] [SimulationRunner.cc:600] Exiting postupdate worker thread (4)
[component_container-3] (2026-04-10 13:07:52.969) [debug] [SimulationRunner.cc:600] Exiting postupdate worker thread (0)
[component_container-3] (2026-04-10 13:07:52.970) [debug] [SimulationRunner.cc:573] Creating PostUpdate worker threads: 8
[component_container-3] (2026-04-10 13:07:52.970) [debug] [SimulationRunner.cc:584] Creating postupdate worker thread (0)
[component_container-3] (2026-04-10 13:07:52.970) [debug] [SimulationRunner.cc:584] Creating postupdate worker thread (1)
[component_container-3] (2026-04-10 13:07:52.970) [debug] [SimulationRunner.cc:584] Creating postupdate worker thread (2)
[component_container-3] (2026-04-10 13:07:52.970) [debug] [SimulationRunner.cc:584] Creating postupdate worker thread (3)
[component_container-3] (2026-04-10 13:07:52.970) [debug] [SimulationRunner.cc:584] Creating postupdate worker thread (4)
[component_container-3] (2026-04-10 13:07:52.970) [debug] [SimulationRunner.cc:584] Creating postupdate worker thread (5)
[component_container-3] (2026-04-10 13:07:52.970) [debug] [SimulationRunner.cc:584] Creating postupdate worker thread (6)
[component_container-3] (2026-04-10 13:07:52.970) [debug] [UserCommands.cc:1158] Requesting removal of entity [178]
[component_container-3] (2026-04-10 13:07:52.973) [info] [CablePlugin.cc:162] Cable transitioning to CABLE_REMOVED state.
[component_container-3] [INFO] [1775794072.974097359] [controller_manager]: Deactivating controllers: [ aic_controller ]
[component_container-3] [INFO] [1775794072.974227581] [controller_manager]: Switch controller timeout is set to 0, using default 1s!
[component_container-3] [INFO] [1775794072.974236438] [controller_manager]: Requested controller switch from non-realtime loop
[component_container-3] [INFO] [1775794072.974402267] [controller_manager]: Deactivated controllers: [ aic_controller ]
[component_container-3] [INFO] [1775794072.974415652] [controller_manager]: Successfully switched controllers!
[component_container-3] (2026-04-10 13:07:52.976) [debug] [Physics.cc:2136] Detaching joint [380]
[component_container-3] (2026-04-10 13:07:52.979) [info] [ResetJointsPlugin.cc:105] Received reset request for joint: shoulder_pan_joint
[component_container-3] (2026-04-10 13:07:52.979) [info] [ResetJointsPlugin.cc:105] Received reset request for joint: shoulder_lift_joint
[component_container-3] (2026-04-10 13:07:52.979) [info] [ResetJointsPlugin.cc:105] Received reset request for joint: elbow_joint
[component_container-3] (2026-04-10 13:07:52.979) [info] [ResetJointsPlugin.cc:105] Received reset request for joint: wrist_1_joint
[component_container-3] (2026-04-10 13:07:52.979) [info] [ResetJointsPlugin.cc:105] Received reset request for joint: wrist_2_joint
[component_container-3] (2026-04-10 13:07:52.979) [info] [ResetJointsPlugin.cc:105] Received reset request for joint: wrist_3_joint
[component_container-3] (2026-04-10 13:07:53.014) [debug] [SimulationRunner.cc:600] Exiting postupdate worker thread (1)
[component_container-3] (2026-04-10 13:07:53.014) [debug] [SimulationRunner.cc:600] Exiting postupdate worker thread (4)
[component_container-3] (2026-04-10 13:07:53.014) [debug] [SimulationRunner.cc:600] Exiting postupdate worker thread (3)
[component_container-3] (2026-04-10 13:07:53.014) [debug] [SimulationRunner.cc:600] Exiting postupdate worker thread (6)
[component_container-3] (2026-04-10 13:07:53.014) [debug] [SimulationRunner.cc:600] Exiting postupdate worker thread (0)
[component_container-3] (2026-04-10 13:07:53.014) [debug] [SimulationRunner.cc:600] Exiting postupdate worker thread (2)
[component_container-3] (2026-04-10 13:07:53.014) [debug] [SimulationRunner.cc:600] Exiting postupdate worker thread (5)
[component_container-3] (2026-04-10 13:07:53.015) [debug] [SimulationRunner.cc:573] Creating PostUpdate worker threads: 6
[component_container-3] (2026-04-10 13:07:53.015) [debug] [SimulationRunner.cc:584] Creating postupdate worker thread (0)
[component_container-3] (2026-04-10 13:07:53.015) [debug] [SimulationRunner.cc:584] Creating postupdate worker thread (1)
[component_container-3] (2026-04-10 13:07:53.015) [debug] [SimulationRunner.cc:584] Creating postupdate worker thread (2)
[component_container-3] (2026-04-10 13:07:53.015) [debug] [SimulationRunner.cc:584] Creating postupdate worker thread (3)
[component_container-3] (2026-04-10 13:07:53.015) [debug] [SimulationRunner.cc:584] Creating postupdate worker thread (4)
[component_container-3] (2026-04-10 13:07:53.276) [info] [ResetJointsPlugin.cc:149] Joint wrist_3_joint reset to initial position: 1.411
[component_container-3] (2026-04-10 13:07:53.276) [info] [ResetJointsPlugin.cc:149] Joint wrist_2_joint reset to initial position: 1.571
[component_container-3] (2026-04-10 13:07:53.276) [info] [ResetJointsPlugin.cc:149] Joint wrist_1_joint reset to initial position: -1.6933
[component_container-3] (2026-04-10 13:07:53.276) [info] [ResetJointsPlugin.cc:149] Joint elbow_joint reset to initial position: -1.6648
[component_container-3] (2026-04-10 13:07:53.276) [info] [ResetJointsPlugin.cc:149] Joint shoulder_lift_joint reset to initial position: -1.3542
[component_container-3] (2026-04-10 13:07:53.276) [info] [ResetJointsPlugin.cc:149] Joint shoulder_pan_joint reset to initial position: -0.1597
[component_container-3] (2026-04-10 13:07:53.276) [warning] [Physics.cc:2467] Found both JointVelocityReset and JointVelocityCmd components for Joint [shoulder_pan_joint(Entity=102]). Ignoring JointVelocityCmd component.
[component_container-3] (2026-04-10 13:07:53.276) [warning] [Physics.cc:2467] Found both JointVelocityReset and JointVelocityCmd components for Joint [shoulder_lift_joint(Entity=103]). Ignoring JointVelocityCmd component.
[component_container-3] (2026-04-10 13:07:53.276) [warning] [Physics.cc:2467] Found both JointVelocityReset and JointVelocityCmd components for Joint [elbow_joint(Entity=104]). Ignoring JointVelocityCmd component.
[component_container-3] (2026-04-10 13:07:53.276) [warning] [Physics.cc:2467] Found both JointVelocityReset and JointVelocityCmd components for Joint [wrist_1_joint(Entity=105]). Ignoring JointVelocityCmd component.
[component_container-3] (2026-04-10 13:07:53.276) [warning] [Physics.cc:2467] Found both JointVelocityReset and JointVelocityCmd components for Joint [wrist_2_joint(Entity=106]). Ignoring JointVelocityCmd component.
[component_container-3] (2026-04-10 13:07:53.276) [warning] [Physics.cc:2467] Found both JointVelocityReset and JointVelocityCmd components for Joint [wrist_3_joint(Entity=107]). Ignoring JointVelocityCmd component.
[component_container-3] [INFO] [1775794073.277298540] [controller_manager]: Activating controllers: [ aic_controller ]
[component_container-3] [INFO] [1775794073.277461684] [controller_manager]: Requested controller switch from non-realtime loop
[component_container-3] [INFO] [1775794073.277611073] [controller_manager]: Activated controllers: [ aic_controller ]
[component_container-3] [INFO] [1775794073.277622895] [controller_manager]: Successfully switched controllers!
