ZENOH_CONFIG_OVERRIDE_ROUTER=mode="router";listen/endpoints=["tcp/[::]:7447"];connect/endpoints=[];routing/router/peers_failover_brokering=true;transport/shared_memory/enabled=false
ZENOH_CONFIG_OVERRIDE_PEER=;transport/shared_memory/enabled=false
[2m2026-04-10T04:05:29.670555Z[0m [32m INFO[0m ThreadId(02) [2mzenoh::net::runtime[0m[2m:[0m Using ZID: 8b813fe52609fd958e1bdc646f854733
[2m2026-04-10T04:05:29.670619Z[0m [33m WARN[0m ThreadId(02) [2mzenoh::net::routing::interceptor::authorization[0m[2m:[0m Rule 'deny_rule' flows list is not set. Setting it to both Ingress and Egress
[2m2026-04-10T04:05:29.671337Z[0m [32m INFO[0m ThreadId(02) [2mzenoh::net::runtime::orchestrator[0m[2m:[0m Zenoh can be reached at: tcp/[fe80::d3bf:abe1:c839:b4a6]:7447
[2m2026-04-10T04:05:29.671347Z[0m [32m INFO[0m ThreadId(02) [2mzenoh::net::runtime::orchestrator[0m[2m:[0m Zenoh can be reached at: tcp/172.25.140.107:7447
[INFO] [launch]: All log files can be found below /home/yujin/.ros/log/2026-04-10-13-05-29-784691-yujin-ASUS-TUF-Gaming-A14-FA401UV-FA401UV-65356
[INFO] [launch]: Default logging verbosity is set to INFO
Started Zenoh router with id 8b813fe52609fd958e1bdc646f854733
[2m2026-04-10T04:05:30.402060Z[0m [32m INFO[0m acc-0 ThreadId(04) [2mzenoh::net::routing::interceptor::access_control[0m[2m:[0m 36c053fd60eb711a4aea85b54f257c35 did not match any configured ACL subject. Default permission `Allow` will be applied on all messages
[INFO] [robot_state_publisher-1]: process started with pid [66731]
[INFO] [aic_adapter-2]: process started with pid [66732]
[INFO] [component_container-3]: process started with pid [66733]
[INFO] [gz-4]: process started with pid [66735]
[INFO] [create-5]: process started with pid [66737]
[INFO] [relay-6]: process started with pid [66738]
[INFO] [static_transform_publisher-7]: process started with pid [66739]
[2m2026-04-10T04:05:30.672420Z[0m [32m INFO[0m acc-0 ThreadId(04) [2mzenoh::net::routing::interceptor::access_control[0m[2m:[0m 74b62fd0895732f5b1fff7a1085125bc did not match any configured ACL subject. Default permission `Allow` will be applied on all messages
[2m2026-04-10T04:05:30.672719Z[0m [32m INFO[0m acc-0 ThreadId(04) [2mzenoh::net::routing::interceptor::access_control[0m[2m:[0m e635de03ef30a5b8f4daadaa49a02e0b did not match any configured ACL subject. Default permission `Allow` will be applied on all messages
[2m2026-04-10T04:05:30.673891Z[0m [32m INFO[0m acc-0 ThreadId(04) [2mzenoh::net::routing::interceptor::access_control[0m[2m:[0m 5e059526fa64e7fd9990f4a0b608d713 did not match any configured ACL subject. Default permission `Allow` will be applied on all messages
[2m2026-04-10T04:05:30.680532Z[0m [32m INFO[0m acc-0 ThreadId(04) [2mzenoh::net::routing::interceptor::access_control[0m[2m:[0m e106b04a25411dfe9e1ac5e4b87753a1 did not match any configured ACL subject. Default permission `Allow` will be applied on all messages
[2m2026-04-10T04:05:30.680701Z[0m [32m INFO[0m acc-0 ThreadId(04) [2mzenoh::net::routing::interceptor::access_control[0m[2m:[0m d749454b6edcf9c8b4747075058c06 did not match any configured ACL subject. Default permission `Allow` will be applied on all messages
[static_transform_publisher-7] [INFO] [1775793930.693505552] [ground_truth_static_tf_publisher]: Spinning until stopped - publishing transform
[static_transform_publisher-7] translation: ('0.000000', '0.000000', '0.000000')
[static_transform_publisher-7] rotation: ('0.000000', '0.000000', '0.000000', '1.000000')
[static_transform_publisher-7] from 'world' to 'aic_world'
[2m2026-04-10T04:05:30.695950Z[0m [32m INFO[0m acc-0 ThreadId(04) [2mzenoh::net::routing::interceptor::access_control[0m[2m:[0m f0c19db4c2d8cc3e1902eb94f4aaaef7 did not match any configured ACL subject. Default permission `Allow` will be applied on all messages
[aic_adapter-2] [INFO] [1775793930.698268655] [aic_adapter_node]: Adapter node initialization complete.
[robot_state_publisher-1] [INFO] [1775793930.700351565] [robot_state_publisher]: Robot initialized
[create-5] [INFO] [1775793930.711013626] [ros_gz_sim]: Requesting list of world names.
[gz-4] qt.qpa.xcb: could not connect to display 
[gz-4] qt.qpa.plugin: Could not load the Qt platform plugin "xcb" in "" even though it was found.
[gz-4] This application failed to start because no Qt platform plugin could be initialized. Reinstalling the application may fix this problem.
[gz-4] 
[gz-4] Available platform plugins are: eglfs, linuxfb, minimal, minimalegl, offscreen, vnc, wayland-egl, wayland, wayland-xcomposite-egl, wayland-xcomposite-glx, xcb.
[gz-4] 
[gz-4] Stack trace (most recent call last):
[gz-4] #29   Object "[0xffffffffffffffff]", at 0xffffffffffffffff, in 
[gz-4] #28   Object "gz sim -g", at 0x57ebed0f41d4, in _start
[gz-4] #27   Object "/lib/x86_64-linux-gnu/libc.so.6", at 0x76615385128a, in __libc_start_main
[gz-4] #26   Object "/lib/x86_64-linux-gnu/libc.so.6", at 0x7661538511c9, in 
[gz-4] #25   Object "gz sim -g", at 0x57ebed0f4186, in 
[gz-4] #24   Object "/lib/x86_64-linux-gnu/libruby-3.2.so.3.2", at 0x766153cb7152, in ruby_run_node
[gz-4] #23   Object "/lib/x86_64-linux-gnu/libruby-3.2.so.3.2", at 0x766153cb2e2b, in 
[gz-4] #22   Object "/lib/x86_64-linux-gnu/libruby-3.2.so.3.2", at 0x766153e55b49, in rb_vm_exec
[gz-4] #21   Object "/lib/x86_64-linux-gnu/libruby-3.2.so.3.2", at 0x766153e5262b, in 
[gz-4] #20   Object "/lib/x86_64-linux-gnu/libruby-3.2.so.3.2", at 0x766153e4e13e, in 
[gz-4] #19   Object "/lib/x86_64-linux-gnu/libruby-3.2.so.3.2", at 0x766153e4b92f, in 
[gz-4] #18   Object "/usr/lib/x86_64-linux-gnu/ruby/3.2.0/fiddle.so", at 0x76614eb17b13, in 
[gz-4] #17   Object "/lib/x86_64-linux-gnu/libruby-3.2.so.3.2", at 0x766153e1437b, in rb_nogvl
[gz-4] #16   Object "/usr/lib/x86_64-linux-gnu/ruby/3.2.0/fiddle.so", at 0x76614eb1743b, in 
[gz-4] #15   Object "/lib/x86_64-linux-gnu/libffi.so.8", at 0x76614ea0b0bd, in ffi_call
[gz-4] #14   Object "/lib/x86_64-linux-gnu/libffi.so.8", at 0x76614ea083ee, in 
[gz-4] #13   Object "/lib/x86_64-linux-gnu/libffi.so.8", at 0x76614ea0bb15, in 
[gz-4] #12   Object "/ws_aic/install/lib/libgz-sim9-gz.so.9.5.0", at 0x76614df03a65, in runGui
[gz-4] #11   Object "/ws_aic/install/lib/libgz-sim9-gui.so.9", at 0x76614dd36c8c, in gz::sim::v9::gui::runGui(int&, char**, char const*, char const*, int, char const*, char const*)
[gz-4] #10   Object "/ws_aic/install/lib/libgz-sim9-gui.so.9", at 0x76614dd33970, in gz::sim::v9::gui::createGui(int&, char**, char const*, char const*, bool, char const*, int, char const*, char const*)
[gz-4] #9    Object "/ws_aic/install/lib/libgz-gui9.so.9", at 0x76614c90866b, in gz::gui::Application::Application(int&, char**, gz::gui::WindowType, char const*)
[gz-4] #8    Object "/lib/x86_64-linux-gnu/libQt5Widgets.so.5", at 0x76614b98b5b4, in QApplicationPrivate::init()
[gz-4] #7    Object "/lib/x86_64-linux-gnu/libQt5Gui.so.5", at 0x76614b261b9e, in QGuiApplicationPrivate::init()
[gz-4] #6    Object "/lib/x86_64-linux-gnu/libQt5Core.so.5", at 0x76614cc68ff4, in QCoreApplicationPrivate::init()
[gz-4] #5    Object "/lib/x86_64-linux-gnu/libQt5Gui.so.5", at 0x76614b25ec1f, in QGuiApplicationPrivate::createEventDispatcher()
[gz-4] #4    Object "/lib/x86_64-linux-gnu/libQt5Gui.so.5", at 0x76614b25e6dc, in QGuiApplicationPrivate::createPlatformIntegration()
[gz-4] #3    Object "/lib/x86_64-linux-gnu/libQt5Core.so.5", at 0x76614ca1b103, in QMessageLogger::fatal(char const*, ...) const
[gz-4] #2    Object "/lib/x86_64-linux-gnu/libc.so.6", at 0x76615384f8fe, in abort
[gz-4] #1    Object "/lib/x86_64-linux-gnu/libc.so.6", at 0x76615386c27d, in gsignal
[gz-4] #0    Object "/lib/x86_64-linux-gnu/libc.so.6", at 0x7661538c5b2c, in pthread_kill
[gz-4] Aborted (Signal sent by tkill() 66735 0)
[component_container-3] [INFO] [1775793930.929134615] [ros_gz_container]: Load Library: /ws_aic/install/lib/libgzserver_component.so
[ERROR] [gz-4]: process has died [pid 66735, exit code -6, cmd 'gz sim -g'].
[component_container-3] [INFO] [1775793930.972094249] [ros_gz_container]: Found class: rclcpp_components::NodeFactoryTemplate<ros_gz_sim::GzServer>
[component_container-3] [INFO] [1775793930.972153780] [ros_gz_container]: Instantiate class: rclcpp_components::NodeFactoryTemplate<ros_gz_sim::GzServer>
[INFO] [launch_ros.actions.load_composable_nodes]: Loaded node '/gz_server' in container '/ros_gz_container'
[component_container-3] [INFO] [1775793930.975421507] [ros_gz_container]: Load Library: /ws_aic/install/lib/libros_gz_bridge.so
[component_container-3] [INFO] [1775793931.010871443] [ros_gz_container]: Found class: rclcpp_components::NodeFactoryTemplate<ros_gz_bridge::RosGzBridge>
[component_container-3] [INFO] [1775793931.010933989] [ros_gz_container]: Instantiate class: rclcpp_components::NodeFactoryTemplate<ros_gz_bridge::RosGzBridge>
[INFO] [launch_ros.actions.load_composable_nodes]: Loaded node '/ros_gz_bridge' in container 'ros_gz_container'
[component_container-3] (2026-04-10 13:05:31.035) [info] [ServerPrivate.cc:664] Loading SDF world file[/ws_aic/install/share/aic_description/world/aic.sdf].
[component_container-3] [INFO] [1775793932.016594359] [ros_gz_bridge]: Creating GZ->ROS Bridge: [/clock (gz.msgs.Clock) -> /clock (rosgraph_msgs/msg/Clock)] (Lazy 0)
[component_container-3] [INFO] [1775793932.017871168] [ros_gz_bridge]: Creating GZ->ROS Bridge: [/left_camera/image (gz.msgs.Image) -> /left_camera/image (sensor_msgs/msg/Image)] (Lazy 1)
[component_container-3] [INFO] [1775793932.019851607] [ros_gz_bridge]: Creating GZ->ROS Bridge: [/center_camera/image (gz.msgs.Image) -> /center_camera/image (sensor_msgs/msg/Image)] (Lazy 1)
[component_container-3] [INFO] [1775793932.020672105] [ros_gz_bridge]: Creating GZ->ROS Bridge: [/right_camera/image (gz.msgs.Image) -> /right_camera/image (sensor_msgs/msg/Image)] (Lazy 1)
[component_container-3] [INFO] [1775793932.021635500] [ros_gz_bridge]: Creating GZ->ROS Bridge: [/left_camera/camera_info (gz.msgs.CameraInfo) -> /left_camera/camera_info (sensor_msgs/msg/CameraInfo)] (Lazy 1)
[component_container-3] [INFO] [1775793932.023060074] [ros_gz_bridge]: Creating GZ->ROS Bridge: [/center_camera/camera_info (gz.msgs.CameraInfo) -> /center_camera/camera_info (sensor_msgs/msg/CameraInfo)] (Lazy 1)
[component_container-3] [INFO] [1775793932.023800182] [ros_gz_bridge]: Creating GZ->ROS Bridge: [/right_camera/camera_info (gz.msgs.CameraInfo) -> /right_camera/camera_info (sensor_msgs/msg/CameraInfo)] (Lazy 1)
[component_container-3] [INFO] [1775793932.024574865] [ros_gz_bridge]: Creating GZ->ROS Bridge: [/aic/gazebo/contacts/off_limit (gz.msgs.Contacts) -> /aic/gazebo/contacts/off_limit (ros_gz_interfaces/msg/Contacts)] (Lazy 1)
[component_container-3] [INFO] [1775793932.026397831] [ros_gz_bridge]: Creating GZ->ROS Bridge: [/cable_0/pose (gz.msgs.Pose_V) -> /scoring/tf (tf2_msgs/msg/TFMessage)] (Lazy 1)
[component_container-3] [INFO] [1775793932.027493612] [ros_gz_bridge]: Creating GZ->ROS Bridge: [/cable_1/pose (gz.msgs.Pose_V) -> /scoring/tf (tf2_msgs/msg/TFMessage)] (Lazy 1)
[component_container-3] [INFO] [1775793932.027838945] [ros_gz_bridge]: Creating GZ->ROS Bridge: [/cable_2/pose (gz.msgs.Pose_V) -> /scoring/tf (tf2_msgs/msg/TFMessage)] (Lazy 1)
[component_container-3] [INFO] [1775793932.028186333] [ros_gz_bridge]: Creating GZ->ROS Bridge: [/cable_3/pose (gz.msgs.Pose_V) -> /scoring/tf (tf2_msgs/msg/TFMessage)] (Lazy 1)
[component_container-3] [INFO] [1775793932.028513893] [ros_gz_bridge]: Creating GZ->ROS Bridge: [/cable_4/pose (gz.msgs.Pose_V) -> /scoring/tf (tf2_msgs/msg/TFMessage)] (Lazy 1)
[component_container-3] [INFO] [1775793932.028915721] [ros_gz_bridge]: Creating GZ->ROS Bridge: [/task_board/pose_static (gz.msgs.Pose_V) -> /scoring/tf (tf2_msgs/msg/TFMessage)] (Lazy 1)
[component_container-3] [INFO] [1775793932.029292503] [ros_gz_bridge]: Creating GZ->ROS Bridge: [/cable_0/insertion_event (gz.msgs.StringMsg) -> /scoring/insertion_event (std_msgs/msg/String)] (Lazy 1)
[component_container-3] [INFO] [1775793932.029820547] [ros_gz_bridge]: Creating GZ->ROS Bridge: [/cable_1/insertion_event (gz.msgs.StringMsg) -> /scoring/insertion_event (std_msgs/msg/String)] (Lazy 1)
[component_container-3] (2026-04-10 13:05:33.014) [info] [SystemManager.cc:54] Serving entity system service on [/entity/system/add]
[component_container-3] (2026-04-10 13:05:33.021) [info] [UserCommands.cc:752] Create service on [/world/aic_world/create_multiple] (async)
[component_container-3] (2026-04-10 13:05:33.021) [info] [UserCommands.cc:754] Create service on [/world/aic_world/create_multiple/blocking] (blocking)
[component_container-3] (2026-04-10 13:05:33.021) [info] [UserCommands.cc:752] Remove service on [/world/aic_world/remove] (async)
[component_container-3] (2026-04-10 13:05:33.021) [info] [UserCommands.cc:754] Remove service on [/world/aic_world/remove/blocking] (blocking)
[component_container-3] (2026-04-10 13:05:33.021) [info] [UserCommands.cc:752] Pose service on [/world/aic_world/set_pose] (async)
[component_container-3] (2026-04-10 13:05:33.021) [info] [UserCommands.cc:754] Pose service on [/world/aic_world/set_pose/blocking] (blocking)
[component_container-3] (2026-04-10 13:05:33.021) [info] [UserCommands.cc:752] Pose service on [/world/aic_world/set_pose_vector] (async)
[component_container-3] (2026-04-10 13:05:33.021) [info] [UserCommands.cc:754] Pose service on [/world/aic_world/set_pose_vector/blocking] (blocking)
[component_container-3] (2026-04-10 13:05:33.021) [info] [UserCommands.cc:752] Light configuration service on [/world/aic_world/light_config] (async)
[component_container-3] (2026-04-10 13:05:33.021) [info] [UserCommands.cc:754] Light configuration service on [/world/aic_world/light_config/blocking] (blocking)
[component_container-3] (2026-04-10 13:05:33.022) [info] [UserCommands.cc:752] Physics service on [/world/aic_world/set_physics] (async)
[component_container-3] (2026-04-10 13:05:33.022) [info] [UserCommands.cc:754] Physics service on [/world/aic_world/set_physics/blocking] (blocking)
[component_container-3] (2026-04-10 13:05:33.022) [info] [UserCommands.cc:752] SphericalCoordinates service on [/world/aic_world/set_spherical_coordinates] (async)
[component_container-3] (2026-04-10 13:05:33.022) [info] [UserCommands.cc:754] SphericalCoordinates service on [/world/aic_world/set_spherical_coordinates/blocking] (blocking)
[component_container-3] (2026-04-10 13:05:33.022) [info] [UserCommands.cc:752] Enable collision service on [/world/aic_world/enable_collision] (async)
[component_container-3] (2026-04-10 13:05:33.022) [info] [UserCommands.cc:754] Enable collision service on [/world/aic_world/enable_collision/blocking] (blocking)
[component_container-3] (2026-04-10 13:05:33.022) [info] [UserCommands.cc:752] Disable collision service on [/world/aic_world/disable_collision] (async)
[component_container-3] (2026-04-10 13:05:33.022) [info] [UserCommands.cc:754] Disable collision service on [/world/aic_world/disable_collision/blocking] (blocking)
[component_container-3] (2026-04-10 13:05:33.022) [info] [UserCommands.cc:752] Material service on [/world/aic_world/visual_config] (async)
[component_container-3] (2026-04-10 13:05:33.022) [info] [UserCommands.cc:754] Material service on [/world/aic_world/visual_config/blocking] (blocking)
[component_container-3] (2026-04-10 13:05:33.022) [info] [UserCommands.cc:752] Material service on [/world/aic_world/wheel_slip] (async)
[component_container-3] (2026-04-10 13:05:33.022) [info] [UserCommands.cc:754] Material service on [/world/aic_world/wheel_slip/blocking] (blocking)
[component_container-3] (2026-04-10 13:05:33.022) [debug] [SystemManager.cc:80] Loaded system [gz::sim::systems::UserCommands] for entity [1]
[component_container-3] (2026-04-10 13:05:33.057) [debug] [Physics.cc:967] Loaded [gz::physics::bullet_featherstone::Plugin] from library [/ws_aic/install/lib/gz-physics-8/engine-plugins/libgz-physics-bullet-featherstone-plugin.so]
[component_container-3] (2026-04-10 13:05:33.057) [debug] [SystemManager.cc:80] Loaded system [gz::sim::systems::Physics] for entity [1]
[component_container-3] (2026-04-10 13:05:33.062) [debug] [Sensors.cc:697] Configuring Sensors system
[component_container-3] (2026-04-10 13:05:33.062) [debug] [Sensors.cc:557] SensorsPrivate::Run
[component_container-3] (2026-04-10 13:05:33.063) [debug] [SystemManager.cc:80] Loaded system [gz::sim::systems::Sensors] for entity [1]
[component_container-3] (2026-04-10 13:05:33.063) [debug] [Sensors.cc:532] SensorsPrivate::RenderThread started
[component_container-3] (2026-04-10 13:05:33.063) [debug] [Sensors.cc:337] Waiting for init
[component_container-3] (2026-04-10 13:05:33.064) [debug] [ScoringPlugin.cc:45] aic_gazebo::ScoringPlugin::Configure on entity: 1
[component_container-3] (2026-04-10 13:05:33.064) [debug] [SystemManager.cc:80] Loaded system [aic_gazebo::ScoringPlugin] for entity [1]
[component_container-3] (2026-04-10 13:05:33.065) [debug] [WorldSdfGeneratorPlugin.cc:47] aic_gazebo::WorldSdfGeneratorPlugin::Configure
[component_container-3] (2026-04-10 13:05:33.065) [debug] [SystemManager.cc:80] Loaded system [aic_gazebo::WorldSdfGeneratorPlugin] for entity [1]
[component_container-3] (2026-04-10 13:05:33.066) [debug] [SystemManager.cc:80] Loaded system [gz::sim::systems::Contact] for entity [1]
[component_container-3] (2026-04-10 13:05:33.066) [info] [LevelManager.cc:646] Loaded level [default]
[component_container-3] (2026-04-10 13:05:33.066) [debug] [ServerConfig.cc:1025] Loading (3) plugins from file [/home/yujin/.gz/sim/9/server.config]
[component_container-3] (2026-04-10 13:05:33.066) [debug] [SimulationRunner.cc:1696] Additional plugins to load:
[component_container-3] (2026-04-10 13:05:33.066) [debug] [SimulationRunner.cc:1699] gz::sim::systems::SceneBroadcaster gz-sim-scene-broadcaster-system
[component_container-3] (2026-04-10 13:05:33.068) [debug] [SystemManager.cc:80] Loaded system [gz::sim::systems::SceneBroadcaster] for entity [1]
[component_container-3] (2026-04-10 13:05:33.069) [info] [SimulationRunner.cc:275] Serving world controls on [/world/aic_world/control], [/world/aic_world/control/state] and [/world/aic_world/playback/control]
[component_container-3] (2026-04-10 13:05:33.069) [info] [SimulationRunner.cc:301] Serving GUI information on [/world/aic_world/gui/info]
[component_container-3] (2026-04-10 13:05:33.069) [info] [SimulationRunner.cc:304] World [aic_world] initialized with [2ms] physics profile.
[component_container-3] (2026-04-10 13:05:33.069) [info] [SimulationRunner.cc:311] Serving world SDF generation service on [/world/aic_world/generate_world_sdf]
[component_container-3] (2026-04-10 13:05:33.069) [info] [ServerPrivate.cc:344] Serving world names on [/gazebo/worlds]
[component_container-3] (2026-04-10 13:05:33.069) [info] [ServerPrivate.cc:357] Resource path add service on [/gazebo/resource_paths/add].
[component_container-3] (2026-04-10 13:05:33.069) [info] [ServerPrivate.cc:370] Resource path get service on [/gazebo/resource_paths/get].
[component_container-3] (2026-04-10 13:05:33.069) [info] [ServerPrivate.cc:385] Resource path resolve service on [/gazebo/resource_paths/resolve].
[component_container-3] (2026-04-10 13:05:33.069) [info] [ServerPrivate.cc:399] Resource paths published on [/gazebo/resource_paths].
[component_container-3] (2026-04-10 13:05:33.069) [info] [ServerPrivate.cc:412] Server control service on [/server_control].
[component_container-3] (2026-04-10 13:05:33.069) [info] [SimulationRunner.cc:769] Found no publishers on /stats, adding root stats topic
[component_container-3] (2026-04-10 13:05:33.069) [info] [SimulationRunner.cc:803] Found no publishers on /clock, adding root clock topic
[component_container-3] (2026-04-10 13:05:33.171) [debug] [SimulationRunner.cc:573] Creating PostUpdate worker threads: 5
[component_container-3] (2026-04-10 13:05:33.171) [debug] [SimulationRunner.cc:584] Creating postupdate worker thread (0)
[component_container-3] (2026-04-10 13:05:33.171) [debug] [SimulationRunner.cc:584] Creating postupdate worker thread (1)
[component_container-3] (2026-04-10 13:05:33.171) [debug] [SimulationRunner.cc:584] Creating postupdate worker thread (2)
[component_container-3] (2026-04-10 13:05:33.171) [debug] [SimulationRunner.cc:584] Creating postupdate worker thread (3)
[create-5] [INFO] [1775793933.172322709] [ros_gz_sim]: Entity creation successful.
[component_container-3] (2026-04-10 13:05:33.175) [debug] [Physics.cc:1171] Attempting to set physics options, but the physics engine doesn't support feature [CollisionPairMaxContacts]. Options will be ignored.
[component_container-3] (2026-04-10 13:05:33.178) [info] [SceneBroadcaster.cc:634] Serving scene information on [/world/aic_world/scene/info]
[component_container-3] (2026-04-10 13:05:33.178) [info] [SceneBroadcaster.cc:643] Serving graph information on [/world/aic_world/scene/graph]
[component_container-3] (2026-04-10 13:05:33.178) [info] [SceneBroadcaster.cc:654] Serving full state on [/world/aic_world/state]
[component_container-3] (2026-04-10 13:05:33.178) [info] [SceneBroadcaster.cc:663] Serving full state (async) on [/world/aic_world/state_async]
[component_container-3] (2026-04-10 13:05:33.178) [info] [SceneBroadcaster.cc:671] Publishing scene information on [/world/aic_world/scene/info]
[component_container-3] (2026-04-10 13:05:33.178) [info] [SceneBroadcaster.cc:680] Publishing entity deletions on [/world/aic_world/scene/deletion]
[component_container-3] (2026-04-10 13:05:33.178) [info] [SceneBroadcaster.cc:689] Publishing state changes on [/world/aic_world/state]
[component_container-3] (2026-04-10 13:05:33.178) [info] [SceneBroadcaster.cc:700] Publishing pose messages on [/world/aic_world/pose/info]
[component_container-3] (2026-04-10 13:05:33.178) [info] [SceneBroadcaster.cc:711] Publishing dynamic pose messages on [/world/aic_world/dynamic_pose/info]
[INFO] [create-5]: process has finished cleanly [pid 66737]
[INFO] [spawner-8]: process started with pid [68388]
[INFO] [spawner-9]: process started with pid [68389]
[component_container-3] [1;33mWarning [Utils.cc:119][0m [/sdf/model[@name="ur"]/link[@name="center_camera/sensor_link"]/sensor[@name="center_camera"]/camera[@name="center_camera"]/optical_frame_id]: SDF Element[optical_frame_id] is deprecated
[component_container-3] [1;33mWarning [Utils.cc:119][0m [/sdf/model[@name="ur"]/link[@name="left_camera/sensor_link"]/sensor[@name="left_camera"]/camera[@name="left_camera"]/optical_frame_id]: SDF Element[optical_frame_id] is deprecated
[component_container-3] [1;33mWarning [Utils.cc:119][0m [/sdf/model[@name="ur"]/link[@name="right_camera/sensor_link"]/sensor[@name="right_camera"]/camera[@name="right_camera"]/optical_frame_id]: SDF Element[optical_frame_id] is deprecated
[component_container-3] [WARN] [1775793933.321346027] [rcl.logging_rosout]: Publisher already registered for node name: 'ros_gz_container'. If this is due to multiple nodes with the same name then all logs for the logger named 'ros_gz_container' will go out over the existing publisher. As soon as any node with that name is destructed it will unregister the publisher, preventing any further logs for that name from being published on the rosout topic.
[component_container-3] [INFO] [1775793933.324412659] [ros_gz_container]: [gz_ros2_control] Fixed joint [tabletop_joint] (Entity=101)] is skipped
[component_container-3] [INFO] [1775793933.324465307] [ros_gz_container]: [gz_ros2_control] Fixed joint [center_camera/attach_sensor_link] (Entity=108)] is skipped
[component_container-3] [INFO] [1775793933.324520280] [ros_gz_container]: [gz_ros2_control] Fixed joint [center_camera/attach_optical] (Entity=109)] is skipped
[component_container-3] [INFO] [1775793933.324560905] [ros_gz_container]: [gz_ros2_control] Fixed joint [ati/attach_joint] (Entity=110)] is skipped
[component_container-3] [INFO] [1775793933.324570263] [ros_gz_container]: [gz_ros2_control] Fixed joint [left_camera/attach_sensor_link] (Entity=114)] is skipped
[component_container-3] [INFO] [1775793933.324576705] [ros_gz_container]: [gz_ros2_control] Fixed joint [left_camera/attach_optical] (Entity=115)] is skipped
[component_container-3] [INFO] [1775793933.324585952] [ros_gz_container]: [gz_ros2_control] Fixed joint [right_camera/attach_sensor_link] (Entity=116)] is skipped
[component_container-3] [INFO] [1775793933.324593136] [ros_gz_container]: [gz_ros2_control] Fixed joint [right_camera/attach_optical] (Entity=117)] is skipped
[component_container-3] [INFO] [1775793933.326149856] [ros_gz_container]: Loading controller_manager
[component_container-3] [INFO] [1775793933.335240540] [controller_manager]: Using ROS clock for triggering controller manager cycles.
[component_container-3] [INFO] [1775793933.337201242] [controller_manager]: Subscribing to '/robot_description' topic for robot description.
[component_container-3] [INFO] [1775793933.339808689] [controller_manager]: Enforcing command limits is enabled...
[component_container-3] [WARN] [1775793933.339864182] [ros_gz_container]: Waiting RM to load and initialize hardware...
[component_container-3] [INFO] [1775793933.340044388] [controller_manager]: Received robot description from topic.
[component_container-3] [INFO] [1775793933.343154261] [ros_gz_container]: Using JointLimiter for joint 'gripper/left_finger_joint' in hardware 'gripper' : '  has position limits: true [0, 0.025]
[component_container-3]   has velocity limits: true [0.05]
[component_container-3]   has acceleration limits: false [nan]
[component_container-3]   has deceleration limits: false [nan]
[component_container-3]   has jerk limits: false [nan]
[component_container-3]   has effort limits: true [20]
[component_container-3]   angle wraparound: false'
[component_container-3] [INFO] [1775793933.343178246] [ros_gz_container]: Creating JointSaturationLimiter for joint 'gripper/left_finger_joint' in hardware 'gripper'
[component_container-3] [INFO] [1775793933.343218260] [ros_gz_container]: Using JointLimiter for joint 'wrist_3_joint' in hardware 'ControlSystem' : '  has position limits: true [-6.28319, 6.28319]
[component_container-3]   has velocity limits: true [3.14159]
[component_container-3]   has acceleration limits: false [nan]
[component_container-3]   has deceleration limits: false [nan]
[component_container-3]   has jerk limits: false [nan]
[component_container-3]   has effort limits: true [28]
[component_container-3]   angle wraparound: false'
[component_container-3] [INFO] [1775793933.343226265] [ros_gz_container]: Creating JointSaturationLimiter for joint 'wrist_3_joint' in hardware 'ControlSystem'
[component_container-3] [INFO] [1775793933.343232888] [ros_gz_container]: Using JointLimiter for joint 'wrist_2_joint' in hardware 'ControlSystem' : '  has position limits: true [-6.28319, 6.28319]
[component_container-3]   has velocity limits: true [3.14159]
[component_container-3]   has acceleration limits: false [nan]
[component_container-3]   has deceleration limits: false [nan]
[component_container-3]   has jerk limits: false [nan]
[component_container-3]   has effort limits: true [28]
[component_container-3]   angle wraparound: false'
[component_container-3] [INFO] [1775793933.343237897] [ros_gz_container]: Creating JointSaturationLimiter for joint 'wrist_2_joint' in hardware 'ControlSystem'
[component_container-3] [INFO] [1775793933.343243888] [ros_gz_container]: Using JointLimiter for joint 'wrist_1_joint' in hardware 'ControlSystem' : '  has position limits: true [-6.28319, 6.28319]
[component_container-3]   has velocity limits: true [3.14159]
[component_container-3]   has acceleration limits: false [nan]
[component_container-3]   has deceleration limits: false [nan]
[component_container-3]   has jerk limits: false [nan]
[component_container-3]   has effort limits: true [28]
[component_container-3]   angle wraparound: false'
[component_container-3] [INFO] [1775793933.343248437] [ros_gz_container]: Creating JointSaturationLimiter for joint 'wrist_1_joint' in hardware 'ControlSystem'
[component_container-3] [INFO] [1775793933.343254798] [ros_gz_container]: Using JointLimiter for joint 'elbow_joint' in hardware 'ControlSystem' : '  has position limits: true [-3.14159, 3.14159]
[component_container-3]   has velocity limits: true [3.14159]
[component_container-3]   has acceleration limits: false [nan]
[component_container-3]   has deceleration limits: false [nan]
[component_container-3]   has jerk limits: false [nan]
[component_container-3]   has effort limits: true [150]
[component_container-3]   angle wraparound: false'
[component_container-3] [INFO] [1775793933.343259758] [ros_gz_container]: Creating JointSaturationLimiter for joint 'elbow_joint' in hardware 'ControlSystem'
[component_container-3] [INFO] [1775793933.343266150] [ros_gz_container]: Using JointLimiter for joint 'shoulder_lift_joint' in hardware 'ControlSystem' : '  has position limits: true [-6.28319, 6.28319]
[component_container-3]   has velocity limits: true [3.14159]
[component_container-3]   has acceleration limits: false [nan]
[component_container-3]   has deceleration limits: false [nan]
[component_container-3]   has jerk limits: false [nan]
[component_container-3]   has effort limits: true [150]
[component_container-3]   angle wraparound: false'
[component_container-3] [INFO] [1775793933.343297057] [ros_gz_container]: Creating JointSaturationLimiter for joint 'shoulder_lift_joint' in hardware 'ControlSystem'
[component_container-3] [INFO] [1775793933.343304060] [ros_gz_container]: Using JointLimiter for joint 'shoulder_pan_joint' in hardware 'ControlSystem' : '  has position limits: true [-6.28319, 6.28319]
[component_container-3]   has velocity limits: true [3.14159]
[component_container-3]   has acceleration limits: false [nan]
[component_container-3]   has deceleration limits: false [nan]
[component_container-3]   has jerk limits: false [nan]
[component_container-3]   has effort limits: true [150]
[component_container-3]   angle wraparound: false'
[component_container-3] [INFO] [1775793933.343308889] [ros_gz_container]: Creating JointSaturationLimiter for joint 'shoulder_pan_joint' in hardware 'ControlSystem'
[component_container-3] [INFO] [1775793933.347203414] [ros_gz_container]: The position_proportional_gain has been set to: 0.1
[component_container-3] [INFO] [1775793933.347310173] [ros_gz_container]: Loading joint: gripper/left_finger_joint
[component_container-3] [INFO] [1775793933.347316825] [ros_gz_container]: 	State:
[component_container-3] [INFO] [1775793933.347321955] [ros_gz_container]: 		 position
[component_container-3] [INFO] [1775793933.347335700] [ros_gz_container]: 			 found initial value: 0.007300
[component_container-3] [INFO] [1775793933.347341190] [ros_gz_container]: 		 velocity
[component_container-3] [INFO] [1775793933.347351991] [ros_gz_container]: 			 found initial value: 0.000000
[component_container-3] [INFO] [1775793933.347356329] [ros_gz_container]: 		 effort
[component_container-3] [INFO] [1775793933.347362510] [ros_gz_container]: 			 found initial value: 0.000000
[component_container-3] [INFO] [1775793933.347366508] [ros_gz_container]: 	Command:
[component_container-3] [INFO] [1775793933.347369804] [ros_gz_container]: 		 position
[component_container-3] [INFO] [1775793933.347386916] [ros_gz_container]: 		 effort
[component_container-3] [INFO] [1775793933.347523761] [ros_gz_container]: Loading sensor: AtiForceTorqueSensor
[component_container-3] [INFO] [1775793933.347537867] [ros_gz_container]: 	State:
[component_container-3] [INFO] [1775793933.347637031] [ros_gz_container]: Initialize hardware 'gripper' 
[component_container-3] [WARN] [1775793933.347822096] [rcl.logging_rosout]: Publisher already registered for node name: 'ros_gz_container'. If this is due to multiple nodes with the same name then all logs for the logger named 'ros_gz_container' will go out over the existing publisher. As soon as any node with that name is destructed it will unregister the publisher, preventing any further logs for that name from being published on the rosout topic.
[component_container-3] [INFO] [1775793933.349070462] [ros_gz_container.hardware_component.system.gripper]: `status_publish_rate` is set to 0.0, hardware status publisher will not be created.
[component_container-3] [INFO] [1775793933.349229848] [ros_gz_container]: Successful initialization of hardware 'gripper'
[component_container-3] [INFO] [1775793933.349496435] [ros_gz_container]: The position_proportional_gain has been set to: 0.1
[component_container-3] [INFO] [1775793933.349553662] [ros_gz_container]: Loading joint: shoulder_pan_joint
[component_container-3] [INFO] [1775793933.349558511] [ros_gz_container]: 	State:
[component_container-3] [INFO] [1775793933.349562829] [ros_gz_container]: 		 position
[component_container-3] [INFO] [1775793933.349572166] [ros_gz_container]: 			 found initial value: -0.159700
[component_container-3] [INFO] [1775793933.349576975] [ros_gz_container]: 		 velocity
[component_container-3] [INFO] [1775793933.349581994] [ros_gz_container]: 			 found initial value: 0.000000
[component_container-3] [INFO] [1775793933.349586413] [ros_gz_container]: 		 effort
[component_container-3] [INFO] [1775793933.349590841] [ros_gz_container]: 			 found initial value: 0.000000
[component_container-3] [INFO] [1775793933.349594448] [ros_gz_container]: 	Command:
[component_container-3] [INFO] [1775793933.349597824] [ros_gz_container]: 		 position
[component_container-3] [INFO] [1775793933.349610477] [ros_gz_container]: 		 velocity
[component_container-3] [INFO] [1775793933.349615887] [ros_gz_container]: 		 effort
[component_container-3] [INFO] [1775793933.349630815] [ros_gz_container]: Loading joint: shoulder_lift_joint
[component_container-3] [INFO] [1775793933.349635664] [ros_gz_container]: 	State:
[component_container-3] [INFO] [1775793933.349639952] [ros_gz_container]: 		 position
[component_container-3] [INFO] [1775793933.349644541] [ros_gz_container]: 			 found initial value: -1.354200
[component_container-3] [INFO] [1775793933.349649290] [ros_gz_container]: 		 velocity
[component_container-3] [INFO] [1775793933.349655531] [ros_gz_container]: 			 found initial value: 0.000000
[component_container-3] [INFO] [1775793933.349660080] [ros_gz_container]: 		 effort
[component_container-3] [INFO] [1775793933.349687571] [ros_gz_container]: 			 found initial value: 0.000000
[component_container-3] [INFO] [1775793933.349692330] [ros_gz_container]: 	Command:
[component_container-3] [INFO] [1775793933.349696207] [ros_gz_container]: 		 position
[component_container-3] [INFO] [1775793933.349705394] [ros_gz_container]: 		 velocity
[component_container-3] [INFO] [1775793933.349712237] [ros_gz_container]: 		 effort
[component_container-3] [INFO] [1775793933.349728467] [ros_gz_container]: Loading joint: elbow_joint
[component_container-3] [INFO] [1775793933.349732184] [ros_gz_container]: 	State:
[component_container-3] [INFO] [1775793933.349735510] [ros_gz_container]: 		 position
[component_container-3] [INFO] [1775793933.349740329] [ros_gz_container]: 			 found initial value: -1.664800
[component_container-3] [INFO] [1775793933.349744467] [ros_gz_container]: 		 velocity
[component_container-3] [INFO] [1775793933.349748024] [ros_gz_container]: 			 found initial value: 0.000000
[component_container-3] [INFO] [1775793933.349751610] [ros_gz_container]: 		 effort
[component_container-3] [INFO] [1775793933.349755818] [ros_gz_container]: 			 found initial value: 0.000000
[component_container-3] [INFO] [1775793933.349759675] [ros_gz_container]: 	Command:
[component_container-3] [INFO] [1775793933.349763422] [ros_gz_container]: 		 position
[component_container-3] [INFO] [1775793933.349771247] [ros_gz_container]: 		 velocity
[component_container-3] [INFO] [1775793933.349776236] [ros_gz_container]: 		 effort
[component_container-3] [INFO] [1775793933.349790813] [ros_gz_container]: Loading joint: wrist_1_joint
[component_container-3] [INFO] [1775793933.349795532] [ros_gz_container]: 	State:
[component_container-3] [INFO] [1775793933.349800211] [ros_gz_container]: 		 position
[component_container-3] [INFO] [1775793933.349809268] [ros_gz_container]: 			 found initial value: -1.693300
[component_container-3] [INFO] [1775793933.349818184] [ros_gz_container]: 		 velocity
[component_container-3] [INFO] [1775793933.349823284] [ros_gz_container]: 			 found initial value: 0.000000
[component_container-3] [INFO] [1775793933.349846327] [ros_gz_container]: 		 effort
[component_container-3] [INFO] [1775793933.349853230] [ros_gz_container]: 			 found initial value: 0.000000
[component_container-3] [INFO] [1775793933.349859391] [ros_gz_container]: 	Command:
[component_container-3] [INFO] [1775793933.349864681] [ros_gz_container]: 		 position
[component_container-3] [INFO] [1775793933.349874700] [ros_gz_container]: 		 velocity
[component_container-3] [INFO] [1775793933.349881081] [ros_gz_container]: 		 effort
[component_container-3] [INFO] [1775793933.349900698] [ros_gz_container]: Loading joint: wrist_2_joint
[component_container-3] [INFO] [1775793933.349906549] [ros_gz_container]: 	State:
[component_container-3] [INFO] [1775793933.349912650] [ros_gz_container]: 		 position
[component_container-3] [INFO] [1775793933.349921677] [ros_gz_container]: 			 found initial value: 1.571000
[component_container-3] [INFO] [1775793933.349932958] [ros_gz_container]: 		 velocity
[component_container-3] [INFO] [1775793933.349939340] [ros_gz_container]: 			 found initial value: 0.000000
[component_container-3] [INFO] [1775793933.349945411] [ros_gz_container]: 		 effort
[component_container-3] [INFO] [1775793933.349951984] [ros_gz_container]: 			 found initial value: 0.000000
[component_container-3] [INFO] [1775793933.349958335] [ros_gz_container]: 	Command:
[component_container-3] [INFO] [1775793933.349963776] [ros_gz_container]: 		 position
[component_container-3] [INFO] [1775793933.349974285] [ros_gz_container]: 		 velocity
[component_container-3] [INFO] [1775793933.349980216] [ros_gz_container]: 		 effort
[component_container-3] [INFO] [1775793933.349998250] [ros_gz_container]: Loading joint: wrist_3_joint
[component_container-3] [INFO] [1775793933.350008068] [ros_gz_container]: 	State:
[component_container-3] [INFO] [1775793933.350014821] [ros_gz_container]: 		 position
[component_container-3] [INFO] [1775793933.350024469] [ros_gz_container]: 			 found initial value: 1.411000
[component_container-3] [INFO] [1775793933.350034257] [ros_gz_container]: 		 velocity
[component_container-3] [INFO] [1775793933.350043674] [ros_gz_container]: 			 found initial value: 0.000000
[component_container-3] [INFO] [1775793933.350050998] [ros_gz_container]: 		 effort
[component_container-3] [INFO] [1775793933.350056939] [ros_gz_container]: 			 found initial value: 0.000000
[component_container-3] [INFO] [1775793933.350062419] [ros_gz_container]: 	Command:
[component_container-3] [INFO] [1775793933.350067298] [ros_gz_container]: 		 position
[component_container-3] [INFO] [1775793933.350078269] [ros_gz_container]: 		 velocity
[component_container-3] [INFO] [1775793933.350086043] [ros_gz_container]: 		 effort
[component_container-3] [INFO] [1775793933.350120347] [ros_gz_container]: Loading sensor: AtiForceTorqueSensor
[component_container-3] [INFO] [1775793933.350127811] [ros_gz_container]: 	State:
[component_container-3] [INFO] [1775793933.350138862] [ros_gz_container]: 		 force.x
[component_container-3] [INFO] [1775793933.350144973] [ros_gz_container]: 		 force.y
[component_container-3] [INFO] [1775793933.350151034] [ros_gz_container]: 		 force.z
[component_container-3] [INFO] [1775793933.350156645] [ros_gz_container]: 		 torque.x
[component_container-3] [INFO] [1775793933.350162005] [ros_gz_container]: 		 torque.y
[component_container-3] [INFO] [1775793933.350185529] [ros_gz_container]: 		 torque.z
[component_container-3] [INFO] [1775793933.350276288] [ros_gz_container]: Initialize hardware 'ControlSystem' 
[component_container-3] [WARN] [1775793933.350475349] [rcl.logging_rosout]: Publisher already registered for node name: 'ros_gz_container'. If this is due to multiple nodes with the same name then all logs for the logger named 'ros_gz_container' will go out over the existing publisher. As soon as any node with that name is destructed it will unregister the publisher, preventing any further logs for that name from being published on the rosout topic.
[component_container-3] [INFO] [1775793933.352854741] [ros_gz_container.hardware_component.system.ControlSystem]: `status_publish_rate` is set to 0.0, hardware status publisher will not be created.
[component_container-3] [INFO] [1775793933.353034886] [ros_gz_container]: Successful initialization of hardware 'ControlSystem'
[component_container-3] [INFO] [1775793933.353334424] [resource_manager]: 'configure' hardware 'ControlSystem' 
[component_container-3] [INFO] [1775793933.353342519] [ros_gz_container]: System Successfully configured!
[component_container-3] [INFO] [1775793933.353349202] [resource_manager]: Successful 'configure' of hardware 'ControlSystem'
[component_container-3] [INFO] [1775793933.353363358] [resource_manager]: 'activate' hardware 'ControlSystem' 
[component_container-3] [INFO] [1775793933.353381081] [resource_manager]: Successful 'activate' of hardware 'ControlSystem'
[component_container-3] [INFO] [1775793933.353488571] [resource_manager]: 'configure' hardware 'gripper' 
[component_container-3] [INFO] [1775793933.353492449] [ros_gz_container]: System Successfully configured!
[component_container-3] [INFO] [1775793933.353498360] [resource_manager]: Successful 'configure' of hardware 'gripper'
[component_container-3] [INFO] [1775793933.353502467] [resource_manager]: 'activate' hardware 'gripper' 
[component_container-3] [INFO] [1775793933.353505874] [resource_manager]: Successful 'activate' of hardware 'gripper'
[component_container-3] [WARN] [1775793933.353522745] [controller_manager]: Component 'ControlSystem' does not have read or write statistics initialized, skipping registration.
[component_container-3] [WARN] [1775793933.353544776] [controller_manager]: Component 'gripper' does not have read or write statistics initialized, skipping registration.
[component_container-3] [INFO] [1775793933.353558321] [controller_manager]: Resource Manager has been successfully initialized. Starting Controller Manager services...
[2m2026-04-10T04:05:33.383222Z[0m [32m INFO[0m acc-0 ThreadId(04) [2mzenoh::net::routing::interceptor::access_control[0m[2m:[0m 6c93a29976626e008f0498f84af73146 did not match any configured ACL subject. Default permission `Allow` will be applied on all messages
[2m2026-04-10T04:05:33.384406Z[0m [32m INFO[0m acc-0 ThreadId(04) [2mzenoh::net::routing::interceptor::access_control[0m[2m:[0m b03109c0841043f0959915ec6c53f8d6 did not match any configured ACL subject. Default permission `Allow` will be applied on all messages
[component_container-3] [INFO] [1775793933.426271150] [controller_manager]: Loading controller : 'joint_state_broadcaster' of type 'joint_state_broadcaster/JointStateBroadcaster'
[component_container-3] [INFO] [1775793933.426366868] [controller_manager]: Loading controller 'joint_state_broadcaster'
[component_container-3] [INFO] [1775793933.427968111] [controller_manager]: Controller 'joint_state_broadcaster' node arguments: --ros-args --params-file /ws_aic/install/share/aic_bringup/config/aic_ros2_controllers.yaml -p use_sim_time:=true --param use_sim_time:=true 
[spawner-8] [INFO] [1775793933.448645438] [spawner_joint_state_broadcaster]: Loaded joint_state_broadcaster
[component_container-3] [INFO] [1775793933.449622338] [controller_manager]: Configuring controller: 'joint_state_broadcaster'
[component_container-3] [INFO] [1775793933.449806361] [joint_state_broadcaster]: 'joints' or 'interfaces' parameter is empty. All available state interfaces will be published
[component_container-3] [INFO] [1775793933.455280438] [controller_manager]: Activating controllers: [ joint_state_broadcaster ]
[component_container-3] [INFO] [1775793933.455433994] [controller_manager]: Requested controller switch from non-realtime loop
[component_container-3] [INFO] [1775793933.455643805] [controller_manager]: Successfully switched controllers!
[2m2026-04-10T04:05:35.064143Z[0m [32m INFO[0m acc-0 ThreadId(04) [2mzenoh::net::routing::interceptor::access_control[0m[2m:[0m 4ea07b7cb0c9089d0f765159c4771dfb did not match any configured ACL subject. Default permission `Allow` will be applied on all messages
[2m2026-04-10T04:05:35.292433Z[0m [32m INFO[0m acc-0 ThreadId(04) [2mzenoh::net::routing::interceptor::access_control[0m[2m:[0m c15d32e9fec9afb1b5c87a2a298ec488 did not match any configured ACL subject. Default permission `Allow` will be applied on all messages
[component_container-3] (2026-04-10 13:05:35.340) [debug] [SystemManager.cc:80] Loaded system [gz_ros2_control::GazeboSimROS2ControlPlugin] for entity [31]
[component_container-3] (2026-04-10 13:05:35.341) [debug] [SystemManager.cc:80] Loaded system [gz::sim::systems::ForceTorque] for entity [31]
[component_container-3] (2026-04-10 13:05:35.342) [debug] [OffLimitContactsPlugin.cc:41] aic_gazebo::OffLimitContactsPlugin::Configure on entity: 31
[component_container-3] (2026-04-10 13:05:35.343) [debug] [OffLimitContactsPlugin.cc:165] Enabled collision [34]
[component_container-3] (2026-04-10 13:05:35.343) [debug] [OffLimitContactsPlugin.cc:165] Enabled collision [37]
[component_container-3] (2026-04-10 13:05:35.343) [debug] [OffLimitContactsPlugin.cc:165] Enabled collision [40]
[component_container-3] (2026-04-10 13:05:35.343) [debug] [OffLimitContactsPlugin.cc:165] Enabled collision [43]
[component_container-3] (2026-04-10 13:05:35.343) [debug] [OffLimitContactsPlugin.cc:165] Enabled collision [46]
[component_container-3] (2026-04-10 13:05:35.343) [debug] [OffLimitContactsPlugin.cc:165] Enabled collision [49]
[component_container-3] (2026-04-10 13:05:35.343) [debug] [OffLimitContactsPlugin.cc:165] Enabled collision [57]
[component_container-3] (2026-04-10 13:05:35.343) [debug] [OffLimitContactsPlugin.cc:165] Enabled collision [58]
[component_container-3] (2026-04-10 13:05:35.343) [debug] [OffLimitContactsPlugin.cc:165] Enabled collision [59]
[component_container-3] (2026-04-10 13:05:35.343) [debug] [OffLimitContactsPlugin.cc:165] Enabled collision [60]
[component_container-3] (2026-04-10 13:05:35.343) [debug] [OffLimitContactsPlugin.cc:165] Enabled collision [61]
[component_container-3] (2026-04-10 13:05:35.343) [debug] [OffLimitContactsPlugin.cc:165] Enabled collision [62]
[component_container-3] (2026-04-10 13:05:35.343) [debug] [OffLimitContactsPlugin.cc:165] Enabled collision [63]
[component_container-3] (2026-04-10 13:05:35.343) [debug] [OffLimitContactsPlugin.cc:165] Enabled collision [64]
[component_container-3] (2026-04-10 13:05:35.343) [debug] [OffLimitContactsPlugin.cc:165] Enabled collision [65]
[component_container-3] (2026-04-10 13:05:35.343) [debug] [OffLimitContactsPlugin.cc:165] Enabled collision [66]
[component_container-3] (2026-04-10 13:05:35.343) [debug] [OffLimitContactsPlugin.cc:165] Enabled collision [67]
[component_container-3] (2026-04-10 13:05:35.343) [debug] [OffLimitContactsPlugin.cc:165] Enabled collision [68]
[component_container-3] (2026-04-10 13:05:35.343) [debug] [OffLimitContactsPlugin.cc:165] Enabled collision [69]
[component_container-3] (2026-04-10 13:05:35.343) [debug] [OffLimitContactsPlugin.cc:165] Enabled collision [70]
[component_container-3] (2026-04-10 13:05:35.343) [debug] [OffLimitContactsPlugin.cc:165] Enabled collision [71]
[component_container-3] (2026-04-10 13:05:35.343) [debug] [OffLimitContactsPlugin.cc:165] Enabled collision [72]
[component_container-3] (2026-04-10 13:05:35.343) [debug] [OffLimitContactsPlugin.cc:165] Enabled collision [73]
[component_container-3] (2026-04-10 13:05:35.343) [debug] [OffLimitContactsPlugin.cc:165] Enabled collision [74]
[component_container-3] (2026-04-10 13:05:35.343) [debug] [OffLimitContactsPlugin.cc:165] Enabled collision [75]
[component_container-3] (2026-04-10 13:05:35.343) [debug] [OffLimitContactsPlugin.cc:165] Enabled collision [81]
[component_container-3] (2026-04-10 13:05:35.343) [debug] [OffLimitContactsPlugin.cc:165] Enabled collision [82]
[component_container-3] (2026-04-10 13:05:35.343) [debug] [OffLimitContactsPlugin.cc:165] Enabled collision [85]
[component_container-3] (2026-04-10 13:05:35.343) [debug] [OffLimitContactsPlugin.cc:165] Enabled collision [86]
[component_container-3] (2026-04-10 13:05:35.343) [debug] [OffLimitContactsPlugin.cc:165] Enabled collision [87]
[component_container-3] (2026-04-10 13:05:35.343) [debug] [OffLimitContactsPlugin.cc:165] Enabled collision [88]
[component_container-3] (2026-04-10 13:05:35.343) [debug] [OffLimitContactsPlugin.cc:165] Enabled collision [91]
[component_container-3] (2026-04-10 13:05:35.343) [debug] [OffLimitContactsPlugin.cc:165] Enabled collision [92]
[component_container-3] (2026-04-10 13:05:35.343) [debug] [OffLimitContactsPlugin.cc:165] Enabled collision [93]
[component_container-3] (2026-04-10 13:05:35.343) [debug] [OffLimitContactsPlugin.cc:165] Enabled collision [94]
[component_container-3] (2026-04-10 13:05:35.343) [debug] [SystemManager.cc:80] Loaded system [aic_gazebo::OffLimitContactsPlugin] for entity [31]
[component_container-3] (2026-04-10 13:05:35.345) [debug] [ResetJointsPlugin.cc:40] aic_gazebo::ResetJointsPlugin::Configure on entity: 31
[component_container-3] [WARN] [1775793935.345518785] [rcl.logging_rosout]: Publisher already registered for node name: 'ros_gz_container'. If this is due to multiple nodes with the same name then all logs for the logger named 'ros_gz_container' will go out over the existing publisher. As soon as any node with that name is destructed it will unregister the publisher, preventing any further logs for that name from being published on the rosout topic.
[component_container-3] (2026-04-10 13:05:35.348) [info] [ResetJointsPlugin.cc:117] Initialized ResetJointsPlugin!
[component_container-3] (2026-04-10 13:05:35.348) [debug] [SystemManager.cc:80] Loaded system [aic_gazebo::ResetJointsPlugin] for entity [31]
[component_container-3] (2026-04-10 13:05:35.348) [debug] [UserCommands.cc:1108] Created entity [31] named [ur5e]
[component_container-3] (2026-04-10 13:05:35.362) [debug] [Sensors.cc:953] Initialization needed
[component_container-3] (2026-04-10 13:05:35.363) [debug] [Sensors.cc:349] Initializing render context
[component_container-3] (2026-04-10 13:05:35.363) [info] [RenderEngineManager.cc:514] Loading plugin [gz-rendering-ogre2]
[component_container-3] (2026-04-10 13:05:35.363) [debug] [EntityComponentManager.cc:1676] Updated state thread iterators: 16 threads processing around 8 entities each.
[component_container-3] (2026-04-10 13:05:35.377) [warning] [Ogre2RenderEngine.cc:556] Unable to open display: . Trying to run in headless mode.
[component_container-3] (2026-04-10 13:05:35.378) [debug] [SimulationRunner.cc:600] Exiting postupdate worker thread (1)
[component_container-3] (2026-04-10 13:05:35.378) [debug] [SimulationRunner.cc:600] Exiting postupdate worker thread (0)
[component_container-3] (2026-04-10 13:05:35.378) [debug] [SimulationRunner.cc:600] Exiting postupdate worker thread (3)
[component_container-3] (2026-04-10 13:05:35.378) [debug] [SimulationRunner.cc:600] Exiting postupdate worker thread (2)
[component_container-3] (2026-04-10 13:05:35.379) [debug] [SimulationRunner.cc:573] Creating PostUpdate worker threads: 6
[component_container-3] (2026-04-10 13:05:35.379) [debug] [SimulationRunner.cc:584] Creating postupdate worker thread (0)
[component_container-3] (2026-04-10 13:05:35.380) [debug] [SimulationRunner.cc:584] Creating postupdate worker thread (1)
[component_container-3] (2026-04-10 13:05:35.380) [debug] [SimulationRunner.cc:584] Creating postupdate worker thread (2)
[component_container-3] (2026-04-10 13:05:35.380) [debug] [SimulationRunner.cc:584] Creating postupdate worker thread (3)
[component_container-3] (2026-04-10 13:05:35.380) [debug] [SimulationRunner.cc:584] Creating postupdate worker thread (4)
[spawner-8] [INFO] [1775793935.384677890] [spawner_joint_state_broadcaster]: Configured and activated joint_state_broadcaster
[component_container-3] [INFO] [1775793935.454253956] [controller_manager]: Loading controller : 'fts_broadcaster' of type 'force_torque_sensor_broadcaster/ForceTorqueSensorBroadcaster'
[component_container-3] [INFO] [1775793935.454324448] [controller_manager]: Loading controller 'fts_broadcaster'
[component_container-3] [INFO] [1775793935.455909671] [controller_manager]: Controller 'fts_broadcaster' node arguments: --ros-args --params-file /ws_aic/install/share/aic_bringup/config/aic_ros2_controllers.yaml -p use_sim_time:=true --param use_sim_time:=true 
[INFO] [spawner-8]: process has finished cleanly [pid 68388]
[INFO] [spawner-10]: process started with pid [68573]
[component_container-3] [1;33mWarning [Utils.cc:119][0m [/sdf/model[@name="ur"]/link[@name="center_camera/sensor_link"]/sensor[@name="center_camera"]/camera[@name="center_camera"]/optical_frame_id]: SDF Element[optical_frame_id] is deprecated
[component_container-3] [1;33mWarning [Utils.cc:119][0m [/sdf/model[@name="ur"]/link[@name="left_camera/sensor_link"]/sensor[@name="left_camera"]/camera[@name="left_camera"]/optical_frame_id]: SDF Element[optical_frame_id] is deprecated
[component_container-3] [1;33mWarning [Utils.cc:119][0m [/sdf/model[@name="ur"]/link[@name="right_camera/sensor_link"]/sensor[@name="right_camera"]/camera[@name="right_camera"]/optical_frame_id]: SDF Element[optical_frame_id] is deprecated
[component_container-3] [INFO] [1775793935.538808554] [gz_server]: InitializeCanonicalLinks
[component_container-3] [INFO] [1775793935.539082394] [gz_server]: Creating services on gz_server
[component_container-3] [INFO] [1775793935.540809382] [gz_server]: Created service /gz_server/delete_entity
[component_container-3] [INFO] [1775793935.542079177] [gz_server]: Created service /gz_server/get_entities
[component_container-3] [INFO] [1775793935.542675007] [gz_server]: Created service /gz_server/get_entity_info
[component_container-3] [INFO] [1775793935.543624826] [gz_server]: Created service /gz_server/get_entity_state
[component_container-3] [INFO] [1775793935.544173077] [gz_server]: Created service /gz_server/get_entities_states
[component_container-3] [INFO] [1775793935.544870617] [gz_server]: Created service /gz_server/get_simulation_state
[component_container-3] [INFO] [1775793935.545453793] [gz_server]: Created service /gz_server/get_simulator_features
[component_container-3] [INFO] [1775793935.546066895] [gz_server]: Created service /gz_server/reset_simulation
[component_container-3] [INFO] [1775793935.546719390] [gz_server]: Created service /gz_server/set_entity_state
[component_container-3] [INFO] [1775793935.547229040] [gz_server]: Created service /gz_server/set_simulation_state
[component_container-3] [INFO] [1775793935.547779645] [gz_server]: Created service /gz_server/spawn_entity
[component_container-3] libEGL warning: pci id for fd 72: 10de:28e0, driver (null)
[component_container-3] 
[component_container-3] [INFO] [1775793935.548314893] [gz_server]: Created service /gz_server/step_simulation
[component_container-3] [INFO] [1775793935.551092176] [gz_server]: Created action /gz_server/simulate_steps
[component_container-3] pci id for fd 74: 10de:28e0, driver (null)
[component_container-3] pci id for fd 75: 10de:28e0, driver (null)
[component_container-3] libEGL warning: egl: failed to create dri2 screen
[component_container-3] libEGL warning: pci id for fd 72: 10de:28e0, driver (null)
[component_container-3] 
[component_container-3] pci id for fd 74: 10de:28e0, driver (null)
[component_container-3] pci id for fd 75: 10de:28e0, driver (null)
[component_container-3] libEGL warning: egl: failed to create dri2 screen
[component_container-3] libEGL warning: pci id for fd 72: 10de:28e0, driver (null)
[component_container-3] 
[2m2026-04-10T04:05:35.701263Z[0m [32m INFO[0m acc-0 ThreadId(04) [2mzenoh::net::routing::interceptor::access_control[0m[2m:[0m c2d10f743001a111c648d36bf0737faf did not match any configured ACL subject. Default permission `Allow` will be applied on all messages
[component_container-3] (2026-04-10 13:05:35.711) [debug] [RenderUtil.cc:2646] Create scene [scene]
[component_container-3] (2026-04-10 13:05:36.241) [debug] [Sensors.cc:391] Rendering Thread initialized
[component_container-3] (2026-04-10 13:05:36.241) [debug] [Sensors.cc:953] Initialization needed
[component_container-3] (2026-04-10 13:05:36.243) [debug] [ForceTorque.cc:162] Adding JointTransmittedWrench to: 110
[component_container-3] [INFO] [1775793936.245066719] [ros_gz_container]: ForceTorque AtiForceTorqueSensor has a topic name: /axia80_m20/wrench
[component_container-3] [INFO] [1775793936.245580607] [ros_gz_container]: ForceTorque AtiForceTorqueSensor has a topic name: /axia80_m20/wrench
[spawner-9] [INFO] [1775793936.268574099] [spawner_fts_broadcaster]: Loaded fts_broadcaster
[component_container-3] [INFO] [1775793936.270127823] [controller_manager]: Configuring controller: 'fts_broadcaster'
[component_container-3] [INFO] [1775793936.273713813] [fts_broadcaster]: configure successful
[component_container-3] (2026-04-10 13:05:37.036) [debug] [CameraSensor.cc:342] Camera images for [ur5e::center_camera/sensor_link::center_camera] advertised on [/center_camera/image]
[component_container-3] (2026-04-10 13:05:37.037) [debug] [CameraSensor.cc:632] Camera info for [ur5e::center_camera/sensor_link::center_camera] advertised on [/center_camera/camera_info]
[component_container-3] (2026-04-10 13:05:37.037) [warning] [Ogre2Camera.cc:423] Ogre2Camera::SetVisibilityMask: Mask bits c0000000 are set but will be ignored as they conflict with the reserved bits used internally by the ogre2 backend.
[component_container-3] (2026-04-10 13:05:37.037) [debug] [CameraSensor.cc:342] Camera images for [ur5e::left_camera/sensor_link::left_camera] advertised on [/left_camera/image]
[component_container-3] (2026-04-10 13:05:37.037) [debug] [CameraSensor.cc:632] Camera info for [ur5e::left_camera/sensor_link::left_camera] advertised on [/left_camera/camera_info]
[component_container-3] (2026-04-10 13:05:37.038) [warning] [Ogre2Camera.cc:423] Ogre2Camera::SetVisibilityMask: Mask bits c0000000 are set but will be ignored as they conflict with the reserved bits used internally by the ogre2 backend.
[component_container-3] (2026-04-10 13:05:37.039) [debug] [CameraSensor.cc:342] Camera images for [ur5e::right_camera/sensor_link::right_camera] advertised on [/right_camera/image]
[component_container-3] (2026-04-10 13:05:37.039) [debug] [CameraSensor.cc:632] Camera info for [ur5e::right_camera/sensor_link::right_camera] advertised on [/right_camera/camera_info]
[component_container-3] (2026-04-10 13:05:37.039) [warning] [Ogre2Camera.cc:423] Ogre2Camera::SetVisibilityMask: Mask bits c0000000 are set but will be ignored as they conflict with the reserved bits used internally by the ogre2 backend.
[component_container-3] (2026-04-10 13:05:38.373) [debug] [CameraSensor.cc:441] Enabling camera sensor: 'ur5e::center_camera/sensor_link::center_camera' data generation.
[component_container-3] (2026-04-10 13:05:38.434) [debug] [CameraSensor.cc:441] Enabling camera sensor: 'ur5e::left_camera/sensor_link::left_camera' data generation.
[component_container-3] (2026-04-10 13:05:38.455) [debug] [CameraSensor.cc:441] Enabling camera sensor: 'ur5e::right_camera/sensor_link::right_camera' data generation.
[component_container-3] [INFO] [1775793938.481092937] [controller_manager]: Activating controllers: [ fts_broadcaster ]
[component_container-3] [INFO] [1775793938.481206729] [controller_manager]: Requested controller switch from non-realtime loop
[component_container-3] [INFO] [1775793938.481317345] [controller_manager]: Successfully switched controllers!
[spawner-9] [INFO] [1775793938.485524993] [spawner_fts_broadcaster]: Configured and activated fts_broadcaster
[INFO] [spawner-9]: process has finished cleanly [pid 68389]
[component_container-3] [INFO] [1775793938.584030250] [controller_manager]: Loading controller : 'aic_controller' of type 'aic/Controller'
[component_container-3] [INFO] [1775793938.584087406] [controller_manager]: Loading controller 'aic_controller'
[component_container-3] [INFO] [1775793938.588243348] [controller_manager]: Controller 'aic_controller' node arguments: --ros-args --params-file /ws_aic/install/share/aic_bringup/config/aic_ros2_controllers.yaml -p use_sim_time:=true --param use_sim_time:=true 
[component_container-3] (2026-04-10 13:05:38.911) [debug] [WorldSdfGeneratorPlugin.cc:79] Saving world: aic_world to: /tmp/aic.sdf
[component_container-3] (2026-04-10 13:05:38.911) [info] [WorldSdfGeneratorPlugin.cc:84] World saved to /tmp/aic.sdf
[spawner-10] [INFO] [1775793938.941775411] [spawner_aic_controller]: Loaded aic_controller
[component_container-3] [INFO] [1775793938.943442846] [controller_manager]: Configuring controller: 'aic_controller'
[component_container-3] [INFO] [1775793938.943587796] [aic_controller]: Control mode set to impedance
[component_container-3] [INFO] [1775793938.943605469] [aic_controller]: Target mode set to Cartesian. Accepting MotionUpdate targets.
[component_container-3] [INFO] [1775793938.956520097] [controller_manager]: Activating controllers: [ aic_controller ]
[component_container-3] [INFO] [1775793938.956703939] [controller_manager]: Requested controller switch from non-realtime loop
[component_container-3] [INFO] [1775793938.957002706] [controller_manager]: Successfully switched controllers!
[component_container-3] (2026-04-10 13:05:38.958) [warning] [Component.hh:144] Trying to serialize component with data type [St6vectorIdSaIdEE], which doesn't have `operator<<`. Component will not be serialized.
[component_container-3] (2026-04-10 13:05:38.958) [warning] [Component.hh:189] Trying to deserialize component with data type [St6vectorIdSaIdEE], which doesn't have `operator>>`. Component will not be deserialized.
[spawner-10] [INFO] [1775793938.960376811] [spawner_aic_controller]: Configured and activated all the parsed controllers list : ['aic_controller']!
[INFO] [spawner-10]: process has finished cleanly [pid 68573]
[INFO] [rviz2-11]: process started with pid [68985]
[rviz2-11] qt.qpa.xcb: could not connect to display 
[rviz2-11] qt.qpa.plugin: Could not load the Qt platform plugin "xcb" in "" even though it was found.
[rviz2-11] This application failed to start because no Qt platform plugin could be initialized. Reinstalling the application may fix this problem.
[rviz2-11] 
[rviz2-11] Available platform plugins are: eglfs, linuxfb, minimal, minimalegl, offscreen, vnc, wayland-egl, wayland, wayland-xcomposite-egl, wayland-xcomposite-glx, xcb.
[rviz2-11] 
[ERROR] [rviz2-11]: process has died [pid 68985, exit code -6, cmd '/opt/ros/kilted/lib/rviz2/rviz2 -d /ws_aic/install/share/aic_bringup/rviz/aic.rviz --ros-args -r __node:=rviz2 --params-file /tmp/launch_params_2fmozucg'].
[2m2026-04-10T04:05:40.637152Z[0m [32m INFO[0m acc-0 ThreadId(04) [2mzenoh::net::routing::interceptor::access_control[0m[2m:[0m 25674f4a4211a3e57dbbc60a2b06b9de did not match any configured ACL subject. Default permission `Allow` will be applied on all messages
[2m2026-04-10T04:05:50.326362Z[0m [32m INFO[0m acc-0 ThreadId(04) [2mzenoh::net::routing::interceptor::access_control[0m[2m:[0m a7f02cebfd8e4d1fecc0dd85da61b1c5 did not match any configured ACL subject. Default permission `Allow` will be applied on all messages
[component_container-3] (2026-04-10 13:05:51.973) [debug] [SdfEntityCreator.cc:547] Link has auto-inertial enabled: sc_port_1::sc_port_link
[component_container-3] (2026-04-10 13:05:51.973) [debug] [SdfEntityCreator.cc:549]   pose: 1.88554e-19 -0.00100271 0.000137321 0 0 0
[component_container-3] (2026-04-10 13:05:51.973) [debug] [SdfEntityCreator.cc:550]   mass: 0.04
[component_container-3] (2026-04-10 13:05:51.973) [debug] [SdfEntityCreator.cc:551]   ixx iyy izz: 1.86262e-06 5.50332e-06 6.55187e-06
[component_container-3] (2026-04-10 13:05:51.973) [debug] [SdfEntityCreator.cc:553]   ixy ixz iyz: -7.41324e-15 4.19415e-23 -5.5077e-09
[component_container-3] (2026-04-10 13:05:51.976) [debug] [SystemManager.cc:80] Loaded system [gz::sim::systems::PosePublisher] for entity [118]
[component_container-3] (2026-04-10 13:05:51.977) [debug] [SystemManager.cc:80] Loaded system [gz::sim::systems::TouchPlugin] for entity [155]
[component_container-3] (2026-04-10 13:05:51.977) [debug] [UserCommands.cc:1108] Created entity [118] named [task_board]
[component_container-3] (2026-04-10 13:05:51.984) [info] [Contact.cc:125] Contact system publishing on world/aic_world/model/task_board/model/sc_port_1/link/sc_port_link/sensor/sc_port_sensor/contact
[component_container-3] [INFO] [1775793951.985495061] [aic_controller]: Received service request to tare force torque sensor!
[component_container-3] [INFO] [1775793951.985537470] [aic_controller]: Successfully tared force torque sensor.
[component_container-3] (2026-04-10 13:05:51.986) [warning] [Component.hh:127] Trying to serialize component with data type [St10shared_ptrIN3sdf3v157ElementEE], which doesn't have `operator<<`. Component will not be serialized.
[component_container-3] [INFO] [1775793951.986920166] [gz_server]: InitializeCanonicalLinks
[component_container-3] (2026-04-10 13:05:51.989) [debug] [SimulationRunner.cc:600] Exiting postupdate worker thread (3)
[component_container-3] (2026-04-10 13:05:51.989) [debug] [SimulationRunner.cc:600] Exiting postupdate worker thread (0)
[component_container-3] (2026-04-10 13:05:51.989) [debug] [SimulationRunner.cc:600] Exiting postupdate worker thread (2)
[component_container-3] (2026-04-10 13:05:51.989) [debug] [SimulationRunner.cc:600] Exiting postupdate worker thread (4)
[component_container-3] (2026-04-10 13:05:51.989) [debug] [SimulationRunner.cc:600] Exiting postupdate worker thread (1)
[component_container-3] (2026-04-10 13:05:51.990) [debug] [SimulationRunner.cc:573] Creating PostUpdate worker threads: 8
[component_container-3] (2026-04-10 13:05:51.990) [debug] [SimulationRunner.cc:584] Creating postupdate worker thread (0)
[component_container-3] (2026-04-10 13:05:51.990) [debug] [SimulationRunner.cc:584] Creating postupdate worker thread (1)
[component_container-3] (2026-04-10 13:05:51.990) [debug] [SimulationRunner.cc:584] Creating postupdate worker thread (2)
[component_container-3] (2026-04-10 13:05:51.990) [debug] [SimulationRunner.cc:584] Creating postupdate worker thread (3)
[component_container-3] (2026-04-10 13:05:51.990) [debug] [SimulationRunner.cc:584] Creating postupdate worker thread (4)
[component_container-3] (2026-04-10 13:05:51.990) [debug] [SimulationRunner.cc:584] Creating postupdate worker thread (5)
[component_container-3] (2026-04-10 13:05:51.990) [debug] [SimulationRunner.cc:584] Creating postupdate worker thread (6)
[component_container-3] (2026-04-10 13:05:51.991) [debug] [TouchPlugin.cc:267] Started touch plugin [sc_port_1/sc_port_base]
[component_container-3] (2026-04-10 13:05:52.040) [warning] [Component.hh:172] Trying to deserialize component with data type [St10shared_ptrIN3sdf3v157ElementEE], which doesn't have `operator>>`. Component will not be deserialized.
[component_container-3] (2026-04-10 13:05:55.262) [debug] [SdfEntityCreator.cc:547] Link has auto-inertial enabled: cable_1::sc_plug_link
[component_container-3] (2026-04-10 13:05:55.262) [debug] [SdfEntityCreator.cc:549]   pose: -0.00907511 4.9566e-05 8.71699e-06 0 0 0
[component_container-3] (2026-04-10 13:05:55.262) [debug] [SdfEntityCreator.cc:550]   mass: 0.04
[component_container-3] (2026-04-10 13:05:55.262) [debug] [SdfEntityCreator.cc:551]   ixx iyy izz: 2.12257e-06 7.17318e-06 8.85404e-06
[component_container-3] (2026-04-10 13:05:55.262) [debug] [SdfEntityCreator.cc:553]   ixy ixz iyz: 1.24369e-08 -3.73363e-09 1.72827e-11
[component_container-3] (2026-04-10 13:05:55.262) [debug] [SdfEntityCreator.cc:547] Link has auto-inertial enabled: cable_1::lc_plug_link
[component_container-3] (2026-04-10 13:05:55.262) [debug] [SdfEntityCreator.cc:549]   pose: 0 -0.00428702 8.58528e-05 0 0 0
[component_container-3] (2026-04-10 13:05:55.262) [debug] [SdfEntityCreator.cc:550]   mass: 0.01
[component_container-3] (2026-04-10 13:05:55.262) [debug] [SdfEntityCreator.cc:551]   ixx iyy izz: 1.73585e-06 1.30886e-07 1.82579e-06
[component_container-3] (2026-04-10 13:05:55.262) [debug] [SdfEntityCreator.cc:553]   ixy ixz iyz: -3.13192e-14 3.63653e-15 -5.82954e-09
[component_container-3] (2026-04-10 13:05:55.263) [debug] [SdfEntityCreator.cc:547] Link has auto-inertial enabled: cable_1::sfp_module_link
[component_container-3] (2026-04-10 13:05:55.263) [debug] [SdfEntityCreator.cc:549]   pose: 0.000140388 0.0140944 0.000755794 0 0 0
[component_container-3] (2026-04-10 13:05:55.263) [debug] [SdfEntityCreator.cc:550]   mass: 0.02
[component_container-3] (2026-04-10 13:05:55.263) [debug] [SdfEntityCreator.cc:551]   ixx iyy izz: 3.52972e-06 5.95336e-07 3.76244e-06
[component_container-3] (2026-04-10 13:05:55.263) [debug] [SdfEntityCreator.cc:553]   ixy ixz iyz: 3.87677e-08 3.1005e-09 9.04204e-09
[component_container-3] (2026-04-10 13:05:55.268) [debug] [CablePlugin.cc:86] aic_gazebo::CablePlugin::Configure on entity: 178
[component_container-3] (2026-04-10 13:05:55.269) [info] [CablePlugin.cc:150] Cable transitioning to HARNESS state.
[component_container-3] (2026-04-10 13:05:55.269) [debug] [SystemManager.cc:80] Loaded system [aic_gazebo::CablePlugin] for entity [178]
[component_container-3] (2026-04-10 13:05:55.269) [debug] [SystemManager.cc:80] Loaded system [gz::sim::systems::PosePublisher] for entity [178]
[component_container-3] (2026-04-10 13:05:55.269) [debug] [UserCommands.cc:1108] Created entity [178] named [cable_1]
[component_container-3] [INFO] [1775793955.282015035] [gz_server]: InitializeCanonicalLinks
[component_container-3] (2026-04-10 13:05:55.287) [debug] [SimulationRunner.cc:600] Exiting postupdate worker thread (4)
[component_container-3] (2026-04-10 13:05:55.287) [debug] [SimulationRunner.cc:600] Exiting postupdate worker thread (5)
[component_container-3] (2026-04-10 13:05:55.287) [debug] [SimulationRunner.cc:600] Exiting postupdate worker thread (1)
[component_container-3] (2026-04-10 13:05:55.287) [debug] [SimulationRunner.cc:600] Exiting postupdate worker thread (0)
[component_container-3] (2026-04-10 13:05:55.287) [debug] [SimulationRunner.cc:600] Exiting postupdate worker thread (6)
[component_container-3] (2026-04-10 13:05:55.287) [debug] [SimulationRunner.cc:600] Exiting postupdate worker thread (3)
[component_container-3] (2026-04-10 13:05:55.287) [debug] [SimulationRunner.cc:600] Exiting postupdate worker thread (2)
[component_container-3] (2026-04-10 13:05:55.288) [debug] [SimulationRunner.cc:573] Creating PostUpdate worker threads: 10
[component_container-3] (2026-04-10 13:05:55.288) [debug] [SimulationRunner.cc:584] Creating postupdate worker thread (0)
[component_container-3] (2026-04-10 13:05:55.288) [debug] [SimulationRunner.cc:584] Creating postupdate worker thread (1)
[component_container-3] (2026-04-10 13:05:55.288) [debug] [SimulationRunner.cc:584] Creating postupdate worker thread (2)
[component_container-3] (2026-04-10 13:05:55.288) [debug] [SimulationRunner.cc:584] Creating postupdate worker thread (3)
[component_container-3] (2026-04-10 13:05:55.288) [debug] [SimulationRunner.cc:584] Creating postupdate worker thread (4)
[component_container-3] (2026-04-10 13:05:55.288) [debug] [SimulationRunner.cc:584] Creating postupdate worker thread (5)
[component_container-3] (2026-04-10 13:05:55.288) [debug] [SimulationRunner.cc:584] Creating postupdate worker thread (6)
[component_container-3] (2026-04-10 13:05:55.288) [debug] [SimulationRunner.cc:584] Creating postupdate worker thread (7)
[component_container-3] (2026-04-10 13:05:55.288) [debug] [SimulationRunner.cc:584] Creating postupdate worker thread (8)
[component_container-3] (2026-04-10 13:05:55.297) [info] [CablePlugin.cc:201] Cable transitioning to WAITING state.
[component_container-3] (2026-04-10 13:05:55.297) [info] [CablePlugin.cc:213] Cable transitioning to CREATE_CONNECTIONS state.
[component_container-3] (2026-04-10 13:05:55.297) [debug] [Physics.cc:2015] Creating detachable joint [376]
[component_container-3] (2026-04-10 13:05:55.297) [debug] [Physics.cc:2015] Creating detachable joint [379]
[component_container-3] (2026-04-10 13:05:55.298) [debug] [Physics.cc:2136] Detaching joint [376]
[component_container-3] (2026-04-10 13:05:55.298) [debug] [Physics.cc:2136] Detaching joint [379]
[component_container-3] (2026-04-10 13:05:55.300) [info] [CablePlugin.cc:247] Cable transitioning to CABLE_ATTACHED_TO_GRIPPER state.
[component_container-3] (2026-04-10 13:05:55.301) [debug] [Physics.cc:2015] Creating detachable joint [380]
[component_container-3] [INFO] [1775793955.411975236] [gz_server]: InitializeCanonicalLinks
[component_container-3] [INFO] [1775793968.534205549] [aic_controller]: Received request to switch target mode to MODE_JOINT.
[component_container-3] [INFO] [1775793973.846730693] [aic_controller]: Received request to switch target mode to MODE_CARTESIAN.
[component_container-3] (2026-04-10 13:06:33.027) [debug] [UserCommands.cc:1158] Requesting removal of entity [118]
[component_container-3] (2026-04-10 13:06:33.042) [debug] [SimulationRunner.cc:600] Exiting postupdate worker thread (0)
[component_container-3] (2026-04-10 13:06:33.042) [debug] [SimulationRunner.cc:600] Exiting postupdate worker thread (3)
[component_container-3] (2026-04-10 13:06:33.042) [debug] [SimulationRunner.cc:600] Exiting postupdate worker thread (1)
[component_container-3] (2026-04-10 13:06:33.042) [debug] [SimulationRunner.cc:600] Exiting postupdate worker thread (7)
[component_container-3] (2026-04-10 13:06:33.042) [debug] [SimulationRunner.cc:600] Exiting postupdate worker thread (6)
[component_container-3] (2026-04-10 13:06:33.042) [debug] [SimulationRunner.cc:600] Exiting postupdate worker thread (4)
[component_container-3] (2026-04-10 13:06:33.042) [debug] [SimulationRunner.cc:600] Exiting postupdate worker thread (5)
[component_container-3] (2026-04-10 13:06:33.042) [debug] [SimulationRunner.cc:600] Exiting postupdate worker thread (2)
[component_container-3] (2026-04-10 13:06:33.042) [debug] [SimulationRunner.cc:600] Exiting postupdate worker thread (8)
[component_container-3] (2026-04-10 13:06:33.043) [debug] [SimulationRunner.cc:573] Creating PostUpdate worker threads: 8
[component_container-3] (2026-04-10 13:06:33.043) [debug] [SimulationRunner.cc:584] Creating postupdate worker thread (0)
[component_container-3] (2026-04-10 13:06:33.043) [debug] [SimulationRunner.cc:584] Creating postupdate worker thread (1)
[component_container-3] (2026-04-10 13:06:33.043) [debug] [SimulationRunner.cc:584] Creating postupdate worker thread (2)
[component_container-3] (2026-04-10 13:06:33.043) [debug] [SimulationRunner.cc:584] Creating postupdate worker thread (3)
[component_container-3] (2026-04-10 13:06:33.043) [debug] [SimulationRunner.cc:584] Creating postupdate worker thread (4)
[component_container-3] (2026-04-10 13:06:33.043) [debug] [SimulationRunner.cc:584] Creating postupdate worker thread (5)
[component_container-3] (2026-04-10 13:06:33.044) [debug] [SimulationRunner.cc:584] Creating postupdate worker thread (6)
[component_container-3] (2026-04-10 13:06:33.044) [debug] [UserCommands.cc:1158] Requesting removal of entity [178]
[component_container-3] (2026-04-10 13:06:33.047) [info] [CablePlugin.cc:162] Cable transitioning to CABLE_REMOVED state.
[component_container-3] [INFO] [1775793993.048023917] [controller_manager]: Deactivating controllers: [ aic_controller ]
[component_container-3] [INFO] [1775793993.048198713] [controller_manager]: Switch controller timeout is set to 0, using default 1s!
[component_container-3] [INFO] [1775793993.048215675] [controller_manager]: Requested controller switch from non-realtime loop
[component_container-3] [INFO] [1775793993.048423832] [controller_manager]: Deactivated controllers: [ aic_controller ]
[component_container-3] [INFO] [1775793993.048441004] [controller_manager]: Successfully switched controllers!
[component_container-3] (2026-04-10 13:06:33.050) [debug] [Physics.cc:2136] Detaching joint [380]
[component_container-3] (2026-04-10 13:06:33.054) [info] [ResetJointsPlugin.cc:105] Received reset request for joint: shoulder_pan_joint
[component_container-3] (2026-04-10 13:06:33.054) [info] [ResetJointsPlugin.cc:105] Received reset request for joint: shoulder_lift_joint
[component_container-3] (2026-04-10 13:06:33.054) [info] [ResetJointsPlugin.cc:105] Received reset request for joint: elbow_joint
[component_container-3] (2026-04-10 13:06:33.054) [info] [ResetJointsPlugin.cc:105] Received reset request for joint: wrist_1_joint
[component_container-3] (2026-04-10 13:06:33.054) [info] [ResetJointsPlugin.cc:105] Received reset request for joint: wrist_2_joint
[component_container-3] (2026-04-10 13:06:33.054) [info] [ResetJointsPlugin.cc:105] Received reset request for joint: wrist_3_joint
[component_container-3] (2026-04-10 13:06:33.095) [debug] [SimulationRunner.cc:600] Exiting postupdate worker thread (3)
[component_container-3] (2026-04-10 13:06:33.095) [debug] [SimulationRunner.cc:600] Exiting postupdate worker thread (1)
[component_container-3] (2026-04-10 13:06:33.095) [debug] [SimulationRunner.cc:600] Exiting postupdate worker thread (0)
[component_container-3] (2026-04-10 13:06:33.095) [debug] [SimulationRunner.cc:600] Exiting postupdate worker thread (6)
[component_container-3] (2026-04-10 13:06:33.096) [debug] [SimulationRunner.cc:600] Exiting postupdate worker thread (5)
[component_container-3] (2026-04-10 13:06:33.095) [debug] [SimulationRunner.cc:600] Exiting postupdate worker thread (4)
[component_container-3] (2026-04-10 13:06:33.095) [debug] [SimulationRunner.cc:600] Exiting postupdate worker thread (2)
[component_container-3] (2026-04-10 13:06:33.096) [debug] [SimulationRunner.cc:573] Creating PostUpdate worker threads: 6
[component_container-3] (2026-04-10 13:06:33.096) [debug] [SimulationRunner.cc:584] Creating postupdate worker thread (0)
[component_container-3] (2026-04-10 13:06:33.096) [debug] [SimulationRunner.cc:584] Creating postupdate worker thread (1)
[component_container-3] (2026-04-10 13:06:33.096) [debug] [SimulationRunner.cc:584] Creating postupdate worker thread (2)
[component_container-3] (2026-04-10 13:06:33.096) [debug] [SimulationRunner.cc:584] Creating postupdate worker thread (3)
[component_container-3] (2026-04-10 13:06:33.096) [debug] [SimulationRunner.cc:584] Creating postupdate worker thread (4)
[component_container-3] (2026-04-10 13:06:34.424) [info] [ResetJointsPlugin.cc:149] Joint wrist_3_joint reset to initial position: 1.411
[component_container-3] (2026-04-10 13:06:34.424) [info] [ResetJointsPlugin.cc:149] Joint wrist_2_joint reset to initial position: 1.571
[component_container-3] (2026-04-10 13:06:34.424) [info] [ResetJointsPlugin.cc:149] Joint wrist_1_joint reset to initial position: -1.6933
[component_container-3] (2026-04-10 13:06:34.424) [info] [ResetJointsPlugin.cc:149] Joint elbow_joint reset to initial position: -1.6648
[component_container-3] (2026-04-10 13:06:34.424) [info] [ResetJointsPlugin.cc:149] Joint shoulder_lift_joint reset to initial position: -1.3542
[component_container-3] (2026-04-10 13:06:34.424) [info] [ResetJointsPlugin.cc:149] Joint shoulder_pan_joint reset to initial position: -0.1597
[component_container-3] (2026-04-10 13:06:34.424) [warning] [Physics.cc:2467] Found both JointVelocityReset and JointVelocityCmd components for Joint [shoulder_pan_joint(Entity=102]). Ignoring JointVelocityCmd component.
[component_container-3] (2026-04-10 13:06:34.424) [warning] [Physics.cc:2467] Found both JointVelocityReset and JointVelocityCmd components for Joint [shoulder_lift_joint(Entity=103]). Ignoring JointVelocityCmd component.
[component_container-3] (2026-04-10 13:06:34.424) [warning] [Physics.cc:2467] Found both JointVelocityReset and JointVelocityCmd components for Joint [elbow_joint(Entity=104]). Ignoring JointVelocityCmd component.
[component_container-3] (2026-04-10 13:06:34.424) [warning] [Physics.cc:2467] Found both JointVelocityReset and JointVelocityCmd components for Joint [wrist_1_joint(Entity=105]). Ignoring JointVelocityCmd component.
[component_container-3] (2026-04-10 13:06:34.424) [warning] [Physics.cc:2467] Found both JointVelocityReset and JointVelocityCmd components for Joint [wrist_2_joint(Entity=106]). Ignoring JointVelocityCmd component.
[component_container-3] (2026-04-10 13:06:34.424) [warning] [Physics.cc:2467] Found both JointVelocityReset and JointVelocityCmd components for Joint [wrist_3_joint(Entity=107]). Ignoring JointVelocityCmd component.
[component_container-3] [INFO] [1775793994.424730862] [controller_manager]: Activating controllers: [ aic_controller ]
[component_container-3] [INFO] [1775793994.424896500] [controller_manager]: Requested controller switch from non-realtime loop
[component_container-3] [INFO] [1775793994.425034898] [controller_manager]: Activated controllers: [ aic_controller ]
[component_container-3] [INFO] [1775793994.425045438] [controller_manager]: Successfully switched controllers!
