ZENOH_CONFIG_OVERRIDE_ROUTER=mode="router";listen/endpoints=["tcp/[::]:7447"];connect/endpoints=[];routing/router/peers_failover_brokering=true;transport/shared_memory/enabled=false
ZENOH_CONFIG_OVERRIDE_PEER=;transport/shared_memory/enabled=false
[2m2026-04-10T04:01:36.343456Z[0m [32m INFO[0m ThreadId(02) [2mzenoh::net::runtime[0m[2m:[0m Using ZID: 6bff15a1e2ee5f9a02c66b9295cca2b9
[2m2026-04-10T04:01:36.343516Z[0m [33m WARN[0m ThreadId(02) [2mzenoh::net::routing::interceptor::authorization[0m[2m:[0m Rule 'deny_rule' flows list is not set. Setting it to both Ingress and Egress
[2m2026-04-10T04:01:36.344257Z[0m [32m INFO[0m ThreadId(02) [2mzenoh::net::runtime::orchestrator[0m[2m:[0m Zenoh can be reached at: tcp/[fe80::d3bf:abe1:c839:b4a6]:7447
[2m2026-04-10T04:01:36.344266Z[0m [32m INFO[0m ThreadId(02) [2mzenoh::net::runtime::orchestrator[0m[2m:[0m Zenoh can be reached at: tcp/172.25.140.107:7447
[INFO] [launch]: All log files can be found below /home/yujin/.ros/log/2026-04-10-13-01-36-449083-yujin-ASUS-TUF-Gaming-A14-FA401UV-FA401UV-44886
[INFO] [launch]: Default logging verbosity is set to INFO
Started Zenoh router with id 6bff15a1e2ee5f9a02c66b9295cca2b9
[2m2026-04-10T04:01:37.062928Z[0m [32m INFO[0m acc-0 ThreadId(04) [2mzenoh::net::routing::interceptor::access_control[0m[2m:[0m 809fd32f299eaeff4d2f32c56bd3feea did not match any configured ACL subject. Default permission `Allow` will be applied on all messages
[INFO] [robot_state_publisher-1]: process started with pid [45879]
[INFO] [aic_adapter-2]: process started with pid [45880]
[INFO] [component_container-3]: process started with pid [45881]
[INFO] [gz-4]: process started with pid [45883]
[INFO] [create-5]: process started with pid [45884]
[INFO] [relay-6]: process started with pid [45885]
[INFO] [static_transform_publisher-7]: process started with pid [45886]
[2m2026-04-10T04:01:37.340125Z[0m [32m INFO[0m acc-0 ThreadId(04) [2mzenoh::net::routing::interceptor::access_control[0m[2m:[0m e9dab5122f9d0fc9640b2173faa9493c did not match any configured ACL subject. Default permission `Allow` will be applied on all messages
[2m2026-04-10T04:01:37.340257Z[0m [32m INFO[0m acc-0 ThreadId(04) [2mzenoh::net::routing::interceptor::access_control[0m[2m:[0m c417bd723653fdc59d356e1a4ff49791 did not match any configured ACL subject. Default permission `Allow` will be applied on all messages
[2m2026-04-10T04:01:37.342609Z[0m [32m INFO[0m acc-0 ThreadId(04) [2mzenoh::net::routing::interceptor::access_control[0m[2m:[0m dddf4b1abf22efa8c67c3561a6024e9f did not match any configured ACL subject. Default permission `Allow` will be applied on all messages
[2m2026-04-10T04:01:37.347176Z[0m [32m INFO[0m acc-0 ThreadId(04) [2mzenoh::net::routing::interceptor::access_control[0m[2m:[0m 5866392c020e1b3407cec3b24220dbbb did not match any configured ACL subject. Default permission `Allow` will be applied on all messages
[2m2026-04-10T04:01:37.347448Z[0m [32m INFO[0m acc-0 ThreadId(04) [2mzenoh::net::routing::interceptor::access_control[0m[2m:[0m 4389750759382dcc7aa6053a8f2d08c5 did not match any configured ACL subject. Default permission `Allow` will be applied on all messages
[2m2026-04-10T04:01:37.362278Z[0m [32m INFO[0m acc-0 ThreadId(04) [2mzenoh::net::routing::interceptor::access_control[0m[2m:[0m 77c3a4265c5520ec2085463f754f7ffc did not match any configured ACL subject. Default permission `Allow` will be applied on all messages
[static_transform_publisher-7] [INFO] [1775793697.364368038] [ground_truth_static_tf_publisher]: Spinning until stopped - publishing transform
[static_transform_publisher-7] translation: ('0.000000', '0.000000', '0.000000')
[static_transform_publisher-7] rotation: ('0.000000', '0.000000', '0.000000', '1.000000')
[static_transform_publisher-7] from 'world' to 'aic_world'
[robot_state_publisher-1] [INFO] [1775793697.365839517] [robot_state_publisher]: Robot initialized
[aic_adapter-2] [INFO] [1775793697.368654506] [aic_adapter_node]: Adapter node initialization complete.
[create-5] [INFO] [1775793697.377325096] [ros_gz_sim]: Requesting list of world names.
[gz-4] qt.qpa.xcb: could not connect to display 
[gz-4] qt.qpa.plugin: Could not load the Qt platform plugin "xcb" in "" even though it was found.
[gz-4] This application failed to start because no Qt platform plugin could be initialized. Reinstalling the application may fix this problem.
[gz-4] 
[gz-4] Available platform plugins are: eglfs, linuxfb, minimal, minimalegl, offscreen, vnc, wayland-egl, wayland, wayland-xcomposite-egl, wayland-xcomposite-glx, xcb.
[gz-4] 
[gz-4] Stack trace (most recent call last):
[gz-4] #29   Object "[0xffffffffffffffff]", at 0xffffffffffffffff, in 
[gz-4] #28   Object "gz sim -g", at 0x5b4a636231d4, in _start
[gz-4] #27   Object "/lib/x86_64-linux-gnu/libc.so.6", at 0x707f6d87828a, in __libc_start_main
[gz-4] #26   Object "/lib/x86_64-linux-gnu/libc.so.6", at 0x707f6d8781c9, in 
[gz-4] #25   Object "gz sim -g", at 0x5b4a63623186, in 
[gz-4] #24   Object "/lib/x86_64-linux-gnu/libruby-3.2.so.3.2", at 0x707f6dcde152, in ruby_run_node
[gz-4] #23   Object "/lib/x86_64-linux-gnu/libruby-3.2.so.3.2", at 0x707f6dcd9e2b, in 
[gz-4] #22   Object "/lib/x86_64-linux-gnu/libruby-3.2.so.3.2", at 0x707f6de7cb49, in rb_vm_exec
[gz-4] #21   Object "/lib/x86_64-linux-gnu/libruby-3.2.so.3.2", at 0x707f6de7962b, in 
[gz-4] #20   Object "/lib/x86_64-linux-gnu/libruby-3.2.so.3.2", at 0x707f6de7513e, in 
[gz-4] #19   Object "/lib/x86_64-linux-gnu/libruby-3.2.so.3.2", at 0x707f6de7292f, in 
[gz-4] #18   Object "/usr/lib/x86_64-linux-gnu/ruby/3.2.0/fiddle.so", at 0x707f6d007b13, in 
[gz-4] #17   Object "/lib/x86_64-linux-gnu/libruby-3.2.so.3.2", at 0x707f6de3b37b, in rb_nogvl
[gz-4] #16   Object "/usr/lib/x86_64-linux-gnu/ruby/3.2.0/fiddle.so", at 0x707f6d00743b, in 
[gz-4] #15   Object "/lib/x86_64-linux-gnu/libffi.so.8", at 0x707f68b3b0bd, in ffi_call
[gz-4] #14   Object "/lib/x86_64-linux-gnu/libffi.so.8", at 0x707f68b383ee, in 
[gz-4] #13   Object "/lib/x86_64-linux-gnu/libffi.so.8", at 0x707f68b3bb15, in 
[gz-4] #12   Object "/ws_aic/install/lib/libgz-sim9-gz.so.9.5.0", at 0x707f67f33a65, in runGui
[gz-4] #11   Object "/ws_aic/install/lib/libgz-sim9-gui.so.9", at 0x707f67d66c8c, in gz::sim::v9::gui::runGui(int&, char**, char const*, char const*, int, char const*, char const*)
[gz-4] #10   Object "/ws_aic/install/lib/libgz-sim9-gui.so.9", at 0x707f67d63970, in gz::sim::v9::gui::createGui(int&, char**, char const*, char const*, bool, char const*, int, char const*, char const*)
[gz-4] #9    Object "/ws_aic/install/lib/libgz-gui9.so.9", at 0x707f6693866b, in gz::gui::Application::Application(int&, char**, gz::gui::WindowType, char const*)
[gz-4] #8    Object "/lib/x86_64-linux-gnu/libQt5Widgets.so.5", at 0x707f659bb5b4, in QApplicationPrivate::init()
[gz-4] #7    Object "/lib/x86_64-linux-gnu/libQt5Gui.so.5", at 0x707f65291b9e, in QGuiApplicationPrivate::init()
[gz-4] #6    Object "/lib/x86_64-linux-gnu/libQt5Core.so.5", at 0x707f66c98ff4, in QCoreApplicationPrivate::init()
[gz-4] #5    Object "/lib/x86_64-linux-gnu/libQt5Gui.so.5", at 0x707f6528ec1f, in QGuiApplicationPrivate::createEventDispatcher()
[gz-4] #4    Object "/lib/x86_64-linux-gnu/libQt5Gui.so.5", at 0x707f6528e6dc, in QGuiApplicationPrivate::createPlatformIntegration()
[gz-4] #3    Object "/lib/x86_64-linux-gnu/libQt5Core.so.5", at 0x707f66a4b103, in QMessageLogger::fatal(char const*, ...) const
[gz-4] #2    Object "/lib/x86_64-linux-gnu/libc.so.6", at 0x707f6d8768fe, in abort
[gz-4] #1    Object "/lib/x86_64-linux-gnu/libc.so.6", at 0x707f6d89327d, in gsignal
[gz-4] #0    Object "/lib/x86_64-linux-gnu/libc.so.6", at 0x707f6d8ecb2c, in pthread_kill
[gz-4] Aborted (Signal sent by tkill() 45883 0)
[component_container-3] [INFO] [1775793697.590768047] [ros_gz_container]: Load Library: /ws_aic/install/lib/libgzserver_component.so
[ERROR] [gz-4]: process has died [pid 45883, exit code -6, cmd 'gz sim -g'].
[component_container-3] [INFO] [1775793697.632101574] [ros_gz_container]: Found class: rclcpp_components::NodeFactoryTemplate<ros_gz_sim::GzServer>
[component_container-3] [INFO] [1775793697.632158781] [ros_gz_container]: Instantiate class: rclcpp_components::NodeFactoryTemplate<ros_gz_sim::GzServer>
[component_container-3] [INFO] [1775793697.636442284] [ros_gz_container]: Load Library: /ws_aic/install/lib/libros_gz_bridge.so
[INFO] [launch_ros.actions.load_composable_nodes]: Loaded node '/gz_server' in container '/ros_gz_container'
[component_container-3] [INFO] [1775793697.672067887] [ros_gz_container]: Found class: rclcpp_components::NodeFactoryTemplate<ros_gz_bridge::RosGzBridge>
[component_container-3] [INFO] [1775793697.672125374] [ros_gz_container]: Instantiate class: rclcpp_components::NodeFactoryTemplate<ros_gz_bridge::RosGzBridge>
[INFO] [launch_ros.actions.load_composable_nodes]: Loaded node '/ros_gz_bridge' in container 'ros_gz_container'
[component_container-3] (2026-04-10 13:01:37.696) [info] [ServerPrivate.cc:664] Loading SDF world file[/ws_aic/install/share/aic_description/world/aic.sdf].
[component_container-3] [INFO] [1775793698.677128431] [ros_gz_bridge]: Creating GZ->ROS Bridge: [/clock (gz.msgs.Clock) -> /clock (rosgraph_msgs/msg/Clock)] (Lazy 0)
[component_container-3] [INFO] [1775793698.678499674] [ros_gz_bridge]: Creating GZ->ROS Bridge: [/left_camera/image (gz.msgs.Image) -> /left_camera/image (sensor_msgs/msg/Image)] (Lazy 1)
[component_container-3] [INFO] [1775793698.680139957] [ros_gz_bridge]: Creating GZ->ROS Bridge: [/center_camera/image (gz.msgs.Image) -> /center_camera/image (sensor_msgs/msg/Image)] (Lazy 1)
[component_container-3] [INFO] [1775793698.680907906] [ros_gz_bridge]: Creating GZ->ROS Bridge: [/right_camera/image (gz.msgs.Image) -> /right_camera/image (sensor_msgs/msg/Image)] (Lazy 1)
[component_container-3] [INFO] [1775793698.681541676] [ros_gz_bridge]: Creating GZ->ROS Bridge: [/left_camera/camera_info (gz.msgs.CameraInfo) -> /left_camera/camera_info (sensor_msgs/msg/CameraInfo)] (Lazy 1)
[component_container-3] [INFO] [1775793698.682402278] [ros_gz_bridge]: Creating GZ->ROS Bridge: [/center_camera/camera_info (gz.msgs.CameraInfo) -> /center_camera/camera_info (sensor_msgs/msg/CameraInfo)] (Lazy 1)
[component_container-3] [INFO] [1775793698.683273440] [ros_gz_bridge]: Creating GZ->ROS Bridge: [/right_camera/camera_info (gz.msgs.CameraInfo) -> /right_camera/camera_info (sensor_msgs/msg/CameraInfo)] (Lazy 1)
[component_container-3] [INFO] [1775793698.683956401] [ros_gz_bridge]: Creating GZ->ROS Bridge: [/aic/gazebo/contacts/off_limit (gz.msgs.Contacts) -> /aic/gazebo/contacts/off_limit (ros_gz_interfaces/msg/Contacts)] (Lazy 1)
[component_container-3] [INFO] [1775793698.685121520] [ros_gz_bridge]: Creating GZ->ROS Bridge: [/cable_0/pose (gz.msgs.Pose_V) -> /scoring/tf (tf2_msgs/msg/TFMessage)] (Lazy 1)
[component_container-3] [INFO] [1775793698.686159682] [ros_gz_bridge]: Creating GZ->ROS Bridge: [/cable_1/pose (gz.msgs.Pose_V) -> /scoring/tf (tf2_msgs/msg/TFMessage)] (Lazy 1)
[component_container-3] [INFO] [1775793698.686568032] [ros_gz_bridge]: Creating GZ->ROS Bridge: [/cable_2/pose (gz.msgs.Pose_V) -> /scoring/tf (tf2_msgs/msg/TFMessage)] (Lazy 1)
[component_container-3] [INFO] [1775793698.686966283] [ros_gz_bridge]: Creating GZ->ROS Bridge: [/cable_3/pose (gz.msgs.Pose_V) -> /scoring/tf (tf2_msgs/msg/TFMessage)] (Lazy 1)
[component_container-3] [INFO] [1775793698.687344077] [ros_gz_bridge]: Creating GZ->ROS Bridge: [/cable_4/pose (gz.msgs.Pose_V) -> /scoring/tf (tf2_msgs/msg/TFMessage)] (Lazy 1)
[component_container-3] [INFO] [1775793698.687691123] [ros_gz_bridge]: Creating GZ->ROS Bridge: [/task_board/pose_static (gz.msgs.Pose_V) -> /scoring/tf (tf2_msgs/msg/TFMessage)] (Lazy 1)
[component_container-3] [INFO] [1775793698.688031576] [ros_gz_bridge]: Creating GZ->ROS Bridge: [/cable_0/insertion_event (gz.msgs.StringMsg) -> /scoring/insertion_event (std_msgs/msg/String)] (Lazy 1)
[component_container-3] [INFO] [1775793698.688576812] [ros_gz_bridge]: Creating GZ->ROS Bridge: [/cable_1/insertion_event (gz.msgs.StringMsg) -> /scoring/insertion_event (std_msgs/msg/String)] (Lazy 1)
[component_container-3] (2026-04-10 13:01:39.675) [info] [SystemManager.cc:54] Serving entity system service on [/entity/system/add]
[component_container-3] (2026-04-10 13:01:39.680) [info] [UserCommands.cc:752] Create service on [/world/aic_world/create_multiple] (async)
[component_container-3] (2026-04-10 13:01:39.680) [info] [UserCommands.cc:754] Create service on [/world/aic_world/create_multiple/blocking] (blocking)
[component_container-3] (2026-04-10 13:01:39.680) [info] [UserCommands.cc:752] Remove service on [/world/aic_world/remove] (async)
[component_container-3] (2026-04-10 13:01:39.680) [info] [UserCommands.cc:754] Remove service on [/world/aic_world/remove/blocking] (blocking)
[component_container-3] (2026-04-10 13:01:39.681) [info] [UserCommands.cc:752] Pose service on [/world/aic_world/set_pose] (async)
[component_container-3] (2026-04-10 13:01:39.681) [info] [UserCommands.cc:754] Pose service on [/world/aic_world/set_pose/blocking] (blocking)
[component_container-3] (2026-04-10 13:01:39.681) [info] [UserCommands.cc:752] Pose service on [/world/aic_world/set_pose_vector] (async)
[component_container-3] (2026-04-10 13:01:39.681) [info] [UserCommands.cc:754] Pose service on [/world/aic_world/set_pose_vector/blocking] (blocking)
[component_container-3] (2026-04-10 13:01:39.681) [info] [UserCommands.cc:752] Light configuration service on [/world/aic_world/light_config] (async)
[component_container-3] (2026-04-10 13:01:39.681) [info] [UserCommands.cc:754] Light configuration service on [/world/aic_world/light_config/blocking] (blocking)
[component_container-3] (2026-04-10 13:01:39.681) [info] [UserCommands.cc:752] Physics service on [/world/aic_world/set_physics] (async)
[component_container-3] (2026-04-10 13:01:39.681) [info] [UserCommands.cc:754] Physics service on [/world/aic_world/set_physics/blocking] (blocking)
[component_container-3] (2026-04-10 13:01:39.681) [info] [UserCommands.cc:752] SphericalCoordinates service on [/world/aic_world/set_spherical_coordinates] (async)
[component_container-3] (2026-04-10 13:01:39.681) [info] [UserCommands.cc:754] SphericalCoordinates service on [/world/aic_world/set_spherical_coordinates/blocking] (blocking)
[component_container-3] (2026-04-10 13:01:39.681) [info] [UserCommands.cc:752] Enable collision service on [/world/aic_world/enable_collision] (async)
[component_container-3] (2026-04-10 13:01:39.681) [info] [UserCommands.cc:754] Enable collision service on [/world/aic_world/enable_collision/blocking] (blocking)
[component_container-3] (2026-04-10 13:01:39.681) [info] [UserCommands.cc:752] Disable collision service on [/world/aic_world/disable_collision] (async)
[component_container-3] (2026-04-10 13:01:39.681) [info] [UserCommands.cc:754] Disable collision service on [/world/aic_world/disable_collision/blocking] (blocking)
[component_container-3] (2026-04-10 13:01:39.681) [info] [UserCommands.cc:752] Material service on [/world/aic_world/visual_config] (async)
[component_container-3] (2026-04-10 13:01:39.681) [info] [UserCommands.cc:754] Material service on [/world/aic_world/visual_config/blocking] (blocking)
[component_container-3] (2026-04-10 13:01:39.681) [info] [UserCommands.cc:752] Material service on [/world/aic_world/wheel_slip] (async)
[component_container-3] (2026-04-10 13:01:39.681) [info] [UserCommands.cc:754] Material service on [/world/aic_world/wheel_slip/blocking] (blocking)
[component_container-3] (2026-04-10 13:01:39.681) [debug] [SystemManager.cc:80] Loaded system [gz::sim::systems::UserCommands] for entity [1]
[component_container-3] (2026-04-10 13:01:39.718) [debug] [Physics.cc:967] Loaded [gz::physics::bullet_featherstone::Plugin] from library [/ws_aic/install/lib/gz-physics-8/engine-plugins/libgz-physics-bullet-featherstone-plugin.so]
[component_container-3] (2026-04-10 13:01:39.718) [debug] [SystemManager.cc:80] Loaded system [gz::sim::systems::Physics] for entity [1]
[component_container-3] (2026-04-10 13:01:39.726) [debug] [Sensors.cc:697] Configuring Sensors system
[component_container-3] (2026-04-10 13:01:39.726) [debug] [Sensors.cc:557] SensorsPrivate::Run
[component_container-3] (2026-04-10 13:01:39.726) [debug] [SystemManager.cc:80] Loaded system [gz::sim::systems::Sensors] for entity [1]
[component_container-3] (2026-04-10 13:01:39.726) [debug] [Sensors.cc:532] SensorsPrivate::RenderThread started
[component_container-3] (2026-04-10 13:01:39.726) [debug] [Sensors.cc:337] Waiting for init
[component_container-3] (2026-04-10 13:01:39.728) [debug] [ScoringPlugin.cc:45] aic_gazebo::ScoringPlugin::Configure on entity: 1
[component_container-3] (2026-04-10 13:01:39.728) [debug] [SystemManager.cc:80] Loaded system [aic_gazebo::ScoringPlugin] for entity [1]
[component_container-3] (2026-04-10 13:01:39.729) [debug] [WorldSdfGeneratorPlugin.cc:47] aic_gazebo::WorldSdfGeneratorPlugin::Configure
[component_container-3] (2026-04-10 13:01:39.729) [debug] [SystemManager.cc:80] Loaded system [aic_gazebo::WorldSdfGeneratorPlugin] for entity [1]
[component_container-3] (2026-04-10 13:01:39.730) [debug] [SystemManager.cc:80] Loaded system [gz::sim::systems::Contact] for entity [1]
[component_container-3] (2026-04-10 13:01:39.730) [info] [LevelManager.cc:646] Loaded level [default]
[component_container-3] (2026-04-10 13:01:39.731) [debug] [ServerConfig.cc:1025] Loading (3) plugins from file [/home/yujin/.gz/sim/9/server.config]
[component_container-3] (2026-04-10 13:01:39.731) [debug] [SimulationRunner.cc:1696] Additional plugins to load:
[component_container-3] (2026-04-10 13:01:39.731) [debug] [SimulationRunner.cc:1699] gz::sim::systems::SceneBroadcaster gz-sim-scene-broadcaster-system
[component_container-3] (2026-04-10 13:01:39.732) [debug] [SystemManager.cc:80] Loaded system [gz::sim::systems::SceneBroadcaster] for entity [1]
[component_container-3] (2026-04-10 13:01:39.732) [info] [SimulationRunner.cc:275] Serving world controls on [/world/aic_world/control], [/world/aic_world/control/state] and [/world/aic_world/playback/control]
[component_container-3] (2026-04-10 13:01:39.733) [info] [SimulationRunner.cc:301] Serving GUI information on [/world/aic_world/gui/info]
[component_container-3] (2026-04-10 13:01:39.733) [info] [SimulationRunner.cc:304] World [aic_world] initialized with [2ms] physics profile.
[component_container-3] (2026-04-10 13:01:39.733) [info] [SimulationRunner.cc:311] Serving world SDF generation service on [/world/aic_world/generate_world_sdf]
[component_container-3] (2026-04-10 13:01:39.733) [info] [ServerPrivate.cc:344] Serving world names on [/gazebo/worlds]
[component_container-3] (2026-04-10 13:01:39.733) [info] [ServerPrivate.cc:357] Resource path add service on [/gazebo/resource_paths/add].
[component_container-3] (2026-04-10 13:01:39.733) [info] [ServerPrivate.cc:370] Resource path get service on [/gazebo/resource_paths/get].
[component_container-3] (2026-04-10 13:01:39.733) [info] [ServerPrivate.cc:385] Resource path resolve service on [/gazebo/resource_paths/resolve].
[component_container-3] (2026-04-10 13:01:39.733) [info] [ServerPrivate.cc:399] Resource paths published on [/gazebo/resource_paths].
[component_container-3] (2026-04-10 13:01:39.733) [info] [ServerPrivate.cc:412] Server control service on [/server_control].
[component_container-3] (2026-04-10 13:01:39.834) [info] [SimulationRunner.cc:769] Found no publishers on /stats, adding root stats topic
[component_container-3] (2026-04-10 13:01:39.834) [info] [SimulationRunner.cc:803] Found no publishers on /clock, adding root clock topic
[component_container-3] (2026-04-10 13:01:39.834) [debug] [SimulationRunner.cc:573] Creating PostUpdate worker threads: 5
[component_container-3] (2026-04-10 13:01:39.834) [debug] [SimulationRunner.cc:584] Creating postupdate worker thread (0)
[component_container-3] (2026-04-10 13:01:39.835) [debug] [SimulationRunner.cc:584] Creating postupdate worker thread (1)
[component_container-3] (2026-04-10 13:01:39.835) [debug] [SimulationRunner.cc:584] Creating postupdate worker thread (2)
[component_container-3] (2026-04-10 13:01:39.835) [debug] [SimulationRunner.cc:584] Creating postupdate worker thread (3)
[create-5] [INFO] [1775793699.835758047] [ros_gz_sim]: Entity creation successful.
[component_container-3] (2026-04-10 13:01:39.841) [debug] [Physics.cc:1171] Attempting to set physics options, but the physics engine doesn't support feature [CollisionPairMaxContacts]. Options will be ignored.
[component_container-3] (2026-04-10 13:01:39.843) [info] [SceneBroadcaster.cc:634] Serving scene information on [/world/aic_world/scene/info]
[component_container-3] (2026-04-10 13:01:39.843) [info] [SceneBroadcaster.cc:643] Serving graph information on [/world/aic_world/scene/graph]
[component_container-3] (2026-04-10 13:01:39.843) [info] [SceneBroadcaster.cc:654] Serving full state on [/world/aic_world/state]
[component_container-3] (2026-04-10 13:01:39.843) [info] [SceneBroadcaster.cc:663] Serving full state (async) on [/world/aic_world/state_async]
[component_container-3] (2026-04-10 13:01:39.843) [info] [SceneBroadcaster.cc:671] Publishing scene information on [/world/aic_world/scene/info]
[component_container-3] (2026-04-10 13:01:39.843) [info] [SceneBroadcaster.cc:680] Publishing entity deletions on [/world/aic_world/scene/deletion]
[component_container-3] (2026-04-10 13:01:39.843) [info] [SceneBroadcaster.cc:689] Publishing state changes on [/world/aic_world/state]
[component_container-3] (2026-04-10 13:01:39.843) [info] [SceneBroadcaster.cc:700] Publishing pose messages on [/world/aic_world/pose/info]
[component_container-3] (2026-04-10 13:01:39.843) [info] [SceneBroadcaster.cc:711] Publishing dynamic pose messages on [/world/aic_world/dynamic_pose/info]
[INFO] [create-5]: process has finished cleanly [pid 45884]
[INFO] [spawner-8]: process started with pid [48038]
[INFO] [spawner-9]: process started with pid [48041]
[component_container-3] [1;33mWarning [Utils.cc:119][0m [/sdf/model[@name="ur"]/link[@name="center_camera/sensor_link"]/sensor[@name="center_camera"]/camera[@name="center_camera"]/optical_frame_id]: SDF Element[optical_frame_id] is deprecated
[component_container-3] [1;33mWarning [Utils.cc:119][0m [/sdf/model[@name="ur"]/link[@name="left_camera/sensor_link"]/sensor[@name="left_camera"]/camera[@name="left_camera"]/optical_frame_id]: SDF Element[optical_frame_id] is deprecated
[component_container-3] [1;33mWarning [Utils.cc:119][0m [/sdf/model[@name="ur"]/link[@name="right_camera/sensor_link"]/sensor[@name="right_camera"]/camera[@name="right_camera"]/optical_frame_id]: SDF Element[optical_frame_id] is deprecated
[component_container-3] [WARN] [1775793700.010380070] [rcl.logging_rosout]: Publisher already registered for node name: 'ros_gz_container'. If this is due to multiple nodes with the same name then all logs for the logger named 'ros_gz_container' will go out over the existing publisher. As soon as any node with that name is destructed it will unregister the publisher, preventing any further logs for that name from being published on the rosout topic.
[component_container-3] [INFO] [1775793700.012701471] [ros_gz_container]: [gz_ros2_control] Fixed joint [tabletop_joint] (Entity=101)] is skipped
[component_container-3] [INFO] [1775793700.012746905] [ros_gz_container]: [gz_ros2_control] Fixed joint [center_camera/attach_sensor_link] (Entity=108)] is skipped
[component_container-3] [INFO] [1775793700.012784104] [ros_gz_container]: [gz_ros2_control] Fixed joint [center_camera/attach_optical] (Entity=109)] is skipped
[component_container-3] [INFO] [1775793700.012811175] [ros_gz_container]: [gz_ros2_control] Fixed joint [ati/attach_joint] (Entity=110)] is skipped
[component_container-3] [INFO] [1775793700.012820532] [ros_gz_container]: [gz_ros2_control] Fixed joint [left_camera/attach_sensor_link] (Entity=114)] is skipped
[component_container-3] [INFO] [1775793700.012846501] [ros_gz_container]: [gz_ros2_control] Fixed joint [left_camera/attach_optical] (Entity=115)] is skipped
[component_container-3] [INFO] [1775793700.012859284] [ros_gz_container]: [gz_ros2_control] Fixed joint [right_camera/attach_sensor_link] (Entity=116)] is skipped
[component_container-3] [INFO] [1775793700.012865756] [ros_gz_container]: [gz_ros2_control] Fixed joint [right_camera/attach_optical] (Entity=117)] is skipped
[component_container-3] [INFO] [1775793700.014488537] [ros_gz_container]: Loading controller_manager
[component_container-3] [INFO] [1775793700.025523087] [controller_manager]: Using ROS clock for triggering controller manager cycles.
[component_container-3] [INFO] [1775793700.027583072] [controller_manager]: Subscribing to '/robot_description' topic for robot description.
[component_container-3] [INFO] [1775793700.030416516] [controller_manager]: Enforcing command limits is enabled...
[component_container-3] [WARN] [1775793700.030476287] [ros_gz_container]: Waiting RM to load and initialize hardware...
[component_container-3] [INFO] [1775793700.030658366] [controller_manager]: Received robot description from topic.
[component_container-3] [INFO] [1775793700.034576880] [ros_gz_container]: Using JointLimiter for joint 'gripper/left_finger_joint' in hardware 'gripper' : '  has position limits: true [0, 0.025]
[component_container-3]   has velocity limits: true [0.05]
[component_container-3]   has acceleration limits: false [nan]
[component_container-3]   has deceleration limits: false [nan]
[component_container-3]   has jerk limits: false [nan]
[component_container-3]   has effort limits: true [20]
[component_container-3]   angle wraparound: false'
[component_container-3] [INFO] [1775793700.034617015] [ros_gz_container]: Creating JointSaturationLimiter for joint 'gripper/left_finger_joint' in hardware 'gripper'
[component_container-3] [INFO] [1775793700.034650888] [ros_gz_container]: Using JointLimiter for joint 'wrist_3_joint' in hardware 'ControlSystem' : '  has position limits: true [-6.28319, 6.28319]
[component_container-3]   has velocity limits: true [3.14159]
[component_container-3]   has acceleration limits: false [nan]
[component_container-3]   has deceleration limits: false [nan]
[component_container-3]   has jerk limits: false [nan]
[component_container-3]   has effort limits: true [28]
[component_container-3]   angle wraparound: false'
[component_container-3] [INFO] [1775793700.034659343] [ros_gz_container]: Creating JointSaturationLimiter for joint 'wrist_3_joint' in hardware 'ControlSystem'
[component_container-3] [INFO] [1775793700.034669532] [ros_gz_container]: Using JointLimiter for joint 'wrist_2_joint' in hardware 'ControlSystem' : '  has position limits: true [-6.28319, 6.28319]
[component_container-3]   has velocity limits: true [3.14159]
[component_container-3]   has acceleration limits: false [nan]
[component_container-3]   has deceleration limits: false [nan]
[component_container-3]   has jerk limits: false [nan]
[component_container-3]   has effort limits: true [28]
[component_container-3]   angle wraparound: false'
[component_container-3] [INFO] [1775793700.034676686] [ros_gz_container]: Creating JointSaturationLimiter for joint 'wrist_2_joint' in hardware 'ControlSystem'
[component_container-3] [INFO] [1775793700.034686053] [ros_gz_container]: Using JointLimiter for joint 'wrist_1_joint' in hardware 'ControlSystem' : '  has position limits: true [-6.28319, 6.28319]
[component_container-3]   has velocity limits: true [3.14159]
[component_container-3]   has acceleration limits: false [nan]
[component_container-3]   has deceleration limits: false [nan]
[component_container-3]   has jerk limits: false [nan]
[component_container-3]   has effort limits: true [28]
[component_container-3]   angle wraparound: false'
[component_container-3] [INFO] [1775793700.034693146] [ros_gz_container]: Creating JointSaturationLimiter for joint 'wrist_1_joint' in hardware 'ControlSystem'
[component_container-3] [INFO] [1775793700.034702504] [ros_gz_container]: Using JointLimiter for joint 'elbow_joint' in hardware 'ControlSystem' : '  has position limits: true [-3.14159, 3.14159]
[component_container-3]   has velocity limits: true [3.14159]
[component_container-3]   has acceleration limits: false [nan]
[component_container-3]   has deceleration limits: false [nan]
[component_container-3]   has jerk limits: false [nan]
[component_container-3]   has effort limits: true [150]
[component_container-3]   angle wraparound: false'
[component_container-3] [INFO] [1775793700.034709126] [ros_gz_container]: Creating JointSaturationLimiter for joint 'elbow_joint' in hardware 'ControlSystem'
[component_container-3] [INFO] [1775793700.034718964] [ros_gz_container]: Using JointLimiter for joint 'shoulder_lift_joint' in hardware 'ControlSystem' : '  has position limits: true [-6.28319, 6.28319]
[component_container-3]   has velocity limits: true [3.14159]
[component_container-3]   has acceleration limits: false [nan]
[component_container-3]   has deceleration limits: false [nan]
[component_container-3]   has jerk limits: false [nan]
[component_container-3]   has effort limits: true [150]
[component_container-3]   angle wraparound: false'
[component_container-3] [INFO] [1775793700.034751375] [ros_gz_container]: Creating JointSaturationLimiter for joint 'shoulder_lift_joint' in hardware 'ControlSystem'
[component_container-3] [INFO] [1775793700.034762025] [ros_gz_container]: Using JointLimiter for joint 'shoulder_pan_joint' in hardware 'ControlSystem' : '  has position limits: true [-6.28319, 6.28319]
[component_container-3]   has velocity limits: true [3.14159]
[component_container-3]   has acceleration limits: false [nan]
[component_container-3]   has deceleration limits: false [nan]
[component_container-3]   has jerk limits: false [nan]
[component_container-3]   has effort limits: true [150]
[component_container-3]   angle wraparound: false'
[component_container-3] [INFO] [1775793700.034769699] [ros_gz_container]: Creating JointSaturationLimiter for joint 'shoulder_pan_joint' in hardware 'ControlSystem'
[component_container-3] [INFO] [1775793700.039904747] [ros_gz_container]: The position_proportional_gain has been set to: 0.1
[component_container-3] [INFO] [1775793700.040000325] [ros_gz_container]: Loading joint: gripper/left_finger_joint
[component_container-3] [INFO] [1775793700.040009723] [ros_gz_container]: 	State:
[component_container-3] [INFO] [1775793700.040016686] [ros_gz_container]: 		 position
[component_container-3] [INFO] [1775793700.040034599] [ros_gz_container]: 			 found initial value: 0.007300
[component_container-3] [INFO] [1775793700.040042474] [ros_gz_container]: 		 velocity
[component_container-3] [INFO] [1775793700.040055298] [ros_gz_container]: 			 found initial value: 0.000000
[component_container-3] [INFO] [1775793700.040061669] [ros_gz_container]: 		 effort
[component_container-3] [INFO] [1775793700.040070055] [ros_gz_container]: 			 found initial value: 0.000000
[component_container-3] [INFO] [1775793700.040075946] [ros_gz_container]: 	Command:
[component_container-3] [INFO] [1775793700.040081446] [ros_gz_container]: 		 position
[component_container-3] [INFO] [1775793700.040101814] [ros_gz_container]: 		 effort
[component_container-3] [INFO] [1775793700.040234511] [ros_gz_container]: Loading sensor: AtiForceTorqueSensor
[component_container-3] [INFO] [1775793700.040251022] [ros_gz_container]: 	State:
[component_container-3] [INFO] [1775793700.040368060] [ros_gz_container]: Initialize hardware 'gripper' 
[component_container-3] [WARN] [1775793700.040619518] [rcl.logging_rosout]: Publisher already registered for node name: 'ros_gz_container'. If this is due to multiple nodes with the same name then all logs for the logger named 'ros_gz_container' will go out over the existing publisher. As soon as any node with that name is destructed it will unregister the publisher, preventing any further logs for that name from being published on the rosout topic.
[component_container-3] [INFO] [1775793700.042340421] [ros_gz_container.hardware_component.system.gripper]: `status_publish_rate` is set to 0.0, hardware status publisher will not be created.
[component_container-3] [INFO] [1775793700.042579366] [ros_gz_container]: Successful initialization of hardware 'gripper'
[component_container-3] [INFO] [1775793700.042980473] [ros_gz_container]: The position_proportional_gain has been set to: 0.1
[component_container-3] [INFO] [1775793700.043075069] [ros_gz_container]: Loading joint: shoulder_pan_joint
[component_container-3] [INFO] [1775793700.043087472] [ros_gz_container]: 	State:
[component_container-3] [INFO] [1775793700.043099925] [ros_gz_container]: 		 position
[component_container-3] [INFO] [1775793700.043118780] [ros_gz_container]: 			 found initial value: -0.159700
[component_container-3] [INFO] [1775793700.043128478] [ros_gz_container]: 		 velocity
[component_container-3] [INFO] [1775793700.043137956] [ros_gz_container]: 			 found initial value: 0.000000
[component_container-3] [INFO] [1775793700.043146752] [ros_gz_container]: 		 effort
[component_container-3] [INFO] [1775793700.043155338] [ros_gz_container]: 			 found initial value: 0.000000
[component_container-3] [INFO] [1775793700.043162682] [ros_gz_container]: 	Command:
[component_container-3] [INFO] [1775793700.043168763] [ros_gz_container]: 		 position
[component_container-3] [INFO] [1775793700.043190323] [ros_gz_container]: 		 velocity
[component_container-3] [INFO] [1775793700.043200532] [ros_gz_container]: 		 effort
[component_container-3] [INFO] [1775793700.043231981] [ros_gz_container]: Loading joint: shoulder_lift_joint
[component_container-3] [INFO] [1775793700.043244244] [ros_gz_container]: 	State:
[component_container-3] [INFO] [1775793700.043255324] [ros_gz_container]: 		 position
[component_container-3] [INFO] [1775793700.043266856] [ros_gz_container]: 			 found initial value: -1.354200
[component_container-3] [INFO] [1775793700.043277516] [ros_gz_container]: 		 velocity
[component_container-3] [INFO] [1775793700.043287234] [ros_gz_container]: 			 found initial value: 0.000000
[component_container-3] [INFO] [1775793700.043295659] [ros_gz_container]: 		 effort
[component_container-3] [INFO] [1775793700.043326146] [ros_gz_container]: 			 found initial value: 0.000000
[component_container-3] [INFO] [1775793700.043334131] [ros_gz_container]: 	Command:
[component_container-3] [INFO] [1775793700.043341194] [ros_gz_container]: 		 position
[component_container-3] [INFO] [1775793700.043356993] [ros_gz_container]: 		 velocity
[component_container-3] [INFO] [1775793700.043365579] [ros_gz_container]: 		 effort
[component_container-3] [INFO] [1775793700.043383573] [ros_gz_container]: Loading joint: elbow_joint
[component_container-3] [INFO] [1775793700.043390125] [ros_gz_container]: 	State:
[component_container-3] [INFO] [1775793700.043396477] [ros_gz_container]: 		 position
[component_container-3] [INFO] [1775793700.043404141] [ros_gz_container]: 			 found initial value: -1.664800
[component_container-3] [INFO] [1775793700.043410513] [ros_gz_container]: 		 velocity
[component_container-3] [INFO] [1775793700.043417396] [ros_gz_container]: 			 found initial value: 0.000000
[component_container-3] [INFO] [1775793700.043424469] [ros_gz_container]: 		 effort
[component_container-3] [INFO] [1775793700.043433255] [ros_gz_container]: 			 found initial value: 0.000000
[component_container-3] [INFO] [1775793700.043440649] [ros_gz_container]: 	Command:
[component_container-3] [INFO] [1775793700.043446991] [ros_gz_container]: 		 position
[component_container-3] [INFO] [1775793700.043466758] [ros_gz_container]: 		 velocity
[component_container-3] [INFO] [1775793700.043479782] [ros_gz_container]: 		 effort
[component_container-3] [INFO] [1775793700.043507564] [ros_gz_container]: Loading joint: wrist_1_joint
[component_container-3] [INFO] [1775793700.043519075] [ros_gz_container]: 	State:
[component_container-3] [INFO] [1775793700.043529505] [ros_gz_container]: 		 position
[component_container-3] [INFO] [1775793700.043543260] [ros_gz_container]: 			 found initial value: -1.693300
[component_container-3] [INFO] [1775793700.043556735] [ros_gz_container]: 		 velocity
[component_container-3] [INFO] [1775793700.043569910] [ros_gz_container]: 			 found initial value: 0.000000
[component_container-3] [INFO] [1775793700.043582844] [ros_gz_container]: 		 effort
[component_container-3] [INFO] [1775793700.043596229] [ros_gz_container]: 			 found initial value: 0.000000
[component_container-3] [INFO] [1775793700.043609233] [ros_gz_container]: 	Command:
[component_container-3] [INFO] [1775793700.043619111] [ros_gz_container]: 		 position
[component_container-3] [INFO] [1775793700.043643036] [ros_gz_container]: 		 velocity
[component_container-3] [INFO] [1775793700.043656892] [ros_gz_container]: 		 effort
[component_container-3] [INFO] [1775793700.043686447] [ros_gz_container]: Loading joint: wrist_2_joint
[component_container-3] [INFO] [1775793700.043696776] [ros_gz_container]: 	State:
[component_container-3] [INFO] [1775793700.043707075] [ros_gz_container]: 		 position
[component_container-3] [INFO] [1775793700.043716282] [ros_gz_container]: 			 found initial value: 1.571000
[component_container-3] [INFO] [1775793700.043725309] [ros_gz_container]: 		 velocity
[component_container-3] [INFO] [1775793700.043733945] [ros_gz_container]: 			 found initial value: 0.000000
[component_container-3] [INFO] [1775793700.043746308] [ros_gz_container]: 		 effort
[component_container-3] [INFO] [1775793700.043757810] [ros_gz_container]: 			 found initial value: 0.000000
[component_container-3] [INFO] [1775793700.043769802] [ros_gz_container]: 	Command:
[component_container-3] [INFO] [1775793700.043781333] [ros_gz_container]: 		 position
[component_container-3] [INFO] [1775793700.043803895] [ros_gz_container]: 		 velocity
[component_container-3] [INFO] [1775793700.043817160] [ros_gz_container]: 		 effort
[component_container-3] [INFO] [1775793700.043872263] [ros_gz_container]: Loading joint: wrist_3_joint
[component_container-3] [INFO] [1775793700.043880237] [ros_gz_container]: 	State:
[component_container-3] [INFO] [1775793700.043886970] [ros_gz_container]: 		 position
[component_container-3] [INFO] [1775793700.043895325] [ros_gz_container]: 			 found initial value: 1.411000
[component_container-3] [INFO] [1775793700.043902739] [ros_gz_container]: 		 velocity
[component_container-3] [INFO] [1775793700.043911355] [ros_gz_container]: 			 found initial value: 0.000000
[component_container-3] [INFO] [1775793700.043918318] [ros_gz_container]: 		 effort
[component_container-3] [INFO] [1775793700.043925131] [ros_gz_container]: 			 found initial value: 0.000000
[component_container-3] [INFO] [1775793700.043931994] [ros_gz_container]: 	Command:
[component_container-3] [INFO] [1775793700.043938436] [ros_gz_container]: 		 position
[component_container-3] [INFO] [1775793700.043950969] [ros_gz_container]: 		 velocity
[component_container-3] [INFO] [1775793700.043961248] [ros_gz_container]: 		 effort
[component_container-3] [INFO] [1775793700.043988910] [ros_gz_container]: Loading sensor: AtiForceTorqueSensor
[component_container-3] [INFO] [1775793700.043997235] [ros_gz_container]: 	State:
[component_container-3] [INFO] [1775793700.044011462] [ros_gz_container]: 		 force.x
[component_container-3] [INFO] [1775793700.044018926] [ros_gz_container]: 		 force.y
[component_container-3] [INFO] [1775793700.044025778] [ros_gz_container]: 		 force.z
[component_container-3] [INFO] [1775793700.044033643] [ros_gz_container]: 		 torque.x
[component_container-3] [INFO] [1775793700.044040636] [ros_gz_container]: 		 torque.y
[component_container-3] [INFO] [1775793700.044063639] [ros_gz_container]: 		 torque.z
[component_container-3] [INFO] [1775793700.044201746] [ros_gz_container]: Initialize hardware 'ControlSystem' 
[component_container-3] [WARN] [1775793700.044475395] [rcl.logging_rosout]: Publisher already registered for node name: 'ros_gz_container'. If this is due to multiple nodes with the same name then all logs for the logger named 'ros_gz_container' will go out over the existing publisher. As soon as any node with that name is destructed it will unregister the publisher, preventing any further logs for that name from being published on the rosout topic.
[component_container-3] [INFO] [1775793700.046821953] [ros_gz_container.hardware_component.system.ControlSystem]: `status_publish_rate` is set to 0.0, hardware status publisher will not be created.
[component_container-3] [INFO] [1775793700.047073702] [ros_gz_container]: Successful initialization of hardware 'ControlSystem'
[component_container-3] [INFO] [1775793700.047446305] [resource_manager]: 'configure' hardware 'ControlSystem' 
[component_container-3] [INFO] [1775793700.047455402] [ros_gz_container]: System Successfully configured!
[component_container-3] [INFO] [1775793700.047468306] [resource_manager]: Successful 'configure' of hardware 'ControlSystem'
[component_container-3] [INFO] [1775793700.047489275] [resource_manager]: 'activate' hardware 'ControlSystem' 
[component_container-3] [INFO] [1775793700.047506097] [resource_manager]: Successful 'activate' of hardware 'ControlSystem'
[component_container-3] [INFO] [1775793700.047590925] [resource_manager]: 'configure' hardware 'gripper' 
[component_container-3] [INFO] [1775793700.047594902] [ros_gz_container]: System Successfully configured!
[component_container-3] [INFO] [1775793700.047601194] [resource_manager]: Successful 'configure' of hardware 'gripper'
[component_container-3] [INFO] [1775793700.047605341] [resource_manager]: 'activate' hardware 'gripper' 
[component_container-3] [INFO] [1775793700.047609209] [resource_manager]: Successful 'activate' of hardware 'gripper'
[component_container-3] [WARN] [1775793700.047627523] [controller_manager]: Component 'ControlSystem' does not have read or write statistics initialized, skipping registration.
[component_container-3] [WARN] [1775793700.047644464] [controller_manager]: Component 'gripper' does not have read or write statistics initialized, skipping registration.
[component_container-3] [INFO] [1775793700.047655956] [controller_manager]: Resource Manager has been successfully initialized. Starting Controller Manager services...
[2m2026-04-10T04:01:40.103748Z[0m [32m INFO[0m acc-0 ThreadId(04) [2mzenoh::net::routing::interceptor::access_control[0m[2m:[0m f74e49ac525b2649f46954fabebf87b1 did not match any configured ACL subject. Default permission `Allow` will be applied on all messages
[2m2026-04-10T04:01:40.105861Z[0m [32m INFO[0m acc-0 ThreadId(04) [2mzenoh::net::routing::interceptor::access_control[0m[2m:[0m d3e00a5630c018ef9cd4d81b374bd28b did not match any configured ACL subject. Default permission `Allow` will be applied on all messages
[component_container-3] [INFO] [1775793700.154406863] [controller_manager]: Loading controller : 'joint_state_broadcaster' of type 'joint_state_broadcaster/JointStateBroadcaster'
[component_container-3] [INFO] [1775793700.154464811] [controller_manager]: Loading controller 'joint_state_broadcaster'
[component_container-3] [INFO] [1775793700.156353777] [controller_manager]: Controller 'joint_state_broadcaster' node arguments: --ros-args --params-file /ws_aic/install/share/aic_bringup/config/aic_ros2_controllers.yaml -p use_sim_time:=true --param use_sim_time:=true 
[spawner-8] [INFO] [1775793700.186827872] [spawner_joint_state_broadcaster]: Loaded joint_state_broadcaster
[component_container-3] [INFO] [1775793700.188261510] [controller_manager]: Configuring controller: 'joint_state_broadcaster'
[component_container-3] [INFO] [1775793700.188544908] [joint_state_broadcaster]: 'joints' or 'interfaces' parameter is empty. All available state interfaces will be published
[component_container-3] [INFO] [1775793700.195374851] [controller_manager]: Activating controllers: [ joint_state_broadcaster ]
[component_container-3] [INFO] [1775793700.195597826] [controller_manager]: Requested controller switch from non-realtime loop
[component_container-3] [INFO] [1775793700.195931447] [controller_manager]: Successfully switched controllers!
[2m2026-04-10T04:01:41.730471Z[0m [32m INFO[0m acc-0 ThreadId(04) [2mzenoh::net::routing::interceptor::access_control[0m[2m:[0m 4e1cda9d51a812a135d3b50f972ecddd did not match any configured ACL subject. Default permission `Allow` will be applied on all messages
[2m2026-04-10T04:01:41.959301Z[0m [32m INFO[0m acc-0 ThreadId(04) [2mzenoh::net::routing::interceptor::access_control[0m[2m:[0m a1b8875e90521891cdf17bc5fcb8ee66 did not match any configured ACL subject. Default permission `Allow` will be applied on all messages
[component_container-3] (2026-04-10 13:01:42.030) [debug] [SystemManager.cc:80] Loaded system [gz_ros2_control::GazeboSimROS2ControlPlugin] for entity [31]
[component_container-3] (2026-04-10 13:01:42.034) [debug] [SystemManager.cc:80] Loaded system [gz::sim::systems::ForceTorque] for entity [31]
[component_container-3] (2026-04-10 13:01:42.038) [debug] [OffLimitContactsPlugin.cc:41] aic_gazebo::OffLimitContactsPlugin::Configure on entity: 31
[component_container-3] (2026-04-10 13:01:42.038) [debug] [OffLimitContactsPlugin.cc:165] Enabled collision [34]
[component_container-3] (2026-04-10 13:01:42.039) [debug] [OffLimitContactsPlugin.cc:165] Enabled collision [37]
[component_container-3] (2026-04-10 13:01:42.039) [debug] [OffLimitContactsPlugin.cc:165] Enabled collision [40]
[component_container-3] (2026-04-10 13:01:42.039) [debug] [OffLimitContactsPlugin.cc:165] Enabled collision [43]
[component_container-3] (2026-04-10 13:01:42.039) [debug] [OffLimitContactsPlugin.cc:165] Enabled collision [46]
[component_container-3] (2026-04-10 13:01:42.039) [debug] [OffLimitContactsPlugin.cc:165] Enabled collision [49]
[component_container-3] (2026-04-10 13:01:42.039) [debug] [OffLimitContactsPlugin.cc:165] Enabled collision [57]
[component_container-3] (2026-04-10 13:01:42.039) [debug] [OffLimitContactsPlugin.cc:165] Enabled collision [58]
[component_container-3] (2026-04-10 13:01:42.039) [debug] [OffLimitContactsPlugin.cc:165] Enabled collision [59]
[component_container-3] (2026-04-10 13:01:42.039) [debug] [OffLimitContactsPlugin.cc:165] Enabled collision [60]
[component_container-3] (2026-04-10 13:01:42.039) [debug] [OffLimitContactsPlugin.cc:165] Enabled collision [61]
[component_container-3] (2026-04-10 13:01:42.039) [debug] [OffLimitContactsPlugin.cc:165] Enabled collision [62]
[component_container-3] (2026-04-10 13:01:42.039) [debug] [OffLimitContactsPlugin.cc:165] Enabled collision [63]
[component_container-3] (2026-04-10 13:01:42.039) [debug] [OffLimitContactsPlugin.cc:165] Enabled collision [64]
[component_container-3] (2026-04-10 13:01:42.039) [debug] [OffLimitContactsPlugin.cc:165] Enabled collision [65]
[component_container-3] (2026-04-10 13:01:42.039) [debug] [OffLimitContactsPlugin.cc:165] Enabled collision [66]
[component_container-3] (2026-04-10 13:01:42.039) [debug] [OffLimitContactsPlugin.cc:165] Enabled collision [67]
[component_container-3] (2026-04-10 13:01:42.039) [debug] [OffLimitContactsPlugin.cc:165] Enabled collision [68]
[component_container-3] (2026-04-10 13:01:42.039) [debug] [OffLimitContactsPlugin.cc:165] Enabled collision [69]
[component_container-3] (2026-04-10 13:01:42.039) [debug] [OffLimitContactsPlugin.cc:165] Enabled collision [70]
[component_container-3] (2026-04-10 13:01:42.039) [debug] [OffLimitContactsPlugin.cc:165] Enabled collision [71]
[component_container-3] (2026-04-10 13:01:42.039) [debug] [OffLimitContactsPlugin.cc:165] Enabled collision [72]
[component_container-3] (2026-04-10 13:01:42.039) [debug] [OffLimitContactsPlugin.cc:165] Enabled collision [73]
[component_container-3] (2026-04-10 13:01:42.039) [debug] [OffLimitContactsPlugin.cc:165] Enabled collision [74]
[component_container-3] (2026-04-10 13:01:42.039) [debug] [OffLimitContactsPlugin.cc:165] Enabled collision [75]
[component_container-3] (2026-04-10 13:01:42.039) [debug] [OffLimitContactsPlugin.cc:165] Enabled collision [81]
[component_container-3] (2026-04-10 13:01:42.039) [debug] [OffLimitContactsPlugin.cc:165] Enabled collision [82]
[component_container-3] (2026-04-10 13:01:42.039) [debug] [OffLimitContactsPlugin.cc:165] Enabled collision [85]
[component_container-3] (2026-04-10 13:01:42.039) [debug] [OffLimitContactsPlugin.cc:165] Enabled collision [86]
[component_container-3] (2026-04-10 13:01:42.039) [debug] [OffLimitContactsPlugin.cc:165] Enabled collision [87]
[component_container-3] (2026-04-10 13:01:42.039) [debug] [OffLimitContactsPlugin.cc:165] Enabled collision [88]
[component_container-3] (2026-04-10 13:01:42.039) [debug] [OffLimitContactsPlugin.cc:165] Enabled collision [91]
[component_container-3] (2026-04-10 13:01:42.039) [debug] [OffLimitContactsPlugin.cc:165] Enabled collision [92]
[component_container-3] (2026-04-10 13:01:42.039) [debug] [OffLimitContactsPlugin.cc:165] Enabled collision [93]
[component_container-3] (2026-04-10 13:01:42.039) [debug] [OffLimitContactsPlugin.cc:165] Enabled collision [94]
[component_container-3] (2026-04-10 13:01:42.039) [debug] [SystemManager.cc:80] Loaded system [aic_gazebo::OffLimitContactsPlugin] for entity [31]
[component_container-3] (2026-04-10 13:01:42.043) [debug] [ResetJointsPlugin.cc:40] aic_gazebo::ResetJointsPlugin::Configure on entity: 31
[component_container-3] [WARN] [1775793702.043339472] [rcl.logging_rosout]: Publisher already registered for node name: 'ros_gz_container'. If this is due to multiple nodes with the same name then all logs for the logger named 'ros_gz_container' will go out over the existing publisher. As soon as any node with that name is destructed it will unregister the publisher, preventing any further logs for that name from being published on the rosout topic.
[component_container-3] (2026-04-10 13:01:42.047) [info] [ResetJointsPlugin.cc:117] Initialized ResetJointsPlugin!
[component_container-3] (2026-04-10 13:01:42.047) [debug] [SystemManager.cc:80] Loaded system [aic_gazebo::ResetJointsPlugin] for entity [31]
[component_container-3] (2026-04-10 13:01:42.048) [debug] [UserCommands.cc:1108] Created entity [31] named [ur5e]
[component_container-3] (2026-04-10 13:01:42.062) [debug] [Sensors.cc:953] Initialization needed
[component_container-3] (2026-04-10 13:01:42.063) [debug] [Sensors.cc:349] Initializing render context
[component_container-3] (2026-04-10 13:01:42.063) [info] [RenderEngineManager.cc:514] Loading plugin [gz-rendering-ogre2]
[component_container-3] (2026-04-10 13:01:42.063) [debug] [EntityComponentManager.cc:1676] Updated state thread iterators: 16 threads processing around 8 entities each.
[component_container-3] (2026-04-10 13:01:42.077) [warning] [Ogre2RenderEngine.cc:556] Unable to open display: . Trying to run in headless mode.
[component_container-3] (2026-04-10 13:01:42.079) [debug] [SimulationRunner.cc:600] Exiting postupdate worker thread (1)
[component_container-3] (2026-04-10 13:01:42.079) [debug] [SimulationRunner.cc:600] Exiting postupdate worker thread (2)
[component_container-3] (2026-04-10 13:01:42.079) [debug] [SimulationRunner.cc:600] Exiting postupdate worker thread (3)
[component_container-3] (2026-04-10 13:01:42.079) [debug] [SimulationRunner.cc:600] Exiting postupdate worker thread (0)
[component_container-3] (2026-04-10 13:01:42.079) [debug] [SimulationRunner.cc:573] Creating PostUpdate worker threads: 6
[component_container-3] (2026-04-10 13:01:42.079) [debug] [SimulationRunner.cc:584] Creating postupdate worker thread (0)
[component_container-3] (2026-04-10 13:01:42.081) [debug] [SimulationRunner.cc:584] Creating postupdate worker thread (1)
[component_container-3] (2026-04-10 13:01:42.081) [debug] [SimulationRunner.cc:584] Creating postupdate worker thread (2)
[component_container-3] (2026-04-10 13:01:42.081) [debug] [SimulationRunner.cc:584] Creating postupdate worker thread (3)
[component_container-3] (2026-04-10 13:01:42.081) [debug] [SimulationRunner.cc:584] Creating postupdate worker thread (4)
[spawner-8] [INFO] [1775793702.085325526] [spawner_joint_state_broadcaster]: Configured and activated joint_state_broadcaster
[component_container-3] [INFO] [1775793702.140065741] [controller_manager]: Loading controller : 'fts_broadcaster' of type 'force_torque_sensor_broadcaster/ForceTorqueSensorBroadcaster'
[component_container-3] [INFO] [1775793702.140128007] [controller_manager]: Loading controller 'fts_broadcaster'
[component_container-3] [1;33mWarning [Utils.cc:119][0m [/sdf/model[@name="ur"]/link[@name="center_camera/sensor_link"]/sensor[@name="center_camera"]/camera[@name="center_camera"]/optical_frame_id]: SDF Element[optical_frame_id] is deprecated
[component_container-3] [INFO] [1775793702.141603644] [controller_manager]: Controller 'fts_broadcaster' node arguments: --ros-args --params-file /ws_aic/install/share/aic_bringup/config/aic_ros2_controllers.yaml -p use_sim_time:=true --param use_sim_time:=true 
[INFO] [spawner-8]: process has finished cleanly [pid 48038]
[INFO] [spawner-10]: process started with pid [48579]
[component_container-3] [1;33mWarning [Utils.cc:119][0m [/sdf/model[@name="ur"]/link[@name="left_camera/sensor_link"]/sensor[@name="left_camera"]/camera[@name="left_camera"]/optical_frame_id]: SDF Element[optical_frame_id] is deprecated
[component_container-3] [1;33mWarning [Utils.cc:119][0m [/sdf/model[@name="ur"]/link[@name="right_camera/sensor_link"]/sensor[@name="right_camera"]/camera[@name="right_camera"]/optical_frame_id]: SDF Element[optical_frame_id] is deprecated
[component_container-3] [INFO] [1775793702.229914538] [gz_server]: InitializeCanonicalLinks
[component_container-3] [INFO] [1775793702.230202514] [gz_server]: Creating services on gz_server
[component_container-3] [INFO] [1775793702.231777346] [gz_server]: Created service /gz_server/delete_entity
[component_container-3] [INFO] [1775793702.232987668] [gz_server]: Created service /gz_server/get_entities
[component_container-3] [INFO] [1775793702.233898884] [gz_server]: Created service /gz_server/get_entity_info
[component_container-3] [INFO] [1775793702.234890430] [gz_server]: Created service /gz_server/get_entity_state
[component_container-3] [INFO] [1775793702.235514983] [gz_server]: Created service /gz_server/get_entities_states
[component_container-3] [INFO] [1775793702.236184018] [gz_server]: Created service /gz_server/get_simulation_state
[component_container-3] [INFO] [1775793702.236890002] [gz_server]: Created service /gz_server/get_simulator_features
[component_container-3] [INFO] [1775793702.237608239] [gz_server]: Created service /gz_server/reset_simulation
[component_container-3] [INFO] [1775793702.238262807] [gz_server]: Created service /gz_server/set_entity_state
[component_container-3] [INFO] [1775793702.238986074] [gz_server]: Created service /gz_server/set_simulation_state
[component_container-3] [INFO] [1775793702.239580510] [gz_server]: Created service /gz_server/spawn_entity
[component_container-3] [INFO] [1775793702.240136996] [gz_server]: Created service /gz_server/step_simulation
[component_container-3] [INFO] [1775793702.242623735] [gz_server]: Created action /gz_server/simulate_steps
[component_container-3] libEGL warning: pci id for fd 72: 10de:28e0, driver (null)
[component_container-3] 
[component_container-3] pci id for fd 73: 10de:28e0, driver (null)
[component_container-3] pci id for fd 75: 10de:28e0, driver (null)
[component_container-3] libEGL warning: egl: failed to create dri2 screen
[component_container-3] libEGL warning: pci id for fd 72: 10de:28e0, driver (null)
[component_container-3] 
[component_container-3] pci id for fd 73: 10de:28e0, driver (null)
[component_container-3] pci id for fd 75: 10de:28e0, driver (null)
[component_container-3] libEGL warning: egl: failed to create dri2 screen
[component_container-3] libEGL warning: pci id for fd 72: 10de:28e0, driver (null)
[component_container-3] 
[2m2026-04-10T04:01:42.387190Z[0m [32m INFO[0m acc-0 ThreadId(04) [2mzenoh::net::routing::interceptor::access_control[0m[2m:[0m 948464b35838682b6cf6bba3d026a24b did not match any configured ACL subject. Default permission `Allow` will be applied on all messages
[component_container-3] (2026-04-10 13:01:42.401) [debug] [RenderUtil.cc:2646] Create scene [scene]
[component_container-3] (2026-04-10 13:01:42.939) [debug] [Sensors.cc:391] Rendering Thread initialized
[component_container-3] (2026-04-10 13:01:42.940) [debug] [Sensors.cc:953] Initialization needed
[component_container-3] (2026-04-10 13:01:42.942) [debug] [ForceTorque.cc:162] Adding JointTransmittedWrench to: 110
[component_container-3] [INFO] [1775793702.944614930] [ros_gz_container]: ForceTorque AtiForceTorqueSensor has a topic name: /axia80_m20/wrench
[component_container-3] [INFO] [1775793702.945094994] [ros_gz_container]: ForceTorque AtiForceTorqueSensor has a topic name: /axia80_m20/wrench
[spawner-9] [INFO] [1775793702.967331035] [spawner_fts_broadcaster]: Loaded fts_broadcaster
[component_container-3] [INFO] [1775793702.968982218] [controller_manager]: Configuring controller: 'fts_broadcaster'
[component_container-3] [INFO] [1775793702.971903035] [fts_broadcaster]: configure successful
[component_container-3] (2026-04-10 13:01:43.740) [debug] [CameraSensor.cc:342] Camera images for [ur5e::center_camera/sensor_link::center_camera] advertised on [/center_camera/image]
[component_container-3] (2026-04-10 13:01:43.740) [debug] [CameraSensor.cc:632] Camera info for [ur5e::center_camera/sensor_link::center_camera] advertised on [/center_camera/camera_info]
[component_container-3] (2026-04-10 13:01:43.740) [warning] [Ogre2Camera.cc:423] Ogre2Camera::SetVisibilityMask: Mask bits c0000000 are set but will be ignored as they conflict with the reserved bits used internally by the ogre2 backend.
[component_container-3] (2026-04-10 13:01:43.741) [debug] [CameraSensor.cc:342] Camera images for [ur5e::left_camera/sensor_link::left_camera] advertised on [/left_camera/image]
[component_container-3] (2026-04-10 13:01:43.741) [debug] [CameraSensor.cc:632] Camera info for [ur5e::left_camera/sensor_link::left_camera] advertised on [/left_camera/camera_info]
[component_container-3] (2026-04-10 13:01:43.742) [warning] [Ogre2Camera.cc:423] Ogre2Camera::SetVisibilityMask: Mask bits c0000000 are set but will be ignored as they conflict with the reserved bits used internally by the ogre2 backend.
[component_container-3] (2026-04-10 13:01:43.743) [debug] [CameraSensor.cc:342] Camera images for [ur5e::right_camera/sensor_link::right_camera] advertised on [/right_camera/image]
[component_container-3] (2026-04-10 13:01:43.743) [debug] [CameraSensor.cc:632] Camera info for [ur5e::right_camera/sensor_link::right_camera] advertised on [/right_camera/camera_info]
[component_container-3] (2026-04-10 13:01:43.743) [warning] [Ogre2Camera.cc:423] Ogre2Camera::SetVisibilityMask: Mask bits c0000000 are set but will be ignored as they conflict with the reserved bits used internally by the ogre2 backend.
[component_container-3] (2026-04-10 13:01:45.067) [debug] [CameraSensor.cc:441] Enabling camera sensor: 'ur5e::center_camera/sensor_link::center_camera' data generation.
[component_container-3] (2026-04-10 13:01:45.127) [debug] [CameraSensor.cc:441] Enabling camera sensor: 'ur5e::left_camera/sensor_link::left_camera' data generation.
[component_container-3] (2026-04-10 13:01:45.148) [debug] [CameraSensor.cc:441] Enabling camera sensor: 'ur5e::right_camera/sensor_link::right_camera' data generation.
[component_container-3] [INFO] [1775793705.175385421] [controller_manager]: Activating controllers: [ fts_broadcaster ]
[component_container-3] [INFO] [1775793705.175475429] [controller_manager]: Requested controller switch from non-realtime loop
[component_container-3] [INFO] [1775793705.175564935] [controller_manager]: Successfully switched controllers!
[spawner-9] [INFO] [1775793705.179254293] [spawner_fts_broadcaster]: Configured and activated fts_broadcaster
[INFO] [spawner-9]: process has finished cleanly [pid 48041]
[component_container-3] [INFO] [1775793705.268585929] [controller_manager]: Loading controller : 'aic_controller' of type 'aic/Controller'
[component_container-3] [INFO] [1775793705.268668132] [controller_manager]: Loading controller 'aic_controller'
[component_container-3] [INFO] [1775793705.273585696] [controller_manager]: Controller 'aic_controller' node arguments: --ros-args --params-file /ws_aic/install/share/aic_bringup/config/aic_ros2_controllers.yaml -p use_sim_time:=true --param use_sim_time:=true 
[component_container-3] (2026-04-10 13:01:45.619) [debug] [WorldSdfGeneratorPlugin.cc:79] Saving world: aic_world to: /tmp/aic.sdf
[component_container-3] (2026-04-10 13:01:45.619) [info] [WorldSdfGeneratorPlugin.cc:84] World saved to /tmp/aic.sdf
[spawner-10] [INFO] [1775793705.646917684] [spawner_aic_controller]: Loaded aic_controller
[component_container-3] [INFO] [1775793705.648258460] [controller_manager]: Configuring controller: 'aic_controller'
[component_container-3] [INFO] [1775793705.648422816] [aic_controller]: Control mode set to impedance
[component_container-3] [INFO] [1775793705.648460646] [aic_controller]: Target mode set to Cartesian. Accepting MotionUpdate targets.
[component_container-3] [INFO] [1775793705.663866944] [controller_manager]: Activating controllers: [ aic_controller ]
[component_container-3] [INFO] [1775793705.664097073] [controller_manager]: Requested controller switch from non-realtime loop
[component_container-3] [INFO] [1775793705.664245819] [controller_manager]: Successfully switched controllers!
[spawner-10] [INFO] [1775793705.666069144] [spawner_aic_controller]: Configured and activated all the parsed controllers list : ['aic_controller']!
[component_container-3] (2026-04-10 13:01:45.666) [warning] [Component.hh:144] Trying to serialize component with data type [St6vectorIdSaIdEE], which doesn't have `operator<<`. Component will not be serialized.
[component_container-3] (2026-04-10 13:01:45.667) [warning] [Component.hh:189] Trying to deserialize component with data type [St6vectorIdSaIdEE], which doesn't have `operator>>`. Component will not be deserialized.
[INFO] [spawner-10]: process has finished cleanly [pid 48579]
[INFO] [rviz2-11]: process started with pid [49001]
[rviz2-11] qt.qpa.xcb: could not connect to display 
[rviz2-11] qt.qpa.plugin: Could not load the Qt platform plugin "xcb" in "" even though it was found.
[rviz2-11] This application failed to start because no Qt platform plugin could be initialized. Reinstalling the application may fix this problem.
[rviz2-11] 
[rviz2-11] Available platform plugins are: eglfs, linuxfb, minimal, minimalegl, offscreen, vnc, wayland-egl, wayland, wayland-xcomposite-egl, wayland-xcomposite-glx, xcb.
[rviz2-11] 
[ERROR] [rviz2-11]: process has died [pid 49001, exit code -6, cmd '/opt/ros/kilted/lib/rviz2/rviz2 -d /ws_aic/install/share/aic_bringup/rviz/aic.rviz --ros-args -r __node:=rviz2 --params-file /tmp/launch_params_llub_nny'].
[2m2026-04-10T04:01:47.296422Z[0m [32m INFO[0m acc-0 ThreadId(04) [2mzenoh::net::routing::interceptor::access_control[0m[2m:[0m d6eb70cde693e6455adde0d30a3e9f98 did not match any configured ACL subject. Default permission `Allow` will be applied on all messages
[2m2026-04-10T04:01:57.024493Z[0m [32m INFO[0m acc-0 ThreadId(04) [2mzenoh::net::routing::interceptor::access_control[0m[2m:[0m 3bec6d98ee654d1018b3a081258bcca1 did not match any configured ACL subject. Default permission `Allow` will be applied on all messages
[component_container-3] (2026-04-10 13:01:58.882) [debug] [SdfEntityCreator.cc:547] Link has auto-inertial enabled: sc_port_1::sc_port_link
[component_container-3] (2026-04-10 13:01:58.882) [debug] [SdfEntityCreator.cc:549]   pose: 1.88554e-19 -0.00100271 0.000137321 0 0 0
[component_container-3] (2026-04-10 13:01:58.882) [debug] [SdfEntityCreator.cc:550]   mass: 0.04
[component_container-3] (2026-04-10 13:01:58.882) [debug] [SdfEntityCreator.cc:551]   ixx iyy izz: 1.86262e-06 5.50332e-06 6.55187e-06
[component_container-3] (2026-04-10 13:01:58.882) [debug] [SdfEntityCreator.cc:553]   ixy ixz iyz: -7.41324e-15 4.19415e-23 -5.5077e-09
[component_container-3] (2026-04-10 13:01:58.884) [debug] [SystemManager.cc:80] Loaded system [gz::sim::systems::PosePublisher] for entity [118]
[component_container-3] (2026-04-10 13:01:58.886) [debug] [SystemManager.cc:80] Loaded system [gz::sim::systems::TouchPlugin] for entity [155]
[component_container-3] (2026-04-10 13:01:58.886) [debug] [UserCommands.cc:1108] Created entity [118] named [task_board]
[component_container-3] (2026-04-10 13:01:58.891) [info] [Contact.cc:125] Contact system publishing on world/aic_world/model/task_board/model/sc_port_1/link/sc_port_link/sensor/sc_port_sensor/contact
[component_container-3] [INFO] [1775793718.892635981] [aic_controller]: Received service request to tare force torque sensor!
[component_container-3] [INFO] [1775793718.892672859] [aic_controller]: Successfully tared force torque sensor.
[component_container-3] [INFO] [1775793718.894759894] [gz_server]: InitializeCanonicalLinks
[component_container-3] (2026-04-10 13:01:58.894) [warning] [Component.hh:127] Trying to serialize component with data type [St10shared_ptrIN3sdf3v157ElementEE], which doesn't have `operator<<`. Component will not be serialized.
[component_container-3] (2026-04-10 13:01:58.896) [debug] [SimulationRunner.cc:600] Exiting postupdate worker thread (3)
[component_container-3] (2026-04-10 13:01:58.896) [debug] [SimulationRunner.cc:600] Exiting postupdate worker thread (0)
[component_container-3] (2026-04-10 13:01:58.896) [debug] [SimulationRunner.cc:600] Exiting postupdate worker thread (2)
[component_container-3] (2026-04-10 13:01:58.896) [debug] [SimulationRunner.cc:600] Exiting postupdate worker thread (4)
[component_container-3] (2026-04-10 13:01:58.896) [debug] [SimulationRunner.cc:600] Exiting postupdate worker thread (1)
[component_container-3] (2026-04-10 13:01:58.896) [debug] [SimulationRunner.cc:573] Creating PostUpdate worker threads: 8
[component_container-3] (2026-04-10 13:01:58.896) [debug] [SimulationRunner.cc:584] Creating postupdate worker thread (0)
[component_container-3] (2026-04-10 13:01:58.896) [debug] [SimulationRunner.cc:584] Creating postupdate worker thread (1)
[component_container-3] (2026-04-10 13:01:58.896) [debug] [SimulationRunner.cc:584] Creating postupdate worker thread (2)
[component_container-3] (2026-04-10 13:01:58.896) [debug] [SimulationRunner.cc:584] Creating postupdate worker thread (3)
[component_container-3] (2026-04-10 13:01:58.897) [debug] [SimulationRunner.cc:584] Creating postupdate worker thread (4)
[component_container-3] (2026-04-10 13:01:58.897) [debug] [SimulationRunner.cc:584] Creating postupdate worker thread (5)
[component_container-3] (2026-04-10 13:01:58.897) [debug] [SimulationRunner.cc:584] Creating postupdate worker thread (6)
[component_container-3] (2026-04-10 13:01:58.898) [debug] [TouchPlugin.cc:267] Started touch plugin [sc_port_1/sc_port_base]
[component_container-3] (2026-04-10 13:01:58.976) [warning] [Component.hh:172] Trying to deserialize component with data type [St10shared_ptrIN3sdf3v157ElementEE], which doesn't have `operator>>`. Component will not be deserialized.
[component_container-3] (2026-04-10 13:02:02.057) [debug] [SdfEntityCreator.cc:547] Link has auto-inertial enabled: cable_1::sc_plug_link
[component_container-3] (2026-04-10 13:02:02.057) [debug] [SdfEntityCreator.cc:549]   pose: -0.00907511 4.9566e-05 8.71699e-06 0 0 0
[component_container-3] (2026-04-10 13:02:02.057) [debug] [SdfEntityCreator.cc:550]   mass: 0.04
[component_container-3] (2026-04-10 13:02:02.057) [debug] [SdfEntityCreator.cc:551]   ixx iyy izz: 2.12257e-06 7.17318e-06 8.85404e-06
[component_container-3] (2026-04-10 13:02:02.057) [debug] [SdfEntityCreator.cc:553]   ixy ixz iyz: 1.24369e-08 -3.73363e-09 1.72827e-11
[component_container-3] (2026-04-10 13:02:02.057) [debug] [SdfEntityCreator.cc:547] Link has auto-inertial enabled: cable_1::lc_plug_link
[component_container-3] (2026-04-10 13:02:02.057) [debug] [SdfEntityCreator.cc:549]   pose: 0 -0.00428702 8.58528e-05 0 0 0
[component_container-3] (2026-04-10 13:02:02.057) [debug] [SdfEntityCreator.cc:550]   mass: 0.01
[component_container-3] (2026-04-10 13:02:02.057) [debug] [SdfEntityCreator.cc:551]   ixx iyy izz: 1.73585e-06 1.30886e-07 1.82579e-06
[component_container-3] (2026-04-10 13:02:02.057) [debug] [SdfEntityCreator.cc:553]   ixy ixz iyz: -3.13192e-14 3.63653e-15 -5.82954e-09
[component_container-3] (2026-04-10 13:02:02.058) [debug] [SdfEntityCreator.cc:547] Link has auto-inertial enabled: cable_1::sfp_module_link
[component_container-3] (2026-04-10 13:02:02.058) [debug] [SdfEntityCreator.cc:549]   pose: 0.000140388 0.0140944 0.000755794 0 0 0
[component_container-3] (2026-04-10 13:02:02.058) [debug] [SdfEntityCreator.cc:550]   mass: 0.02
[component_container-3] (2026-04-10 13:02:02.058) [debug] [SdfEntityCreator.cc:551]   ixx iyy izz: 3.52972e-06 5.95336e-07 3.76244e-06
[component_container-3] (2026-04-10 13:02:02.058) [debug] [SdfEntityCreator.cc:553]   ixy ixz iyz: 3.87677e-08 3.1005e-09 9.04204e-09
[component_container-3] (2026-04-10 13:02:02.065) [debug] [CablePlugin.cc:86] aic_gazebo::CablePlugin::Configure on entity: 178
[component_container-3] (2026-04-10 13:02:02.067) [info] [CablePlugin.cc:150] Cable transitioning to HARNESS state.
[component_container-3] (2026-04-10 13:02:02.067) [debug] [SystemManager.cc:80] Loaded system [aic_gazebo::CablePlugin] for entity [178]
[component_container-3] (2026-04-10 13:02:02.067) [debug] [SystemManager.cc:80] Loaded system [gz::sim::systems::PosePublisher] for entity [178]
[component_container-3] (2026-04-10 13:02:02.068) [debug] [UserCommands.cc:1108] Created entity [178] named [cable_1]
[component_container-3] [INFO] [1775793722.080856030] [gz_server]: InitializeCanonicalLinks
[component_container-3] (2026-04-10 13:02:02.085) [debug] [SimulationRunner.cc:600] Exiting postupdate worker thread (5)
[component_container-3] (2026-04-10 13:02:02.085) [debug] [SimulationRunner.cc:600] Exiting postupdate worker thread (2)
[component_container-3] (2026-04-10 13:02:02.085) [debug] [SimulationRunner.cc:600] Exiting postupdate worker thread (3)
[component_container-3] (2026-04-10 13:02:02.085) [debug] [SimulationRunner.cc:600] Exiting postupdate worker thread (1)
[component_container-3] (2026-04-10 13:02:02.085) [debug] [SimulationRunner.cc:600] Exiting postupdate worker thread (0)
[component_container-3] (2026-04-10 13:02:02.085) [debug] [SimulationRunner.cc:600] Exiting postupdate worker thread (6)
[component_container-3] (2026-04-10 13:02:02.085) [debug] [SimulationRunner.cc:600] Exiting postupdate worker thread (4)
[component_container-3] (2026-04-10 13:02:02.086) [debug] [SimulationRunner.cc:573] Creating PostUpdate worker threads: 10
[component_container-3] (2026-04-10 13:02:02.086) [debug] [SimulationRunner.cc:584] Creating postupdate worker thread (0)
[component_container-3] (2026-04-10 13:02:02.086) [debug] [SimulationRunner.cc:584] Creating postupdate worker thread (1)
[component_container-3] (2026-04-10 13:02:02.086) [debug] [SimulationRunner.cc:584] Creating postupdate worker thread (2)
[component_container-3] (2026-04-10 13:02:02.086) [debug] [SimulationRunner.cc:584] Creating postupdate worker thread (3)
[component_container-3] (2026-04-10 13:02:02.086) [debug] [SimulationRunner.cc:584] Creating postupdate worker thread (4)
[component_container-3] (2026-04-10 13:02:02.086) [debug] [SimulationRunner.cc:584] Creating postupdate worker thread (5)
[component_container-3] (2026-04-10 13:02:02.086) [debug] [SimulationRunner.cc:584] Creating postupdate worker thread (6)
[component_container-3] (2026-04-10 13:02:02.086) [debug] [SimulationRunner.cc:584] Creating postupdate worker thread (7)
[component_container-3] (2026-04-10 13:02:02.086) [debug] [SimulationRunner.cc:584] Creating postupdate worker thread (8)
[component_container-3] (2026-04-10 13:02:02.097) [info] [CablePlugin.cc:201] Cable transitioning to WAITING state.
[component_container-3] (2026-04-10 13:02:02.097) [info] [CablePlugin.cc:213] Cable transitioning to CREATE_CONNECTIONS state.
[component_container-3] (2026-04-10 13:02:02.098) [debug] [Physics.cc:2015] Creating detachable joint [376]
[component_container-3] (2026-04-10 13:02:02.098) [debug] [Physics.cc:2015] Creating detachable joint [379]
[component_container-3] (2026-04-10 13:02:02.099) [debug] [Physics.cc:2136] Detaching joint [376]
[component_container-3] (2026-04-10 13:02:02.099) [debug] [Physics.cc:2136] Detaching joint [379]
[component_container-3] (2026-04-10 13:02:02.101) [info] [CablePlugin.cc:247] Cable transitioning to CABLE_ATTACHED_TO_GRIPPER state.
[component_container-3] (2026-04-10 13:02:02.101) [debug] [Physics.cc:2015] Creating detachable joint [380]
[component_container-3] [INFO] [1775793722.216469934] [gz_server]: InitializeCanonicalLinks
[component_container-3] [INFO] [1775793735.506946886] [aic_controller]: Received request to switch target mode to MODE_JOINT.
[component_container-3] [INFO] [1775793740.963504853] [aic_controller]: Received request to switch target mode to MODE_CARTESIAN.
[component_container-3] (2026-04-10 13:02:41.499) [debug] [UserCommands.cc:1158] Requesting removal of entity [118]
[component_container-3] (2026-04-10 13:02:41.514) [debug] [SimulationRunner.cc:600] Exiting postupdate worker thread (1)
[component_container-3] (2026-04-10 13:02:41.514) [debug] [SimulationRunner.cc:600] Exiting postupdate worker thread (2)
[component_container-3] (2026-04-10 13:02:41.514) [debug] [SimulationRunner.cc:600] Exiting postupdate worker thread (5)
[component_container-3] (2026-04-10 13:02:41.514) [debug] [SimulationRunner.cc:600] Exiting postupdate worker thread (6)
[component_container-3] (2026-04-10 13:02:41.514) [debug] [SimulationRunner.cc:600] Exiting postupdate worker thread (0)
[component_container-3] (2026-04-10 13:02:41.514) [debug] [SimulationRunner.cc:600] Exiting postupdate worker thread (7)
[component_container-3] (2026-04-10 13:02:41.514) [debug] [SimulationRunner.cc:600] Exiting postupdate worker thread (8)
[component_container-3] (2026-04-10 13:02:41.514) [debug] [SimulationRunner.cc:600] Exiting postupdate worker thread (3)
[component_container-3] (2026-04-10 13:02:41.514) [debug] [SimulationRunner.cc:600] Exiting postupdate worker thread (4)
[component_container-3] (2026-04-10 13:02:41.515) [debug] [SimulationRunner.cc:573] Creating PostUpdate worker threads: 8
[component_container-3] (2026-04-10 13:02:41.515) [debug] [SimulationRunner.cc:584] Creating postupdate worker thread (0)
[component_container-3] (2026-04-10 13:02:41.515) [debug] [SimulationRunner.cc:584] Creating postupdate worker thread (1)
[component_container-3] (2026-04-10 13:02:41.515) [debug] [SimulationRunner.cc:584] Creating postupdate worker thread (2)
[component_container-3] (2026-04-10 13:02:41.515) [debug] [SimulationRunner.cc:584] Creating postupdate worker thread (3)
[component_container-3] (2026-04-10 13:02:41.515) [debug] [SimulationRunner.cc:584] Creating postupdate worker thread (4)
[component_container-3] (2026-04-10 13:02:41.515) [debug] [SimulationRunner.cc:584] Creating postupdate worker thread (5)
[component_container-3] (2026-04-10 13:02:41.515) [debug] [SimulationRunner.cc:584] Creating postupdate worker thread (6)
[component_container-3] (2026-04-10 13:02:41.516) [debug] [UserCommands.cc:1158] Requesting removal of entity [178]
[component_container-3] (2026-04-10 13:02:41.518) [info] [CablePlugin.cc:162] Cable transitioning to CABLE_REMOVED state.
[component_container-3] [INFO] [1775793761.519552397] [controller_manager]: Deactivating controllers: [ aic_controller ]
[component_container-3] [INFO] [1775793761.519707296] [controller_manager]: Switch controller timeout is set to 0, using default 1s!
[component_container-3] [INFO] [1775793761.519724758] [controller_manager]: Requested controller switch from non-realtime loop
[component_container-3] [INFO] [1775793761.519959455] [controller_manager]: Deactivated controllers: [ aic_controller ]
[component_container-3] [INFO] [1775793761.519975916] [controller_manager]: Successfully switched controllers!
[component_container-3] (2026-04-10 13:02:41.521) [debug] [Physics.cc:2136] Detaching joint [380]
[component_container-3] (2026-04-10 13:02:41.524) [info] [ResetJointsPlugin.cc:105] Received reset request for joint: shoulder_pan_joint
[component_container-3] (2026-04-10 13:02:41.524) [info] [ResetJointsPlugin.cc:105] Received reset request for joint: shoulder_lift_joint
[component_container-3] (2026-04-10 13:02:41.524) [info] [ResetJointsPlugin.cc:105] Received reset request for joint: elbow_joint
[component_container-3] (2026-04-10 13:02:41.524) [info] [ResetJointsPlugin.cc:105] Received reset request for joint: wrist_1_joint
[component_container-3] (2026-04-10 13:02:41.524) [info] [ResetJointsPlugin.cc:105] Received reset request for joint: wrist_2_joint
[component_container-3] (2026-04-10 13:02:41.524) [info] [ResetJointsPlugin.cc:105] Received reset request for joint: wrist_3_joint
[component_container-3] (2026-04-10 13:02:41.562) [debug] [SimulationRunner.cc:600] Exiting postupdate worker thread (0)
[component_container-3] (2026-04-10 13:02:41.562) [debug] [SimulationRunner.cc:600] Exiting postupdate worker thread (5)
[component_container-3] (2026-04-10 13:02:41.562) [debug] [SimulationRunner.cc:600] Exiting postupdate worker thread (2)
[component_container-3] (2026-04-10 13:02:41.562) [debug] [SimulationRunner.cc:600] Exiting postupdate worker thread (6)
[component_container-3] (2026-04-10 13:02:41.562) [debug] [SimulationRunner.cc:600] Exiting postupdate worker thread (3)
[component_container-3] (2026-04-10 13:02:41.562) [debug] [SimulationRunner.cc:600] Exiting postupdate worker thread (1)
[component_container-3] (2026-04-10 13:02:41.562) [debug] [SimulationRunner.cc:600] Exiting postupdate worker thread (4)
[component_container-3] (2026-04-10 13:02:41.562) [debug] [SimulationRunner.cc:573] Creating PostUpdate worker threads: 6
[component_container-3] (2026-04-10 13:02:41.562) [debug] [SimulationRunner.cc:584] Creating postupdate worker thread (0)
[component_container-3] (2026-04-10 13:02:41.562) [debug] [SimulationRunner.cc:584] Creating postupdate worker thread (1)
[component_container-3] (2026-04-10 13:02:41.562) [debug] [SimulationRunner.cc:584] Creating postupdate worker thread (2)
[component_container-3] (2026-04-10 13:02:41.562) [debug] [SimulationRunner.cc:584] Creating postupdate worker thread (3)
[component_container-3] (2026-04-10 13:02:41.562) [debug] [SimulationRunner.cc:584] Creating postupdate worker thread (4)
[component_container-3] (2026-04-10 13:02:42.621) [info] [ResetJointsPlugin.cc:149] Joint wrist_3_joint reset to initial position: 1.411
[component_container-3] (2026-04-10 13:02:42.621) [info] [ResetJointsPlugin.cc:149] Joint wrist_2_joint reset to initial position: 1.571
[component_container-3] (2026-04-10 13:02:42.621) [info] [ResetJointsPlugin.cc:149] Joint wrist_1_joint reset to initial position: -1.6933
[component_container-3] (2026-04-10 13:02:42.621) [info] [ResetJointsPlugin.cc:149] Joint elbow_joint reset to initial position: -1.6648
[component_container-3] (2026-04-10 13:02:42.621) [info] [ResetJointsPlugin.cc:149] Joint shoulder_lift_joint reset to initial position: -1.3542
[component_container-3] (2026-04-10 13:02:42.621) [info] [ResetJointsPlugin.cc:149] Joint shoulder_pan_joint reset to initial position: -0.1597
[component_container-3] (2026-04-10 13:02:42.621) [warning] [Physics.cc:2467] Found both JointVelocityReset and JointVelocityCmd components for Joint [shoulder_pan_joint(Entity=102]). Ignoring JointVelocityCmd component.
[component_container-3] (2026-04-10 13:02:42.621) [warning] [Physics.cc:2467] Found both JointVelocityReset and JointVelocityCmd components for Joint [shoulder_lift_joint(Entity=103]). Ignoring JointVelocityCmd component.
[component_container-3] (2026-04-10 13:02:42.621) [warning] [Physics.cc:2467] Found both JointVelocityReset and JointVelocityCmd components for Joint [elbow_joint(Entity=104]). Ignoring JointVelocityCmd component.
[component_container-3] (2026-04-10 13:02:42.621) [warning] [Physics.cc:2467] Found both JointVelocityReset and JointVelocityCmd components for Joint [wrist_1_joint(Entity=105]). Ignoring JointVelocityCmd component.
[component_container-3] (2026-04-10 13:02:42.621) [warning] [Physics.cc:2467] Found both JointVelocityReset and JointVelocityCmd components for Joint [wrist_2_joint(Entity=106]). Ignoring JointVelocityCmd component.
[component_container-3] (2026-04-10 13:02:42.621) [warning] [Physics.cc:2467] Found both JointVelocityReset and JointVelocityCmd components for Joint [wrist_3_joint(Entity=107]). Ignoring JointVelocityCmd component.
[component_container-3] [INFO] [1775793762.624142565] [controller_manager]: Activating controllers: [ aic_controller ]
[component_container-3] [INFO] [1775793762.624344461] [controller_manager]: Requested controller switch from non-realtime loop
[component_container-3] [INFO] [1775793762.624510701] [controller_manager]: Activated controllers: [ aic_controller ]
[component_container-3] [INFO] [1775793762.624521541] [controller_manager]: Successfully switched controllers!
